Archive member included because of file (symbol)

c:/program files/atmel/atmel toolchain/avr32 gcc/native/3.4.2.1002/avr32-gnu-toolchain/bin/../lib/gcc/avr32/4.4.7/../../../../avr32/lib/ucr3fp\libm.a(lib_a-s_cos.o)
                              Library/sensing/qfilter.o (cos)
c:/program files/atmel/atmel toolchain/avr32 gcc/native/3.4.2.1002/avr32-gnu-toolchain/bin/../lib/gcc/avr32/4.4.7/../../../../avr32/lib/ucr3fp\libm.a(lib_a-s_sin.o)
                              Library/sensing/qfilter.o (sin)
c:/program files/atmel/atmel toolchain/avr32 gcc/native/3.4.2.1002/avr32-gnu-toolchain/bin/../lib/gcc/avr32/4.4.7/../../../../avr32/lib/ucr3fp\libm.a(lib_a-w_asin.o)
                              Library/util/coord_conventions.o (asin)
c:/program files/atmel/atmel toolchain/avr32 gcc/native/3.4.2.1002/avr32-gnu-toolchain/bin/../lib/gcc/avr32/4.4.7/../../../../avr32/lib/ucr3fp\libm.a(lib_a-w_atan2.o)
                              Library/control/stabilisation_copter.o (atan2)
c:/program files/atmel/atmel toolchain/avr32 gcc/native/3.4.2.1002/avr32-gnu-toolchain/bin/../lib/gcc/avr32/4.4.7/../../../../avr32/lib/ucr3fp\libm.a(lib_a-w_pow.o)
                              Library/hal/bmp085.o (pow)
c:/program files/atmel/atmel toolchain/avr32 gcc/native/3.4.2.1002/avr32-gnu-toolchain/bin/../lib/gcc/avr32/4.4.7/../../../../avr32/lib/ucr3fp\libm.a(lib_a-w_sqrt.o)
                              Library/control/orca.o (sqrt)
c:/program files/atmel/atmel toolchain/avr32 gcc/native/3.4.2.1002/avr32-gnu-toolchain/bin/../lib/gcc/avr32/4.4.7/../../../../avr32/lib/ucr3fp\libm.a(lib_a-e_asin.o)
                              c:/program files/atmel/atmel toolchain/avr32 gcc/native/3.4.2.1002/avr32-gnu-toolchain/bin/../lib/gcc/avr32/4.4.7/../../../../avr32/lib/ucr3fp\libm.a(lib_a-w_asin.o) (__ieee754_asin)
c:/program files/atmel/atmel toolchain/avr32 gcc/native/3.4.2.1002/avr32-gnu-toolchain/bin/../lib/gcc/avr32/4.4.7/../../../../avr32/lib/ucr3fp\libm.a(lib_a-e_atan2.o)
                              c:/program files/atmel/atmel toolchain/avr32 gcc/native/3.4.2.1002/avr32-gnu-toolchain/bin/../lib/gcc/avr32/4.4.7/../../../../avr32/lib/ucr3fp\libm.a(lib_a-w_atan2.o) (__ieee754_atan2)
c:/program files/atmel/atmel toolchain/avr32 gcc/native/3.4.2.1002/avr32-gnu-toolchain/bin/../lib/gcc/avr32/4.4.7/../../../../avr32/lib/ucr3fp\libm.a(lib_a-e_pow.o)
                              c:/program files/atmel/atmel toolchain/avr32 gcc/native/3.4.2.1002/avr32-gnu-toolchain/bin/../lib/gcc/avr32/4.4.7/../../../../avr32/lib/ucr3fp\libm.a(lib_a-w_pow.o) (__ieee754_pow)
c:/program files/atmel/atmel toolchain/avr32 gcc/native/3.4.2.1002/avr32-gnu-toolchain/bin/../lib/gcc/avr32/4.4.7/../../../../avr32/lib/ucr3fp\libm.a(lib_a-e_rem_pio2.o)
                              c:/program files/atmel/atmel toolchain/avr32 gcc/native/3.4.2.1002/avr32-gnu-toolchain/bin/../lib/gcc/avr32/4.4.7/../../../../avr32/lib/ucr3fp\libm.a(lib_a-s_cos.o) (__ieee754_rem_pio2)
c:/program files/atmel/atmel toolchain/avr32 gcc/native/3.4.2.1002/avr32-gnu-toolchain/bin/../lib/gcc/avr32/4.4.7/../../../../avr32/lib/ucr3fp\libm.a(lib_a-e_sqrt.o)
                              c:/program files/atmel/atmel toolchain/avr32 gcc/native/3.4.2.1002/avr32-gnu-toolchain/bin/../lib/gcc/avr32/4.4.7/../../../../avr32/lib/ucr3fp\libm.a(lib_a-w_sqrt.o) (__ieee754_sqrt)
c:/program files/atmel/atmel toolchain/avr32 gcc/native/3.4.2.1002/avr32-gnu-toolchain/bin/../lib/gcc/avr32/4.4.7/../../../../avr32/lib/ucr3fp\libm.a(lib_a-k_cos.o)
                              c:/program files/atmel/atmel toolchain/avr32 gcc/native/3.4.2.1002/avr32-gnu-toolchain/bin/../lib/gcc/avr32/4.4.7/../../../../avr32/lib/ucr3fp\libm.a(lib_a-s_cos.o) (__kernel_cos)
c:/program files/atmel/atmel toolchain/avr32 gcc/native/3.4.2.1002/avr32-gnu-toolchain/bin/../lib/gcc/avr32/4.4.7/../../../../avr32/lib/ucr3fp\libm.a(lib_a-k_rem_pio2.o)
                              c:/program files/atmel/atmel toolchain/avr32 gcc/native/3.4.2.1002/avr32-gnu-toolchain/bin/../lib/gcc/avr32/4.4.7/../../../../avr32/lib/ucr3fp\libm.a(lib_a-e_rem_pio2.o) (__kernel_rem_pio2)
c:/program files/atmel/atmel toolchain/avr32 gcc/native/3.4.2.1002/avr32-gnu-toolchain/bin/../lib/gcc/avr32/4.4.7/../../../../avr32/lib/ucr3fp\libm.a(lib_a-k_sin.o)
                              c:/program files/atmel/atmel toolchain/avr32 gcc/native/3.4.2.1002/avr32-gnu-toolchain/bin/../lib/gcc/avr32/4.4.7/../../../../avr32/lib/ucr3fp\libm.a(lib_a-s_cos.o) (__kernel_sin)
c:/program files/atmel/atmel toolchain/avr32 gcc/native/3.4.2.1002/avr32-gnu-toolchain/bin/../lib/gcc/avr32/4.4.7/../../../../avr32/lib/ucr3fp\libm.a(lib_a-s_atan.o)
                              c:/program files/atmel/atmel toolchain/avr32 gcc/native/3.4.2.1002/avr32-gnu-toolchain/bin/../lib/gcc/avr32/4.4.7/../../../../avr32/lib/ucr3fp\libm.a(lib_a-e_atan2.o) (atan)
[...]
Memory Configuration

Name             Origin             Length             Attributes
FLASH            0x80000000         0x00080000         axrl !w
CPUSRAM          0x00000004         0x0000fffc         axw !rl
USERPAGE         0x80800000         0x00000200
FACTORYPAGE      0x80800200         0x00000200
FLASHVAULT_FLASH_SIZE 0x80800400         0x00000008         r
FLASHVAULT_RAM_SIZE 0x80800408         0x00000008         r
*default*        0x00000000         0xffffffff

Linker script and memory map

                0x00001000                _stack_size = 0x1000
LOAD Library/control/neighbor_selection.o
LOAD Library/control/orca.o
LOAD Library/control/pid_control.o
LOAD Library/control/stabilisation_copter.o
LOAD Library/control/stabilisation_hybrid.o
LOAD Library/hal/analog_monitor.o
LOAD Library/hal/lsm330dlc_driver.o
LOAD Library/hal/time_keeper.o
LOAD Library/sensing/estimator.o
LOAD Library/sensing/position_estimation.o
LOAD Library/sensing/qfilter.o
LOAD src/central_data.o
LOAD src/mavlink_actions.o
LOAD src/tasks.o
LOAD Library/communication/ishtar.o
LOAD Library/communication/ishtar_stream.o
LOAD Library/communication/mavlink_stream.o
LOAD Library/communication/onboard_parameters.o
LOAD Library/control/navigation.o
LOAD Library/control/stabilisation.o
LOAD Library/hal/adc_int.o
LOAD Library/hal/ads1274.o
LOAD Library/hal/adxl345_driver.o
LOAD Library/hal/amplifiers.o
LOAD Library/hal/bmp085.o
LOAD Library/hal/compass_hmc5883l.o
LOAD Library/hal/dac_dma.o
LOAD Library/hal/i2c_driver.o
LOAD Library/hal/itg3200_driver.o
LOAD Library/hal/led.o
LOAD Library/hal/radar_module_driver.o
LOAD Library/hal/servo_pwm.o
LOAD Library/hal/remote_dsm2.o
LOAD Library/hal/spi_buffered.o
LOAD Library/hal/uart_int.o
LOAD Library/runtime/scheduler.o
LOAD Library/sensing/gps_ublox.o
LOAD Library/sensing/imu.o
LOAD Library/sensing/simulation.o
LOAD Library/sensing/mavlink_waypoint_handler.o
LOAD Library/util/buffer.o
LOAD Library/util/coord_conventions.o
LOAD Library/util/generator.o
LOAD Library/util/print_util.o
LOAD Library/util/sinus.o
LOAD src/asf/avr32/drivers/adcifa/adcifa.o
LOAD src/asf/avr32/drivers/ast/ast.o
LOAD src/asf/avr32/drivers/dacifb/dacifb.o
LOAD src/asf/avr32/drivers/eic/eic.o
LOAD src/asf/avr32/drivers/flashc/flashc.o
LOAD src/asf/avr32/drivers/gpio/gpio.o
LOAD src/asf/avr32/drivers/intc/exception.o
LOAD src/asf/avr32/drivers/intc/intc.o
LOAD src/asf/avr32/drivers/pdca/pdca.o
LOAD src/asf/avr32/drivers/pevc/pevc.o
LOAD src/asf/avr32/drivers/pm/pm_uc3c.o
LOAD src/asf/avr32/drivers/pm/power_clocks_lib.o
LOAD src/asf/avr32/drivers/pwm/pwm4.o
LOAD src/asf/avr32/drivers/scif/scif_uc3c.o
LOAD src/asf/avr32/drivers/spi/spi.o
LOAD src/asf/avr32/drivers/tc/tc.o
LOAD src/asf/avr32/drivers/twim/twim.o
LOAD src/asf/avr32/drivers/usart/usart.o
LOAD src/asf/avr32/drivers/usbc/usbc_device.o
LOAD src/asf/avr32/services/delay/delay.o
LOAD src/asf/avr32/utils/startup/startup_uc3.o
LOAD src/asf/avr32/utils/startup/trampoline_uc3.o
LOAD src/asf/common/boards/user_board/init.o
LOAD src/asf/common/services/clock/uc3c/osc.o
LOAD src/asf/common/services/clock/uc3c/pll.o
LOAD src/asf/common/services/clock/uc3c/sysclk.o
LOAD src/asf/common/services/sleepmgr/uc3/sleepmgr.o
LOAD src/asf/common/services/spi/uc3_spi/spi_master.o
LOAD src/asf/common/services/usb/class/cdc/device/udi_cdc.o
LOAD src/asf/common/services/usb/class/cdc/device/udi_cdc_desc.o
LOAD src/asf/common/services/usb/udc/udc.o
LOAD src/asf/common/utils/stdio/read.o
LOAD src/asf/common/utils/stdio/stdio_usb/stdio_usb.o
LOAD src/asf/common/utils/stdio/write.o
LOAD src/boardsupport.o
LOAD src/main.o
START GROUP
LOAD c:/program files/atmel/atmel toolchain/avr32 gcc/native/3.4.2.1002/avr32-gnu-toolchain/bin/../lib/gcc/avr32/4.4.7/../../../../avr32/lib/ucr3fp\libm.a
END GROUP
LOAD c:/program files/atmel/atmel toolchain/avr32 gcc/native/3.4.2.1002/avr32-gnu-toolchain/bin/../lib/gcc/avr32/4.4.7/ucr3fp\libgcc.a
LOAD c:/program files/atmel/atmel toolchain/avr32 gcc/native/3.4.2.1002/avr32-gnu-toolchain/bin/../lib/gcc/avr32/4.4.7/../../../../avr32/lib/ucr3fp\libc.a
LOAD c:/program files/atmel/atmel toolchain/avr32 gcc/native/3.4.2.1002/avr32-gnu-toolchain/bin/../lib/gcc/avr32/4.4.7/ucr3fp\libgcc.a
                0x80000000                PROVIDE (__executable_start, 0x80000000)
                0x80000000                . = 0x80000000

.interp
 *(.interp)

.reset          0x80000000     0x2008
 *(.reset)
 .reset         0x80000000     0x2008 src/asf/avr32/utils/startup/trampoline_uc3.o
                0x80000000                _trampoline

.hash
 *(.hash)

.dynsym
 *(.dynsym)

.dynstr
 *(.dynstr)

.gnu.version
 *(.gnu.version)

.gnu.version_d
 *(.gnu.version_d)

.gnu.version_r
 *(.gnu.version_r)

.rel.init
 *(.rel.init)

.rela.init
 *(.rela.init)

.rel.text
 *(.rel.text .rel.text.* .rel.gnu.linkonce.t.*)

.rela.text
 *(.rela.text .rela.text.* .rela.gnu.linkonce.t.*)

.rel.fini
 *(.rel.fini)

.rela.fini
 *(.rela.fini)

.rel.rodata
 *(.rel.rodata .rel.rodata.* .rel.gnu.linkonce.r.*)

.rela.rodata
 *(.rela.rodata .rela.rodata.* .rela.gnu.linkonce.r.*)

.rel.data.rel.ro
 *(.rel.data.rel.ro*)

.rela.data.rel.ro
 *(.rel.data.rel.ro*)

.rel.data
 *(.rel.data .rel.data.* .rel.gnu.linkonce.d.*)

.rela.data
 *(.rela.data .rela.data.* .rela.gnu.linkonce.d.*)

.rel.tdata
 *(.rel.tdata .rel.tdata.* .rel.gnu.linkonce.td.*)

.rela.tdata
 *(.rela.tdata .rela.tdata.* .rela.gnu.linkonce.td.*)

.rel.tbss
 *(.rel.tbss .rel.tbss.* .rel.gnu.linkonce.tb.*)

.rela.tbss
 *(.rela.tbss .rela.tbss.* .rela.gnu.linkonce.tb.*)

.rel.ctors
 *(.rel.ctors)

.rela.ctors
 *(.rela.ctors)

.rel.dtors
 *(.rel.dtors)

.rela.dtors
 *(.rela.dtors)

.rel.got
 *(.rel.got)

.rela.got       0x80002008        0x0
 *(.rela.got)
 .rela.got      0x80002008        0x0 Library/control/neighbor_selection.o

.rel.bss
 *(.rel.bss .rel.bss.* .rel.gnu.linkonce.b.*)

.rela.bss
 *(.rela.bss .rela.bss.* .rela.gnu.linkonce.b.*)

.rel.plt
 *(.rel.plt)

.rela.plt
 *(.rela.plt)

.init
 *(.init)

.plt
 *(.plt)

.text           0x80002008    0x2ea0e
 *(.text .stub .text.* .gnu.linkonce.t.*)
 .text          0x80002008      0x7b4 Library/control/neighbor_selection.o
                0x800023f4                init_neighbors
                0x80002448                read_msg_from_neighbors
 .text          0x800027bc     0x2808 Library/control/orca.o
                0x80002c7e                init_orca
                0x80002d24                computeNewVelocity
                0x80003720                linearProgram1
                0x80003bd4                linearProgram2
                0x80004550                linearProgram3
                0x8000483c                linearProgram4
 .text          0x80004fc4      0x530 Library/control/pid_control.o
                0x800050bc                passthroughController
                0x80005140                integrate
                0x800051a8                initInt
                0x800051ec                resetInt
                0x80005206                initDiff
                0x80005242                differentiate
                0x800052e4                pid_update
                0x800053fc                pid_update_dt
 .text          0x800054f4      0x954 Library/control/stabilisation_copter.o
                0x80005738                init_stabilisation_copter
                0x80005798                cascade_stabilise_copter
                0x80005b14                mix_to_servos_diag_quad
                0x80005cc4                mix_to_servos_cross_quad
 .text          0x80005e48      0x1f8 Library/hal/analog_monitor.o
                0x80005e48                init_analog_monitor
                0x80005e90                trigger_analog_monitor
                0x80005eb4                get_monitored_avg
                0x80005f30                get_battery_rail
                0x80005f74                get_internal_rail
                0x80005fb8                get_6V_analog_rail
                0x80005ffc                get_5V_analog_rail
 .text          0x80006040      0x100 Library/hal/time_keeper.o
                0x80006040                init_time_keeper
                0x80006068                get_time
                0x80006098                get_millis
                0x800060c4                get_micros
                0x800060e0                get_time_ticks
                0x80006100                ticks_to_seconds
 .text          0x80006140     0x4144 Library/sensing/estimator.o
                0x8000618c                e_init
                0x800063b8                init_pos_gps_estimator
                0x8000643c                e_kalman_init
                0x800065c0                e_predict
                0x800068cc                quat_rot
                0x80006a82                e_kalman_predict
                0x80007790                e_kalman_predict_hf
                0x80007d24                e_kalman_update_position
                0x80008930                e_kalman_update_speed
                0x80009558                e_kalman_update_position_hf
                0x80009ae4                e_kalman_update_speed_hf
                0x8000a078                estimator_loop
 .text          0x8000a284     0x12e0 Library/sensing/position_estimation.o
                0x8000a64c                init_pos_integration
                0x8000a70c                init_pos_gps
                0x8000a8b2                init_barometer_offset
                0x8000a988                position_reset_home_altitude
                0x8000ab54                position_integration
                0x8000aeda                position_correction
 .text          0x8000b564     0x13a4 Library/sensing/qfilter.o
                0x8000ba9e                qfInit
                0x8000bdf0                qfilter
 .text          0x8000c908      0x254 src/central_data.o
                0x8000c954                initialise_central_data
                0x8000cabc                get_central_data
                0x8000cad4                get_telemetry_upstream
                0x8000caf0                get_telemetry_downstream
                0x8000cb0c                get_debug_stream
                0x8000cb28                get_imu_data
                0x8000cb40                get_control_inputs_data
 .text          0x8000cb5c     0x3638 src/mavlink_actions.o
                0x8000dfb8                mavlink_send_heartbeat
                0x8000dffc                mavlink_send_raw_imu
                0x8000e100                mavlink_send_scaled_imu
                0x8000e230                mavlink_send_rpy_rates_error
                0x8000e280                mavlink_send_rpy_speed_thrust_setpoint
                0x8000e2d0                mavlink_send_rpy_thrust_setpoint
                0x8000e320                mavlink_send_servo_output
                0x8000e458                mavlink_send_attitude_quaternion
                0x8000e4d4                mavlink_send_attitude
                0x8000e55c                mavlink_send_global_position
                0x8000e700                mavlink_send_hud
                0x8000e85c                mavlink_send_gps_raw
                0x8000ea78                mavlink_send_pressure
                0x8000eb74                mavlink_send_radar
                0x8000ebdc                mavlink_send_estimator
                0x8000eca4                mavlink_send_kalman_estimator
                0x8000ee20                mavlink_send_raw_rc_channels
                0x8000ef1c                mavlink_send_scaled_rc_channels
                0x8000f206                mavlink_send_simulation
                0x8000f5e4                send_rt_stats
                0x8000fafc                add_PID_parameters
                0x8000ffd4                init_mavlink_actions
 .text          0x80010194     0x10d8 src/tasks.o
                0x80010494                get_main_taskset
                0x800104ac                run_imu_update
                0x800104f8                rc_user_channels
                0x800106a0                set_mav_mode_n_state
                0x80010a48                run_stabilisation
                0x80010e6c                gps_task
                0x80010ebc                run_estimator
                0x80010ed4                run_navigation_task
                0x80011100                run_barometer
                0x800111c0                create_tasks
 .text          0x8001126c     0x1948 Library/communication/mavlink_stream.o
                0x80011e40                comm_send_ch
                0x80011ec2                mavlink_receive_handler
                0x80011f64                init_mavlink
                0x80011ffc                flush_mavlink
                0x80012030                mavlink_protocol_update
                0x800120ac                get_mavlink_taskset
                0x800120c4                suspend_downstream
                0x80012124                mavlink_receive
                0x800121e8                handle_mavlink_message
                0x800126dc                receive_message_long
 .text          0x80012bb4     0x1220 Library/communication/onboard_parameters.o
                0x80013208                init_onboard_parameters
                0x80013238                add_parameter_uint8
                0x8001331c                add_parameter_uint32
                0x80013400                add_parameter_int32
                0x800134e4                add_parameter_float
                0x800135c8                send_all_parameters
                0x8001361c                send_all_parameters_now
                0x800136dc                send_scheduled_parameters
                0x800137bc                send_parameter
                0x80013910                receive_parameter
                0x80013b1e                read_parameters_from_flashc
                0x80013ca4                write_parameters_to_flashc
 .text          0x80013dd4      0xaf8 Library/control/navigation.o
                0x80014228                init_nav
                0x80014284                run_navigation
                0x800142d8                set_rel_pos_n_dist2wp
                0x80014360                set_speed_command
                0x80014658                low_speed_nav
                0x80014824                high_speed_nav
 .text          0x800148cc       0xa4 Library/control/stabilisation.o
                0x800148cc                stabilise
 .text          0x80014970      0x56c Library/hal/adc_int.o
                0x80014b60                Init_ADCI
                0x80014c50                clear_adc_sequencer
                0x80014c7c                adc_sequencer_add
                0x80014d54                ADCI_Start_Sampling
                0x80014e14                ADCI_Stop_Sampling
                0x80014e34                ADCI_Sampling_Complete
                0x80014e5c                ADCI_get_sample
                0x80014ea4                ADCI_get_buffer
                0x80014ec0                ADCI_get_sampling_status
 .text          0x80014edc      0x464 Library/hal/ads1274.o
                0x80014fd8                get_interrupt_counter
                0x80014ff4                processData
                0x800150f8                set_DAC_generator_function
                0x8001511c                get_sample
                0x80015158                get_sampling_status
                0x80015174                Init_ADC
                0x80015260                ADC_Switch_Clock
                0x800152c0                ADC_Switch_Channel
                0x800152d8                ADC_Set_Mode
                0x800152ea                ADC_Start_Oneshot
                0x80015304                ADC_Stop_Sampling
                0x8001530e                Sampling_Complete
                0x80015318                eic_nmi_handler
 .text          0x80015340      0x1e4 Library/hal/adxl345_driver.o
                0x80015340                init_adxl345
                0x80015408                init_adxl345_slow
                0x8001544c                get_acc_data
                0x80015474                get_acc_data_slow
 .text          0x80015524      0xa14 Library/hal/bmp085.o
                0x80015670                bmp085_read_int
                0x800156b8                init_bmp085
                0x8001576a                init_bmp085_slow
                0x800158c0                get_pressure_data_slow
                0x80015ef8                newValidBarometer
 .text          0x80015f38       0xd8 Library/hal/compass_hmc5883l.o
                0x80015f38                init_hmc5883_slow
                0x80015f68                get_compass_data_slow
 .text          0x80016010      0x330 Library/hal/dac_dma.o
                0x80016080                init_pevc
                0x800160b8                init_gclk
                0x80016112                Init_DAC
                0x800161e8                DAC_load_buffer
                0x8001629c                DAC_play
                0x800162f8                DAC_pause
                0x80016302                DAC_resume
                0x8001630c                DAC_is_finished
                0x8001631a                DAC_set_value
 .text          0x80016340      0x770 Library/hal/i2c_driver.o
                0x8001648c                init_i2c
                0x800165c4                i2c_reset
                0x80016658                i2c_add_request
                0x80016760                i2c_change_request
                0x8001681a                i2c_trigger_request
                0x80016a58                i2c_pause_request
                0x80016a72                i2c_enable_request
                0x80016a90                i2c_remove_request
 .text          0x80016ab0      0x1c0 Library/hal/itg3200_driver.o
                0x80016ab0                init_itg3200
                0x80016ba8                reconfigure_gyro
                0x80016bcc                init_itg3200_slow
                0x80016bfc                get_gyro_data
                0x80016c24                get_gyro_data_slow
 .text          0x80016c70      0x500 Library/hal/led.o
                0x80016c70                LED_Read_Display
                0x80016c8c                LED_Display
                0x80016d3c                LED_Read_Display_Mask
                0x80016d68                LED_Display_Mask
                0x80016e70                LED_Test
                0x80016ea0                LED_Off
                0x80016f58                LED_On
                0x80017014                LED_Toggle
                0x800170cc                LED_Read_Display_Field
                0x80017104                LED_Display_Field
                0x80017140                LED_Get_Intensity
                0x80017156                LED_Set_Intensity
 .text          0x80017170       0xc0 Library/hal/radar_module_driver.o
                0x80017170                init_radar_modules
                0x80017192                read_radar
                0x80017218                get_radar_main_target
 .text          0x80017230      0x258 Library/hal/servo_pwm.o
                0x80017230                init_Servos
                0x80017368                set_servo
                0x80017422                set_servos
 .text          0x80017488      0x514 Library/hal/remote_dsm2.o
                0x80017638                rc_init
                0x800176e8                rc_get_channel
                0x80017720                rc_get_channel_neutral
                0x800177b8                rc_center_channel
                0x800177ec                checkReceiver1
                0x800178cc                checkReceiver2
                0x8001797c                rc_check_receivers
 .text          0x8001799c      0xda8 Library/hal/spi_buffered.o
                0x80017ba0                get_spi_in_buffer
                0x80017bd0                spi0_int_handler
                0x80017bec                spi1_int_handler
                0x80017c7c                initSPI
                0x80017e0c                enableSPI
                0x80017e40                disableSPI
                0x80017e74                spiInitDMA
                0x80017ef0                spiTriggerDMA
                0x80017f9c                setSPIcallBack
                0x80017fd4                pauseSPI
                0x80018008                resumeSPI
                0x80018044                activateReceiveSPI
                0x80018078                deactivateReceiveSPI
                0x800180ac                getTraffic
                0x800180e0                readSPI
                0x80018198                clearSPIReadBuffer
                0x800181dc                writeSPI
                0x80018294                SPItransmit
                0x800183f8                startSPI
                0x800184c0                SPITransferFinished
                0x80018510                SPIFlushBuffer
                0x80018568                SPIBytesAvailable
                0x800185c0                spi_handler
 .text          0x80018744      0x8f0 Library/hal/uart_int.o
                0x80018c40                register_UART_handler
                0x80018ce0                init_UART_int
                0x80018e70                uart_int_get_byte
                0x80018e9c                uart_int_bytes_available
                0x80018ec8                uart_int_send_byte
                0x80018f28                uart_int_flush
                0x80018f60                uart_out_buffer_empty
                0x80018f90                get_UART_handle
                0x80018fc0                register_write_stream
                0x80019010                register_read_stream
 .text          0x80019034      0xac0 Library/runtime/scheduler.o
                0x80019034                init_scheduler
                0x800190b0                register_task
                0x80019238                add_task
                0x800192f8                sort_taskset_by_period
                0x80019566                run_scheduler_update
                0x8001997c                get_task_by_id
                0x80019a00                get_task_by_index
                0x80019a46                change_run_mode
                0x80019a66                change_task_period
                0x80019aa0                suspend_task
                0x80019ad0                run_task_now
 .text          0x80019af4     0x296c Library/sensing/gps_ublox.o
                0x80019b40                init_gps_ubx
                0x80019e3e                ubx_read
                0x8001ae16                ubx_process_data
                0x8001b908                update_checksum
                0x8001b982                endian_lower_bytes_uint16
                0x8001b99e                endian_higher_bytes_uint16
                0x8001b9be                ubx_send_header
                0x8001baa4                ubx_send_cksum
                0x8001baf8                ubx_send_message
                0x8001bbd8                ubx_send_message_CFG_nav_rate
                0x8001bd58                ubx_send_message_nav_settings
                0x8001be34                ubx_configure_message_rate
                0x8001bf66                configure_gps
                0x8001c008                gps_update
                0x8001c21c                newValidGpsMsg
                0x8001c274                ubx_GetPosllh
                0x8001c29c                ubx_GetStatus
                0x8001c2c4                ubx_GetSolution
                0x8001c2ec                ubx_GetVelned
                0x8001c314                ubx_GetSVInfo
                0x8001c33c                ubx_GetNavSettings
                0x8001c364                ubx_GetMsgRate
                0x8001c38c                ubx_GetMonRXR
                0x8001c3b4                ubx_GetTimTP
                0x8001c3dc                ubx_GetTimVRFY
                0x8001c404                ToRad
 .text          0x8001c460      0x4c4 Library/sensing/imu.o
                0x8001c460                init_imu
                0x8001c5b8                imu_get_raw_data
                0x8001c69c                calibrate_Gyros
                0x8001c848                imu_update
 .text          0x8001c924     0x1a00 Library/sensing/simulation.o
                0x8001cf7c                init_simulation
                0x8001d218                forces_from_servos_diag_quad
                0x8001d678                forces_from_servos_cross_quad
                0x8001d68e                simu_update
                0x8001e214                simulate_barometer
                0x8001e26c                simulate_gps
 .text          0x8001e324     0x3380 Library/sensing/mavlink_waypoint_handler.o
                0x8001f284                init_waypoint_handler
                0x8001f31c                init_wp
                0x8001f63e                init_waypoint_list
                0x8001f97c                send_count
                0x8001fa6a                send_waypoint
                0x8001fd0c                receive_ack_msg
                0x8001fdca                receive_count
                0x8001ffba                receive_waypoint
                0x800202fc                set_current_wp
                0x8002041c                clear_waypoint_list
                0x800204c4                set_mav_mode
                0x80020690                control_time_out_waypoint_msg
                0x800207ea                set_waypoint_from_frame
                0x80020e00                wp_hold_init
                0x80020f6c                waypoint_hold_position_handler
                0x80020fea                waypoint_navigation_handler
                0x80021478                waypoint_critical_handler
 .text          0x800216a4      0x318 Library/util/buffer.o
                0x800216a4                buffer_full
                0x800216d2                buffer_put_lossy
                0x8002176c                buffer_put
                0x800217fc                buffer_get
                0x80021862                buffer_empty
                0x8002188c                buffer_bytes_available
                0x800218bc                buffer_init
                0x800218ec                buffer_clear
                0x8002191c                make_buffered_stream
                0x8002196c                make_buffered_stream_lossy
 .text          0x800219bc      0x510 Library/util/coord_conventions.o
                0x800219bc                local_to_global_position
                0x80021b2c                global_to_local_position
                0x80021cfc                Quat_to_Aero
                0x80021e48                get_yaw
 .text          0x80021ecc      0x618 Library/util/print_util.o
                0x80021ecc                dbg_print_init
                0x80021ef0                putstring
                0x80021f50                putdigit
                0x80021fb8                putnum
                0x800220a8                putnum_tight
                0x8002218a                putfloat
                0x80022294                print_vector
                0x80022320                print_quaternion
                0x80022390                dbg_print
                0x800223bc                dbg_print_num
                0x800223f4                dbg_putfloat
                0x80022428                dbg_print_vector
                0x8002245c                dbg_print_quaternion
                0x80022492                dbg_log_value
 .text          0x800224e4      0x938 src/asf/avr32/drivers/adcifa/adcifa.o
                0x800224e4                adcifa_get_calibration_data
                0x80022578                adcifa_configure
                0x800226b8                adcifa_configure_sequencer
                0x80022ab0                adcifa_configure_window_monitor
                0x80022bc4                adcifa_start_sequencer
                0x80022c08                adcifa_check_eoc
                0x80022c52                adcifa_check_eos
                0x80022c9a                adcifa_get_values_from_sequencer
                0x80022d74                adcifa_start_itimer
                0x80022d9e                adcifa_stop_itimer
                0x80022db8                adcifa_enable_interrupt
                0x80022dda                adcifa_disable_interrupt
                0x80022dfc                adcifa_clear_interrupt
 .text          0x80022e1c      0x4c0 src/asf/avr32/drivers/ast/ast.o
                0x80022e5c                ast_init_calendar
                0x80022ed0                ast_init_counter
                0x80022f2c                ast_enable
                0x80022f70                ast_set_calendar_value
                0x80022fb4                ast_set_counter_value
                0x80022ff4                ast_get_calendar_value
                0x80023016                ast_get_counter_value
                0x80023030                ast_set_alarm0_value
                0x80023050                ast_set_alarm1_value
                0x80023070                ast_enable_alarm0
                0x800230b4                ast_disable_alarm0
                0x800230f8                ast_enable_alarm1
                0x8002313c                ast_disable_alarm1
                0x80023180                ast_set_periodic0_value
                0x800231a0                ast_set_periodic1_value
                0x800231c0                ast_enable_periodic0
                0x80023204                ast_disable_periodic0
                0x8002324c                ast_enable_periodic1
                0x80023294                ast_disable_periodic1
 .text          0x800232dc      0x8c0 src/asf/avr32/drivers/dacifb/dacifb.o
                0x80023438                dacifb_get_calibration_data
                0x800234ce                dacifb_configure
                0x8002361c                dacifb_configure_channel
                0x800239f6                dacifb_start_channel
                0x80023a6c                dacifb_check_eoc
                0x80023a8e                dacifb_set_value
                0x80023afe                dacifb_reload_timer
 .text          0x80023b9c      0x52c src/asf/avr32/drivers/eic/eic.o
                0x80023bd4                eic_init
                0x80023e52                eic_enable_lines
                0x80023e72                eic_enable_line
                0x80023e9a                eic_disable_lines
                0x80023eba                eic_disable_line
                0x80023ee2                eic_is_line_enabled
                0x80023f12                eic_enable_interrupt_lines
                0x80023f32                eic_enable_interrupt_line
                0x80023f5a                eic_disable_interrupt_lines
                0x80023f98                eic_disable_interrupt_line
                0x80023fe0                eic_is_interrupt_line_enabled
                0x80024010                eic_clear_interrupt_lines
                0x80024050                eic_clear_interrupt_line
                0x80024098                eic_is_interrupt_line_pending
 .text          0x800240c8     0x1bbc src/asf/avr32/drivers/flashc/flashc.o
                0x800240c8                flashc_get_flash_size
                0x800240f0                flashc_get_page_count
                0x8002410c                flashc_get_page_count_per_region
                0x80024128                flashc_get_page_region
                0x80024164                flashc_get_region_first_page_number
                0x80024190                flashc_get_wait_state
                0x800241a8                flashc_set_wait_state
                0x800241ee                flashc_set_bus_freq
                0x80024228                flashc_is_ready_int_enabled
                0x80024240                flashc_enable_ready_int
                0x8002427e                flashc_is_lock_error_int_enabled
                0x80024298                flashc_enable_lock_error_int
                0x800242d6                flashc_is_prog_error_int_enabled
                0x800242f0                flashc_enable_prog_error_int
                0x8002432e                flashc_is_ready
                0x80024346                flashc_default_wait_until_ready
                0x8002437e                flashc_is_lock_error
                0x800243a0                flashc_is_programming_error
                0x800243c4                flashc_get_command
                0x800243da                flashc_get_page_number
                0x800243f6                flashc_issue_command
                0x80024480                flashc_no_operation
                0x8002449c                flashc_erase_all
                0x800244b8                flashc_is_security_bit_active
                0x800244d2                flashc_activate_security_bit
                0x800244ec                flashc_get_bootloader_protected_size
                0x80024530                flashc_set_bootloader_protected_size
                0x800245cc                flashc_is_external_privileged_fetch_locked
                0x800245f0                flashc_lock_external_privileged_fetch
                0x80024620                flashc_is_page_region_locked
                0x80024650                flashc_is_region_locked
                0x80024682                flashc_lock_page_region
                0x800246c0                flashc_lock_region
                0x800246f8                flashc_lock_all_regions
                0x80024760                flashc_read_gp_fuse_bit
                0x800247c4                flashc_read_gp_fuse_bitfield
                0x80024894                flashc_read_gp_fuse_byte
                0x800248f8                flashc_read_all_gp_fuses
                0x8002492c                flashc_erase_gp_fuse_bit
                0x80024978                flashc_erase_gp_fuse_bitfield
                0x80024a90                flashc_erase_gp_fuse_byte
                0x80024b64                flashc_erase_all_gp_fuses
                0x80024bac                flashc_write_gp_fuse_bit
                0x80024be8                flashc_write_gp_fuse_bitfield
                0x80024cb8                flashc_write_gp_fuse_byte
                0x80024cf4                flashc_write_all_gp_fuses
                0x80024d78                flashc_set_gp_fuse_bit
                0x80024dbc                flashc_set_gp_fuse_bitfield
                0x80024e8c                flashc_set_gp_fuse_byte
                0x80024f08                flashc_set_all_gp_fuses
                0x80024f74                flashc_clear_page_buffer
                0x80024f90                flashc_is_page_erased
                0x80024faa                flashc_quick_page_read
                0x80024fd8                flashc_erase_page
                0x80025044                flashc_erase_all_pages
                0x800250cc                flashc_write_page
                0x800250f0                flashc_quick_user_page_read
                0x80025114                flashc_erase_user_page
                0x80025150                flashc_write_user_page
                0x8002516c                flashc_memset8
                0x800251c0                flashc_memset16
                0x80025210                flashc_memset32
                0x80025270                flashc_memset64
                0x80025690                flashc_memcpy
                0x80025c1c                flashc_set_flash_waitstate_and_readmode
 .text          0x80025c84     0x10d0 src/asf/avr32/drivers/gpio/gpio.o
                0x80025c84                gpio_enable_module
                0x80025cfc                gpio_enable_module_pin
                0x80025f9c                gpio_enable_gpio
                0x80025ff0                gpio_enable_gpio_pin
                0x80026040                gpio_enable_pin_pull_up
                0x80026092                gpio_disable_pin_pull_up
                0x800260cc                gpio_enable_pin_pull_down
                0x8002611e                gpio_disable_pin_pull_down
                0x80026158                gpio_enable_pin_buskeeper
                0x800261aa                gpio_disable_pin_buskeeper
                0x800261fc                gpio_configure_pin
                0x800264d6                gpio_configure_group
                0x8002669e                gpio_get_pin_value
                0x800266d8                gpio_get_gpio_pin_output_value
                0x80026712                gpio_get_gpio_open_drain_pin_output_value
                0x8002674e                gpio_set_gpio_pin
                0x800267b6                gpio_set_pin_high
                0x800267f0                gpio_set_group_high
                0x80026820                gpio_set_pin_low
                0x8002685a                gpio_clr_gpio_pin
                0x800268c2                gpio_set_group_low
                0x800268f2                gpio_tgl_gpio_pin
                0x8002695a                gpio_toggle_pin
                0x80026994                gpio_toggle_group
                0x800269c4                gpio_set_gpio_open_drain_pin
                0x80026a14                gpio_clr_gpio_open_drain_pin
                0x80026a7c                gpio_tgl_gpio_open_drain_pin
                0x80026ae4                gpio_enable_pin_glitch_filter
                0x80026b1e                gpio_disable_pin_glitch_filter
                0x80026c2c                gpio_enable_pin_interrupt
                0x80026ca4                gpio_disable_pin_interrupt
                0x80026cde                gpio_get_pin_interrupt_flag
                0x80026d1a                gpio_clear_pin_interrupt_flag
 .text          0x80026d54      0x194 src/asf/avr32/drivers/intc/intc.o
                0x80026d5c                _get_interrupt_handler
                0x80026dec                INTC_init_interrupts
                0x80026e7c                INTC_register_interrupt
 .text          0x80026ee8      0x5f4 src/asf/avr32/drivers/pdca/pdca.o
                0x80026f08                pdca_get_handler
                0x80026f3c                pdca_init_channel
                0x80027010                pdca_get_channel_status
                0x80027044                pdca_disable
                0x80027074                pdca_enable
                0x800270a4                pdca_get_load_size
                0x800270d4                pdca_load_channel
                0x80027154                pdca_get_reload_size
                0x80027184                pdca_reload_channel
                0x80027204                pdca_set_peripheral_select
                0x8002723c                pdca_set_transfer_size
                0x80027280                pdca_disable_event_trigger
                0x800272b8                pdca_enable_event_trigger
                0x800272f0                pdca_disable_interrupt_transfer_error
                0x80027354                pdca_enable_interrupt_transfer_error
                0x80027384                pdca_disable_interrupt_transfer_complete
                0x800273e8                pdca_enable_interrupt_transfer_complete
                0x80027418                pdca_disable_interrupt_reload_counter_zero
                0x8002747c                pdca_enable_interrupt_reload_counter_zero
                0x800274ac                pdca_get_transfer_status
 .text          0x800274dc      0x688 src/asf/avr32/drivers/pevc/pevc.o
                0x800274dc                pevc_channel_configure
                0x800275da                pevc_igfd_set
                0x80027600                pevc_channels_enable
                0x80027640                pevc_channels_disable
                0x80027680                pevc_get_channel_status
                0x800276ea                pevc_get_channel_state
                0x80027754                pevc_channel_sev_enable
                0x80027786                pevc_channels_trigger_sev
                0x800277ca                pevc_channel_sev_disable
                0x800277fc                pevc_channels_enable_trigger_interrupt
                0x80027840                pevc_channels_disable_trigger_interrupt
                0x80027884                pevc_channel_is_trigger_interrupt_enabled
                0x800278f2                pevc_channel_is_trigger_interrupt_raised
                0x8002795c                pevc_channel_clear_trigger_interrupt
                0x800279ae                pevc_channels_enable_overrun_interrupt
                0x800279f2                pevc_channels_disable_overrun_interrupt
                0x80027a36                pevc_channel_is_overrun_interrupt_enabled
                0x80027aa4                pevc_channel_is_overrun_interrupt_raised
                0x80027b12                pevc_channel_clear_overrun_interrupt
 .text          0x80027b64      0xfe0 src/asf/avr32/drivers/scif/scif_uc3c.o
                0x80027bca                scif_read_gplp
                0x80027bec                scif_write_gplp
                0x80027c26                scif_start_osc
                0x80027d60                scif_is_osc_ready
                0x80027d9a                scif_stop_osc
                0x80027e18                scif_configure_osc_crystalmode
                0x80027f74                scif_configure_osc_extmode
                0x80028014                scif_enable_osc
                0x80028100                scif_enable_extosc
                0x800281a0                scif_pll_setup
                0x800282fc                scif_pll_enable
                0x8002839c                scif_pll_disable
                0x8002843c                scif_wait_for_pll_locked
                0x80028474                scif_start_osc32
                0x8002853c                scif_stop_osc32
                0x800285a4                scif_start_rc8M
                0x80028608                scif_stop_rc8M
                0x8002866c                scif_start_rc120M
                0x800286b8                scif_stop_rc120M
                0x8002871c                scif_start_gclk
                0x8002878c                scif_stop_gclk
                0x800287f6                scif_gc_setup
                0x800288bc                scif_gc_enable
                0x80028904                scif_bod18_enable_irq
                0x80028916                scif_bod18_disable_irq
                0x80028968                scif_bod18_clear_irq
                0x8002897a                scif_bod18_get_irq_status
                0x80028992                scif_bod18_get_irq_enable_bit
                0x800289aa                scif_bod18_get_level
                0x800289c0                scif_bod33_enable_irq
                0x800289d4                scif_bod33_disable_irq
                0x80028a28                scif_bod33_clear_irq
                0x80028a3c                scif_bod33_get_irq_status
                0x80028a54                scif_bod33_get_irq_enable_bit
                0x80028a6c                scif_bod33_get_level
                0x80028a82                scif_bod50_enable_irq
                0x80028a96                scif_bod50_disable_irq
                0x80028ae8                scif_bod50_clear_irq
                0x80028afc                scif_bod50_get_irq_status
                0x80028b14                scif_bod50_get_irq_enable_bit
                0x80028b2c                scif_bod50_get_level
 .text          0x80028b44      0x730 src/asf/avr32/drivers/spi/spi.o
                0x80028b44                getBaudDiv
                0x80028b98                spi_initSlave
                0x80028c22                spi_initTest
                0x80028c54                spi_initMaster
                0x80028ce8                spi_selectionMode
                0x80028d7c                spi_selectChip
                0x80028e14                spi_unselectChip
                0x80028e7e                spi_setupChipReg
                0x80029008                spi_enable
                0x80029022                spi_disable
                0x8002903c                spi_is_enabled
                0x8002905c                spi_writeRegisterEmptyCheck
                0x8002907c                spi_write
                0x800290d4                spi_variableSlaveWrite
                0x8002916c                spi_writeEndCheck
                0x8002918c                spi_readRegisterFullCheck
                0x800291ac                spi_read
                0x8002920a                spi_getStatus
 .text          0x80029274      0xeb0 src/asf/avr32/drivers/twim/twim.o
                0x800295a4                twim_set_speed
                0x8002964c                twim_master_init
                0x80029758                twim_disable_interrupt
                0x800297a0                twim_probe
                0x800297dc                twim_read_packet
                0x80029984                twim_read
                0x80029ac0                twim_write_packet
                0x80029c90                twim_write
                0x80029d98                twim_chained_transfer
                0x8002a0f0                twim_status
 .text          0x8002a124     0x1154 src/asf/avr32/drivers/usart/usart.o
                0x8002a3b8                usart_reset
                0x8002a42c                usart_init_rs232
                0x8002a598                usart_init_rs232_tx_only
                0x8002a714                usart_init_hw_handshaking
                0x8002a768                usart_init_modem
                0x8002a7c0                usart_init_sync_master
                0x8002a944                usart_init_sync_slave
                0x8002aab4                usart_init_rs485
                0x8002ab08                usart_init_IrDA
                0x8002ab78                usart_init_iso7816
                0x8002ac94                usart_init_lin_master
                0x8002acf8                usart_init_lin_slave
                0x8002ad5c                usart_init_spi_master
                0x8002ae78                usart_init_spi_slave
                0x8002af80                usart_spi_selectChip
                0x8002afa0                usart_spi_unselectChip
                0x8002affc                usart_send_address
                0x8002b06c                usart_write_char
                0x8002b0b0                usart_putchar
                0x8002b108                usart_read_char
                0x8002b15a                usart_getchar
                0x8002b1a4                usart_write_line
                0x8002b1f4                usart_get_echo_line
 .text          0x8002b278      0x17c src/asf/avr32/services/delay/delay.o
                0x8002b278                delay_init
                0x8002b29c                delay_ms
 .text._stext   0x8002b3f4       0x4c src/asf/avr32/utils/startup/startup_uc3.o
                                 0x50 (size before relaxing)
                0x8002b3f4                _stext
 .text          0x8002b440       0x24 src/asf/common/boards/user_board/init.o
                0x8002b440                board_init
 .text          0x8002b464      0x274 src/asf/common/services/clock/uc3c/osc.o
                0x8002b49c                osc_priv_enable_osc0
                0x8002b4d8                osc_priv_disable_osc0
                0x8002b510                osc_priv_enable_osc32
                0x8002b54c                osc_priv_disable_osc32
                0x8002b588                osc_priv_enable_rc8m
                0x8002b608                osc_priv_disable_rc8m
                0x8002b660                osc_priv_enable_rc120m
                0x8002b69c                osc_priv_disable_rc120m
 .text          0x8002b6d8      0x12c src/asf/common/services/clock/uc3c/pll.o
                0x8002b710                pll_config_write
                0x8002b764                pll_enable
                0x8002b7b8                pll_disable
 .text          0x8002b804      0x7a4 src/asf/common/services/clock/uc3c/sysclk.o
                0x8002bc64                sysclk_priv_enable_module
                0x8002bce4                sysclk_priv_disable_module
                0x8002bd68                sysclk_set_prescalers
                0x8002be70                sysclk_set_source
                0x8002beb4                sysclk_enable_usb
                0x8002bf18                sysclk_disable_usb
                0x8002bf30                sysclk_init
 .text          0x8002bfa8      0x768 src/asf/common/services/spi/uc3_spi/spi_master.o
                0x8002c4dc                spi_master_setup_device
                0x8002c584                spi_read_packet
                0x8002c668                spi_write_packet
 .text          0x8002c710      0x328 src/boardsupport.o
                0x8002c854                initialise_board
 .text          0x8002ca38      0x228 src/main.o
                0x8002ca9e                initialisation
                0x8002cc2c                main
 .text.cos      0x8002cc60       0x8c c:/program files/atmel/atmel toolchain/avr32 gcc/native/3.4.2.1002/avr32-gnu-toolchain/bin/../lib/gcc/avr32/4.4.7/../../../../avr32/lib/ucr3fp\libm.a(lib_a-s_cos.o)
                                 0x9c (size before relaxing)
                0x8002cc60                cos
 .text.sin      0x8002ccec       0x90 c:/program files/atmel/atmel toolchain/avr32 gcc/native/3.4.2.1002/avr32-gnu-toolchain/bin/../lib/gcc/avr32/4.4.7/../../../../avr32/lib/ucr3fp\libm.a(lib_a-s_sin.o)
                                 0xa0 (size before relaxing)
                0x8002ccec                sin
 .text.asin     0x8002cd7c       0x94 c:/program files/atmel/atmel toolchain/avr32 gcc/native/3.4.2.1002/avr32-gnu-toolchain/bin/../lib/gcc/avr32/4.4.7/../../../../avr32/lib/ucr3fp\libm.a(lib_a-w_asin.o)
                                 0xb0 (size before relaxing)
                0x8002cd7c                asin
 .text.atan2    0x8002ce10        0x8 c:/program files/atmel/atmel toolchain/avr32 gcc/native/3.4.2.1002/avr32-gnu-toolchain/bin/../lib/gcc/avr32/4.4.7/../../../../avr32/lib/ucr3fp\libm.a(lib_a-w_atan2.o)
                                  0xc (size before relaxing)
                0x8002ce10                atan2
 .text.pow      0x8002ce18      0x2b8 c:/program files/atmel/atmel toolchain/avr32 gcc/native/3.4.2.1002/avr32-gnu-toolchain/bin/../lib/gcc/avr32/4.4.7/../../../../avr32/lib/ucr3fp\libm.a(lib_a-w_pow.o)
                                0x300 (size before relaxing)
                0x8002ce18                pow
 .text.sqrt     0x8002d0d0       0x9c c:/program files/atmel/atmel toolchain/avr32 gcc/native/3.4.2.1002/avr32-gnu-toolchain/bin/../lib/gcc/avr32/4.4.7/../../../../avr32/lib/ucr3fp\libm.a(lib_a-w_sqrt.o)
                                 0xb4 (size before relaxing)
                0x8002d0d0                sqrt
 .text.__ieee754_asin
                0x8002d16c      0x4f0 c:/program files/atmel/atmel toolchain/avr32 gcc/native/3.4.2.1002/avr32-gnu-toolchain/bin/../lib/gcc/avr32/4.4.7/../../../../avr32/lib/ucr3fp\libm.a(lib_a-e_asin.o)
                                0x50c (size before relaxing)
                0x8002d16c                __ieee754_asin
 .text.__ieee754_atan2
                0x8002d65c      0x22c c:/program files/atmel/atmel toolchain/avr32 gcc/native/3.4.2.1002/avr32-gnu-toolchain/bin/../lib/gcc/avr32/4.4.7/../../../../avr32/lib/ucr3fp\libm.a(lib_a-e_atan2.o)
                                0x240 (size before relaxing)
                0x8002d65c                __ieee754_atan2
 .text.__ieee754_pow
                0x8002d888      0xaa4 c:/program files/atmel/atmel toolchain/avr32 gcc/native/3.4.2.1002/avr32-gnu-toolchain/bin/../lib/gcc/avr32/4.4.7/../../../../avr32/lib/ucr3fp\libm.a(lib_a-e_pow.o)
                                0xaf0 (size before relaxing)
                0x8002d888                __ieee754_pow
 .text.__ieee754_rem_pio2
                0x8002e32c      0x470 c:/program files/atmel/atmel toolchain/avr32 gcc/native/3.4.2.1002/avr32-gnu-toolchain/bin/../lib/gcc/avr32/4.4.7/../../../../avr32/lib/ucr3fp\libm.a(lib_a-e_rem_pio2.o)
                                0x4a0 (size before relaxing)
                0x8002e32c                __ieee754_rem_pio2
 .text.__ieee754_sqrt
                0x8002e79c      0x18c c:/program files/atmel/atmel toolchain/avr32 gcc/native/3.4.2.1002/avr32-gnu-toolchain/bin/../lib/gcc/avr32/4.4.7/../../../../avr32/lib/ucr3fp\libm.a(lib_a-e_sqrt.o)
                                0x19c (size before relaxing)
                0x8002e79c                __ieee754_sqrt
 .text.__kernel_cos
                0x8002e928      0x1e8 c:/program files/atmel/atmel toolchain/avr32 gcc/native/3.4.2.1002/avr32-gnu-toolchain/bin/../lib/gcc/avr32/4.4.7/../../../../avr32/lib/ucr3fp\libm.a(lib_a-k_cos.o)
                                0x1f8 (size before relaxing)
                0x8002e928                __kernel_cos
 .text.__kernel_rem_pio2
                0x8002eb10      0x6e0 c:/program files/atmel/atmel toolchain/avr32 gcc/native/3.4.2.1002/avr32-gnu-toolchain/bin/../lib/gcc/avr32/4.4.7/../../../../avr32/lib/ucr3fp\libm.a(lib_a-k_rem_pio2.o)
                                0x718 (size before relaxing)
                0x8002eb10                __kernel_rem_pio2
 .text.__kernel_sin
                0x8002f1f0      0x194 c:/program files/atmel/atmel toolchain/avr32 gcc/native/3.4.2.1002/avr32-gnu-toolchain/bin/../lib/gcc/avr32/4.4.7/../../../../avr32/lib/ucr3fp\libm.a(lib_a-k_sin.o)
                                0x1a4 (size before relaxing)
                0x8002f1f0                __kernel_sin
 .text.atan     0x8002f384      0x348 c:/program files/atmel/atmel toolchain/avr32 gcc/native/3.4.2.1002/avr32-gnu-toolchain/bin/../lib/gcc/avr32/4.4.7/../../../../avr32/lib/ucr3fp\libm.a(lib_a-s_atan.o)
                                0x368 (size before relaxing)
                0x8002f384                atan
 .text.fabs     0x8002f6cc        0x8 c:/program files/atmel/atmel toolchain/avr32 gcc/native/3.4.2.1002/avr32-gnu-toolchain/bin/../lib/gcc/avr32/4.4.7/../../../../avr32/lib/ucr3fp\libm.a(lib_a-s_fabs.o)
                0x8002f6cc                fabs
 .text.finite   0x8002f6d4       0x10 c:/program files/atmel/atmel toolchain/avr32 gcc/native/3.4.2.1002/avr32-gnu-toolchain/bin/../lib/gcc/avr32/4.4.7/../../../../avr32/lib/ucr3fp\libm.a(lib_a-s_finite.o)
                0x8002f6d4                finite
 .text.floor    0x8002f6e4      0x120 c:/program files/atmel/atmel toolchain/avr32 gcc/native/3.4.2.1002/avr32-gnu-toolchain/bin/../lib/gcc/avr32/4.4.7/../../../../avr32/lib/ucr3fp\libm.a(lib_a-s_floor.o)
                                0x128 (size before relaxing)
                0x8002f6e4                floor
 .text.__isnand
                0x8002f804       0x1c c:/program files/atmel/atmel toolchain/avr32 gcc/native/3.4.2.1002/avr32-gnu-toolchain/bin/../lib/gcc/avr32/4.4.7/../../../../avr32/lib/ucr3fp\libm.a(lib_a-s_isnand.o)
                0x8002f804                __isnand
 .text.matherr  0x8002f820        0x2 c:/program files/atmel/atmel toolchain/avr32 gcc/native/3.4.2.1002/avr32-gnu-toolchain/bin/../lib/gcc/avr32/4.4.7/../../../../avr32/lib/ucr3fp\libm.a(lib_a-s_matherr.o)
                0x8002f820                matherr
 .text.nan      0x8002f822        0x8 c:/program files/atmel/atmel toolchain/avr32 gcc/native/3.4.2.1002/avr32-gnu-toolchain/bin/../lib/gcc/avr32/4.4.7/../../../../avr32/lib/ucr3fp\libm.a(lib_a-s_nan.o)
                0x8002f822                nan
 *fill*         0x8002f82a        0x2 d703d703
 .text.rint     0x8002f82c      0x118 c:/program files/atmel/atmel toolchain/avr32 gcc/native/3.4.2.1002/avr32-gnu-toolchain/bin/../lib/gcc/avr32/4.4.7/../../../../avr32/lib/ucr3fp\libm.a(lib_a-s_rint.o)
                                0x124 (size before relaxing)
                0x8002f82c                rint
 .text.scalbn   0x8002f944       0xdc c:/program files/atmel/atmel toolchain/avr32 gcc/native/3.4.2.1002/avr32-gnu-toolchain/bin/../lib/gcc/avr32/4.4.7/../../../../avr32/lib/ucr3fp\libm.a(lib_a-s_scalbn.o)
                                 0xf0 (size before relaxing)
                0x8002f944                scalbn
 .text.copysign
                0x8002fa20       0x18 c:/program files/atmel/atmel toolchain/avr32 gcc/native/3.4.2.1002/avr32-gnu-toolchain/bin/../lib/gcc/avr32/4.4.7/../../../../avr32/lib/ucr3fp\libm.a(lib_a-s_copysign.o)
                0x8002fa20                copysign
 .text          0x8002fa38      0x1d4 c:/program files/atmel/atmel toolchain/avr32 gcc/native/3.4.2.1002/avr32-gnu-toolchain/bin/../lib/gcc/avr32/4.4.7/ucr3fp\libgcc.a(_avr32_f64_mul.o)
                0x8002fa38                __avr32_f64_mul
 .text          0x8002fc0c      0x2b0 c:/program files/atmel/atmel toolchain/avr32 gcc/native/3.4.2.1002/avr32-gnu-toolchain/bin/../lib/gcc/avr32/4.4.7/ucr3fp\libgcc.a(_avr32_f64_addsub.o)
                0x8002fc10                __avr32_f64_sub
                0x8002fdac                __avr32_f64_add
 .text          0x8002febc       0x2a c:/program files/atmel/atmel toolchain/avr32 gcc/native/3.4.2.1002/avr32-gnu-toolchain/bin/../lib/gcc/avr32/4.4.7/ucr3fp\libgcc.a(_avr32_f64_to_s32.o)
                0x8002febc                __avr32_f64_to_u32
                0x8002fec0                __avr32_f64_to_s32
 .text          0x8002fee6       0xe8 c:/program files/atmel/atmel toolchain/avr32 gcc/native/3.4.2.1002/avr32-gnu-toolchain/bin/../lib/gcc/avr32/4.4.7/ucr3fp\libgcc.a(_avr32_s32_to_f64.o)
                0x8002fee6                __avr32_u32_to_f64
                0x8002feee                __avr32_s32_to_f64
 .text          0x8002ffce       0x26 c:/program files/atmel/atmel toolchain/avr32 gcc/native/3.4.2.1002/avr32-gnu-toolchain/bin/../lib/gcc/avr32/4.4.7/ucr3fp\libgcc.a(_avr32_f64_cmp_eq.o)
                0x8002ffce                __avr32_f64_cmp_eq
 .text          0x8002fff4       0x68 c:/program files/atmel/atmel toolchain/avr32 gcc/native/3.4.2.1002/avr32-gnu-toolchain/bin/../lib/gcc/avr32/4.4.7/ucr3fp\libgcc.a(_avr32_f64_cmp_ge.o)
                0x8002fff4                __avr32_f64_cmp_ge
 .text          0x8003005c       0x68 c:/program files/atmel/atmel toolchain/avr32 gcc/native/3.4.2.1002/avr32-gnu-toolchain/bin/../lib/gcc/avr32/4.4.7/ucr3fp\libgcc.a(_avr32_f64_cmp_lt.o)
                0x8003005c                __avr32_f64_cmp_lt
 .text          0x800300c4      0x318 c:/program files/atmel/atmel toolchain/avr32 gcc/native/3.4.2.1002/avr32-gnu-toolchain/bin/../lib/gcc/avr32/4.4.7/ucr3fp\libgcc.a(_avr32_f64_div.o)
                0x800300c4                __avr32_f64_div
 .text          0x800303dc      0x160 c:/program files/atmel/atmel toolchain/avr32 gcc/native/3.4.2.1002/avr32-gnu-toolchain/bin/../lib/gcc/avr32/4.4.7/ucr3fp\libgcc.a(_avr32_f32_div.o)
                0x800303dc                __avr32_f32_div
 .text          0x8003053c       0x60 c:/program files/atmel/atmel toolchain/avr32 gcc/native/3.4.2.1002/avr32-gnu-toolchain/bin/../lib/gcc/avr32/4.4.7/ucr3fp\libgcc.a(_avr32_f32_to_f64.o)
                0x8003053c                __avr32_f32_to_f64
 .text          0x8003059c       0x8a c:/program files/atmel/atmel toolchain/avr32 gcc/native/3.4.2.1002/avr32-gnu-toolchain/bin/../lib/gcc/avr32/4.4.7/ucr3fp\libgcc.a(_avr32_f64_to_f32.o)
                0x8003059c                __avr32_f64_to_f32
 .text          0x80030626      0x264 c:/program files/atmel/atmel toolchain/avr32 gcc/native/3.4.2.1002/avr32-gnu-toolchain/bin/../lib/gcc/avr32/4.4.7/ucr3fp\libgcc.a(_udivdi3.o)
                0x80030626                __avr32_udiv64
                0x80030626                __udivdi3
 *fill*         0x8003088a        0x2 d703d703
 .text.__errno  0x8003088c        0xc c:/program files/atmel/atmel toolchain/avr32 gcc/native/3.4.2.1002/avr32-gnu-toolchain/bin/../lib/gcc/avr32/4.4.7/../../../../avr32/lib/ucr3fp\libc.a(lib_a-errno.o)
                0x8003088c                __errno
 .text          0x80030898      0x148 c:/program files/atmel/atmel toolchain/avr32 gcc/native/3.4.2.1002/avr32-gnu-toolchain/bin/../lib/gcc/avr32/4.4.7/../../../../avr32/lib/ucr3fp\libc.a(lib_a-memcpy.o)
                0x80030898                memcpy
 .text.memset   0x800309e0        0xe c:/program files/atmel/atmel toolchain/avr32 gcc/native/3.4.2.1002/avr32-gnu-toolchain/bin/../lib/gcc/avr32/4.4.7/../../../../avr32/lib/ucr3fp\libc.a(lib_a-memset.o)
                0x800309e0                memset
 .text.strcpy   0x800309ee       0x12 c:/program files/atmel/atmel toolchain/avr32 gcc/native/3.4.2.1002/avr32-gnu-toolchain/bin/../lib/gcc/avr32/4.4.7/../../../../avr32/lib/ucr3fp\libc.a(lib_a-strcpy.o)
                0x800309ee                strcpy
 .text.strlen   0x80030a00       0x16 c:/program files/atmel/atmel toolchain/avr32 gcc/native/3.4.2.1002/avr32-gnu-toolchain/bin/../lib/gcc/avr32/4.4.7/../../../../avr32/lib/ucr3fp\libc.a(lib_a-strlen.o)
                0x80030a00                strlen
 *(.text.*personality*)
 *(.gnu.warning)

.exception      0x80030c00      0x200
 .exception     0x80030c00      0x200 src/asf/avr32/drivers/intc/exception.o
                0x80030c00                _evba
                0x80030d3c                ipr_val

.fini
 *(.fini)
                0x80030e00                PROVIDE (__etext, .)
                0x80030e00                PROVIDE (_etext, .)
                0x80030e00                PROVIDE (etext, .)

.rodata         0x80030e00      0x644
 *(.rodata .rodata.* .gnu.linkonce.r.*)
 .rodata.servo_failsafe
                0x80030e00       0x80 src/tasks.o
 .rodata.mavlink_message_crcs.14492
                0x80030e80      0x100 Library/communication/mavlink_stream.o
 .rodata.ADCIFA_GPIO_MAP
                0x80030f80       0x26 Library/hal/adc_int.o
 *fill*         0x80030fa6        0x2 
 .rodata.C.56.15142
                0x80030fa8        0x4 Library/hal/bmp085.o
 .rodata.C.57.15143
                0x80030fac        0x4 Library/hal/bmp085.o
 .rodata.C.61.15660
                0x80030fb0        0xc Library/hal/dac_dma.o
 .rodata.DACIFB_GPIO_MAP.15655
                0x80030fbc        0x8 Library/hal/dac_dma.o
 .rodata.PEVC_EVS_OPTIONS.15646
                0x80030fc4       0x10 Library/hal/dac_dma.o
 .rodata.LED_DESCRIPTOR
                0x80030fd4       0x20 Library/hal/led.o
 .rodata.PWM_GPIO_MAP.14186
                0x80030ff4        0xc Library/hal/servo_pwm.o
 .rodata.USART_GPIO_MAP.16389
                0x80031000        0x4 Library/hal/remote_dsm2.o
 .rodata.usart_opt.16388
                0x80031004        0xc Library/hal/remote_dsm2.o
 .rodata.alphabet
                0x80031010       0x24 Library/util/print_util.o
 .rodata.FLASH_SIZE.14167
                0x80031034       0x40 src/asf/avr32/drivers/flashc/flashc.o
 .rodata.servo_failsafe
                0x80031074       0x80 src/boardsupport.o
 .rodata.servo_failsafe
                0x800310f4       0x80 src/main.o
 .rodata.str1.4
                0x80031174        0x5 c:/program files/atmel/atmel toolchain/avr32 gcc/native/3.4.2.1002/avr32-gnu-toolchain/bin/../lib/gcc/avr32/4.4.7/../../../../avr32/lib/ucr3fp\libm.a(lib_a-w_asin.o)
                                  0xc (size before relaxing)
 *fill*         0x80031179        0x3 
 .rodata.str1.4
                0x8003117c        0x4 c:/program files/atmel/atmel toolchain/avr32 gcc/native/3.4.2.1002/avr32-gnu-toolchain/bin/../lib/gcc/avr32/4.4.7/../../../../avr32/lib/ucr3fp\libm.a(lib_a-w_pow.o)
 .rodata.str1.4
                0x80031180        0x5 c:/program files/atmel/atmel toolchain/avr32 gcc/native/3.4.2.1002/avr32-gnu-toolchain/bin/../lib/gcc/avr32/4.4.7/../../../../avr32/lib/ucr3fp\libm.a(lib_a-w_sqrt.o)
                                  0x8 (size before relaxing)
 *fill*         0x80031185        0x3 
 .rodata.dp_h   0x80031188       0x10 c:/program files/atmel/atmel toolchain/avr32 gcc/native/3.4.2.1002/avr32-gnu-toolchain/bin/../lib/gcc/avr32/4.4.7/../../../../avr32/lib/ucr3fp\libm.a(lib_a-e_pow.o)
 .rodata.dp_l   0x80031198       0x10 c:/program files/atmel/atmel toolchain/avr32 gcc/native/3.4.2.1002/avr32-gnu-toolchain/bin/../lib/gcc/avr32/4.4.7/../../../../avr32/lib/ucr3fp\libm.a(lib_a-e_pow.o)
 .rodata.bp     0x800311a8       0x10 c:/program files/atmel/atmel toolchain/avr32 gcc/native/3.4.2.1002/avr32-gnu-toolchain/bin/../lib/gcc/avr32/4.4.7/../../../../avr32/lib/ucr3fp\libm.a(lib_a-e_pow.o)
 .rodata.str1.4
                0x00000000        0x4 c:/program files/atmel/atmel toolchain/avr32 gcc/native/3.4.2.1002/avr32-gnu-toolchain/bin/../lib/gcc/avr32/4.4.7/../../../../avr32/lib/ucr3fp\libm.a(lib_a-e_pow.o)
 .rodata.npio2_hw
                0x800311b8       0x80 c:/program files/atmel/atmel toolchain/avr32 gcc/native/3.4.2.1002/avr32-gnu-toolchain/bin/../lib/gcc/avr32/4.4.7/../../../../avr32/lib/ucr3fp\libm.a(lib_a-e_rem_pio2.o)
 .rodata.two_over_pi
                0x80031238      0x108 c:/program files/atmel/atmel toolchain/avr32 gcc/native/3.4.2.1002/avr32-gnu-toolchain/bin/../lib/gcc/avr32/4.4.7/../../../../avr32/lib/ucr3fp\libm.a(lib_a-e_rem_pio2.o)
 .rodata.init_jk
                0x80031340       0x10 c:/program files/atmel/atmel toolchain/avr32 gcc/native/3.4.2.1002/avr32-gnu-toolchain/bin/../lib/gcc/avr32/4.4.7/../../../../avr32/lib/ucr3fp\libm.a(lib_a-k_rem_pio2.o)
 .rodata.PIo2   0x80031350       0x40 c:/program files/atmel/atmel toolchain/avr32 gcc/native/3.4.2.1002/avr32-gnu-toolchain/bin/../lib/gcc/avr32/4.4.7/../../../../avr32/lib/ucr3fp\libm.a(lib_a-k_rem_pio2.o)
 .rodata.atanlo
                0x80031390       0x20 c:/program files/atmel/atmel toolchain/avr32 gcc/native/3.4.2.1002/avr32-gnu-toolchain/bin/../lib/gcc/avr32/4.4.7/../../../../avr32/lib/ucr3fp\libm.a(lib_a-s_atan.o)
 .rodata.atanhi
                0x800313b0       0x20 c:/program files/atmel/atmel toolchain/avr32 gcc/native/3.4.2.1002/avr32-gnu-toolchain/bin/../lib/gcc/avr32/4.4.7/../../../../avr32/lib/ucr3fp\libm.a(lib_a-s_atan.o)
 .rodata.TWO52  0x800313d0       0x10 c:/program files/atmel/atmel toolchain/avr32 gcc/native/3.4.2.1002/avr32-gnu-toolchain/bin/../lib/gcc/avr32/4.4.7/../../../../avr32/lib/ucr3fp\libm.a(lib_a-s_rint.o)
 .rodata.str1.4
                0x800313e0        0x4 c:/program files/atmel/atmel toolchain/avr32 gcc/native/3.4.2.1002/avr32-gnu-toolchain/bin/../lib/gcc/avr32/4.4.7/../../../../avr32/lib/ucr3fp\libc.a(lib_a-impure.o)
 .rodata.__sf_fake_stdin
                0x800313e4       0x20 c:/program files/atmel/atmel toolchain/avr32 gcc/native/3.4.2.1002/avr32-gnu-toolchain/bin/../lib/gcc/avr32/4.4.7/../../../../avr32/lib/ucr3fp\libc.a(lib_a-findfp.o)
                0x800313e4                __sf_fake_stdin
 .rodata.__sf_fake_stdout
                0x80031404       0x20 c:/program files/atmel/atmel toolchain/avr32 gcc/native/3.4.2.1002/avr32-gnu-toolchain/bin/../lib/gcc/avr32/4.4.7/../../../../avr32/lib/ucr3fp\libc.a(lib_a-findfp.o)
                0x80031404                __sf_fake_stdout
 .rodata.__sf_fake_stderr
                0x80031424       0x20 c:/program files/atmel/atmel toolchain/avr32 gcc/native/3.4.2.1002/avr32-gnu-toolchain/bin/../lib/gcc/avr32/4.4.7/../../../../avr32/lib/ucr3fp\libc.a(lib_a-findfp.o)
                0x80031424                __sf_fake_stderr

.rodata1
 *(.rodata1)

.eh_frame_hdr
 *(.eh_frame_hdr)

.eh_frame
 *(.eh_frame)

.gcc_except_table
 *(.gcc_except_table)
 *(.gcc_except_table.*)

.dalign         0x80031444        0x4
                0x80031448                . = ALIGN (0x8)
 *fill*         0x80031444        0x4 
                0x80031448                PROVIDE (_data_lma, .)
                0x00000004                PROVIDE (_data, ORIGIN (CPUSRAM))
                0x00000004                . = ORIGIN (CPUSRAM)

.eh_frame
 *(.eh_frame)

.gcc_except_table
 *(.gcc_except_table)
 *(.gcc_except_table.*)

.tdata
 *(.tdata .tdata.* .gnu.linkonce.td.*)

.tbss
 *(.tbss .tbss.* .gnu.linkonce.tb.*)
 *(.tcommon)
                0x00000004                PROVIDE (__preinit_array_start, ALIGN (0x4))

.preinit_array
 *(.preinit_array)
                0x00000004                PROVIDE (__preinit_array_end, .)
                0x00000004                PROVIDE (__init_array_start, .)

.init_array
 *(.init_array)
                0x00000004                PROVIDE (__init_array_end, .)
                0x00000004                PROVIDE (__fini_array_start, .)

.fini_array
 *(.fini_array)
                0x00000004                PROVIDE (__fini_array_end, .)

.ctors
 *crtbegin*.o(.ctors)
 *(EXCLUDE_FILE(*crtend*.o) .ctors)
 *(SORT(.ctors.*))
 *(.ctors)

.dtors
 *crtbegin*.o(.dtors)
 *(EXCLUDE_FILE(*crtend*.o) .dtors)
 *(SORT(.dtors.*))
 *(.dtors)

.jcr
 *(.jcr)

.data.rel.ro    0x00000004      0x178 load address 0x80031448
 *(.data.rel.ro.local)
 *(.data.rel.ro*)
 .data.rel.ro.local._int_handler_table
                0x00000004      0x178 src/asf/avr32/drivers/intc/intc.o

.dynamic
 *(.dynamic)

.got            0x0000017c      0x900 load address 0x800315c0
 *(.got.plt)
 *(.got)
 .got           0x0000017c      0x900 Library/control/neighbor_selection.o
                0x0000017c                _GLOBAL_OFFSET_TABLE_

.data           0x00000a7c     0x19f4 load address 0x80031ec0
 *(.data .data.* .gnu.linkonce.d.*)
 .data.stabiliser_defaults
                0x00000a7c      0x3b8 Library/control/stabilisation_copter.o
 .data.main_tasks
                0x00000e34      0x1e4 src/tasks.o
                0x00000e34                main_tasks
 .data.mavlink_tasks
                0x00001018      0x5a4 Library/communication/mavlink_stream.o
                0x00001018                mavlink_tasks
 .data.adcifa   0x000015bc        0x4 Library/hal/adc_int.o
                0x000015bc                adcifa
 .data.adc_config_options
                0x000015c0       0x14 Library/hal/adc_int.o
                0x000015c0                adc_config_options
 .data.adcifa_sequence_opt
                0x000015d4        0x7 Library/hal/adc_int.o
                0x000015d4                adcifa_sequence_opt
 *fill*         0x000015db        0x1 
 .data.default_configuration
                0x000015dc        0x4 Library/hal/adxl345_driver.o
                0x000015dc                default_configuration
 .data.data_configuration
                0x000015e0        0x4 Library/hal/adxl345_driver.o
                0x000015e0                data_configuration
 .data.twi_opt.14919
                0x000015e4       0x10 Library/hal/adxl345_driver.o
 .data.twi_opt.15092
                0x000015f4       0x10 Library/hal/bmp085.o
 .data.twi_opt.14132
                0x00001604       0x10 Library/hal/compass_hmc5883l.o
 .data.compass_default_configuration.14133
                0x00001614        0x4 Library/hal/compass_hmc5883l.o
 .data.ppevc    0x00001618        0x4 Library/hal/dac_dma.o
                0x00001618                ppevc
 .data.dacifb   0x0000161c        0x4 Library/hal/dac_dma.o
                0x0000161c                dacifb
 .data.dac_channel_audio
                0x00001620        0x1 Library/hal/dac_dma.o
                0x00001620                dac_channel_audio
 *fill*         0x00001621        0x3 
 .data.PDCA_OPTIONS.15681
                0x00001624       0x1c Library/hal/dac_dma.o
 .data.PDCA_OPTIONS.15699
                0x00001640       0x1c Library/hal/i2c_driver.o
 .data.read_preamble
                0x0000165c        0x1 Library/hal/itg3200_driver.o
                0x0000165c                read_preamble
 *fill*         0x0000165d        0x3 
 .data.twi_opt.14928
                0x00001660       0x10 Library/hal/itg3200_driver.o
 .data.LED_State
                0x00001670        0x4 Library/hal/led.o
 .data.twi_opt.14901
                0x00001674       0x10 Library/hal/radar_module_driver.o
 .data.PDCA_TX_OPTIONS.15184
                0x00001684       0x1c Library/hal/spi_buffered.o
 .data.PDCA_RX_OPTIONS.15185
                0x000016a0       0x1c Library/hal/spi_buffered.o
 .data.usart_opt
                0x000016bc      0xac8 Library/hal/uart_int.o
 .data.rel.ubx_currentPosllhMessage
                0x00002184        0x4 Library/sensing/gps_ublox.o
                0x00002184                ubx_currentPosllhMessage
 .data.rel.ubx_lastPosllhMessage
                0x00002188        0x4 Library/sensing/gps_ublox.o
                0x00002188                ubx_lastPosllhMessage
 .data.rel.ubx_currentStatusMessage
                0x0000218c        0x4 Library/sensing/gps_ublox.o
                0x0000218c                ubx_currentStatusMessage
 .data.rel.ubx_lastStatusMessage
                0x00002190        0x4 Library/sensing/gps_ublox.o
                0x00002190                ubx_lastStatusMessage
 .data.rel.ubx_currentSolutionMessage
                0x00002194        0x4 Library/sensing/gps_ublox.o
                0x00002194                ubx_currentSolutionMessage
 .data.rel.ubx_lastSolutionMessage
                0x00002198        0x4 Library/sensing/gps_ublox.o
                0x00002198                ubx_lastSolutionMessage
 .data.rel.ubx_currentVelnedMessage
                0x0000219c        0x4 Library/sensing/gps_ublox.o
                0x0000219c                ubx_currentVelnedMessage
 .data.rel.ubx_lastVelnedMessage
                0x000021a0        0x4 Library/sensing/gps_ublox.o
                0x000021a0                ubx_lastVelnedMessage
 .data.rel.ubx_currentSVInfoMessage
                0x000021a4        0x4 Library/sensing/gps_ublox.o
                0x000021a4                ubx_currentSVInfoMessage
 .data.rel.ubx_lastSVInfoMessage
                0x000021a8        0x4 Library/sensing/gps_ublox.o
                0x000021a8                ubx_lastSVInfoMessage
 .data.rel.ubx_currentNavSettingsMessage
                0x000021ac        0x4 Library/sensing/gps_ublox.o
                0x000021ac                ubx_currentNavSettingsMessage
 .data.rel.ubx_lastNavSettingsMessage
                0x000021b0        0x4 Library/sensing/gps_ublox.o
                0x000021b0                ubx_lastNavSettingsMessage
 .data.rel.ubx_currentCFGRateMessage
                0x000021b4        0x4 Library/sensing/gps_ublox.o
                0x000021b4                ubx_currentCFGRateMessage
 .data.rel.ubx_lastCFGRateMessage
                0x000021b8        0x4 Library/sensing/gps_ublox.o
                0x000021b8                ubx_lastCFGRateMessage
 .data.rel.ubx_currentCFGSetGetRateMessage
                0x000021bc        0x4 Library/sensing/gps_ublox.o
                0x000021bc                ubx_currentCFGSetGetRateMessage
 .data.rel.ubx_lastCFGSetGetRateMessage
                0x000021c0        0x4 Library/sensing/gps_ublox.o
                0x000021c0                ubx_lastCFGSetGetRateMessage
 .data.rel.ubx_currentMONRXRMessage
                0x000021c4        0x4 Library/sensing/gps_ublox.o
                0x000021c4                ubx_currentMONRXRMessage
 .data.rel.ubx_lastMONRXRMessage
                0x000021c8        0x4 Library/sensing/gps_ublox.o
                0x000021c8                ubx_lastMONRXRMessage
 .data.rel.ubx_currentTimTPMessage
                0x000021cc        0x4 Library/sensing/gps_ublox.o
                0x000021cc                ubx_currentTimTPMessage
 .data.rel.ubx_lastTimTPMessage
                0x000021d0        0x4 Library/sensing/gps_ublox.o
                0x000021d0                ubx_lastTimTPMessage
 .data.rel.ubx_currentTimVRFYMessage
                0x000021d4        0x4 Library/sensing/gps_ublox.o
                0x000021d4                ubx_currentTimVRFYMessage
 .data.rel.ubx_lastTimVRFYMessage
                0x000021d8        0x4 Library/sensing/gps_ublox.o
                0x000021d8                ubx_lastTimVRFYMessage
 .data.numSkippedMsg
                0x000021dc        0x1 Library/sensing/gps_ublox.o
                0x000021dc                numSkippedMsg
 *fill*         0x000021dd        0x3 
 .data.vehicle_model_parameters
                0x000021e0      0x194 Library/sensing/simulation.o
 .data.rel.flashc_wait_until_ready
                0x00002374        0x4 src/asf/avr32/drivers/flashc/flashc.o
                0x00002374                flashc_wait_until_ready
 .data.__fdlib_version
                0x00002378        0x4 c:/program files/atmel/atmel toolchain/avr32 gcc/native/3.4.2.1002/avr32-gnu-toolchain/bin/../lib/gcc/avr32/4.4.7/../../../../avr32/lib/ucr3fp\libm.a(lib_a-s_lib_ver.o)
                0x00002378                __fdlib_version
 .data.impure_data
                0x0000237c       0xf0 c:/program files/atmel/atmel toolchain/avr32 gcc/native/3.4.2.1002/avr32-gnu-toolchain/bin/../lib/gcc/avr32/4.4.7/../../../../avr32/lib/ucr3fp\libc.a(lib_a-impure.o)
 .data._impure_ptr
                0x0000246c        0x4 c:/program files/atmel/atmel toolchain/avr32 gcc/native/3.4.2.1002/avr32-gnu-toolchain/bin/../lib/gcc/avr32/4.4.7/../../../../avr32/lib/ucr3fp\libc.a(lib_a-impure.o)
                0x0000246c                _impure_ptr
 *(.gnu.linkonce.d.*personality*)

.data1
 *(.data1)

.balign         0x00002470        0x0 load address 0x800338b4
                0x00002470                . = ALIGN (0x8)
                0x00002470                _edata = .
                0x00002470                _edata = .
                0x00002470                PROVIDE (edata, .)
                0x00002470                __bss_start = .

.bss            0x00002470     0x7630 load address 0x800338b4
 *(.dynbss)
 *(.bss .bss.* .gnu.linkonce.b.*)
 .bss.loop_count_orca
                0x00002470        0x1 Library/control/orca.o
                0x00002470                loop_count_orca
 *fill*         0x00002471        0x3 
 .bss.centralData
                0x00002474     0x12e8 src/central_data.o
 .bss.m_mavlink_status.15762
                0x0000375c       0x40 src/mavlink_actions.o
 .bss.mavlink_out_stream
                0x0000379c        0x4 Library/communication/mavlink_stream.o
 .bss.mavlink_in_stream
                0x000037a0        0x4 Library/communication/mavlink_stream.o
 .bss.m_mavlink_buffer.14345
                0x000037a4      0x440 Library/communication/mavlink_stream.o
 .bss.m_mavlink_status.14338
                0x00003be4       0x40 Library/communication/mavlink_stream.o
 .bss.m_mavlink_status.14338
                0x00003c24       0x40 Library/communication/onboard_parameters.o
 .bss.sequencer_item_count
                0x00003c64        0x1 Library/hal/adc_int.o
 .bss.channel_count
                0x00003c65        0x1 Library/hal/adc_int.o
 *fill*         0x00003c66        0x2 
 .bss.sample_counter
                0x00003c68        0x4 Library/hal/adc_int.o
 .bss.oversampling_counter
                0x00003c6c        0x4 Library/hal/adc_int.o
 .bss.channel_index
                0x00003c70        0x4 Library/hal/adc_int.o
 .bss.number_of_samples
                0x00003c74        0x4 Library/hal/adc_int.o
 .bss.oversampling
                0x00003c78        0x4 Library/hal/adc_int.o
 .bss.oversampling_divider
                0x00003c7c        0x4 Library/hal/adc_int.o
 .bss.adc_buffer
                0x00003c80     0x4000 Library/hal/ads1274.o
 .bss.sampleCounter
                0x00007c80        0x4 Library/hal/ads1274.o
 .bss.interrupt_counter
                0x00007c84        0x4 Library/hal/ads1274.o
 .bss.function_generator
                0x00007c88        0x4 Library/hal/ads1274.o
 .bss.acc_outputs
                0x00007c8c        0xc Library/hal/adxl345_driver.o
 .bss.gyro_event
                0x00007c98       0x34 Library/hal/adxl345_driver.o
 .bss.compass_outputs
                0x00007ccc        0xc Library/hal/compass_hmc5883l.o
 .bss.buffer    0x00007cd8        0x4 Library/hal/dac_dma.o
 .bss.from      0x00007cdc        0x2 Library/hal/dac_dma.o
 .bss.to        0x00007cde        0x2 Library/hal/dac_dma.o
 .bss.autoplay  0x00007ce0        0x4 Library/hal/dac_dma.o
 .bss.schedule  0x00007ce4      0x320 Library/hal/i2c_driver.o
 .bss.current_schedule_slot
                0x00008004        0x4 Library/hal/i2c_driver.o
 .bss.gyro_outputs
                0x00008008        0x8 Library/hal/itg3200_driver.o
 .bss.gyro_event
                0x00008010       0x34 Library/hal/itg3200_driver.o
 .bss.spi_buffers
                0x00008044       0xa8 Library/hal/spi_buffered.o
 .bss.ubx_currentMessage
                0x000080ec        0x4 Library/sensing/gps_ublox.o
                0x000080ec                ubx_currentMessage
 .bss.ubx_lastMessage
                0x000080f0        0x4 Library/sensing/gps_ublox.o
                0x000080f0                ubx_lastMessage
 .bss.ubx_validMessage
                0x000080f4        0x4 Library/sensing/gps_ublox.o
                0x000080f4                ubx_validMessage
 .bss.ubx_numberOfValidPosllhMessage
                0x000080f8        0x2 Library/sensing/gps_ublox.o
                0x000080f8                ubx_numberOfValidPosllhMessage
 .bss.ubx_numberOfValidStatusMessage
                0x000080fa        0x2 Library/sensing/gps_ublox.o
                0x000080fa                ubx_numberOfValidStatusMessage
 .bss.ubx_numberOfValidSolutionMessage
                0x000080fc        0x2 Library/sensing/gps_ublox.o
                0x000080fc                ubx_numberOfValidSolutionMessage
 .bss.ubx_numberOfValidVelnedMessage
                0x000080fe        0x2 Library/sensing/gps_ublox.o
                0x000080fe                ubx_numberOfValidVelnedMessage
 .bss.ubx_numberOfValidSVInfoMessage
                0x00008100        0x2 Library/sensing/gps_ublox.o
                0x00008100                ubx_numberOfValidSVInfoMessage
 .bss.ubx_numberOfValidNavSettingsMessage
                0x00008102        0x2 Library/sensing/gps_ublox.o
                0x00008102                ubx_numberOfValidNavSettingsMessage
 .bss.ubx_numberOfValidCFGRateMessage
                0x00008104        0x2 Library/sensing/gps_ublox.o
                0x00008104                ubx_numberOfValidCFGRateMessage
 .bss.ubx_numberOfValidCFGSetGetRateMessage
                0x00008106        0x2 Library/sensing/gps_ublox.o
                0x00008106                ubx_numberOfValidCFGSetGetRateMessage
 .bss.ubx_numberOfValidMONRXRMessage
                0x00008108        0x2 Library/sensing/gps_ublox.o
                0x00008108                ubx_numberOfValidMONRXRMessage
 .bss.ubx_numberOfValidTimTPMessage
                0x0000810a        0x2 Library/sensing/gps_ublox.o
                0x0000810a                ubx_numberOfValidTimTPMessage
 .bss.ubx_numberOfValidTimVRFYMessage
                0x0000810c        0x2 Library/sensing/gps_ublox.o
                0x0000810c                ubx_numberOfValidTimVRFYMessage
 .bss.printNavOnDebug
                0x0000810e        0x1 Library/sensing/gps_ublox.o
                0x0000810e                printNavOnDebug
 .bss.loopPosllh
                0x0000810f        0x1 Library/sensing/gps_ublox.o
                0x0000810f                loopPosllh
 .bss.loopVelned
                0x00008110        0x1 Library/sensing/gps_ublox.o
                0x00008110                loopVelned
 .bss.loopStatus
                0x00008111        0x1 Library/sensing/gps_ublox.o
                0x00008111                loopStatus
 .bss.loopSolution
                0x00008112        0x1 Library/sensing/gps_ublox.o
                0x00008112                loopSolution
 .bss.loopTimTp
                0x00008113        0x1 Library/sensing/gps_ublox.o
                0x00008113                loopTimTp
 .bss.loopTimVrfy
                0x00008114        0x1 Library/sensing/gps_ublox.o
                0x00008114                loopTimVrfy
 *fill*         0x00008115        0x3 
 .bss.int_loop_count
                0x00008118        0x4 Library/sensing/mavlink_waypoint_handler.o
                0x00008118                int_loop_count
 .bss.m_mavlink_status.14338
                0x0000811c       0x40 Library/sensing/mavlink_waypoint_handler.o
 .bss.flashc_error_status
                0x0000815c        0x4 src/asf/avr32/drivers/flashc/flashc.o
 .bss._int_line_handler_table_0
                0x00008160        0x4 src/asf/avr32/drivers/intc/intc.o
 .bss._int_line_handler_table_1
                0x00008164        0x8 src/asf/avr32/drivers/intc/intc.o
 .bss._int_line_handler_table_2
                0x0000816c        0x4 src/asf/avr32/drivers/intc/intc.o
 .bss._int_line_handler_table_3
                0x00008170       0x10 src/asf/avr32/drivers/intc/intc.o
 .bss._int_line_handler_table_4
                0x00008180       0x10 src/asf/avr32/drivers/intc/intc.o
 .bss._int_line_handler_table_5
                0x00008190       0x10 src/asf/avr32/drivers/intc/intc.o
 .bss._int_line_handler_table_6
                0x000081a0       0x10 src/asf/avr32/drivers/intc/intc.o
 .bss._int_line_handler_table_7
                0x000081b0        0x4 src/asf/avr32/drivers/intc/intc.o
 .bss._int_line_handler_table_8
                0x000081b4        0x4 src/asf/avr32/drivers/intc/intc.o
 .bss._int_line_handler_table_9
                0x000081b8       0x28 src/asf/avr32/drivers/intc/intc.o
 .bss._int_line_handler_table_10
                0x000081e0        0x4 src/asf/avr32/drivers/intc/intc.o
 .bss._int_line_handler_table_11
                0x000081e4        0x4 src/asf/avr32/drivers/intc/intc.o
 .bss._int_line_handler_table_12
                0x000081e8        0x4 src/asf/avr32/drivers/intc/intc.o
 .bss._int_line_handler_table_13
                0x000081ec        0x4 src/asf/avr32/drivers/intc/intc.o
 .bss._int_line_handler_table_14
                0x000081f0       0x14 src/asf/avr32/drivers/intc/intc.o
 .bss._int_line_handler_table_15
                0x00008204       0x10 src/asf/avr32/drivers/intc/intc.o
 .bss._int_line_handler_table_16
                0x00008214       0x10 src/asf/avr32/drivers/intc/intc.o
 .bss._int_line_handler_table_17
                0x00008224        0x4 src/asf/avr32/drivers/intc/intc.o
 .bss._int_line_handler_table_18
                0x00008228       0x40 src/asf/avr32/drivers/intc/intc.o
 .bss._int_line_handler_table_19
                0x00008268        0x4 src/asf/avr32/drivers/intc/intc.o
 .bss._int_line_handler_table_20
                0x0000826c        0x4 src/asf/avr32/drivers/intc/intc.o
 .bss._int_line_handler_table_21
                0x00008270        0x4 src/asf/avr32/drivers/intc/intc.o
 .bss._int_line_handler_table_22
                0x00008274        0x4 src/asf/avr32/drivers/intc/intc.o
 .bss._int_line_handler_table_23
                0x00008278        0x4 src/asf/avr32/drivers/intc/intc.o
 .bss._int_line_handler_table_24
                0x0000827c        0x4 src/asf/avr32/drivers/intc/intc.o
 .bss._int_line_handler_table_25
                0x00008280        0x4 src/asf/avr32/drivers/intc/intc.o
 .bss._int_line_handler_table_26
                0x00008284        0x4 src/asf/avr32/drivers/intc/intc.o
 .bss._int_line_handler_table_27
                0x00008288        0x4 src/asf/avr32/drivers/intc/intc.o
 .bss._int_line_handler_table_28
                0x0000828c        0x4 src/asf/avr32/drivers/intc/intc.o
 .bss._int_line_handler_table_29
                0x00008290        0x4 src/asf/avr32/drivers/intc/intc.o
 .bss._int_line_handler_table_30
                0x00008294        0x4 src/asf/avr32/drivers/intc/intc.o
 .bss._int_line_handler_table_31
                0x00008298        0x4 src/asf/avr32/drivers/intc/intc.o
 .bss._int_line_handler_table_32
                0x0000829c        0x4 src/asf/avr32/drivers/intc/intc.o
 .bss._int_line_handler_table_33
                0x000082a0        0xc src/asf/avr32/drivers/intc/intc.o
 .bss._int_line_handler_table_34
                0x000082ac        0xc src/asf/avr32/drivers/intc/intc.o
 .bss._int_line_handler_table_35
                0x000082b8        0x8 src/asf/avr32/drivers/intc/intc.o
 .bss._int_line_handler_table_36
                0x000082c0       0x18 src/asf/avr32/drivers/intc/intc.o
 .bss._int_line_handler_table_37
                0x000082d8        0x4 src/asf/avr32/drivers/intc/intc.o
 .bss._int_line_handler_table_38
                0x000082dc        0x4 src/asf/avr32/drivers/intc/intc.o
 .bss._int_line_handler_table_39
                0x000082e0       0x18 src/asf/avr32/drivers/intc/intc.o
 .bss._int_line_handler_table_40
                0x000082f8       0x18 src/asf/avr32/drivers/intc/intc.o
 .bss._int_line_handler_table_41
                0x00008310        0x4 src/asf/avr32/drivers/intc/intc.o
 .bss._int_line_handler_table_42
                0x00008314        0x4 src/asf/avr32/drivers/intc/intc.o
 .bss._int_line_handler_table_43
                0x00008318        0x4 src/asf/avr32/drivers/intc/intc.o
 .bss._int_line_handler_table_44
                0x0000831c        0x4 src/asf/avr32/drivers/intc/intc.o
 .bss._int_line_handler_table_45
                0x00008320        0x4 src/asf/avr32/drivers/intc/intc.o
 .bss._int_line_handler_table_46
                0x00008324        0x4 src/asf/avr32/drivers/intc/intc.o
 .bss.twim_inst
                0x00008328        0x4 src/asf/avr32/drivers/twim/twim.o
 .bss.twim_tx_data
                0x0000832c        0x4 src/asf/avr32/drivers/twim/twim.o
 .bss.twim_rx_data
                0x00008330        0x4 src/asf/avr32/drivers/twim/twim.o
 .bss.transfer_status
                0x00008334        0x4 src/asf/avr32/drivers/twim/twim.o
 .bss.twim_tx_nb_bytes
                0x00008338        0x4 src/asf/avr32/drivers/twim/twim.o
 .bss.twim_rx_nb_bytes
                0x0000833c        0x4 src/asf/avr32/drivers/twim/twim.o
 .bss.twim_it_mask
                0x00008340        0x4 src/asf/avr32/drivers/twim/twim.o
 .bss.twim_package
                0x00008344        0x4 src/asf/avr32/drivers/twim/twim.o
 .bss.twim_next
                0x00008348        0x1 src/asf/avr32/drivers/twim/twim.o
 *fill*         0x00008349        0x3 
 .bss.s_fcpu_hz
                0x0000834c        0x4 src/asf/avr32/services/delay/delay.o
 *(COMMON)
 COMMON         0x00008350       0x92 Library/control/neighbor_selection.o
                0x00008350                payload_length
                0x00008352                ubxclass
                0x00008354                waypoint_request_number
                0x00008358                start_timeout
                0x0000835c                new_position
                0x00008360                idleTimer
                0x00008364                last_ground_speed_cm
                0x00008368                msg_id
                0x00008369                next_fix
                0x0000836a                imu_last_update_init
                0x0000836c                engine_nav_setting
                0x00008370                velocity_east
                0x00008374                fix_count
                0x00008375                filter_init_delta_t
                0x00008378                prev_time
                0x0000837c                cksum_a
                0x00008380                idleTimeout
                0x00008384                last_fix_time
                0x00008388                mavlink_system
                0x00008390                sending_wp_num
                0x00008394                timeout_max_wp
                0x00008398                mavlink_mission_planner
                0x000083a0                velocity_down
                0x000083a4                disable_counter
                0x000083a8                centralData
                0x000083ac                fix
                0x000083ad                cksum_b
                0x000083ae                payload_counter
                0x000083b0                step
                0x000083b1                have_raw_velocity
                0x000083b2                new_speed
                0x000083b4                nav_settings
                0x000083d8                nvram_array
                0x000083dc                velocity_north
                0x000083e0                num_waypoint_onboard
 *fill*         0x000083e2        0x2 
 COMMON         0x000083e4        0x8 Library/control/orca.o
                0x000083e4                timeHorizon
                0x000083e8                invTimeHorizon
 COMMON         0x000083ec       0x50 Library/hal/analog_monitor.o
                0x000083ec                monitor_buffer
 COMMON         0x0000843c      0x278 Library/sensing/estimator.o
                0x0000843c                Q2
                0x00008484                Q
                0x000084cc                P2
                0x000085a4                baro
                0x000085a8                R