Archive member included because of file (symbol)

c:/program files/atmel/atmel toolchain/avr32 gcc/native/3.4.2.1002/avr32-gnu-toolchain/bin/../lib/gcc/avr32/4.4.7/../../../../avr32/lib/ucr3fp\libm.a(lib_a-s_cos.o)
                              Library/sensing/qfilter.o (cos)
c:/program files/atmel/atmel toolchain/avr32 gcc/native/3.4.2.1002/avr32-gnu-toolchain/bin/../lib/gcc/avr32/4.4.7/../../../../avr32/lib/ucr3fp\libm.a(lib_a-s_sin.o)
                              Library/sensing/qfilter.o (sin)
c:/program files/atmel/atmel toolchain/avr32 gcc/native/3.4.2.1002/avr32-gnu-toolchain/bin/../lib/gcc/avr32/4.4.7/../../../../avr32/lib/ucr3fp\libm.a(lib_a-w_asin.o)
                              Library/util/coord_conventions.o (asin)
c:/program files/atmel/atmel toolchain/avr32 gcc/native/3.4.2.1002/avr32-gnu-toolchain/bin/../lib/gcc/avr32/4.4.7/../../../../avr32/lib/ucr3fp\libm.a(lib_a-w_atan2.o)
                              Library/control/stabilisation_copter.o (atan2)
c:/program files/atmel/atmel toolchain/avr32 gcc/native/3.4.2.1002/avr32-gnu-toolchain/bin/../lib/gcc/avr32/4.4.7/../../../../avr32/lib/ucr3fp\libm.a(lib_a-w_pow.o)
                              Library/hal/bmp085.o (pow)
c:/program files/atmel/atmel toolchain/avr32 gcc/native/3.4.2.1002/avr32-gnu-toolchain/bin/../lib/gcc/avr32/4.4.7/../../../../avr32/lib/ucr3fp\libm.a(lib_a-w_sqrt.o)
                              Library/control/orca.o (sqrt)
c:/program files/atmel/atmel toolchain/avr32 gcc/native/3.4.2.1002/avr32-gnu-toolchain/bin/../lib/gcc/avr32/4.4.7/../../../../avr32/lib/ucr3fp\libm.a(lib_a-e_asin.o)
                              c:/program files/atmel/atmel toolchain/avr32 gcc/native/3.4.2.1002/avr32-gnu-toolchain/bin/../lib/gcc/avr32/4.4.7/../../../../avr32/lib/ucr3fp\libm.a(lib_a-w_asin.o) (__ieee754_asin)
c:/program files/atmel/atmel toolchain/avr32 gcc/native/3.4.2.1002/avr32-gnu-toolchain/bin/../lib/gcc/avr32/4.4.7/../../../../avr32/lib/ucr3fp\libm.a(lib_a-e_atan2.o)
                              c:/program files/atmel/atmel toolchain/avr32 gcc/native/3.4.2.1002/avr32-gnu-toolchain/bin/../lib/gcc/avr32/4.4.7/../../../../avr32/lib/ucr3fp\libm.a(lib_a-w_atan2.o) (__ieee754_atan2)
c:/program files/atmel/atmel toolchain/avr32 gcc/native/3.4.2.1002/avr32-gnu-toolchain/bin/../lib/gcc/avr32/4.4.7/../../../../avr32/lib/ucr3fp\libm.a(lib_a-e_pow.o)
                              c:/program files/atmel/atmel toolchain/avr32 gcc/native/3.4.2.1002/avr32-gnu-toolchain/bin/../lib/gcc/avr32/4.4.7/../../../../avr32/lib/ucr3fp\libm.a(lib_a-w_pow.o) (__ieee754_pow)
c:/program files/atmel/atmel toolchain/avr32 gcc/native/3.4.2.1002/avr32-gnu-toolchain/bin/../lib/gcc/avr32/4.4.7/../../../../avr32/lib/ucr3fp\libm.a(lib_a-e_rem_pio2.o)
                              c:/program files/atmel/atmel toolchain/avr32 gcc/native/3.4.2.1002/avr32-gnu-toolchain/bin/../lib/gcc/avr32/4.4.7/../../../../avr32/lib/ucr3fp\libm.a(lib_a-s_cos.o) (__ieee754_rem_pio2)
c:/program files/atmel/atmel toolchain/avr32 gcc/native/3.4.2.1002/avr32-gnu-toolchain/bin/../lib/gcc/avr32/4.4.7/../../../../avr32/lib/ucr3fp\libm.a(lib_a-e_sqrt.o)
                              c:/program files/atmel/atmel toolchain/avr32 gcc/native/3.4.2.1002/avr32-gnu-toolchain/bin/../lib/gcc/avr32/4.4.7/../../../../avr32/lib/ucr3fp\libm.a(lib_a-w_sqrt.o) (__ieee754_sqrt)
c:/program files/atmel/atmel toolchain/avr32 gcc/native/3.4.2.1002/avr32-gnu-toolchain/bin/../lib/gcc/avr32/4.4.7/../../../../avr32/lib/ucr3fp\libm.a(lib_a-k_cos.o)
                              c:/program files/atmel/atmel toolchain/avr32 gcc/native/3.4.2.1002/avr32-gnu-toolchain/bin/../lib/gcc/avr32/4.4.7/../../../../avr32/lib/ucr3fp\libm.a(lib_a-s_cos.o) (__kernel_cos)
c:/program files/atmel/atmel toolchain/avr32 gcc/native/3.4.2.1002/avr32-gnu-toolchain/bin/../lib/gcc/avr32/4.4.7/../../../../avr32/lib/ucr3fp\libm.a(lib_a-k_rem_pio2.o)
                              c:/program files/atmel/atmel toolchain/avr32 gcc/native/3.4.2.1002/avr32-gnu-toolchain/bin/../lib/gcc/avr32/4.4.7/../../../../avr32/lib/ucr3fp\libm.a(lib_a-e_rem_pio2.o) (__kernel_rem_pio2)
c:/program files/atmel/atmel toolchain/avr32 gcc/native/3.4.2.1002/avr32-gnu-toolchain/bin/../lib/gcc/avr32/4.4.7/../../../../avr32/lib/ucr3fp\libm.a(lib_a-k_sin.o)
                              c:/program files/atmel/atmel toolchain/avr32 gcc/native/3.4.2.1002/avr32-gnu-toolchain/bin/../lib/gcc/avr32/4.4.7/../../../../avr32/lib/ucr3fp\libm.a(lib_a-s_cos.o) (__kernel_sin)
c:/program files/atmel/atmel toolchain/avr32 gcc/native/3.4.2.1002/avr32-gnu-toolchain/bin/../lib/gcc/avr32/4.4.7/../../../../avr32/lib/ucr3fp\libm.a(lib_a-s_atan.o)
                              c:/program files/atmel/atmel toolchain/avr32 gcc/native/3.4.2.1002/avr32-gnu-toolchain/bin/../lib/gcc/avr32/4.4.7/../../../../avr32/lib/ucr3fp\libm.a(lib_a-e_atan2.o) (atan)
[...]
Memory Configuration

Name             Origin             Length             Attributes
FLASH            0x80000000         0x00080000         axrl !w
CPUSRAM          0x00000004         0x0000fffc         axw !rl
USERPAGE         0x80800000         0x00000200
FACTORYPAGE      0x80800200         0x00000200
FLASHVAULT_FLASH_SIZE 0x80800400         0x00000008         r
FLASHVAULT_RAM_SIZE 0x80800408         0x00000008         r
*default*        0x00000000         0xffffffff

Linker script and memory map

                0x00001000                _stack_size = 0x1000
LOAD Library/control/neighbor_selection.o
LOAD Library/control/orca.o
LOAD Library/control/pid_control.o
LOAD Library/control/stabilisation_copter.o
LOAD Library/control/stabilisation_hybrid.o
LOAD Library/hal/analog_monitor.o
LOAD Library/hal/lsm330dlc_driver.o
LOAD Library/hal/time_keeper.o
LOAD Library/sensing/estimator.o
LOAD Library/sensing/position_estimation.o
LOAD Library/sensing/qfilter.o
LOAD src/central_data.o
LOAD src/mavlink_actions.o
LOAD src/tasks.o
LOAD Library/communication/ishtar.o
LOAD Library/communication/ishtar_stream.o
LOAD Library/communication/mavlink_stream.o
LOAD Library/communication/onboard_parameters.o
LOAD Library/control/navigation.o
LOAD Library/control/stabilisation.o
LOAD Library/hal/adc_int.o
LOAD Library/hal/ads1274.o
LOAD Library/hal/adxl345_driver.o
LOAD Library/hal/amplifiers.o
LOAD Library/hal/bmp085.o
LOAD Library/hal/compass_hmc5883l.o
LOAD Library/hal/dac_dma.o
LOAD Library/hal/i2c_driver.o
LOAD Library/hal/itg3200_driver.o
LOAD Library/hal/led.o
LOAD Library/hal/radar_module_driver.o
LOAD Library/hal/servo_pwm.o
LOAD Library/hal/remote_dsm2.o
LOAD Library/hal/spi_buffered.o
LOAD Library/hal/uart_int.o
LOAD Library/runtime/scheduler.o
LOAD Library/sensing/gps_ublox.o
LOAD Library/sensing/imu.o
LOAD Library/sensing/simulation.o
LOAD Library/sensing/mavlink_waypoint_handler.o
LOAD Library/util/buffer.o
LOAD Library/util/coord_conventions.o
LOAD Library/util/generator.o
LOAD Library/util/print_util.o
LOAD Library/util/sinus.o
LOAD src/asf/avr32/drivers/adcifa/adcifa.o
LOAD src/asf/avr32/drivers/ast/ast.o
LOAD src/asf/avr32/drivers/dacifb/dacifb.o
LOAD src/asf/avr32/drivers/eic/eic.o
LOAD src/asf/avr32/drivers/flashc/flashc.o
LOAD src/asf/avr32/drivers/gpio/gpio.o
LOAD src/asf/avr32/drivers/intc/exception.o
LOAD src/asf/avr32/drivers/intc/intc.o
LOAD src/asf/avr32/drivers/pdca/pdca.o
LOAD src/asf/avr32/drivers/pevc/pevc.o
LOAD src/asf/avr32/drivers/pm/pm_uc3c.o
LOAD src/asf/avr32/drivers/pm/power_clocks_lib.o
LOAD src/asf/avr32/drivers/pwm/pwm4.o
LOAD src/asf/avr32/drivers/scif/scif_uc3c.o
LOAD src/asf/avr32/drivers/spi/spi.o
LOAD src/asf/avr32/drivers/tc/tc.o
LOAD src/asf/avr32/drivers/twim/twim.o
LOAD src/asf/avr32/drivers/usart/usart.o
LOAD src/asf/avr32/drivers/usbc/usbc_device.o
LOAD src/asf/avr32/services/delay/delay.o
LOAD src/asf/avr32/utils/startup/startup_uc3.o
LOAD src/asf/avr32/utils/startup/trampoline_uc3.o
LOAD src/asf/common/boards/user_board/init.o
LOAD src/asf/common/services/clock/uc3c/osc.o
LOAD src/asf/common/services/clock/uc3c/pll.o
LOAD src/asf/common/services/clock/uc3c/sysclk.o
LOAD src/asf/common/services/sleepmgr/uc3/sleepmgr.o
LOAD src/asf/common/services/spi/uc3_spi/spi_master.o
LOAD src/asf/common/services/usb/class/cdc/device/udi_cdc.o
LOAD src/asf/common/services/usb/class/cdc/device/udi_cdc_desc.o
LOAD src/asf/common/services/usb/udc/udc.o
LOAD src/asf/common/utils/stdio/read.o
LOAD src/asf/common/utils/stdio/stdio_usb/stdio_usb.o
LOAD src/asf/common/utils/stdio/write.o
LOAD src/boardsupport.o
LOAD src/main.o
START GROUP
LOAD c:/program files/atmel/atmel toolchain/avr32 gcc/native/3.4.2.1002/avr32-gnu-toolchain/bin/../lib/gcc/avr32/4.4.7/../../../../avr32/lib/ucr3fp\libm.a
END GROUP
LOAD c:/program files/atmel/atmel toolchain/avr32 gcc/native/3.4.2.1002/avr32-gnu-toolchain/bin/../lib/gcc/avr32/4.4.7/ucr3fp\libgcc.a
LOAD c:/program files/atmel/atmel toolchain/avr32 gcc/native/3.4.2.1002/avr32-gnu-toolchain/bin/../lib/gcc/avr32/4.4.7/../../../../avr32/lib/ucr3fp\libc.a
LOAD c:/program files/atmel/atmel toolchain/avr32 gcc/native/3.4.2.1002/avr32-gnu-toolchain/bin/../lib/gcc/avr32/4.4.7/ucr3fp\libgcc.a
                0x80000000                PROVIDE (__executable_start, 0x80000000)
                0x80000000                . = 0x80000000

.interp
 *(.interp)

.reset          0x80000000     0x2008
 *(.reset)
 .reset         0x80000000     0x2008 src/asf/avr32/utils/startup/trampoline_uc3.o
                0x80000000                _trampoline

.hash
 *(.hash)

.dynsym
 *(.dynsym)

.dynstr
 *(.dynstr)

.gnu.version
 *(.gnu.version)

.gnu.version_d
 *(.gnu.version_d)

.gnu.version_r
 *(.gnu.version_r)

.rel.init
 *(.rel.init)

.rela.init
 *(.rela.init)

.rel.text
 *(.rel.text .rel.text.* .rel.gnu.linkonce.t.*)

.rela.text
 *(.rela.text .rela.text.* .rela.gnu.linkonce.t.*)

.rel.fini
 *(.rel.fini)

.rela.fini
 *(.rela.fini)

.rel.rodata
 *(.rel.rodata .rel.rodata.* .rel.gnu.linkonce.r.*)

.rela.rodata
 *(.rela.rodata .rela.rodata.* .rela.gnu.linkonce.r.*)

.rel.data.rel.ro
 *(.rel.data.rel.ro*)

.rela.data.rel.ro
 *(.rel.data.rel.ro*)

.rel.data
 *(.rel.data .rel.data.* .rel.gnu.linkonce.d.*)

.rela.data
 *(.rela.data .rela.data.* .rela.gnu.linkonce.d.*)

.rel.tdata
 *(.rel.tdata .rel.tdata.* .rel.gnu.linkonce.td.*)

.rela.tdata
 *(.rela.tdata .rela.tdata.* .rela.gnu.linkonce.td.*)

.rel.tbss
 *(.rel.tbss .rel.tbss.* .rel.gnu.linkonce.tb.*)

.rela.tbss
 *(.rela.tbss .rela.tbss.* .rela.gnu.linkonce.tb.*)

.rel.ctors
 *(.rel.ctors)

.rela.ctors
 *(.rela.ctors)

.rel.dtors
 *(.rel.dtors)

.rela.dtors
 *(.rela.dtors)

.rel.got
 *(.rel.got)

.rela.got       0x80002008        0x0
 *(.rela.got)
 .rela.got      0x80002008        0x0 Library/control/neighbor_selection.o

.rel.bss
 *(.rel.bss .rel.bss.* .rel.gnu.linkonce.b.*)

.rela.bss
 *(.rela.bss .rela.bss.* .rela.gnu.linkonce.b.*)

.rel.plt
 *(.rel.plt)

.rela.plt
 *(.rela.plt)

.init
 *(.init)

.plt
 *(.plt)

.text           0x80002008    0x2f106
 *(.text .stub .text.* .gnu.linkonce.t.*)
 .text          0x80002008      0x7b4 Library/control/neighbor_selection.o
                0x800023f4                init_neighbors
                0x80002448                read_msg_from_neighbors
 .text          0x800027bc     0x2808 Library/control/orca.o
                0x80002c7e                init_orca
                0x80002d24                computeNewVelocity
                0x80003720                linearProgram1
                0x80003bd4                linearProgram2
                0x80004550                linearProgram3
                0x8000483c                linearProgram4
 .text          0x80004fc4      0x530 Library/control/pid_control.o
                0x800050bc                passthroughController
                0x80005140                integrate
                0x800051a8                initInt
                0x800051ec                resetInt
                0x80005206                initDiff
                0x80005242                differentiate
                0x800052e4                pid_update
                0x800053fc                pid_update_dt
 .text          0x800054f4     0x104c Library/control/stabilisation_copter.o
                0x80005738                init_rate_stabilisation
                0x80005978                init_angle_stabilisation
                0x80005b84                init_velocity_stabilisation
                0x80005e10                init_stabilisation_copter
                0x80005e8c                cascade_stabilise_copter
                0x8000620c                mix_to_servos_diag_quad
                0x800063bc                mix_to_servos_cross_quad
 .text          0x80006540      0x1f8 Library/hal/analog_monitor.o
                0x80006540                init_analog_monitor
                0x80006588                trigger_analog_monitor
                0x800065ac                get_monitored_avg
                0x80006628                get_battery_rail
                0x8000666c                get_internal_rail
                0x800066b0                get_6V_analog_rail
                0x800066f4                get_5V_analog_rail
 .text          0x80006738      0x100 Library/hal/time_keeper.o
                0x80006738                init_time_keeper
                0x80006760                get_time
                0x80006790                get_millis
                0x800067bc                get_micros
                0x800067d8                get_time_ticks
                0x800067f8                ticks_to_seconds
 .text          0x80006838     0x4144 Library/sensing/estimator.o
                0x80006884                e_init
                0x80006ab0                init_pos_gps_estimator
                0x80006b34                e_kalman_init
                0x80006cb8                e_predict
                0x80006fc4                quat_rot
                0x8000717a                e_kalman_predict
                0x80007e88                e_kalman_predict_hf
                0x8000841c                e_kalman_update_position
                0x80009028                e_kalman_update_speed
                0x80009c50                e_kalman_update_position_hf
                0x8000a1dc                e_kalman_update_speed_hf
                0x8000a770                estimator_loop
 .text          0x8000a97c     0x12e0 Library/sensing/position_estimation.o
                0x8000ad44                init_pos_integration
                0x8000ae04                init_pos_gps
                0x8000afaa                init_barometer_offset
                0x8000b080                position_reset_home_altitude
                0x8000b24c                position_integration
                0x8000b5d2                position_correction
 .text          0x8000bc5c     0x13a4 Library/sensing/qfilter.o
                0x8000c196                qfInit
                0x8000c4e8                qfilter
 .text          0x8000d000      0x254 src/central_data.o
                0x8000d04c                initialise_central_data
                0x8000d1b4                get_central_data
                0x8000d1cc                get_telemetry_upstream
                0x8000d1e8                get_telemetry_downstream
                0x8000d204                get_debug_stream
                0x8000d220                get_imu_data
                0x8000d238                get_control_inputs_data
 .text          0x8000d254     0x3638 src/mavlink_actions.o
                0x8000e6b0                mavlink_send_heartbeat
                0x8000e6f4                mavlink_send_raw_imu
                0x8000e7f8                mavlink_send_scaled_imu
                0x8000e928                mavlink_send_rpy_rates_error
                0x8000e978                mavlink_send_rpy_speed_thrust_setpoint
                0x8000e9c8                mavlink_send_rpy_thrust_setpoint
                0x8000ea18                mavlink_send_servo_output
                0x8000eb50                mavlink_send_attitude_quaternion
                0x8000ebcc                mavlink_send_attitude
                0x8000ec54                mavlink_send_global_position
                0x8000edf8                mavlink_send_hud
                0x8000ef54                mavlink_send_gps_raw
                0x8000f170                mavlink_send_pressure
                0x8000f26c                mavlink_send_radar
                0x8000f2d4                mavlink_send_estimator
                0x8000f39c                mavlink_send_kalman_estimator
                0x8000f518                mavlink_send_raw_rc_channels
                0x8000f614                mavlink_send_scaled_rc_channels
                0x8000f8fe                mavlink_send_simulation
                0x8000fcdc                send_rt_stats
                0x800101f4                add_PID_parameters
                0x800106cc                init_mavlink_actions
 .text          0x8001088c     0x10d8 src/tasks.o
                0x80010b8c                get_main_taskset
                0x80010ba4                run_imu_update
                0x80010bf0                rc_user_channels
                0x80010d98                set_mav_mode_n_state
                0x80011140                run_stabilisation
                0x80011564                gps_task
                0x800115b4                run_estimator
                0x800115cc                run_navigation_task
                0x800117f8                run_barometer
                0x800118b8                create_tasks
 .text          0x80011964     0x1948 Library/communication/mavlink_stream.o
                0x80012538                comm_send_ch
                0x800125ba                mavlink_receive_handler
                0x8001265c                init_mavlink
                0x800126f4                flush_mavlink
                0x80012728                mavlink_protocol_update
                0x800127a4                get_mavlink_taskset
                0x800127bc                suspend_downstream
                0x8001281c                mavlink_receive
                0x800128e0                handle_mavlink_message
                0x80012dd4                receive_message_long
 .text          0x800132ac     0x1220 Library/communication/onboard_parameters.o
                0x80013900                init_onboard_parameters
                0x80013930                add_parameter_uint8
                0x80013a14                add_parameter_uint32
                0x80013af8                add_parameter_int32
                0x80013bdc                add_parameter_float
                0x80013cc0                send_all_parameters
                0x80013d14                send_all_parameters_now
                0x80013dd4                send_scheduled_parameters
                0x80013eb4                send_parameter
                0x80014008                receive_parameter
                0x80014216                read_parameters_from_flashc
                0x8001439c                write_parameters_to_flashc
 .text          0x800144cc      0xaf8 Library/control/navigation.o
                0x80014920                init_nav
                0x8001497c                run_navigation
                0x800149d0                set_rel_pos_n_dist2wp
                0x80014a58                set_speed_command
                0x80014d50                low_speed_nav
                0x80014f1c                high_speed_nav
 .text          0x80014fc4       0xa4 Library/control/stabilisation.o
                0x80014fc4                stabilise
 .text          0x80015068      0x56c Library/hal/adc_int.o
                0x80015258                Init_ADCI
                0x80015348                clear_adc_sequencer
                0x80015374                adc_sequencer_add
                0x8001544c                ADCI_Start_Sampling
                0x8001550c                ADCI_Stop_Sampling
                0x8001552c                ADCI_Sampling_Complete
                0x80015554                ADCI_get_sample
                0x8001559c                ADCI_get_buffer
                0x800155b8                ADCI_get_sampling_status
 .text          0x800155d4      0x464 Library/hal/ads1274.o
                0x800156d0                get_interrupt_counter
                0x800156ec                processData
                0x800157f0                set_DAC_generator_function
                0x80015814                get_sample
                0x80015850                get_sampling_status
                0x8001586c                Init_ADC
                0x80015958                ADC_Switch_Clock
                0x800159b8                ADC_Switch_Channel
                0x800159d0                ADC_Set_Mode
                0x800159e2                ADC_Start_Oneshot
                0x800159fc                ADC_Stop_Sampling
                0x80015a06                Sampling_Complete
                0x80015a10                eic_nmi_handler
 .text          0x80015a38      0x1e4 Library/hal/adxl345_driver.o
                0x80015a38                init_adxl345
                0x80015b00                init_adxl345_slow
                0x80015b44                get_acc_data
                0x80015b6c                get_acc_data_slow
 .text          0x80015c1c      0xa14 Library/hal/bmp085.o
                0x80015d68                bmp085_read_int
                0x80015db0                init_bmp085
                0x80015e62                init_bmp085_slow
                0x80015fb8                get_pressure_data_slow
                0x800165f0                newValidBarometer
 .text          0x80016630       0xd8 Library/hal/compass_hmc5883l.o
                0x80016630                init_hmc5883_slow
                0x80016660                get_compass_data_slow
 .text          0x80016708      0x330 Library/hal/dac_dma.o
                0x80016778                init_pevc
                0x800167b0                init_gclk
                0x8001680a                Init_DAC
                0x800168e0                DAC_load_buffer
                0x80016994                DAC_play
                0x800169f0                DAC_pause
                0x800169fa                DAC_resume
                0x80016a04                DAC_is_finished
                0x80016a12                DAC_set_value
 .text          0x80016a38      0x770 Library/hal/i2c_driver.o
                0x80016b84                init_i2c
                0x80016cbc                i2c_reset
                0x80016d50                i2c_add_request
                0x80016e58                i2c_change_request
                0x80016f12                i2c_trigger_request
                0x80017150                i2c_pause_request
                0x8001716a                i2c_enable_request
                0x80017188                i2c_remove_request
 .text          0x800171a8      0x1c0 Library/hal/itg3200_driver.o
                0x800171a8                init_itg3200
                0x800172a0                reconfigure_gyro
                0x800172c4                init_itg3200_slow
                0x800172f4                get_gyro_data
                0x8001731c                get_gyro_data_slow
 .text          0x80017368      0x500 Library/hal/led.o
                0x80017368                LED_Read_Display
                0x80017384                LED_Display
                0x80017434                LED_Read_Display_Mask
                0x80017460                LED_Display_Mask
                0x80017568                LED_Test
                0x80017598                LED_Off
                0x80017650                LED_On
                0x8001770c                LED_Toggle
                0x800177c4                LED_Read_Display_Field
                0x800177fc                LED_Display_Field
                0x80017838                LED_Get_Intensity
                0x8001784e                LED_Set_Intensity
 .text          0x80017868       0xc0 Library/hal/radar_module_driver.o
                0x80017868                init_radar_modules
                0x8001788a                read_radar
                0x80017910                get_radar_main_target
 .text          0x80017928      0x258 Library/hal/servo_pwm.o
                0x80017928                init_Servos
                0x80017a60                set_servo
                0x80017b1a                set_servos
 .text          0x80017b80      0x514 Library/hal/remote_dsm2.o
                0x80017d30                rc_init
                0x80017de0                rc_get_channel
                0x80017e18                rc_get_channel_neutral
                0x80017eb0                rc_center_channel
                0x80017ee4                checkReceiver1
                0x80017fc4                checkReceiver2
                0x80018074                rc_check_receivers
 .text          0x80018094      0xda8 Library/hal/spi_buffered.o
                0x80018298                get_spi_in_buffer
                0x800182c8                spi0_int_handler
                0x800182e4                spi1_int_handler
                0x80018374                initSPI
                0x80018504                enableSPI
                0x80018538                disableSPI
                0x8001856c                spiInitDMA
                0x800185e8                spiTriggerDMA
                0x80018694                setSPIcallBack
                0x800186cc                pauseSPI
                0x80018700                resumeSPI
                0x8001873c                activateReceiveSPI
                0x80018770                deactivateReceiveSPI
                0x800187a4                getTraffic
                0x800187d8                readSPI
                0x80018890                clearSPIReadBuffer
                0x800188d4                writeSPI
                0x8001898c                SPItransmit
                0x80018af0                startSPI
                0x80018bb8                SPITransferFinished
                0x80018c08                SPIFlushBuffer
                0x80018c60                SPIBytesAvailable
                0x80018cb8                spi_handler
 .text          0x80018e3c      0x8f0 Library/hal/uart_int.o
                0x80019338                register_UART_handler
                0x800193d8                init_UART_int
                0x80019568                uart_int_get_byte
                0x80019594                uart_int_bytes_available
                0x800195c0                uart_int_send_byte
                0x80019620                uart_int_flush
                0x80019658                uart_out_buffer_empty
                0x80019688                get_UART_handle
                0x800196b8                register_write_stream
                0x80019708                register_read_stream
 .text          0x8001972c      0xac0 Library/runtime/scheduler.o
                0x8001972c                init_scheduler
                0x800197a8                register_task
                0x80019930                add_task
                0x800199f0                sort_taskset_by_period
                0x80019c5e                run_scheduler_update
                0x8001a074                get_task_by_id
                0x8001a0f8                get_task_by_index
                0x8001a13e                change_run_mode
                0x8001a15e                change_task_period
                0x8001a198                suspend_task
                0x8001a1c8                run_task_now
 .text          0x8001a1ec     0x296c Library/sensing/gps_ublox.o
                0x8001a238                init_gps_ubx
                0x8001a536                ubx_read
                0x8001b50e                ubx_process_data
                0x8001c000                update_checksum
                0x8001c07a                endian_lower_bytes_uint16
                0x8001c096                endian_higher_bytes_uint16
                0x8001c0b6                ubx_send_header
                0x8001c19c                ubx_send_cksum
                0x8001c1f0                ubx_send_message
                0x8001c2d0                ubx_send_message_CFG_nav_rate
                0x8001c450                ubx_send_message_nav_settings
                0x8001c52c                ubx_configure_message_rate
                0x8001c65e                configure_gps
                0x8001c700                gps_update
                0x8001c914                newValidGpsMsg
                0x8001c96c                ubx_GetPosllh
                0x8001c994                ubx_GetStatus
                0x8001c9bc                ubx_GetSolution
                0x8001c9e4                ubx_GetVelned
                0x8001ca0c                ubx_GetSVInfo
                0x8001ca34                ubx_GetNavSettings
                0x8001ca5c                ubx_GetMsgRate
                0x8001ca84                ubx_GetMonRXR
                0x8001caac                ubx_GetTimTP
                0x8001cad4                ubx_GetTimVRFY
                0x8001cafc                ToRad
 .text          0x8001cb58      0x4c4 Library/sensing/imu.o
                0x8001cb58                init_imu
                0x8001ccb0                imu_get_raw_data
                0x8001cd94                calibrate_Gyros
                0x8001cf40                imu_update
 .text          0x8001d01c     0x1a00 Library/sensing/simulation.o
                0x8001d674                init_simulation
                0x8001d910                forces_from_servos_diag_quad
                0x8001dd70                forces_from_servos_cross_quad
                0x8001dd86                simu_update
                0x8001e90c                simulate_barometer
                0x8001e964                simulate_gps
 .text          0x8001ea1c     0x3380 Library/sensing/mavlink_waypoint_handler.o
                0x8001f97c                init_waypoint_handler
                0x8001fa14                init_wp
                0x8001fd36                init_waypoint_list
                0x80020074                send_count
                0x80020162                send_waypoint
                0x80020404                receive_ack_msg
                0x800204c2                receive_count
                0x800206b2                receive_waypoint
                0x800209f4                set_current_wp
                0x80020b14                clear_waypoint_list
                0x80020bbc                set_mav_mode
                0x80020d88                control_time_out_waypoint_msg
                0x80020ee2                set_waypoint_from_frame
                0x800214f8                wp_hold_init
                0x80021664                waypoint_hold_position_handler
                0x800216e2                waypoint_navigation_handler
                0x80021b70                waypoint_critical_handler
 .text          0x80021d9c      0x318 Library/util/buffer.o
                0x80021d9c                buffer_full
                0x80021dca                buffer_put_lossy
                0x80021e64                buffer_put
                0x80021ef4                buffer_get
                0x80021f5a                buffer_empty
                0x80021f84                buffer_bytes_available
                0x80021fb4                buffer_init
                0x80021fe4                buffer_clear
                0x80022014                make_buffered_stream
                0x80022064                make_buffered_stream_lossy
 .text          0x800220b4      0x510 Library/util/coord_conventions.o
                0x800220b4                local_to_global_position
                0x80022224                global_to_local_position
                0x800223f4                Quat_to_Aero
                0x80022540                get_yaw
 .text          0x800225c4      0x618 Library/util/print_util.o
                0x800225c4                dbg_print_init
                0x800225e8                putstring
                0x80022648                putdigit
                0x800226b0                putnum
                0x800227a0                putnum_tight
                0x80022882                putfloat
                0x8002298c                print_vector
                0x80022a18                print_quaternion
                0x80022a88                dbg_print
                0x80022ab4                dbg_print_num
                0x80022aec                dbg_putfloat
                0x80022b20                dbg_print_vector
                0x80022b54                dbg_print_quaternion
                0x80022b8a                dbg_log_value
 .text          0x80022bdc      0x938 src/asf/avr32/drivers/adcifa/adcifa.o
                0x80022bdc                adcifa_get_calibration_data
                0x80022c70                adcifa_configure
                0x80022db0                adcifa_configure_sequencer
                0x800231a8                adcifa_configure_window_monitor
                0x800232bc                adcifa_start_sequencer
                0x80023300                adcifa_check_eoc
                0x8002334a                adcifa_check_eos
                0x80023392                adcifa_get_values_from_sequencer
                0x8002346c                adcifa_start_itimer
                0x80023496                adcifa_stop_itimer
                0x800234b0                adcifa_enable_interrupt
                0x800234d2                adcifa_disable_interrupt
                0x800234f4                adcifa_clear_interrupt
 .text          0x80023514      0x4c0 src/asf/avr32/drivers/ast/ast.o
                0x80023554                ast_init_calendar
                0x800235c8                ast_init_counter
                0x80023624                ast_enable
                0x80023668                ast_set_calendar_value
                0x800236ac                ast_set_counter_value
                0x800236ec                ast_get_calendar_value
                0x8002370e                ast_get_counter_value
                0x80023728                ast_set_alarm0_value
                0x80023748                ast_set_alarm1_value
                0x80023768                ast_enable_alarm0
                0x800237ac                ast_disable_alarm0
                0x800237f0                ast_enable_alarm1
                0x80023834                ast_disable_alarm1
                0x80023878                ast_set_periodic0_value
                0x80023898                ast_set_periodic1_value
                0x800238b8                ast_enable_periodic0
                0x800238fc                ast_disable_periodic0
                0x80023944                ast_enable_periodic1
                0x8002398c                ast_disable_periodic1
 .text          0x800239d4      0x8c0 src/asf/avr32/drivers/dacifb/dacifb.o
                0x80023b30                dacifb_get_calibration_data
                0x80023bc6                dacifb_configure
                0x80023d14                dacifb_configure_channel
                0x800240ee                dacifb_start_channel
                0x80024164                dacifb_check_eoc
                0x80024186                dacifb_set_value
                0x800241f6                dacifb_reload_timer
 .text          0x80024294      0x52c src/asf/avr32/drivers/eic/eic.o
                0x800242cc                eic_init
                0x8002454a                eic_enable_lines
                0x8002456a                eic_enable_line
                0x80024592                eic_disable_lines
                0x800245b2                eic_disable_line
                0x800245da                eic_is_line_enabled
                0x8002460a                eic_enable_interrupt_lines
                0x8002462a                eic_enable_interrupt_line
                0x80024652                eic_disable_interrupt_lines
                0x80024690                eic_disable_interrupt_line
                0x800246d8                eic_is_interrupt_line_enabled
                0x80024708                eic_clear_interrupt_lines
                0x80024748                eic_clear_interrupt_line
                0x80024790                eic_is_interrupt_line_pending
 .text          0x800247c0     0x1bbc src/asf/avr32/drivers/flashc/flashc.o
                0x800247c0                flashc_get_flash_size
                0x800247e8                flashc_get_page_count
                0x80024804                flashc_get_page_count_per_region
                0x80024820                flashc_get_page_region
                0x8002485c                flashc_get_region_first_page_number
                0x80024888                flashc_get_wait_state
                0x800248a0                flashc_set_wait_state
                0x800248e6                flashc_set_bus_freq
                0x80024920                flashc_is_ready_int_enabled
                0x80024938                flashc_enable_ready_int
                0x80024976                flashc_is_lock_error_int_enabled
                0x80024990                flashc_enable_lock_error_int
                0x800249ce                flashc_is_prog_error_int_enabled
                0x800249e8                flashc_enable_prog_error_int
                0x80024a26                flashc_is_ready
                0x80024a3e                flashc_default_wait_until_ready
                0x80024a76                flashc_is_lock_error
                0x80024a98                flashc_is_programming_error
                0x80024abc                flashc_get_command
                0x80024ad2                flashc_get_page_number
                0x80024aee                flashc_issue_command
                0x80024b78                flashc_no_operation
                0x80024b94                flashc_erase_all
                0x80024bb0                flashc_is_security_bit_active
                0x80024bca                flashc_activate_security_bit
                0x80024be4                flashc_get_bootloader_protected_size
                0x80024c28                flashc_set_bootloader_protected_size
                0x80024cc4                flashc_is_external_privileged_fetch_locked
                0x80024ce8                flashc_lock_external_privileged_fetch
                0x80024d18                flashc_is_page_region_locked
                0x80024d48                flashc_is_region_locked
                0x80024d7a                flashc_lock_page_region
                0x80024db8                flashc_lock_region
                0x80024df0                flashc_lock_all_regions
                0x80024e58                flashc_read_gp_fuse_bit
                0x80024ebc                flashc_read_gp_fuse_bitfield
                0x80024f8c                flashc_read_gp_fuse_byte
                0x80024ff0                flashc_read_all_gp_fuses
                0x80025024                flashc_erase_gp_fuse_bit
                0x80025070                flashc_erase_gp_fuse_bitfield
                0x80025188                flashc_erase_gp_fuse_byte
                0x8002525c                flashc_erase_all_gp_fuses
                0x800252a4                flashc_write_gp_fuse_bit
                0x800252e0                flashc_write_gp_fuse_bitfield
                0x800253b0                flashc_write_gp_fuse_byte
                0x800253ec                flashc_write_all_gp_fuses
                0x80025470                flashc_set_gp_fuse_bit
                0x800254b4                flashc_set_gp_fuse_bitfield
                0x80025584                flashc_set_gp_fuse_byte
                0x80025600                flashc_set_all_gp_fuses
                0x8002566c                flashc_clear_page_buffer
                0x80025688                flashc_is_page_erased
                0x800256a2                flashc_quick_page_read
                0x800256d0                flashc_erase_page
                0x8002573c                flashc_erase_all_pages
                0x800257c4                flashc_write_page
                0x800257e8                flashc_quick_user_page_read
                0x8002580c                flashc_erase_user_page
                0x80025848                flashc_write_user_page
                0x80025864                flashc_memset8
                0x800258b8                flashc_memset16
                0x80025908                flashc_memset32
                0x80025968                flashc_memset64
                0x80025d88                flashc_memcpy
                0x80026314                flashc_set_flash_waitstate_and_readmode
 .text          0x8002637c     0x10d0 src/asf/avr32/drivers/gpio/gpio.o
                0x8002637c                gpio_enable_module
                0x800263f4                gpio_enable_module_pin
                0x80026694                gpio_enable_gpio
                0x800266e8                gpio_enable_gpio_pin
                0x80026738                gpio_enable_pin_pull_up
                0x8002678a                gpio_disable_pin_pull_up
                0x800267c4                gpio_enable_pin_pull_down
                0x80026816                gpio_disable_pin_pull_down
                0x80026850                gpio_enable_pin_buskeeper
                0x800268a2                gpio_disable_pin_buskeeper
                0x800268f4                gpio_configure_pin
                0x80026bce                gpio_configure_group
                0x80026d96                gpio_get_pin_value
                0x80026dd0                gpio_get_gpio_pin_output_value
                0x80026e0a                gpio_get_gpio_open_drain_pin_output_value
                0x80026e46                gpio_set_gpio_pin
                0x80026eae                gpio_set_pin_high
                0x80026ee8                gpio_set_group_high
                0x80026f18                gpio_set_pin_low
                0x80026f52                gpio_clr_gpio_pin
                0x80026fba                gpio_set_group_low
                0x80026fea                gpio_tgl_gpio_pin
                0x80027052                gpio_toggle_pin
                0x8002708c                gpio_toggle_group
                0x800270bc                gpio_set_gpio_open_drain_pin
                0x8002710c                gpio_clr_gpio_open_drain_pin
                0x80027174                gpio_tgl_gpio_open_drain_pin
                0x800271dc                gpio_enable_pin_glitch_filter
                0x80027216                gpio_disable_pin_glitch_filter
                0x80027324                gpio_enable_pin_interrupt
                0x8002739c                gpio_disable_pin_interrupt
                0x800273d6                gpio_get_pin_interrupt_flag
                0x80027412                gpio_clear_pin_interrupt_flag
 .text          0x8002744c      0x194 src/asf/avr32/drivers/intc/intc.o
                0x80027454                _get_interrupt_handler
                0x800274e4                INTC_init_interrupts
                0x80027574                INTC_register_interrupt
 .text          0x800275e0      0x5f4 src/asf/avr32/drivers/pdca/pdca.o
                0x80027600                pdca_get_handler
                0x80027634                pdca_init_channel
                0x80027708                pdca_get_channel_status
                0x8002773c                pdca_disable
                0x8002776c                pdca_enable
                0x8002779c                pdca_get_load_size
                0x800277cc                pdca_load_channel
                0x8002784c                pdca_get_reload_size
                0x8002787c                pdca_reload_channel
                0x800278fc                pdca_set_peripheral_select
                0x80027934                pdca_set_transfer_size
                0x80027978                pdca_disable_event_trigger
                0x800279b0                pdca_enable_event_trigger
                0x800279e8                pdca_disable_interrupt_transfer_error
                0x80027a4c                pdca_enable_interrupt_transfer_error
                0x80027a7c                pdca_disable_interrupt_transfer_complete
                0x80027ae0                pdca_enable_interrupt_transfer_complete
                0x80027b10                pdca_disable_interrupt_reload_counter_zero
                0x80027b74                pdca_enable_interrupt_reload_counter_zero
                0x80027ba4                pdca_get_transfer_status
 .text          0x80027bd4      0x688 src/asf/avr32/drivers/pevc/pevc.o
                0x80027bd4                pevc_channel_configure
                0x80027cd2                pevc_igfd_set
                0x80027cf8                pevc_channels_enable
                0x80027d38                pevc_channels_disable
                0x80027d78                pevc_get_channel_status
                0x80027de2                pevc_get_channel_state
                0x80027e4c                pevc_channel_sev_enable
                0x80027e7e                pevc_channels_trigger_sev
                0x80027ec2                pevc_channel_sev_disable
                0x80027ef4                pevc_channels_enable_trigger_interrupt
                0x80027f38                pevc_channels_disable_trigger_interrupt
                0x80027f7c                pevc_channel_is_trigger_interrupt_enabled
                0x80027fea                pevc_channel_is_trigger_interrupt_raised
                0x80028054                pevc_channel_clear_trigger_interrupt
                0x800280a6                pevc_channels_enable_overrun_interrupt
                0x800280ea                pevc_channels_disable_overrun_interrupt
                0x8002812e                pevc_channel_is_overrun_interrupt_enabled
                0x8002819c                pevc_channel_is_overrun_interrupt_raised
                0x8002820a                pevc_channel_clear_overrun_interrupt
 .text          0x8002825c      0xfe0 src/asf/avr32/drivers/scif/scif_uc3c.o
                0x800282c2                scif_read_gplp
                0x800282e4                scif_write_gplp
                0x8002831e                scif_start_osc
                0x80028458                scif_is_osc_ready
                0x80028492                scif_stop_osc
                0x80028510                scif_configure_osc_crystalmode
                0x8002866c                scif_configure_osc_extmode
                0x8002870c                scif_enable_osc
                0x800287f8                scif_enable_extosc
                0x80028898                scif_pll_setup
                0x800289f4                scif_pll_enable
                0x80028a94                scif_pll_disable
                0x80028b34                scif_wait_for_pll_locked
                0x80028b6c                scif_start_osc32
                0x80028c34                scif_stop_osc32
                0x80028c9c                scif_start_rc8M
                0x80028d00                scif_stop_rc8M
                0x80028d64                scif_start_rc120M
                0x80028db0                scif_stop_rc120M
                0x80028e14                scif_start_gclk
                0x80028e84                scif_stop_gclk
                0x80028eee                scif_gc_setup
                0x80028fb4                scif_gc_enable
                0x80028ffc                scif_bod18_enable_irq
                0x8002900e                scif_bod18_disable_irq
                0x80029060                scif_bod18_clear_irq
                0x80029072                scif_bod18_get_irq_status
                0x8002908a                scif_bod18_get_irq_enable_bit
                0x800290a2                scif_bod18_get_level
                0x800290b8                scif_bod33_enable_irq
                0x800290cc                scif_bod33_disable_irq
                0x80029120                scif_bod33_clear_irq
                0x80029134                scif_bod33_get_irq_status
                0x8002914c                scif_bod33_get_irq_enable_bit
                0x80029164                scif_bod33_get_level
                0x8002917a                scif_bod50_enable_irq
                0x8002918e                scif_bod50_disable_irq
                0x800291e0                scif_bod50_clear_irq
                0x800291f4                scif_bod50_get_irq_status
                0x8002920c                scif_bod50_get_irq_enable_bit
                0x80029224                scif_bod50_get_level
 .text          0x8002923c      0x730 src/asf/avr32/drivers/spi/spi.o
                0x8002923c                getBaudDiv
                0x80029290                spi_initSlave
                0x8002931a                spi_initTest
                0x8002934c                spi_initMaster
                0x800293e0                spi_selectionMode
                0x80029474                spi_selectChip
                0x8002950c                spi_unselectChip
                0x80029576                spi_setupChipReg
                0x80029700                spi_enable
                0x8002971a                spi_disable
                0x80029734                spi_is_enabled
                0x80029754                spi_writeRegisterEmptyCheck
                0x80029774                spi_write
                0x800297cc                spi_variableSlaveWrite
                0x80029864                spi_writeEndCheck
                0x80029884                spi_readRegisterFullCheck
                0x800298a4                spi_read
                0x80029902                spi_getStatus
 .text          0x8002996c      0xeb0 src/asf/avr32/drivers/twim/twim.o
                0x80029c9c                twim_set_speed
                0x80029d44                twim_master_init
                0x80029e50                twim_disable_interrupt
                0x80029e98                twim_probe
                0x80029ed4                twim_read_packet
                0x8002a07c                twim_read
                0x8002a1b8                twim_write_packet
                0x8002a388                twim_write
                0x8002a490                twim_chained_transfer
                0x8002a7e8                twim_status
 .text          0x8002a81c     0x1154 src/asf/avr32/drivers/usart/usart.o
                0x8002aab0                usart_reset
                0x8002ab24                usart_init_rs232
                0x8002ac90                usart_init_rs232_tx_only
                0x8002ae0c                usart_init_hw_handshaking
                0x8002ae60                usart_init_modem
                0x8002aeb8                usart_init_sync_master
                0x8002b03c                usart_init_sync_slave
                0x8002b1ac                usart_init_rs485
                0x8002b200                usart_init_IrDA
                0x8002b270                usart_init_iso7816
                0x8002b38c                usart_init_lin_master
                0x8002b3f0                usart_init_lin_slave
                0x8002b454                usart_init_spi_master
                0x8002b570                usart_init_spi_slave
                0x8002b678                usart_spi_selectChip
                0x8002b698                usart_spi_unselectChip
                0x8002b6f4                usart_send_address
                0x8002b764                usart_write_char
                0x8002b7a8                usart_putchar
                0x8002b800                usart_read_char
                0x8002b852                usart_getchar
                0x8002b89c                usart_write_line
                0x8002b8ec                usart_get_echo_line
 .text          0x8002b970      0x17c src/asf/avr32/services/delay/delay.o
                0x8002b970                delay_init
                0x8002b994                delay_ms
 .text._stext   0x8002baec       0x4c src/asf/avr32/utils/startup/startup_uc3.o
                                 0x50 (size before relaxing)
                0x8002baec                _stext
 .text          0x8002bb38       0x24 src/asf/common/boards/user_board/init.o
                0x8002bb38                board_init
 .text          0x8002bb5c      0x274 src/asf/common/services/clock/uc3c/osc.o
                0x8002bb94                osc_priv_enable_osc0
                0x8002bbd0                osc_priv_disable_osc0
                0x8002bc08                osc_priv_enable_osc32
                0x8002bc44                osc_priv_disable_osc32
                0x8002bc80                osc_priv_enable_rc8m
                0x8002bd00                osc_priv_disable_rc8m
                0x8002bd58                osc_priv_enable_rc120m
                0x8002bd94                osc_priv_disable_rc120m
 .text          0x8002bdd0      0x12c src/asf/common/services/clock/uc3c/pll.o
                0x8002be08                pll_config_write
                0x8002be5c                pll_enable
                0x8002beb0                pll_disable
 .text          0x8002befc      0x7a4 src/asf/common/services/clock/uc3c/sysclk.o
                0x8002c35c                sysclk_priv_enable_module
                0x8002c3dc                sysclk_priv_disable_module
                0x8002c460                sysclk_set_prescalers
                0x8002c568                sysclk_set_source
                0x8002c5ac                sysclk_enable_usb
                0x8002c610                sysclk_disable_usb
                0x8002c628                sysclk_init
 .text          0x8002c6a0      0x768 src/asf/common/services/spi/uc3_spi/spi_master.o
                0x8002cbd4                spi_master_setup_device
                0x8002cc7c                spi_read_packet
                0x8002cd60                spi_write_packet
 .text          0x8002ce08      0x328 src/boardsupport.o
                0x8002cf4c                initialise_board
 .text          0x8002d130      0x228 src/main.o
                0x8002d196                initialisation
                0x8002d324                main
 .text.cos      0x8002d358       0x8c c:/program files/atmel/atmel toolchain/avr32 gcc/native/3.4.2.1002/avr32-gnu-toolchain/bin/../lib/gcc/avr32/4.4.7/../../../../avr32/lib/ucr3fp\libm.a(lib_a-s_cos.o)
                                 0x9c (size before relaxing)
                0x8002d358                cos
 .text.sin      0x8002d3e4       0x90 c:/program files/atmel/atmel toolchain/avr32 gcc/native/3.4.2.1002/avr32-gnu-toolchain/bin/../lib/gcc/avr32/4.4.7/../../../../avr32/lib/ucr3fp\libm.a(lib_a-s_sin.o)
                                 0xa0 (size before relaxing)
                0x8002d3e4                sin
 .text.asin     0x8002d474       0x94 c:/program files/atmel/atmel toolchain/avr32 gcc/native/3.4.2.1002/avr32-gnu-toolchain/bin/../lib/gcc/avr32/4.4.7/../../../../avr32/lib/ucr3fp\libm.a(lib_a-w_asin.o)
                                 0xb0 (size before relaxing)
                0x8002d474                asin
 .text.atan2    0x8002d508        0x8 c:/program files/atmel/atmel toolchain/avr32 gcc/native/3.4.2.1002/avr32-gnu-toolchain/bin/../lib/gcc/avr32/4.4.7/../../../../avr32/lib/ucr3fp\libm.a(lib_a-w_atan2.o)
                                  0xc (size before relaxing)
                0x8002d508                atan2
 .text.pow      0x8002d510      0x2b8 c:/program files/atmel/atmel toolchain/avr32 gcc/native/3.4.2.1002/avr32-gnu-toolchain/bin/../lib/gcc/avr32/4.4.7/../../../../avr32/lib/ucr3fp\libm.a(lib_a-w_pow.o)
                                0x300 (size before relaxing)
                0x8002d510                pow
 .text.sqrt     0x8002d7c8       0x9c c:/program files/atmel/atmel toolchain/avr32 gcc/native/3.4.2.1002/avr32-gnu-toolchain/bin/../lib/gcc/avr32/4.4.7/../../../../avr32/lib/ucr3fp\libm.a(lib_a-w_sqrt.o)
                                 0xb4 (size before relaxing)
                0x8002d7c8                sqrt
 .text.__ieee754_asin
                0x8002d864      0x4f0 c:/program files/atmel/atmel toolchain/avr32 gcc/native/3.4.2.1002/avr32-gnu-toolchain/bin/../lib/gcc/avr32/4.4.7/../../../../avr32/lib/ucr3fp\libm.a(lib_a-e_asin.o)
                                0x50c (size before relaxing)
                0x8002d864                __ieee754_asin
 .text.__ieee754_atan2
                0x8002dd54      0x22c c:/program files/atmel/atmel toolchain/avr32 gcc/native/3.4.2.1002/avr32-gnu-toolchain/bin/../lib/gcc/avr32/4.4.7/../../../../avr32/lib/ucr3fp\libm.a(lib_a-e_atan2.o)
                                0x240 (size before relaxing)
                0x8002dd54                __ieee754_atan2
 .text.__ieee754_pow
                0x8002df80      0xaa4 c:/program files/atmel/atmel toolchain/avr32 gcc/native/3.4.2.1002/avr32-gnu-toolchain/bin/../lib/gcc/avr32/4.4.7/../../../../avr32/lib/ucr3fp\libm.a(lib_a-e_pow.o)
                                0xaf0 (size before relaxing)
                0x8002df80                __ieee754_pow
 .text.__ieee754_rem_pio2
                0x8002ea24      0x470 c:/program files/atmel/atmel toolchain/avr32 gcc/native/3.4.2.1002/avr32-gnu-toolchain/bin/../lib/gcc/avr32/4.4.7/../../../../avr32/lib/ucr3fp\libm.a(lib_a-e_rem_pio2.o)
                                0x4a0 (size before relaxing)
                0x8002ea24                __ieee754_rem_pio2
 .text.__ieee754_sqrt
                0x8002ee94      0x18c c:/program files/atmel/atmel toolchain/avr32 gcc/native/3.4.2.1002/avr32-gnu-toolchain/bin/../lib/gcc/avr32/4.4.7/../../../../avr32/lib/ucr3fp\libm.a(lib_a-e_sqrt.o)
                                0x19c (size before relaxing)
                0x8002ee94                __ieee754_sqrt
 .text.__kernel_cos
                0x8002f020      0x1e8 c:/program files/atmel/atmel toolchain/avr32 gcc/native/3.4.2.1002/avr32-gnu-toolchain/bin/../lib/gcc/avr32/4.4.7/../../../../avr32/lib/ucr3fp\libm.a(lib_a-k_cos.o)
                                0x1f8 (size before relaxing)
                0x8002f020                __kernel_cos
 .text.__kernel_rem_pio2
                0x8002f208      0x6e0 c:/program files/atmel/atmel toolchain/avr32 gcc/native/3.4.2.1002/avr32-gnu-toolchain/bin/../lib/gcc/avr32/4.4.7/../../../../avr32/lib/ucr3fp\libm.a(lib_a-k_rem_pio2.o)
                                0x718 (size before relaxing)
                0x8002f208                __kernel_rem_pio2
 .text.__kernel_sin
                0x8002f8e8      0x194 c:/program files/atmel/atmel toolchain/avr32 gcc/native/3.4.2.1002/avr32-gnu-toolchain/bin/../lib/gcc/avr32/4.4.7/../../../../avr32/lib/ucr3fp\libm.a(lib_a-k_sin.o)
                                0x1a4 (size before relaxing)
                0x8002f8e8                __kernel_sin
 .text.atan     0x8002fa7c      0x348 c:/program files/atmel/atmel toolchain/avr32 gcc/native/3.4.2.1002/avr32-gnu-toolchain/bin/../lib/gcc/avr32/4.4.7/../../../../avr32/lib/ucr3fp\libm.a(lib_a-s_atan.o)
                                0x368 (size before relaxing)
                0x8002fa7c                atan
 .text.fabs     0x8002fdc4        0x8 c:/program files/atmel/atmel toolchain/avr32 gcc/native/3.4.2.1002/avr32-gnu-toolchain/bin/../lib/gcc/avr32/4.4.7/../../../../avr32/lib/ucr3fp\libm.a(lib_a-s_fabs.o)
                0x8002fdc4                fabs
 .text.finite   0x8002fdcc       0x10 c:/program files/atmel/atmel toolchain/avr32 gcc/native/3.4.2.1002/avr32-gnu-toolchain/bin/../lib/gcc/avr32/4.4.7/../../../../avr32/lib/ucr3fp\libm.a(lib_a-s_finite.o)
                0x8002fdcc                finite
 .text.floor    0x8002fddc      0x120 c:/program files/atmel/atmel toolchain/avr32 gcc/native/3.4.2.1002/avr32-gnu-toolchain/bin/../lib/gcc/avr32/4.4.7/../../../../avr32/lib/ucr3fp\libm.a(lib_a-s_floor.o)
                                0x128 (size before relaxing)
                0x8002fddc                floor
 .text.__isnand
                0x8002fefc       0x1c c:/program files/atmel/atmel toolchain/avr32 gcc/native/3.4.2.1002/avr32-gnu-toolchain/bin/../lib/gcc/avr32/4.4.7/../../../../avr32/lib/ucr3fp\libm.a(lib_a-s_isnand.o)
                0x8002fefc                __isnand
 .text.matherr  0x8002ff18        0x2 c:/program files/atmel/atmel toolchain/avr32 gcc/native/3.4.2.1002/avr32-gnu-toolchain/bin/../lib/gcc/avr32/4.4.7/../../../../avr32/lib/ucr3fp\libm.a(lib_a-s_matherr.o)
                0x8002ff18                matherr
 .text.nan      0x8002ff1a        0x8 c:/program files/atmel/atmel toolchain/avr32 gcc/native/3.4.2.1002/avr32-gnu-toolchain/bin/../lib/gcc/avr32/4.4.7/../../../../avr32/lib/ucr3fp\libm.a(lib_a-s_nan.o)
                0x8002ff1a                nan
 *fill*         0x8002ff22        0x2 d703d703
 .text.rint     0x8002ff24      0x118 c:/program files/atmel/atmel toolchain/avr32 gcc/native/3.4.2.1002/avr32-gnu-toolchain/bin/../lib/gcc/avr32/4.4.7/../../../../avr32/lib/ucr3fp\libm.a(lib_a-s_rint.o)
                                0x124 (size before relaxing)
                0x8002ff24                rint
 .text.scalbn   0x8003003c       0xdc c:/program files/atmel/atmel toolchain/avr32 gcc/native/3.4.2.1002/avr32-gnu-toolchain/bin/../lib/gcc/avr32/4.4.7/../../../../avr32/lib/ucr3fp\libm.a(lib_a-s_scalbn.o)
                                 0xf0 (size before relaxing)
                0x8003003c                scalbn
 .text.copysign
                0x80030118       0x18 c:/program files/atmel/atmel toolchain/avr32 gcc/native/3.4.2.1002/avr32-gnu-toolchain/bin/../lib/gcc/avr32/4.4.7/../../../../avr32/lib/ucr3fp\libm.a(lib_a-s_copysign.o)
                0x80030118                copysign
 .text          0x80030130      0x1d4 c:/program files/atmel/atmel toolchain/avr32 gcc/native/3.4.2.1002/avr32-gnu-toolchain/bin/../lib/gcc/avr32/4.4.7/ucr3fp\libgcc.a(_avr32_f64_mul.o)
                0x80030130                __avr32_f64_mul
 .text          0x80030304      0x2b0 c:/program files/atmel/atmel toolchain/avr32 gcc/native/3.4.2.1002/avr32-gnu-toolchain/bin/../lib/gcc/avr32/4.4.7/ucr3fp\libgcc.a(_avr32_f64_addsub.o)
                0x80030308                __avr32_f64_sub
                0x800304a4                __avr32_f64_add
 .text          0x800305b4       0x2a c:/program files/atmel/atmel toolchain/avr32 gcc/native/3.4.2.1002/avr32-gnu-toolchain/bin/../lib/gcc/avr32/4.4.7/ucr3fp\libgcc.a(_avr32_f64_to_s32.o)
                0x800305b4                __avr32_f64_to_u32
                0x800305b8                __avr32_f64_to_s32
 .text          0x800305de       0xe8 c:/program files/atmel/atmel toolchain/avr32 gcc/native/3.4.2.1002/avr32-gnu-toolchain/bin/../lib/gcc/avr32/4.4.7/ucr3fp\libgcc.a(_avr32_s32_to_f64.o)
                0x800305de                __avr32_u32_to_f64
                0x800305e6                __avr32_s32_to_f64
 .text          0x800306c6       0x26 c:/program files/atmel/atmel toolchain/avr32 gcc/native/3.4.2.1002/avr32-gnu-toolchain/bin/../lib/gcc/avr32/4.4.7/ucr3fp\libgcc.a(_avr32_f64_cmp_eq.o)
                0x800306c6                __avr32_f64_cmp_eq
 .text          0x800306ec       0x68 c:/program files/atmel/atmel toolchain/avr32 gcc/native/3.4.2.1002/avr32-gnu-toolchain/bin/../lib/gcc/avr32/4.4.7/ucr3fp\libgcc.a(_avr32_f64_cmp_ge.o)
                0x800306ec                __avr32_f64_cmp_ge
 .text          0x80030754       0x68 c:/program files/atmel/atmel toolchain/avr32 gcc/native/3.4.2.1002/avr32-gnu-toolchain/bin/../lib/gcc/avr32/4.4.7/ucr3fp\libgcc.a(_avr32_f64_cmp_lt.o)
                0x80030754                __avr32_f64_cmp_lt
 .text          0x800307bc      0x318 c:/program files/atmel/atmel toolchain/avr32 gcc/native/3.4.2.1002/avr32-gnu-toolchain/bin/../lib/gcc/avr32/4.4.7/ucr3fp\libgcc.a(_avr32_f64_div.o)
                0x800307bc                __avr32_f64_div
 .text          0x80030ad4      0x160 c:/program files/atmel/atmel toolchain/avr32 gcc/native/3.4.2.1002/avr32-gnu-toolchain/bin/../lib/gcc/avr32/4.4.7/ucr3fp\libgcc.a(_avr32_f32_div.o)
                0x80030ad4                __avr32_f32_div
 .text          0x80030c34       0x60 c:/program files/atmel/atmel toolchain/avr32 gcc/native/3.4.2.1002/avr32-gnu-toolchain/bin/../lib/gcc/avr32/4.4.7/ucr3fp\libgcc.a(_avr32_f32_to_f64.o)
                0x80030c34                __avr32_f32_to_f64
 .text          0x80030c94       0x8a c:/program files/atmel/atmel toolchain/avr32 gcc/native/3.4.2.1002/avr32-gnu-toolchain/bin/../lib/gcc/avr32/4.4.7/ucr3fp\libgcc.a(_avr32_f64_to_f32.o)
                0x80030c94                __avr32_f64_to_f32
 .text          0x80030d1e      0x264 c:/program files/atmel/atmel toolchain/avr32 gcc/native/3.4.2.1002/avr32-gnu-toolchain/bin/../lib/gcc/avr32/4.4.7/ucr3fp\libgcc.a(_udivdi3.o)
                0x80030d1e                __avr32_udiv64
                0x80030d1e                __udivdi3
 *fill*         0x80030f82        0x2 d703d703
 .text.__errno  0x80030f84        0xc c:/program files/atmel/atmel toolchain/avr32 gcc/native/3.4.2.1002/avr32-gnu-toolchain/bin/../lib/gcc/avr32/4.4.7/../../../../avr32/lib/ucr3fp\libc.a(lib_a-errno.o)
                0x80030f84                __errno
 .text          0x80030f90      0x148 c:/program files/atmel/atmel toolchain/avr32 gcc/native/3.4.2.1002/avr32-gnu-toolchain/bin/../lib/gcc/avr32/4.4.7/../../../../avr32/lib/ucr3fp\libc.a(lib_a-memcpy.o)
                0x80030f90                memcpy
 .text.memset   0x800310d8        0xe c:/program files/atmel/atmel toolchain/avr32 gcc/native/3.4.2.1002/avr32-gnu-toolchain/bin/../lib/gcc/avr32/4.4.7/../../../../avr32/lib/ucr3fp\libc.a(lib_a-memset.o)
                0x800310d8                memset
 .text.strcpy   0x800310e6       0x12 c:/program files/atmel/atmel toolchain/avr32 gcc/native/3.4.2.1002/avr32-gnu-toolchain/bin/../lib/gcc/avr32/4.4.7/../../../../avr32/lib/ucr3fp\libc.a(lib_a-strcpy.o)
                0x800310e6                strcpy
 .text.strlen   0x800310f8       0x16 c:/program files/atmel/atmel toolchain/avr32 gcc/native/3.4.2.1002/avr32-gnu-toolchain/bin/../lib/gcc/avr32/4.4.7/../../../../avr32/lib/ucr3fp\libc.a(lib_a-strlen.o)
                0x800310f8                strlen
 *(.text.*personality*)
 *(.gnu.warning)

.exception      0x80031200      0x200
 .exception     0x80031200      0x200 src/asf/avr32/drivers/intc/exception.o
                0x80031200                _evba
                0x8003133c                ipr_val

.fini
 *(.fini)
                0x80031400                PROVIDE (__etext, .)
                0x80031400                PROVIDE (_etext, .)
                0x80031400                PROVIDE (etext, .)

.rodata         0x80031400      0x644
 *(.rodata .rodata.* .gnu.linkonce.r.*)
 .rodata.servo_failsafe
                0x80031400       0x80 src/tasks.o
 .rodata.mavlink_message_crcs.14492
                0x80031480      0x100 Library/communication/mavlink_stream.o
 .rodata.ADCIFA_GPIO_MAP
                0x80031580       0x26 Library/hal/adc_int.o
 *fill*         0x800315a6        0x2 
 .rodata.C.56.15142
                0x800315a8        0x4 Library/hal/bmp085.o
 .rodata.C.57.15143
                0x800315ac        0x4 Library/hal/bmp085.o
 .rodata.C.61.15660
                0x800315b0        0xc Library/hal/dac_dma.o
 .rodata.DACIFB_GPIO_MAP.15655
                0x800315bc        0x8 Library/hal/dac_dma.o
 .rodata.PEVC_EVS_OPTIONS.15646
                0x800315c4       0x10 Library/hal/dac_dma.o
 .rodata.LED_DESCRIPTOR
                0x800315d4       0x20 Library/hal/led.o
 .rodata.PWM_GPIO_MAP.14186
                0x800315f4        0xc Library/hal/servo_pwm.o
 .rodata.USART_GPIO_MAP.16389
                0x80031600        0x4 Library/hal/remote_dsm2.o
 .rodata.usart_opt.16388
                0x80031604        0xc Library/hal/remote_dsm2.o
 .rodata.alphabet
                0x80031610       0x24 Library/util/print_util.o
 .rodata.FLASH_SIZE.14167
                0x80031634       0x40 src/asf/avr32/drivers/flashc/flashc.o
 .rodata.servo_failsafe
                0x80031674       0x80 src/boardsupport.o
 .rodata.servo_failsafe
                0x800316f4       0x80 src/main.o
 .rodata.str1.4
                0x80031774        0x5 c:/program files/atmel/atmel toolchain/avr32 gcc/native/3.4.2.1002/avr32-gnu-toolchain/bin/../lib/gcc/avr32/4.4.7/../../../../avr32/lib/ucr3fp\libm.a(lib_a-w_asin.o)
                                  0xc (size before relaxing)
 *fill*         0x80031779        0x3 
 .rodata.str1.4
                0x8003177c        0x4 c:/program files/atmel/atmel toolchain/avr32 gcc/native/3.4.2.1002/avr32-gnu-toolchain/bin/../lib/gcc/avr32/4.4.7/../../../../avr32/lib/ucr3fp\libm.a(lib_a-w_pow.o)
 .rodata.str1.4
                0x80031780        0x5 c:/program files/atmel/atmel toolchain/avr32 gcc/native/3.4.2.1002/avr32-gnu-toolchain/bin/../lib/gcc/avr32/4.4.7/../../../../avr32/lib/ucr3fp\libm.a(lib_a-w_sqrt.o)
                                  0x8 (size before relaxing)
 *fill*         0x80031785        0x3 
 .rodata.dp_h   0x80031788       0x10 c:/program files/atmel/atmel toolchain/avr32 gcc/native/3.4.2.1002/avr32-gnu-toolchain/bin/../lib/gcc/avr32/4.4.7/../../../../avr32/lib/ucr3fp\libm.a(lib_a-e_pow.o)
 .rodata.dp_l   0x80031798       0x10 c:/program files/atmel/atmel toolchain/avr32 gcc/native/3.4.2.1002/avr32-gnu-toolchain/bin/../lib/gcc/avr32/4.4.7/../../../../avr32/lib/ucr3fp\libm.a(lib_a-e_pow.o)
 .rodata.bp     0x800317a8       0x10 c:/program files/atmel/atmel toolchain/avr32 gcc/native/3.4.2.1002/avr32-gnu-toolchain/bin/../lib/gcc/avr32/4.4.7/../../../../avr32/lib/ucr3fp\libm.a(lib_a-e_pow.o)
 .rodata.str1.4
                0x00000000        0x4 c:/program files/atmel/atmel toolchain/avr32 gcc/native/3.4.2.1002/avr32-gnu-toolchain/bin/../lib/gcc/avr32/4.4.7/../../../../avr32/lib/ucr3fp\libm.a(lib_a-e_pow.o)
 .rodata.npio2_hw
                0x800317b8       0x80 c:/program files/atmel/atmel toolchain/avr32 gcc/native/3.4.2.1002/avr32-gnu-toolchain/bin/../lib/gcc/avr32/4.4.7/../../../../avr32/lib/ucr3fp\libm.a(lib_a-e_rem_pio2.o)
 .rodata.two_over_pi
                0x80031838      0x108 c:/program files/atmel/atmel toolchain/avr32 gcc/native/3.4.2.1002/avr32-gnu-toolchain/bin/../lib/gcc/avr32/4.4.7/../../../../avr32/lib/ucr3fp\libm.a(lib_a-e_rem_pio2.o)
 .rodata.init_jk
                0x80031940       0x10 c:/program files/atmel/atmel toolchain/avr32 gcc/native/3.4.2.1002/avr32-gnu-toolchain/bin/../lib/gcc/avr32/4.4.7/../../../../avr32/lib/ucr3fp\libm.a(lib_a-k_rem_pio2.o)
 .rodata.PIo2   0x80031950       0x40 c:/program files/atmel/atmel toolchain/avr32 gcc/native/3.4.2.1002/avr32-gnu-toolchain/bin/../lib/gcc/avr32/4.4.7/../../../../avr32/lib/ucr3fp\libm.a(lib_a-k_rem_pio2.o)
 .rodata.atanlo
                0x80031990       0x20 c:/program files/atmel/atmel toolchain/avr32 gcc/native/3.4.2.1002/avr32-gnu-toolchain/bin/../lib/gcc/avr32/4.4.7/../../../../avr32/lib/ucr3fp\libm.a(lib_a-s_atan.o)
 .rodata.atanhi
                0x800319b0       0x20 c:/program files/atmel/atmel toolchain/avr32 gcc/native/3.4.2.1002/avr32-gnu-toolchain/bin/../lib/gcc/avr32/4.4.7/../../../../avr32/lib/ucr3fp\libm.a(lib_a-s_atan.o)
 .rodata.TWO52  0x800319d0       0x10 c:/program files/atmel/atmel toolchain/avr32 gcc/native/3.4.2.1002/avr32-gnu-toolchain/bin/../lib/gcc/avr32/4.4.7/../../../../avr32/lib/ucr3fp\libm.a(lib_a-s_rint.o)
 .rodata.str1.4
                0x800319e0        0x4 c:/program files/atmel/atmel toolchain/avr32 gcc/native/3.4.2.1002/avr32-gnu-toolchain/bin/../lib/gcc/avr32/4.4.7/../../../../avr32/lib/ucr3fp\libc.a(lib_a-impure.o)
 .rodata.__sf_fake_stdin
                0x800319e4       0x20 c:/program files/atmel/atmel toolchain/avr32 gcc/native/3.4.2.1002/avr32-gnu-toolchain/bin/../lib/gcc/avr32/4.4.7/../../../../avr32/lib/ucr3fp\libc.a(lib_a-findfp.o)
                0x800319e4                __sf_fake_stdin
 .rodata.__sf_fake_stdout
                0x80031a04       0x20 c:/program files/atmel/atmel toolchain/avr32 gcc/native/3.4.2.1002/avr32-gnu-toolchain/bin/../lib/gcc/avr32/4.4.7/../../../../avr32/lib/ucr3fp\libc.a(lib_a-findfp.o)
                0x80031a04                __sf_fake_stdout
 .rodata.__sf_fake_stderr
                0x80031a24       0x20 c:/program files/atmel/atmel toolchain/avr32 gcc/native/3.4.2.1002/avr32-gnu-toolchain/bin/../lib/gcc/avr32/4.4.7/../../../../avr32/lib/ucr3fp\libc.a(lib_a-findfp.o)
                0x80031a24                __sf_fake_stderr

.rodata1
 *(.rodata1)

.eh_frame_hdr
 *(.eh_frame_hdr)

.eh_frame
 *(.eh_frame)

.gcc_except_table
 *(.gcc_except_table)
 *(.gcc_except_table.*)

.dalign         0x80031a44        0x4
                0x80031a48                . = ALIGN (0x8)
 *fill*         0x80031a44        0x4 
                0x80031a48                PROVIDE (_data_lma, .)
                0x00000004                PROVIDE (_data, ORIGIN (CPUSRAM))
                0x00000004                . = ORIGIN (CPUSRAM)

.eh_frame
 *(.eh_frame)

.gcc_except_table
 *(.gcc_except_table)
 *(.gcc_except_table.*)

.tdata
 *(.tdata .tdata.* .gnu.linkonce.td.*)

.tbss
 *(.tbss .tbss.* .gnu.linkonce.tb.*)
 *(.tcommon)
                0x00000004                PROVIDE (__preinit_array_start, ALIGN (0x4))

.preinit_array
 *(.preinit_array)
                0x00000004                PROVIDE (__preinit_array_end, .)
                0x00000004                PROVIDE (__init_array_start, .)

.init_array
 *(.init_array)
                0x00000004                PROVIDE (__init_array_end, .)
                0x00000004                PROVIDE (__fini_array_start, .)

.fini_array
 *(.fini_array)
                0x00000004                PROVIDE (__fini_array_end, .)

.ctors
 *crtbegin*.o(.ctors)
 *(EXCLUDE_FILE(*crtend*.o) .ctors)
 *(SORT(.ctors.*))
 *(.ctors)

.dtors
 *crtbegin*.o(.dtors)
 *(EXCLUDE_FILE(*crtend*.o) .dtors)
 *(SORT(.dtors.*))
 *(.dtors)

.jcr
 *(.jcr)

.data.rel.ro    0x00000004      0x178 load address 0x80031a48
 *(.data.rel.ro.local)
 *(.data.rel.ro*)
 .data.rel.ro.local._int_handler_table
                0x00000004      0x178 src/asf/avr32/drivers/intc/intc.o

.dynamic
 *(.dynamic)

.got            0x0000017c      0x90c load address 0x80031bc0
 *(.got.plt)
 *(.got)
 .got           0x0000017c      0x90c Library/control/neighbor_selection.o
                0x0000017c                _GLOBAL_OFFSET_TABLE_

.data           0x00000a88     0x163c load address 0x800324cc
 *(.data .data.* .gnu.linkonce.d.*)
 .data.main_tasks
                0x00000a88      0x1e4 src/tasks.o
                0x00000a88                main_tasks
 .data.mavlink_tasks
                0x00000c6c      0x5a4 Library/communication/mavlink_stream.o
                0x00000c6c                mavlink_tasks
 .data.adcifa   0x00001210        0x4 Library/hal/adc_int.o
                0x00001210                adcifa
 .data.adc_config_options
                0x00001214       0x14 Library/hal/adc_int.o
                0x00001214                adc_config_options
 .data.adcifa_sequence_opt
                0x00001228        0x7 Library/hal/adc_int.o
                0x00001228                adcifa_sequence_opt
 *fill*         0x0000122f        0x1 
 .data.default_configuration
                0x00001230        0x4 Library/hal/adxl345_driver.o
                0x00001230                default_configuration
 .data.data_configuration
                0x00001234        0x4 Library/hal/adxl345_driver.o
                0x00001234                data_configuration
 .data.twi_opt.14919
                0x00001238       0x10 Library/hal/adxl345_driver.o
 .data.twi_opt.15092
                0x00001248       0x10 Library/hal/bmp085.o
 .data.twi_opt.14132
                0x00001258       0x10 Library/hal/compass_hmc5883l.o
 .data.compass_default_configuration.14133
                0x00001268        0x4 Library/hal/compass_hmc5883l.o
 .data.ppevc    0x0000126c        0x4 Library/hal/dac_dma.o
                0x0000126c                ppevc
 .data.dacifb   0x00001270        0x4 Library/hal/dac_dma.o
                0x00001270                dacifb
 .data.dac_channel_audio
                0x00001274        0x1 Library/hal/dac_dma.o
                0x00001274                dac_channel_audio
 *fill*         0x00001275        0x3 
 .data.PDCA_OPTIONS.15681
                0x00001278       0x1c Library/hal/dac_dma.o
 .data.PDCA_OPTIONS.15699
                0x00001294       0x1c Library/hal/i2c_driver.o
 .data.read_preamble
                0x000012b0        0x1 Library/hal/itg3200_driver.o
                0x000012b0                read_preamble
 *fill*         0x000012b1        0x3 
 .data.twi_opt.14928
                0x000012b4       0x10 Library/hal/itg3200_driver.o
 .data.LED_State
                0x000012c4        0x4 Library/hal/led.o
 .data.twi_opt.14901
                0x000012c8       0x10 Library/hal/radar_module_driver.o
 .data.PDCA_TX_OPTIONS.15184
                0x000012d8       0x1c Library/hal/spi_buffered.o
 .data.PDCA_RX_OPTIONS.15185
                0x000012f4       0x1c Library/hal/spi_buffered.o
 .data.usart_opt
                0x00001310      0xac8 Library/hal/uart_int.o
 .data.rel.ubx_currentPosllhMessage
                0x00001dd8        0x4 Library/sensing/gps_ublox.o
                0x00001dd8                ubx_currentPosllhMessage
 .data.rel.ubx_lastPosllhMessage
                0x00001ddc        0x4 Library/sensing/gps_ublox.o
                0x00001ddc                ubx_lastPosllhMessage
 .data.rel.ubx_currentStatusMessage
                0x00001de0        0x4 Library/sensing/gps_ublox.o
                0x00001de0                ubx_currentStatusMessage
 .data.rel.ubx_lastStatusMessage
                0x00001de4        0x4 Library/sensing/gps_ublox.o
                0x00001de4                ubx_lastStatusMessage
 .data.rel.ubx_currentSolutionMessage
                0x00001de8        0x4 Library/sensing/gps_ublox.o
                0x00001de8                ubx_currentSolutionMessage
 .data.rel.ubx_lastSolutionMessage
                0x00001dec        0x4 Library/sensing/gps_ublox.o
                0x00001dec                ubx_lastSolutionMessage
 .data.rel.ubx_currentVelnedMessage
                0x00001df0        0x4 Library/sensing/gps_ublox.o
                0x00001df0                ubx_currentVelnedMessage
 .data.rel.ubx_lastVelnedMessage
                0x00001df4        0x4 Library/sensing/gps_ublox.o
                0x00001df4                ubx_lastVelnedMessage
 .data.rel.ubx_currentSVInfoMessage
                0x00001df8        0x4 Library/sensing/gps_ublox.o
                0x00001df8                ubx_currentSVInfoMessage
 .data.rel.ubx_lastSVInfoMessage
                0x00001dfc        0x4 Library/sensing/gps_ublox.o
                0x00001dfc                ubx_lastSVInfoMessage
 .data.rel.ubx_currentNavSettingsMessage
                0x00001e00        0x4 Library/sensing/gps_ublox.o
                0x00001e00                ubx_currentNavSettingsMessage
 .data.rel.ubx_lastNavSettingsMessage
                0x00001e04        0x4 Library/sensing/gps_ublox.o
                0x00001e04                ubx_lastNavSettingsMessage
 .data.rel.ubx_currentCFGRateMessage
                0x00001e08        0x4 Library/sensing/gps_ublox.o
                0x00001e08                ubx_currentCFGRateMessage
 .data.rel.ubx_lastCFGRateMessage
                0x00001e0c        0x4 Library/sensing/gps_ublox.o
                0x00001e0c                ubx_lastCFGRateMessage
 .data.rel.ubx_currentCFGSetGetRateMessage
                0x00001e10        0x4 Library/sensing/gps_ublox.o
                0x00001e10                ubx_currentCFGSetGetRateMessage
 .data.rel.ubx_lastCFGSetGetRateMessage
                0x00001e14        0x4 Library/sensing/gps_ublox.o
                0x00001e14                ubx_lastCFGSetGetRateMessage
 .data.rel.ubx_currentMONRXRMessage
                0x00001e18        0x4 Library/sensing/gps_ublox.o
                0x00001e18                ubx_currentMONRXRMessage
 .data.rel.ubx_lastMONRXRMessage
                0x00001e1c        0x4 Library/sensing/gps_ublox.o
                0x00001e1c                ubx_lastMONRXRMessage
 .data.rel.ubx_currentTimTPMessage
                0x00001e20        0x4 Library/sensing/gps_ublox.o
                0x00001e20                ubx_currentTimTPMessage
 .data.rel.ubx_lastTimTPMessage
                0x00001e24        0x4 Library/sensing/gps_ublox.o
                0x00001e24                ubx_lastTimTPMessage
 .data.rel.ubx_currentTimVRFYMessage
                0x00001e28        0x4 Library/sensing/gps_ublox.o
                0x00001e28                ubx_currentTimVRFYMessage
 .data.rel.ubx_lastTimVRFYMessage
                0x00001e2c        0x4 Library/sensing/gps_ublox.o
                0x00001e2c                ubx_lastTimVRFYMessage
 .data.numSkippedMsg
                0x00001e30        0x1 Library/sensing/gps_ublox.o
                0x00001e30                numSkippedMsg
 *fill*         0x00001e31        0x3 
 .data.vehicle_model_parameters
                0x00001e34      0x194 Library/sensing/simulation.o
 .data.rel.flashc_wait_until_ready
                0x00001fc8        0x4 src/asf/avr32/drivers/flashc/flashc.o
                0x00001fc8                flashc_wait_until_ready
 .data.__fdlib_version
                0x00001fcc        0x4 c:/program files/atmel/atmel toolchain/avr32 gcc/native/3.4.2.1002/avr32-gnu-toolchain/bin/../lib/gcc/avr32/4.4.7/../../../../avr32/lib/ucr3fp\libm.a(lib_a-s_lib_ver.o)
                0x00001fcc                __fdlib_version
 .data.impure_data
                0x00001fd0       0xf0 c:/program files/atmel/atmel toolchain/avr32 gcc/native/3.4.2.1002/avr32-gnu-toolchain/bin/../lib/gcc/avr32/4.4.7/../../../../avr32/lib/ucr3fp\libc.a(lib_a-impure.o)
 .data._impure_ptr
                0x000020c0        0x4 c:/program files/atmel/atmel toolchain/avr32 gcc/native/3.4.2.1002/avr32-gnu-toolchain/bin/../lib/gcc/avr32/4.4.7/../../../../avr32/lib/ucr3fp\libc.a(lib_a-impure.o)
                0x000020c0                _impure_ptr
 *(.gnu.linkonce.d.*personality*)

.data1
 *(.data1)

.balign         0x000020c4        0x4 load address 0x80033b08
                0x000020c8                . = ALIGN (0x8)
 *fill*         0x000020c4        0x4 
                0x000020c8                _edata = .
                0x000020c8                _edata = .
                0x000020c8                PROVIDE (edata, .)
                0x000020c8                __bss_start = .

.bss            0x000020c8     0x7630 load address 0x80033b08
 *(.dynbss)
 *(.bss .bss.* .gnu.linkonce.b.*)
 .bss.loop_count_orca
                0x000020c8        0x1 Library/control/orca.o
                0x000020c8                loop_count_orca
 *fill*         0x000020c9        0x3 
 .bss.centralData
                0x000020cc     0x12e8 src/central_data.o
 .bss.m_mavlink_status.15762
                0x000033b4       0x40 src/mavlink_actions.o
 .bss.mavlink_out_stream
                0x000033f4        0x4 Library/communication/mavlink_stream.o
 .bss.mavlink_in_stream
                0x000033f8        0x4 Library/communication/mavlink_stream.o
 .bss.m_mavlink_buffer.14345
                0x000033fc      0x440 Library/communication/mavlink_stream.o
 .bss.m_mavlink_status.14338
                0x0000383c       0x40 Library/communication/mavlink_stream.o
 .bss.m_mavlink_status.14338
                0x0000387c       0x40 Library/communication/onboard_parameters.o
 .bss.sequencer_item_count
                0x000038bc        0x1 Library/hal/adc_int.o
 .bss.channel_count
                0x000038bd        0x1 Library/hal/adc_int.o
 *fill*         0x000038be        0x2 
 .bss.sample_counter
                0x000038c0        0x4 Library/hal/adc_int.o
 .bss.oversampling_counter
                0x000038c4        0x4 Library/hal/adc_int.o
 .bss.channel_index
                0x000038c8        0x4 Library/hal/adc_int.o
 .bss.number_of_samples
                0x000038cc        0x4 Library/hal/adc_int.o
 .bss.oversampling
                0x000038d0        0x4 Library/hal/adc_int.o
 .bss.oversampling_divider
                0x000038d4        0x4 Library/hal/adc_int.o
 .bss.adc_buffer
                0x000038d8     0x4000 Library/hal/ads1274.o
 .bss.sampleCounter
                0x000078d8        0x4 Library/hal/ads1274.o
 .bss.interrupt_counter
                0x000078dc        0x4 Library/hal/ads1274.o
 .bss.function_generator
                0x000078e0        0x4 Library/hal/ads1274.o
 .bss.acc_outputs
                0x000078e4        0xc Library/hal/adxl345_driver.o
 .bss.gyro_event
                0x000078f0       0x34 Library/hal/adxl345_driver.o
 .bss.compass_outputs
                0x00007924        0xc Library/hal/compass_hmc5883l.o
 .bss.buffer    0x00007930        0x4 Library/hal/dac_dma.o
 .bss.from      0x00007934        0x2 Library/hal/dac_dma.o
 .bss.to        0x00007936        0x2 Library/hal/dac_dma.o
 .bss.autoplay  0x00007938        0x4 Library/hal/dac_dma.o
 .bss.schedule  0x0000793c      0x320 Library/hal/i2c_driver.o
 .bss.current_schedule_slot
                0x00007c5c        0x4 Library/hal/i2c_driver.o
 .bss.gyro_outputs
                0x00007c60        0x8 Library/hal/itg3200_driver.o
 .bss.gyro_event
                0x00007c68       0x34 Library/hal/itg3200_driver.o
 .bss.spi_buffers
                0x00007c9c       0xa8 Library/hal/spi_buffered.o
 .bss.ubx_currentMessage
                0x00007d44        0x4 Library/sensing/gps_ublox.o
                0x00007d44                ubx_currentMessage
 .bss.ubx_lastMessage
                0x00007d48        0x4 Library/sensing/gps_ublox.o
                0x00007d48                ubx_lastMessage
 .bss.ubx_validMessage
                0x00007d4c        0x4 Library/sensing/gps_ublox.o
                0x00007d4c                ubx_validMessage
 .bss.ubx_numberOfValidPosllhMessage
                0x00007d50        0x2 Library/sensing/gps_ublox.o
                0x00007d50                ubx_numberOfValidPosllhMessage
 .bss.ubx_numberOfValidStatusMessage
                0x00007d52        0x2 Library/sensing/gps_ublox.o
                0x00007d52                ubx_numberOfValidStatusMessage
 .bss.ubx_numberOfValidSolutionMessage
                0x00007d54        0x2 Library/sensing/gps_ublox.o
                0x00007d54                ubx_numberOfValidSolutionMessage
 .bss.ubx_numberOfValidVelnedMessage
                0x00007d56        0x2 Library/sensing/gps_ublox.o
                0x00007d56                ubx_numberOfValidVelnedMessage
 .bss.ubx_numberOfValidSVInfoMessage
                0x00007d58        0x2 Library/sensing/gps_ublox.o
                0x00007d58                ubx_numberOfValidSVInfoMessage
 .bss.ubx_numberOfValidNavSettingsMessage
                0x00007d5a        0x2 Library/sensing/gps_ublox.o
                0x00007d5a                ubx_numberOfValidNavSettingsMessage
 .bss.ubx_numberOfValidCFGRateMessage
                0x00007d5c        0x2 Library/sensing/gps_ublox.o
                0x00007d5c                ubx_numberOfValidCFGRateMessage
 .bss.ubx_numberOfValidCFGSetGetRateMessage
                0x00007d5e        0x2 Library/sensing/gps_ublox.o
                0x00007d5e                ubx_numberOfValidCFGSetGetRateMessage
 .bss.ubx_numberOfValidMONRXRMessage
                0x00007d60        0x2 Library/sensing/gps_ublox.o
                0x00007d60                ubx_numberOfValidMONRXRMessage
 .bss.ubx_numberOfValidTimTPMessage
                0x00007d62        0x2 Library/sensing/gps_ublox.o
                0x00007d62                ubx_numberOfValidTimTPMessage
 .bss.ubx_numberOfValidTimVRFYMessage
                0x00007d64        0x2 Library/sensing/gps_ublox.o
                0x00007d64                ubx_numberOfValidTimVRFYMessage
 .bss.printNavOnDebug
                0x00007d66        0x1 Library/sensing/gps_ublox.o
                0x00007d66                printNavOnDebug
 .bss.loopPosllh
                0x00007d67        0x1 Library/sensing/gps_ublox.o
                0x00007d67                loopPosllh
 .bss.loopVelned
                0x00007d68        0x1 Library/sensing/gps_ublox.o
                0x00007d68                loopVelned
 .bss.loopStatus
                0x00007d69        0x1 Library/sensing/gps_ublox.o
                0x00007d69                loopStatus
 .bss.loopSolution
                0x00007d6a        0x1 Library/sensing/gps_ublox.o
                0x00007d6a                loopSolution
 .bss.loopTimTp
                0x00007d6b        0x1 Library/sensing/gps_ublox.o
                0x00007d6b                loopTimTp
 .bss.loopTimVrfy
                0x00007d6c        0x1 Library/sensing/gps_ublox.o
                0x00007d6c                loopTimVrfy
 *fill*         0x00007d6d        0x3 
 .bss.int_loop_count
                0x00007d70        0x4 Library/sensing/mavlink_waypoint_handler.o
                0x00007d70                int_loop_count
 .bss.m_mavlink_status.14338
                0x00007d74       0x40 Library/sensing/mavlink_waypoint_handler.o
 .bss.flashc_error_status
                0x00007db4        0x4 src/asf/avr32/drivers/flashc/flashc.o
 .bss._int_line_handler_table_0
                0x00007db8        0x4 src/asf/avr32/drivers/intc/intc.o
 .bss._int_line_handler_table_1
                0x00007dbc        0x8 src/asf/avr32/drivers/intc/intc.o
 .bss._int_line_handler_table_2
                0x00007dc4        0x4 src/asf/avr32/drivers/intc/intc.o
 .bss._int_line_handler_table_3
                0x00007dc8       0x10 src/asf/avr32/drivers/intc/intc.o
 .bss._int_line_handler_table_4
                0x00007dd8       0x10 src/asf/avr32/drivers/intc/intc.o
 .bss._int_line_handler_table_5
                0x00007de8       0x10 src/asf/avr32/drivers/intc/intc.o
 .bss._int_line_handler_table_6
                0x00007df8       0x10 src/asf/avr32/drivers/intc/intc.o
 .bss._int_line_handler_table_7
                0x00007e08        0x4 src/asf/avr32/drivers/intc/intc.o
 .bss._int_line_handler_table_8
                0x00007e0c        0x4 src/asf/avr32/drivers/intc/intc.o
 .bss._int_line_handler_table_9
                0x00007e10       0x28 src/asf/avr32/drivers/intc/intc.o
 .bss._int_line_handler_table_10
                0x00007e38        0x4 src/asf/avr32/drivers/intc/intc.o
 .bss._int_line_handler_table_11
                0x00007e3c        0x4 src/asf/avr32/drivers/intc/intc.o
 .bss._int_line_handler_table_12
                0x00007e40        0x4 src/asf/avr32/drivers/intc/intc.o
 .bss._int_line_handler_table_13
                0x00007e44        0x4 src/asf/avr32/drivers/intc/intc.o
 .bss._int_line_handler_table_14
                0x00007e48       0x14 src/asf/avr32/drivers/intc/intc.o
 .bss._int_line_handler_table_15
                0x00007e5c       0x10 src/asf/avr32/drivers/intc/intc.o
 .bss._int_line_handler_table_16
                0x00007e6c       0x10 src/asf/avr32/drivers/intc/intc.o
 .bss._int_line_handler_table_17
                0x00007e7c        0x4 src/asf/avr32/drivers/intc/intc.o
 .bss._int_line_handler_table_18
                0x00007e80       0x40 src/asf/avr32/drivers/intc/intc.o
 .bss._int_line_handler_table_19
                0x00007ec0        0x4 src/asf/avr32/drivers/intc/intc.o
 .bss._int_line_handler_table_20
                0x00007ec4        0x4 src/asf/avr32/drivers/intc/intc.o
 .bss._int_line_handler_table_21
                0x00007ec8        0x4 src/asf/avr32/drivers/intc/intc.o
 .bss._int_line_handler_table_22
                0x00007ecc        0x4 src/asf/avr32/drivers/intc/intc.o
 .bss._int_line_handler_table_23
                0x00007ed0        0x4 src/asf/avr32/drivers/intc/intc.o
 .bss._int_line_handler_table_24
                0x00007ed4        0x4 src/asf/avr32/drivers/intc/intc.o
 .bss._int_line_handler_table_25
                0x00007ed8        0x4 src/asf/avr32/drivers/intc/intc.o
 .bss._int_line_handler_table_26
                0x00007edc        0x4 src/asf/avr32/drivers/intc/intc.o
 .bss._int_line_handler_table_27
                0x00007ee0        0x4 src/asf/avr32/drivers/intc/intc.o
 .bss._int_line_handler_table_28
                0x00007ee4        0x4 src/asf/avr32/drivers/intc/intc.o
 .bss._int_line_handler_table_29
                0x00007ee8        0x4 src/asf/avr32/drivers/intc/intc.o
 .bss._int_line_handler_table_30
                0x00007eec        0x4 src/asf/avr32/drivers/intc/intc.o
 .bss._int_line_handler_table_31
                0x00007ef0        0x4 src/asf/avr32/drivers/intc/intc.o
 .bss._int_line_handler_table_32
                0x00007ef4        0x4 src/asf/avr32/drivers/intc/intc.o
 .bss._int_line_handler_table_33
                0x00007ef8        0xc src/asf/avr32/drivers/intc/intc.o
 .bss._int_line_handler_table_34
                0x00007f04        0xc src/asf/avr32/drivers/intc/intc.o
 .bss._int_line_handler_table_35
                0x00007f10        0x8 src/asf/avr32/drivers/intc/intc.o
 .bss._int_line_handler_table_36
                0x00007f18       0x18 src/asf/avr32/drivers/intc/intc.o
 .bss._int_line_handler_table_37
                0x00007f30        0x4 src/asf/avr32/drivers/intc/intc.o
 .bss._int_line_handler_table_38
                0x00007f34        0x4 src/asf/avr32/drivers/intc/intc.o
 .bss._int_line_handler_table_39
                0x00007f38       0x18 src/asf/avr32/drivers/intc/intc.o
 .bss._int_line_handler_table_40
                0x00007f50       0x18 src/asf/avr32/drivers/intc/intc.o
 .bss._int_line_handler_table_41
                0x00007f68        0x4 src/asf/avr32/drivers/intc/intc.o
 .bss._int_line_handler_table_42
                0x00007f6c        0x4 src/asf/avr32/drivers/intc/intc.o
 .bss._int_line_handler_table_43
                0x00007f70        0x4 src/asf/avr32/drivers/intc/intc.o
 .bss._int_line_handler_table_44
                0x00007f74        0x4 src/asf/avr32/drivers/intc/intc.o
 .bss._int_line_handler_table_45
                0x00007f78        0x4 src/asf/avr32/drivers/intc/intc.o
 .bss._int_line_handler_table_46
                0x00007f7c        0x4 src/asf/avr32/drivers/intc/intc.o
 .bss.twim_inst
                0x00007f80        0x4 src/asf/avr32/drivers/twim/twim.o
 .bss.twim_tx_data
                0x00007f84        0x4 src/asf/avr32/drivers/twim/twim.o
 .bss.twim_rx_data
                0x00007f88        0x4 src/asf/avr32/drivers/twim/twim.o
 .bss.transfer_status
                0x00007f8c        0x4 src/asf/avr32/drivers/twim/twim.o
 .bss.twim_tx_nb_bytes
                0x00007f90        0x4 src/asf/avr32/drivers/twim/twim.o
 .bss.twim_rx_nb_bytes
                0x00007f94        0x4 src/asf/avr32/drivers/twim/twim.o
 .bss.twim_it_mask
                0x00007f98        0x4 src/asf/avr32/drivers/twim/twim.o
 .bss.twim_package
                0x00007f9c        0x4 src/asf/avr32/drivers/twim/twim.o
 .bss.twim_next
                0x00007fa0        0x1 src/asf/avr32/drivers/twim/twim.o
 *fill*         0x00007fa1        0x3 
 .bss.s_fcpu_hz
                0x00007fa4        0x4 src/asf/avr32/services/delay/delay.o
 *(COMMON)
 COMMON         0x00007fa8       0x92 Library/control/neighbor_selection.o
                0x00007fa8                payload_length
                0x00007faa                ubxclass
                0x00007fac                waypoint_request_number
                0x00007fb0                start_timeout
                0x00007fb4                new_position
                0x00007fb8                idleTimer
                0x00007fbc                last_ground_speed_cm
                0x00007fc0                msg_id
                0x00007fc1                next_fix
                0x00007fc2                imu_last_update_init
                0x00007fc4                engine_nav_setting
                0x00007fc8                velocity_east
                0x00007fcc                fix_count
                0x00007fcd                filter_init_delta_t
                0x00007fd0                prev_time
                0x00007fd4                cksum_a
                0x00007fd8                idleTimeout
                0x00007fdc                last_fix_time
                0x00007fe0                mavlink_system
                0x00007fe8                sending_wp_num
                0x00007fec                timeout_max_wp
                0x00007ff0                mavlink_mission_planner
                0x00007ff8                velocity_down
                0x00007ffc                disable_counter
                0x00008000                centralData
                0x00008004                fix
                0x00008005                cksum_b
                0x00008006                payload_counter
                0x00008008                step
                0x00008009                have_raw_velocity
                0x0000800a                new_speed
                0x0000800c                nav_settings
                0x00008030                nvram_array
                0x00008034                velocity_north
                0x00008038                num_waypoint_onboard
 *fill*         0x0000803a        0x2 
 COMMON         0x0000803c        0x8 Library/control/orca.o
                0x0000803c                timeHorizon
                0x00008040                invTimeHorizon
 COMMON         0x00008044       0x50 Library/hal/analog_monitor.o
                0x00008044                monitor_buffer
 COMMON         0x00008094      0x278 Library/sensing/estimator.o
                0x00008094                Q2
                0x000080dc                Q