Archive member included because of file (symbol)

c:/program files (x86)/atmel/atmel toolchain/avr32 gcc/native/3.4.2.1002/avr32-gnu-toolchain/bin/../lib/gcc/avr32/4.4.7/../../../../avr32/lib/ucr3fp\libm.a(lib_a-s_cos.o)
                              Library/sensing/qfilter.o (cos)
c:/program files (x86)/atmel/atmel toolchain/avr32 gcc/native/3.4.2.1002/avr32-gnu-toolchain/bin/../lib/gcc/avr32/4.4.7/../../../../avr32/lib/ucr3fp\libm.a(lib_a-s_sin.o)
                              Library/sensing/qfilter.o (sin)
c:/program files (x86)/atmel/atmel toolchain/avr32 gcc/native/3.4.2.1002/avr32-gnu-toolchain/bin/../lib/gcc/avr32/4.4.7/../../../../avr32/lib/ucr3fp\libm.a(lib_a-w_asin.o)
                              Library/util/coord_conventions.o (asin)
c:/program files (x86)/atmel/atmel toolchain/avr32 gcc/native/3.4.2.1002/avr32-gnu-toolchain/bin/../lib/gcc/avr32/4.4.7/../../../../avr32/lib/ucr3fp\libm.a(lib_a-w_atan2.o)
                              Library/control/stabilisation_copter.o (atan2)
c:/program files (x86)/atmel/atmel toolchain/avr32 gcc/native/3.4.2.1002/avr32-gnu-toolchain/bin/../lib/gcc/avr32/4.4.7/../../../../avr32/lib/ucr3fp\libm.a(lib_a-w_fmod.o)
                              Library/util/quick_trig.o (fmod)
c:/program files (x86)/atmel/atmel toolchain/avr32 gcc/native/3.4.2.1002/avr32-gnu-toolchain/bin/../lib/gcc/avr32/4.4.7/../../../../avr32/lib/ucr3fp\libm.a(lib_a-w_pow.o)
                              Library/hal/bmp085.o (pow)
c:/program files (x86)/atmel/atmel toolchain/avr32 gcc/native/3.4.2.1002/avr32-gnu-toolchain/bin/../lib/gcc/avr32/4.4.7/../../../../avr32/lib/ucr3fp\libm.a(lib_a-w_sqrt.o)
                              Library/communication/mavlink_waypoint_handler.o (sqrt)
c:/program files (x86)/atmel/atmel toolchain/avr32 gcc/native/3.4.2.1002/avr32-gnu-toolchain/bin/../lib/gcc/avr32/4.4.7/../../../../avr32/lib/ucr3fp\libm.a(lib_a-wf_acos.o)
                              Library/control/stabilisation_hybrid.o (acosf)
c:/program files (x86)/atmel/atmel toolchain/avr32 gcc/native/3.4.2.1002/avr32-gnu-toolchain/bin/../lib/gcc/avr32/4.4.7/../../../../avr32/lib/ucr3fp\libm.a(lib_a-e_asin.o)
                              c:/program files (x86)/atmel/atmel toolchain/avr32 gcc/native/3.4.2.1002/avr32-gnu-toolchain/bin/../lib/gcc/avr32/4.4.7/../../../../avr32/lib/ucr3fp\libm.a(lib_a-w_asin.o) (__ieee754_asin)
c:/program files (x86)/atmel/atmel toolchain/avr32 gcc/native/3.4.2.1002/avr32-gnu-toolchain/bin/../lib/gcc/avr32/4.4.7/../../../../avr32/lib/ucr3fp\libm.a(lib_a-e_atan2.o)
                              c:/program files (x86)/atmel/atmel toolchain/avr32 gcc/native/3.4.2.1002/avr32-gnu-toolchain/bin/../lib/gcc/avr32/4.4.7/../../../../avr32/lib/ucr3fp\libm.a(lib_a-w_atan2.o) (__ieee754_atan2)
c:/program files (x86)/atmel/atmel toolchain/avr32 gcc/native/3.4.2.1002/avr32-gnu-toolchain/bin/../lib/gcc/avr32/4.4.7/../../../../avr32/lib/ucr3fp\libm.a(lib_a-e_fmod.o)
                              c:/program files (x86)/atmel/atmel toolchain/avr32 gcc/native/3.4.2.1002/avr32-gnu-toolchain/bin/../lib/gcc/avr32/4.4.7/../../../../avr32/lib/ucr3fp\libm.a(lib_a-w_fmod.o) (__ieee754_fmod)
c:/program files (x86)/atmel/atmel toolchain/avr32 gcc/native/3.4.2.1002/avr32-gnu-toolchain/bin/../lib/gcc/avr32/4.4.7/../../../../avr32/lib/ucr3fp\libm.a(lib_a-e_pow.o)
                              c:/program files (x86)/atmel/atmel toolchain/avr32 gcc/native/3.4.2.1002/avr32-gnu-toolchain/bin/../lib/gcc/avr32/4.4.7/../../../../avr32/lib/ucr3fp\libm.a(lib_a-w_pow.o) (__ieee754_pow)
c:/program files (x86)/atmel/atmel toolchain/avr32 gcc/native/3.4.2.1002/avr32-gnu-toolchain/bin/../lib/gcc/avr32/4.4.7/../../../../avr32/lib/ucr3fp\libm.a(lib_a-e_rem_pio2.o)
                              c:/program files (x86)/atmel/atmel toolchain/avr32 gcc/native/3.4.2.1002/avr32-gnu-toolchain/bin/../lib/gcc/avr32/4.4.7/../../../../avr32/lib/ucr3fp\libm.a(lib_a-s_cos.o) (__ieee754_rem_pio2)
c:/program files (x86)/atmel/atmel toolchain/avr32 gcc/native/3.4.2.1002/avr32-gnu-toolchain/bin/../lib/gcc/avr32/4.4.7/../../../../avr32/lib/ucr3fp\libm.a(lib_a-e_sqrt.o)
                              c:/program files (x86)/atmel/atmel toolchain/avr32 gcc/native/3.4.2.1002/avr32-gnu-toolchain/bin/../lib/gcc/avr32/4.4.7/../../../../avr32/lib/ucr3fp\libm.a(lib_a-w_sqrt.o) (__ieee754_sqrt)
c:/program files (x86)/atmel/atmel toolchain/avr32 gcc/native/3.4.2.1002/avr32-gnu-toolchain/bin/../lib/gcc/avr32/4.4.7/../../../../avr32/lib/ucr3fp\libm.a(lib_a-ef_acos.o)
                              c:/program files (x86)/atmel/atmel toolchain/avr32 gcc/native/3.4.2.1002/avr32-gnu-toolchain/bin/../lib/gcc/avr32/4.4.7/../../../../avr32/lib/ucr3fp\libm.a(lib_a-wf_acos.o) (__ieee754_acosf)
c:/program files (x86)/atmel/atmel toolchain/avr32 gcc/native/3.4.2.1002/avr32-gnu-toolchain/bin/../lib/gcc/avr32/4.4.7/../../../../avr32/lib/ucr3fp\libm.a(lib_a-ef_sqrt.o)
[...]
Memory Configuration

Name             Origin             Length             Attributes
FLASH            0x80000000         0x00080000         axrl !w
CPUSRAM          0x00000004         0x0000fffc         axw !rl
USERPAGE         0x80800000         0x00000200
FACTORYPAGE      0x80800200         0x00000200
FLASHVAULT_FLASH_SIZE 0x80800400         0x00000008         r
FLASHVAULT_RAM_SIZE 0x80800408         0x00000008         r
*default*        0x00000000         0xffffffff

Linker script and memory map

                0x00001000                _stack_size = 0x1000
LOAD Library/communication/mavlink_waypoint_handler.o
LOAD Library/control/adaptive_parameter.o
LOAD Library/control/orca.o
LOAD Library/control/pid_control.o
LOAD Library/control/stabilisation_copter.o
LOAD Library/control/stabilisation_hybrid.o
LOAD Library/hal/analog_monitor.o
LOAD Library/hal/i2c_driver_int.o
LOAD Library/hal/lsm330dlc_driver.o
LOAD Library/hal/time_keeper.o
LOAD Library/sensing/estimator.o
LOAD Library/sensing/neighbor_selection.o
LOAD Library/sensing/position_estimation.o
LOAD Library/sensing/qfilter.o
LOAD Library/util/quick_trig.o
LOAD src/central_data.o
LOAD src/mavlink_actions.o
LOAD src/tasks.o
LOAD Library/communication/ishtar.o
LOAD Library/communication/ishtar_stream.o
LOAD Library/communication/mavlink_stream.o
LOAD Library/communication/onboard_parameters.o
LOAD Library/control/navigation.o
LOAD Library/control/stabilisation.o
LOAD Library/hal/adc_int.o
LOAD Library/hal/ads1274.o
LOAD Library/hal/adxl345_driver.o
LOAD Library/hal/amplifiers.o
LOAD Library/hal/bmp085.o
LOAD Library/hal/compass_hmc5883l.o
LOAD Library/hal/dac_dma.o
LOAD Library/hal/itg3200_driver.o
LOAD Library/hal/led.o
LOAD Library/hal/radar_module_driver.o
LOAD Library/hal/servo_pwm.o
LOAD Library/hal/remote_dsm2.o
LOAD Library/hal/spi_buffered.o
LOAD Library/hal/uart_int.o
LOAD Library/runtime/scheduler.o
LOAD Library/sensing/gps_ublox.o
LOAD Library/sensing/imu.o
LOAD Library/sensing/simulation.o
LOAD Library/util/buffer.o
LOAD Library/util/coord_conventions.o
LOAD Library/util/generator.o
LOAD Library/util/print_util.o
LOAD Library/util/sinus.o
LOAD src/asf/avr32/drivers/adcifa/adcifa.o
LOAD src/asf/avr32/drivers/ast/ast.o
LOAD src/asf/avr32/drivers/dacifb/dacifb.o
LOAD src/asf/avr32/drivers/eic/eic.o
LOAD src/asf/avr32/drivers/flashc/flashc.o
LOAD src/asf/avr32/drivers/gpio/gpio.o
LOAD src/asf/avr32/drivers/intc/exception.o
LOAD src/asf/avr32/drivers/intc/intc.o
LOAD src/asf/avr32/drivers/pdca/pdca.o
LOAD src/asf/avr32/drivers/pevc/pevc.o
LOAD src/asf/avr32/drivers/pm/pm_uc3c.o
LOAD src/asf/avr32/drivers/pm/power_clocks_lib.o
LOAD src/asf/avr32/drivers/pwm/pwm4.o
LOAD src/asf/avr32/drivers/scif/scif_uc3c.o
LOAD src/asf/avr32/drivers/spi/spi.o
LOAD src/asf/avr32/drivers/tc/tc.o
LOAD src/asf/avr32/drivers/twim/twim.o
LOAD src/asf/avr32/drivers/usart/usart.o
LOAD src/asf/avr32/drivers/usbc/usbc_device.o
LOAD src/asf/avr32/services/delay/delay.o
LOAD src/asf/avr32/utils/startup/startup_uc3.o
LOAD src/asf/avr32/utils/startup/trampoline_uc3.o
LOAD src/asf/common/boards/user_board/init.o
LOAD src/asf/common/services/clock/uc3c/osc.o
LOAD src/asf/common/services/clock/uc3c/pll.o
LOAD src/asf/common/services/clock/uc3c/sysclk.o
LOAD src/asf/common/services/sleepmgr/uc3/sleepmgr.o
LOAD src/asf/common/services/spi/uc3_spi/spi_master.o
LOAD src/asf/common/services/usb/class/cdc/device/udi_cdc.o
LOAD src/asf/common/services/usb/class/cdc/device/udi_cdc_desc.o
LOAD src/asf/common/services/usb/udc/udc.o
LOAD src/asf/common/utils/stdio/read.o
LOAD src/asf/common/utils/stdio/stdio_usb/stdio_usb.o
LOAD src/asf/common/utils/stdio/write.o
LOAD src/boardsupport.o
LOAD src/main.o
START GROUP
LOAD c:/program files (x86)/atmel/atmel toolchain/avr32 gcc/native/3.4.2.1002/avr32-gnu-toolchain/bin/../lib/gcc/avr32/4.4.7/../../../../avr32/lib/ucr3fp\libm.a
END GROUP
LOAD c:/program files (x86)/atmel/atmel toolchain/avr32 gcc/native/3.4.2.1002/avr32-gnu-toolchain/bin/../lib/gcc/avr32/4.4.7/ucr3fp\libgcc.a
LOAD c:/program files (x86)/atmel/atmel toolchain/avr32 gcc/native/3.4.2.1002/avr32-gnu-toolchain/bin/../lib/gcc/avr32/4.4.7/../../../../avr32/lib/ucr3fp\libc.a
LOAD c:/program files (x86)/atmel/atmel toolchain/avr32 gcc/native/3.4.2.1002/avr32-gnu-toolchain/bin/../lib/gcc/avr32/4.4.7/ucr3fp\libgcc.a
                0x80000000                PROVIDE (__executable_start, 0x80000000)
                0x80000000                . = 0x80000000

.interp
 *(.interp)

.reset          0x80000000     0x2008
 *(.reset)
 .reset         0x80000000     0x2008 src/asf/avr32/utils/startup/trampoline_uc3.o
                0x80000000                _trampoline

.hash
 *(.hash)

.dynsym
 *(.dynsym)

.dynstr
 *(.dynstr)

.gnu.version
 *(.gnu.version)

.gnu.version_d
 *(.gnu.version_d)

.gnu.version_r
 *(.gnu.version_r)

.rel.init
 *(.rel.init)

.rela.init
 *(.rela.init)

.rel.text
 *(.rel.text .rel.text.* .rel.gnu.linkonce.t.*)

.rela.text
 *(.rela.text .rela.text.* .rela.gnu.linkonce.t.*)

.rel.fini
 *(.rel.fini)

.rela.fini
 *(.rela.fini)

.rel.rodata
 *(.rel.rodata .rel.rodata.* .rel.gnu.linkonce.r.*)

.rela.rodata
 *(.rela.rodata .rela.rodata.* .rela.gnu.linkonce.r.*)

.rel.data.rel.ro
 *(.rel.data.rel.ro*)

.rela.data.rel.ro
 *(.rel.data.rel.ro*)

.rel.data
 *(.rel.data .rel.data.* .rel.gnu.linkonce.d.*)

.rela.data
 *(.rela.data .rela.data.* .rela.gnu.linkonce.d.*)

.rel.tdata
 *(.rel.tdata .rel.tdata.* .rel.gnu.linkonce.td.*)

.rela.tdata
 *(.rela.tdata .rela.tdata.* .rela.gnu.linkonce.td.*)

.rel.tbss
 *(.rel.tbss .rel.tbss.* .rel.gnu.linkonce.tb.*)

.rela.tbss
 *(.rela.tbss .rela.tbss.* .rela.gnu.linkonce.tb.*)

.rel.ctors
 *(.rel.ctors)

.rela.ctors
 *(.rela.ctors)

.rel.dtors
 *(.rel.dtors)

.rela.dtors
 *(.rela.dtors)

.rel.got
 *(.rel.got)

.rela.got       0x80002008        0x0
 *(.rela.got)
 .rela.got      0x80002008        0x0 Library/communication/mavlink_waypoint_handler.o

.rel.bss
 *(.rel.bss .rel.bss.* .rel.gnu.linkonce.b.*)

.rela.bss
 *(.rela.bss .rela.bss.* .rela.gnu.linkonce.b.*)

.rel.plt
 *(.rel.plt)

.rela.plt
 *(.rela.plt)

.init
 *(.init)

.plt
 *(.plt)

.text           0x80002008    0x2f6de
 *(.text .stub .text.* .gnu.linkonce.t.*)
 .text          0x80002008     0x3414 Library/communication/mavlink_waypoint_handler.o
                0x80002fec                init_waypoint_handler
                0x80003084                init_wp
                0x800033aa                init_waypoint_list
                0x800036e8                send_count
                0x800037d6                send_waypoint
                0x80003a78                receive_ack_msg
                0x80003b36                receive_count
                0x80003d26                receive_waypoint
                0x80004060                set_current_wp
                0x80004194                clear_waypoint_list
                0x8000423c                set_mav_mode
                0x80004408                control_time_out_waypoint_msg
                0x80004562                set_waypoint_from_frame
                0x80004b78                wp_hold_init
                0x80004ce4                waypoint_hold_position_handler
                0x80004d62                waypoint_navigation_handler
                0x800051f0                waypoint_critical_handler
 .text          0x8000541c     0x28c0 Library/control/orca.o
                0x80005964                init_orca
                0x80005a08                computeNewVelocity
                0x8000640c                linearProgram1
                0x800068c0                linearProgram2
                0x8000723c                linearProgram3
                0x8000752c                linearProgram4
 .text          0x80007cdc      0x5b4 Library/control/pid_control.o
                0x80007e58                passthroughController
                0x80007edc                integrate
                0x80007f44                initInt
                0x80007f88                resetInt
                0x80007fa2                initDiff
                0x80007fde                differentiate
                0x80008080                pid_update
                0x80008198                pid_update_dt
 .text          0x80008290      0x9d8 Library/control/stabilisation_copter.o
                0x80008558                init_stabilisation_copter
                0x800085b8                cascade_stabilise_copter
                0x80008934                mix_to_servos_diag_quad
                0x80008ae4                mix_to_servos_cross_quad
 .text          0x80008c68      0x1f8 Library/hal/analog_monitor.o
                0x80008c68                init_analog_monitor
                0x80008cb0                trigger_analog_monitor
                0x80008cd4                get_monitored_avg
                0x80008d50                get_battery_rail
                0x80008d94                get_internal_rail
                0x80008dd8                get_6V_analog_rail
                0x80008e1c                get_5V_analog_rail
 .text          0x80008e60      0x568 Library/hal/i2c_driver_int.o
                0x800090e0                init_i2c
                0x800091c4                i2c_reset
                0x80009258                i2c_trigger_request
 .text          0x800093c8      0x100 Library/hal/time_keeper.o
                0x800093c8                init_time_keeper
                0x800093f0                get_time
                0x80009420                get_millis
                0x8000944c                get_micros
                0x80009468                get_time_ticks
                0x80009488                ticks_to_seconds
 .text          0x800094c8     0x41c8 Library/sensing/estimator.o
                0x80009598                e_init
                0x800097c4                init_pos_gps_estimator
                0x80009848                e_kalman_init
                0x800099cc                e_predict
                0x80009cd8                quat_rot
                0x80009e8e                e_kalman_predict
                0x8000ab9c                e_kalman_predict_hf
                0x8000b130                e_kalman_update_position
                0x8000bd3c                e_kalman_update_speed
                0x8000c964                e_kalman_update_position_hf
                0x8000cef0                e_kalman_update_speed_hf
                0x8000d484                estimator_loop
 .text          0x8000d690      0x82c Library/sensing/neighbor_selection.o
                0x8000db00                init_neighbors
                0x8000db5a                read_msg_from_neighbors
 .text          0x8000debc     0x1364 Library/sensing/position_estimation.o
                0x8000e308                init_pos_integration
                0x8000e3c8                init_pos_gps
                0x8000e56e                init_barometer_offset
                0x8000e644                position_reset_home_altitude
                0x8000e810                position_integration
                0x8000eb96                position_correction
 .text          0x8000f220     0x1428 Library/sensing/qfilter.o
                0x8000f7de                qfInit
                0x8000fb30                qfilter
 .text          0x80010648      0x2d8 src/central_data.o
                0x80010718                initialise_central_data
                0x80010880                get_central_data
                0x80010898                get_telemetry_upstream
                0x800108b4                get_telemetry_downstream
                0x800108d0                get_debug_stream
                0x800108ec                get_imu_data
                0x80010904                get_control_inputs_data
 .text          0x80010920     0x4438 src/mavlink_actions.o
                0x800121f4                mavlink_send_heartbeat
                0x80012310                mavlink_send_raw_imu
                0x80012414                mavlink_send_scaled_imu
                0x80012544                mavlink_send_rpy_rates_error
                0x80012594                mavlink_send_rpy_speed_thrust_setpoint
                0x800125e4                mavlink_send_rpy_thrust_setpoint
                0x80012634                mavlink_send_servo_output
                0x8001276c                mavlink_send_attitude_quaternion
                0x800127e8                mavlink_send_attitude
                0x80012870                mavlink_send_global_position
                0x80012a14                mavlink_send_hud
                0x80012b70                mavlink_send_gps_raw
                0x80012d8c                mavlink_send_pressure
                0x80012e78                mavlink_send_radar
                0x80012ee0                mavlink_send_estimator
                0x80012fa8                mavlink_send_kalman_estimator
                0x80013124                mavlink_send_raw_rc_channels
                0x80013220                mavlink_send_scaled_rc_channels
                0x8001350a                mavlink_send_simulation
                0x800138c8                send_rt_stats
                0x80013de0                add_PID_parameters
                0x800142b8                control_waypoint_timeout
                0x8001432e                handle_specific_messages
                0x800146a8                receive_message_long
                0x80014b80                init_mavlink_actions
 .text          0x80014d58     0x11b0 src/tasks.o
                0x800150dc                get_main_taskset
                0x800150f4                run_imu_update
                0x80015140                rc_user_channels
                0x8001533c                set_mav_mode_n_state
                0x800156e4                run_stabilisation
                0x80015b08                gps_task
                0x80015b58                run_estimator
                0x80015b70                run_navigation_task
                0x80015d9c                run_barometer
                0x80015e5c                create_tasks
 .text          0x80015f08      0xe84 Library/communication/mavlink_stream.o
                0x80016868                comm_send_ch
                0x800168ac                mavlink_receive_handler
                0x800168e8                init_mavlink
                0x80016980                flush_mavlink
                0x800169b4                mavlink_protocol_update
                0x80016a08                get_mavlink_taskset
                0x80016a20                suspend_downstream
                0x80016a80                mavlink_receive
                0x80016b48                handle_mavlink_message
 .text          0x80016d8c     0x12a4 Library/communication/onboard_parameters.o
                0x80017464                init_onboard_parameters
                0x80017494                add_parameter_uint8
                0x80017578                add_parameter_uint32
                0x8001765c                add_parameter_int32
                0x80017740                add_parameter_float
                0x80017824                send_all_parameters
                0x80017878                send_all_parameters_now
                0x80017938                send_scheduled_parameters
                0x80017a18                send_parameter
                0x80017b6c                receive_parameter
                0x80017d7a                read_parameters_from_flashc
                0x80017f00                write_parameters_to_flashc
 .text          0x80018030      0xb80 Library/control/navigation.o
                0x80018508                init_nav
                0x80018564                run_navigation
                0x800185b8                set_rel_pos_n_dist2wp
                0x80018640                set_speed_command
                0x8001893c                low_speed_nav
                0x80018b08                high_speed_nav
 .text          0x80018bb0      0x128 Library/control/stabilisation.o
                0x80018c34                stabilise
 .text          0x80018cd8      0x56c Library/hal/adc_int.o
                0x80018ec8                Init_ADCI
                0x80018fb8                clear_adc_sequencer
                0x80018fe4                adc_sequencer_add
                0x800190bc                ADCI_Start_Sampling
                0x8001917c                ADCI_Stop_Sampling
                0x8001919c                ADCI_Sampling_Complete
                0x800191c4                ADCI_get_sample
                0x8001920c                ADCI_get_buffer
                0x80019228                ADCI_get_sampling_status
 .text          0x80019244      0x464 Library/hal/ads1274.o
                0x80019340                get_interrupt_counter
                0x8001935c                processData
                0x80019460                set_DAC_generator_function
                0x80019484                get_sample
                0x800194c0                get_sampling_status
                0x800194dc                Init_ADC
                0x800195c8                ADC_Switch_Clock
                0x80019628                ADC_Switch_Channel
                0x80019640                ADC_Set_Mode
                0x80019652                ADC_Start_Oneshot
                0x8001966c                ADC_Stop_Sampling
                0x80019676                Sampling_Complete
                0x80019680                eic_nmi_handler
 .text          0x800196a8      0x170 Library/hal/adxl345_driver.o
                0x8001972c                init_adxl345_slow
                0x80019770                get_acc_data_slow
 .text          0x80019818      0xa98 Library/hal/bmp085.o
                0x800199e8                bmp085_read_int
                0x80019a30                init_bmp085
                0x80019ae2                init_bmp085_slow
                0x80019c38                get_pressure_data_slow
                0x8001a270                newValidBarometer
 .text          0x8001a2b0       0xb4 Library/hal/compass_hmc5883l.o
                0x8001a2b0                init_hmc5883_slow
                0x8001a2e0                get_compass_data_slow
 .text          0x8001a364      0x3b4 Library/hal/dac_dma.o
                0x8001a458                init_pevc
                0x8001a490                init_gclk
                0x8001a4ea                Init_DAC
                0x8001a5c0                DAC_load_buffer
                0x8001a674                DAC_play
                0x8001a6d0                DAC_pause
                0x8001a6da                DAC_resume
                0x8001a6e4                DAC_is_finished
                0x8001a6f2                DAC_set_value
 .text          0x8001a718       0xfc Library/hal/itg3200_driver.o
                0x8001a79c                init_itg3200_slow
                0x8001a7cc                get_gyro_data_slow
 .text          0x8001a814      0x500 Library/hal/led.o
                0x8001a814                LED_Read_Display
                0x8001a830                LED_Display
                0x8001a8e0                LED_Read_Display_Mask
                0x8001a90c                LED_Display_Mask
                0x8001aa14                LED_Test
                0x8001aa44                LED_Off
                0x8001aafc                LED_On
                0x8001abb8                LED_Toggle
                0x8001ac70                LED_Read_Display_Field
                0x8001aca8                LED_Display_Field
                0x8001ace4                LED_Get_Intensity
                0x8001acfa                LED_Set_Intensity
 .text          0x8001ad14      0x144 Library/hal/radar_module_driver.o
                0x8001ad98                init_radar_modules
                0x8001adba                read_radar
                0x8001ae40                get_radar_main_target
 .text          0x8001ae58      0x258 Library/hal/servo_pwm.o
                0x8001ae58                init_Servos
                0x8001af90                set_servo
                0x8001b04a                set_servos
 .text          0x8001b0b0      0x598 Library/hal/remote_dsm2.o
                0x8001b2e4                rc_init
                0x8001b394                rc_get_channel
                0x8001b3cc                rc_get_channel_neutral
                0x8001b464                rc_center_channel
                0x8001b498                checkReceiver1
                0x8001b578                checkReceiver2
                0x8001b628                rc_check_receivers
 .text          0x8001b648      0xda8 Library/hal/spi_buffered.o
                0x8001b84c                get_spi_in_buffer
                0x8001b87c                spi0_int_handler
                0x8001b898                spi1_int_handler
                0x8001b928                initSPI
                0x8001bab8                enableSPI
                0x8001baec                disableSPI
                0x8001bb20                spiInitDMA
                0x8001bb9c                spiTriggerDMA
                0x8001bc48                setSPIcallBack
                0x8001bc80                pauseSPI
                0x8001bcb4                resumeSPI
                0x8001bcf0                activateReceiveSPI
                0x8001bd24                deactivateReceiveSPI
                0x8001bd58                getTraffic
                0x8001bd8c                readSPI
                0x8001be44                clearSPIReadBuffer
                0x8001be88                writeSPI
                0x8001bf40                SPItransmit
                0x8001c0a4                startSPI
                0x8001c16c                SPITransferFinished
                0x8001c1bc                SPIFlushBuffer
                0x8001c214                SPIBytesAvailable
                0x8001c26c                spi_handler
 .text          0x8001c3f0      0x8f0 Library/hal/uart_int.o
                0x8001c8ec                register_UART_handler
                0x8001c98c                init_UART_int
                0x8001cb1c                uart_int_get_byte
                0x8001cb48                uart_int_bytes_available
                0x8001cb74                uart_int_send_byte
                0x8001cbd4                uart_int_flush
                0x8001cc0c                uart_out_buffer_empty
                0x8001cc3c                get_UART_handle
                0x8001cc6c                register_write_stream
                0x8001ccbc                register_read_stream
 .text          0x8001cce0      0xac0 Library/runtime/scheduler.o
                0x8001cce0                init_scheduler
                0x8001cd5c                register_task
                0x8001cee4                add_task
                0x8001cfa4                sort_taskset_by_period
                0x8001d212                run_scheduler_update
                0x8001d628                get_task_by_id
                0x8001d6ac                get_task_by_index
                0x8001d6f2                change_run_mode
                0x8001d712                change_task_period
                0x8001d74c                suspend_task
                0x8001d77c                run_task_now
 .text          0x8001d7a0     0x29f0 Library/sensing/gps_ublox.o
                0x8001d870                init_gps_ubx
                0x8001db6e                ubx_read
                0x8001eb46                ubx_process_data
                0x8001f638                update_checksum
                0x8001f6b2                endian_lower_bytes_uint16
                0x8001f6ce                endian_higher_bytes_uint16
                0x8001f6ee                ubx_send_header
                0x8001f7d4                ubx_send_cksum
                0x8001f828                ubx_send_message
                0x8001f908                ubx_send_message_CFG_nav_rate
                0x8001fa88                ubx_send_message_nav_settings
                0x8001fb64                ubx_configure_message_rate
                0x8001fc96                configure_gps
                0x8001fd38                gps_update
                0x8001ff4c                newValidGpsMsg
                0x8001ffa4                ubx_GetPosllh
                0x8001ffcc                ubx_GetStatus
                0x8001fff4                ubx_GetSolution
                0x8002001c                ubx_GetVelned
                0x80020044                ubx_GetSVInfo
                0x8002006c                ubx_GetNavSettings
                0x80020094                ubx_GetMsgRate
                0x800200bc                ubx_GetMonRXR
                0x800200e4                ubx_GetTimTP
                0x8002010c                ubx_GetTimVRFY
                0x80020134                ToRad
 .text          0x80020190      0x548 Library/sensing/imu.o
                0x80020214                init_imu
                0x8002036c                imu_get_raw_data
                0x80020450                calibrate_Gyros
                0x800205fc                imu_update
 .text          0x800206d8     0x1a88 Library/sensing/simulation.o
                0x80020db8                init_simulation
                0x80021054                forces_from_servos_diag_quad
                0x800214b4                forces_from_servos_cross_quad
                0x800214ca                simu_update
                0x80022050                simulate_barometer
                0x800220a8                simulate_gps
 .text          0x80022160      0x318 Library/util/buffer.o
                0x80022160                buffer_full
                0x8002218e                buffer_put_lossy
                0x80022228                buffer_put
                0x800222b8                buffer_get
                0x8002231e                buffer_empty
                0x80022348                buffer_bytes_available
                0x80022378                buffer_init
                0x800223a8                buffer_clear
                0x800223d8                make_buffered_stream
                0x80022428                make_buffered_stream_lossy
 .text          0x80022478      0x594 Library/util/coord_conventions.o
                0x800224fc                local_to_global_position
                0x8002266c                global_to_local_position
                0x8002283c                Quat_to_Aero
                0x80022988                get_yaw
 .text          0x80022a0c      0x69c Library/util/print_util.o
                0x80022a90                dbg_print_init
                0x80022ab4                putstring
                0x80022b14                putdigit
                0x80022b7c                putnum
                0x80022c6c                putnum_tight
                0x80022d4e                putfloat
                0x80022e58                print_vector
                0x80022ee4                print_quaternion
                0x80022f54                dbg_print
                0x80022f80                dbg_print_num
                0x80022fb8                dbg_putfloat
                0x80022fec                dbg_print_vector
                0x80023020                dbg_print_quaternion
                0x80023056                dbg_log_value
 .text          0x800230a8      0x938 src/asf/avr32/drivers/adcifa/adcifa.o
                0x800230a8                adcifa_get_calibration_data
                0x8002313c                adcifa_configure
                0x8002327c                adcifa_configure_sequencer
                0x80023674                adcifa_configure_window_monitor
                0x80023788                adcifa_start_sequencer
                0x800237cc                adcifa_check_eoc
                0x80023816                adcifa_check_eos
                0x8002385e                adcifa_get_values_from_sequencer
                0x80023938                adcifa_start_itimer
                0x80023962                adcifa_stop_itimer
                0x8002397c                adcifa_enable_interrupt
                0x8002399e                adcifa_disable_interrupt
                0x800239c0                adcifa_clear_interrupt
 .text          0x800239e0      0x4c0 src/asf/avr32/drivers/ast/ast.o
                0x80023a20                ast_init_calendar
                0x80023a94                ast_init_counter
                0x80023af0                ast_enable
                0x80023b34                ast_set_calendar_value
                0x80023b78                ast_set_counter_value
                0x80023bb8                ast_get_calendar_value
                0x80023bda                ast_get_counter_value
                0x80023bf4                ast_set_alarm0_value
                0x80023c14                ast_set_alarm1_value
                0x80023c34                ast_enable_alarm0
                0x80023c78                ast_disable_alarm0
                0x80023cbc                ast_enable_alarm1
                0x80023d00                ast_disable_alarm1
                0x80023d44                ast_set_periodic0_value
                0x80023d64                ast_set_periodic1_value
                0x80023d84                ast_enable_periodic0
                0x80023dc8                ast_disable_periodic0
                0x80023e10                ast_enable_periodic1
                0x80023e58                ast_disable_periodic1
 .text          0x80023ea0      0x8c0 src/asf/avr32/drivers/dacifb/dacifb.o
                0x80023ffc                dacifb_get_calibration_data
                0x80024092                dacifb_configure
                0x800241e0                dacifb_configure_channel
                0x800245ba                dacifb_start_channel
                0x80024630                dacifb_check_eoc
                0x80024652                dacifb_set_value
                0x800246c2                dacifb_reload_timer
 .text          0x80024760      0x52c src/asf/avr32/drivers/eic/eic.o
                0x80024798                eic_init
                0x80024a16                eic_enable_lines
                0x80024a36                eic_enable_line
                0x80024a5e                eic_disable_lines
                0x80024a7e                eic_disable_line
                0x80024aa6                eic_is_line_enabled
                0x80024ad6                eic_enable_interrupt_lines
                0x80024af6                eic_enable_interrupt_line
                0x80024b1e                eic_disable_interrupt_lines
                0x80024b5c                eic_disable_interrupt_line
                0x80024ba4                eic_is_interrupt_line_enabled
                0x80024bd4                eic_clear_interrupt_lines
                0x80024c14                eic_clear_interrupt_line
                0x80024c5c                eic_is_interrupt_line_pending
 .text          0x80024c8c     0x1bbc src/asf/avr32/drivers/flashc/flashc.o
                0x80024c8c                flashc_get_flash_size
                0x80024cb4                flashc_get_page_count
                0x80024cd0                flashc_get_page_count_per_region
                0x80024cec                flashc_get_page_region
                0x80024d28                flashc_get_region_first_page_number
                0x80024d54                flashc_get_wait_state
                0x80024d6c                flashc_set_wait_state
                0x80024db2                flashc_set_bus_freq
                0x80024dec                flashc_is_ready_int_enabled
                0x80024e04                flashc_enable_ready_int
                0x80024e42                flashc_is_lock_error_int_enabled
                0x80024e5c                flashc_enable_lock_error_int
                0x80024e9a                flashc_is_prog_error_int_enabled
                0x80024eb4                flashc_enable_prog_error_int
                0x80024ef2                flashc_is_ready
                0x80024f0a                flashc_default_wait_until_ready
                0x80024f42                flashc_is_lock_error
                0x80024f64                flashc_is_programming_error
                0x80024f88                flashc_get_command
                0x80024f9e                flashc_get_page_number
                0x80024fba                flashc_issue_command
                0x80025044                flashc_no_operation
                0x80025060                flashc_erase_all
                0x8002507c                flashc_is_security_bit_active
                0x80025096                flashc_activate_security_bit
                0x800250b0                flashc_get_bootloader_protected_size
                0x800250f4                flashc_set_bootloader_protected_size
                0x80025190                flashc_is_external_privileged_fetch_locked
                0x800251b4                flashc_lock_external_privileged_fetch
                0x800251e4                flashc_is_page_region_locked
                0x80025214                flashc_is_region_locked
                0x80025246                flashc_lock_page_region
                0x80025284                flashc_lock_region
                0x800252bc                flashc_lock_all_regions
                0x80025324                flashc_read_gp_fuse_bit
                0x80025388                flashc_read_gp_fuse_bitfield
                0x80025458                flashc_read_gp_fuse_byte
                0x800254bc                flashc_read_all_gp_fuses
                0x800254f0                flashc_erase_gp_fuse_bit
                0x8002553c                flashc_erase_gp_fuse_bitfield
                0x80025654                flashc_erase_gp_fuse_byte
                0x80025728                flashc_erase_all_gp_fuses
                0x80025770                flashc_write_gp_fuse_bit
                0x800257ac                flashc_write_gp_fuse_bitfield
                0x8002587c                flashc_write_gp_fuse_byte
                0x800258b8                flashc_write_all_gp_fuses
                0x8002593c                flashc_set_gp_fuse_bit
                0x80025980                flashc_set_gp_fuse_bitfield
                0x80025a50                flashc_set_gp_fuse_byte
                0x80025acc                flashc_set_all_gp_fuses
                0x80025b38                flashc_clear_page_buffer
                0x80025b54                flashc_is_page_erased
                0x80025b6e                flashc_quick_page_read
                0x80025b9c                flashc_erase_page
                0x80025c08                flashc_erase_all_pages
                0x80025c90                flashc_write_page
                0x80025cb4                flashc_quick_user_page_read
                0x80025cd8                flashc_erase_user_page
                0x80025d14                flashc_write_user_page
                0x80025d30                flashc_memset8
                0x80025d84                flashc_memset16
                0x80025dd4                flashc_memset32
                0x80025e34                flashc_memset64
                0x80026254                flashc_memcpy
                0x800267e0                flashc_set_flash_waitstate_and_readmode
 .text          0x80026848     0x10d0 src/asf/avr32/drivers/gpio/gpio.o
                0x80026848                gpio_enable_module
                0x800268c0                gpio_enable_module_pin
                0x80026b60                gpio_enable_gpio
                0x80026bb4                gpio_enable_gpio_pin
                0x80026c04                gpio_enable_pin_pull_up
                0x80026c56                gpio_disable_pin_pull_up
                0x80026c90                gpio_enable_pin_pull_down
                0x80026ce2                gpio_disable_pin_pull_down
                0x80026d1c                gpio_enable_pin_buskeeper
                0x80026d6e                gpio_disable_pin_buskeeper
                0x80026dc0                gpio_configure_pin
                0x8002709a                gpio_configure_group
                0x80027262                gpio_get_pin_value
                0x8002729c                gpio_get_gpio_pin_output_value
                0x800272d6                gpio_get_gpio_open_drain_pin_output_value
                0x80027312                gpio_set_gpio_pin
                0x8002737a                gpio_set_pin_high
                0x800273b4                gpio_set_group_high
                0x800273e4                gpio_set_pin_low
                0x8002741e                gpio_clr_gpio_pin
                0x80027486                gpio_set_group_low
                0x800274b6                gpio_tgl_gpio_pin
                0x8002751e                gpio_toggle_pin
                0x80027558                gpio_toggle_group
                0x80027588                gpio_set_gpio_open_drain_pin
                0x800275d8                gpio_clr_gpio_open_drain_pin
                0x80027640                gpio_tgl_gpio_open_drain_pin
                0x800276a8                gpio_enable_pin_glitch_filter
                0x800276e2                gpio_disable_pin_glitch_filter
                0x800277f0                gpio_enable_pin_interrupt
                0x80027868                gpio_disable_pin_interrupt
                0x800278a2                gpio_get_pin_interrupt_flag
                0x800278de                gpio_clear_pin_interrupt_flag
 .text          0x80027918      0x194 src/asf/avr32/drivers/intc/intc.o
                0x80027920                _get_interrupt_handler
                0x800279b0                INTC_init_interrupts
                0x80027a40                INTC_register_interrupt
 .text          0x80027aac      0x5f4 src/asf/avr32/drivers/pdca/pdca.o
                0x80027acc                pdca_get_handler
                0x80027b00                pdca_init_channel
                0x80027bd4                pdca_get_channel_status
                0x80027c08                pdca_disable
                0x80027c38                pdca_enable
                0x80027c68                pdca_get_load_size
                0x80027c98                pdca_load_channel
                0x80027d18                pdca_get_reload_size
                0x80027d48                pdca_reload_channel
                0x80027dc8                pdca_set_peripheral_select
                0x80027e00                pdca_set_transfer_size
                0x80027e44                pdca_disable_event_trigger
                0x80027e7c                pdca_enable_event_trigger
                0x80027eb4                pdca_disable_interrupt_transfer_error
                0x80027f18                pdca_enable_interrupt_transfer_error
                0x80027f48                pdca_disable_interrupt_transfer_complete
                0x80027fac                pdca_enable_interrupt_transfer_complete
                0x80027fdc                pdca_disable_interrupt_reload_counter_zero
                0x80028040                pdca_enable_interrupt_reload_counter_zero
                0x80028070                pdca_get_transfer_status
 .text          0x800280a0      0x688 src/asf/avr32/drivers/pevc/pevc.o
                0x800280a0                pevc_channel_configure
                0x8002819e                pevc_igfd_set
                0x800281c4                pevc_channels_enable
                0x80028204                pevc_channels_disable
                0x80028244                pevc_get_channel_status
                0x800282ae                pevc_get_channel_state
                0x80028318                pevc_channel_sev_enable
                0x8002834a                pevc_channels_trigger_sev
                0x8002838e                pevc_channel_sev_disable
                0x800283c0                pevc_channels_enable_trigger_interrupt
                0x80028404                pevc_channels_disable_trigger_interrupt
                0x80028448                pevc_channel_is_trigger_interrupt_enabled
                0x800284b6                pevc_channel_is_trigger_interrupt_raised
                0x80028520                pevc_channel_clear_trigger_interrupt
                0x80028572                pevc_channels_enable_overrun_interrupt
                0x800285b6                pevc_channels_disable_overrun_interrupt
                0x800285fa                pevc_channel_is_overrun_interrupt_enabled
                0x80028668                pevc_channel_is_overrun_interrupt_raised
                0x800286d6                pevc_channel_clear_overrun_interrupt
 .text          0x80028728      0xfe0 src/asf/avr32/drivers/scif/scif_uc3c.o
                0x8002878e                scif_read_gplp
                0x800287b0                scif_write_gplp
                0x800287ea                scif_start_osc
                0x80028924                scif_is_osc_ready
                0x8002895e                scif_stop_osc
                0x800289dc                scif_configure_osc_crystalmode
                0x80028b38                scif_configure_osc_extmode
                0x80028bd8                scif_enable_osc
                0x80028cc4                scif_enable_extosc
                0x80028d64                scif_pll_setup
                0x80028ec0                scif_pll_enable
                0x80028f60                scif_pll_disable
                0x80029000                scif_wait_for_pll_locked
                0x80029038                scif_start_osc32
                0x80029100                scif_stop_osc32
                0x80029168                scif_start_rc8M
                0x800291cc                scif_stop_rc8M
                0x80029230                scif_start_rc120M
                0x8002927c                scif_stop_rc120M
                0x800292e0                scif_start_gclk
                0x80029350                scif_stop_gclk
                0x800293ba                scif_gc_setup
                0x80029480                scif_gc_enable
                0x800294c8                scif_bod18_enable_irq
                0x800294da                scif_bod18_disable_irq
                0x8002952c                scif_bod18_clear_irq
                0x8002953e                scif_bod18_get_irq_status
                0x80029556                scif_bod18_get_irq_enable_bit
                0x8002956e                scif_bod18_get_level
                0x80029584                scif_bod33_enable_irq
                0x80029598                scif_bod33_disable_irq
                0x800295ec                scif_bod33_clear_irq
                0x80029600                scif_bod33_get_irq_status
                0x80029618                scif_bod33_get_irq_enable_bit
                0x80029630                scif_bod33_get_level
                0x80029646                scif_bod50_enable_irq
                0x8002965a                scif_bod50_disable_irq
                0x800296ac                scif_bod50_clear_irq
                0x800296c0                scif_bod50_get_irq_status
                0x800296d8                scif_bod50_get_irq_enable_bit
                0x800296f0                scif_bod50_get_level
 .text          0x80029708      0x730 src/asf/avr32/drivers/spi/spi.o
                0x80029708                getBaudDiv
                0x8002975c                spi_initSlave
                0x800297e6                spi_initTest
                0x80029818                spi_initMaster
                0x800298ac                spi_selectionMode
                0x80029940                spi_selectChip
                0x800299d8                spi_unselectChip
                0x80029a42                spi_setupChipReg
                0x80029bcc                spi_enable
                0x80029be6                spi_disable
                0x80029c00                spi_is_enabled
                0x80029c20                spi_writeRegisterEmptyCheck
                0x80029c40                spi_write
                0x80029c98                spi_variableSlaveWrite
                0x80029d30                spi_writeEndCheck
                0x80029d50                spi_readRegisterFullCheck
                0x80029d70                spi_read
                0x80029dce                spi_getStatus
 .text          0x80029e38      0xeb0 src/asf/avr32/drivers/twim/twim.o
                0x8002a168                twim_set_speed
                0x8002a210                twim_master_init
                0x8002a31c                twim_disable_interrupt
                0x8002a364                twim_probe
                0x8002a3a0                twim_read_packet
                0x8002a548                twim_read
                0x8002a684                twim_write_packet
                0x8002a854                twim_write
                0x8002a95c                twim_chained_transfer
                0x8002acb4                twim_status
 .text          0x8002ace8     0x1154 src/asf/avr32/drivers/usart/usart.o
                0x8002af7c                usart_reset
                0x8002aff0                usart_init_rs232
                0x8002b15c                usart_init_rs232_tx_only
                0x8002b2d8                usart_init_hw_handshaking
                0x8002b32c                usart_init_modem
                0x8002b384                usart_init_sync_master
                0x8002b508                usart_init_sync_slave
                0x8002b678                usart_init_rs485
                0x8002b6cc                usart_init_IrDA
                0x8002b73c                usart_init_iso7816
                0x8002b858                usart_init_lin_master
                0x8002b8bc                usart_init_lin_slave
                0x8002b920                usart_init_spi_master
                0x8002ba3c                usart_init_spi_slave
                0x8002bb44                usart_spi_selectChip
                0x8002bb64                usart_spi_unselectChip
                0x8002bbc0                usart_send_address
                0x8002bc30                usart_write_char
                0x8002bc74                usart_putchar
                0x8002bccc                usart_read_char
                0x8002bd1e                usart_getchar
                0x8002bd68                usart_write_line
                0x8002bdb8                usart_get_echo_line
 .text          0x8002be3c      0x17c src/asf/avr32/services/delay/delay.o
                0x8002be3c                delay_init
                0x8002be60                delay_ms
 .text._stext   0x8002bfb8       0x4c src/asf/avr32/utils/startup/startup_uc3.o
                                 0x50 (size before relaxing)
                0x8002bfb8                _stext
 .text          0x8002c004       0x24 src/asf/common/boards/user_board/init.o
                0x8002c004                board_init
 .text          0x8002c028      0x274 src/asf/common/services/clock/uc3c/osc.o
                0x8002c060                osc_priv_enable_osc0
                0x8002c09c                osc_priv_disable_osc0
                0x8002c0d4                osc_priv_enable_osc32
                0x8002c110                osc_priv_disable_osc32
                0x8002c14c                osc_priv_enable_rc8m
                0x8002c1cc                osc_priv_disable_rc8m
                0x8002c224                osc_priv_enable_rc120m
                0x8002c260                osc_priv_disable_rc120m
 .text          0x8002c29c      0x12c src/asf/common/services/clock/uc3c/pll.o
                0x8002c2d4                pll_config_write
                0x8002c328                pll_enable
                0x8002c37c                pll_disable
 .text          0x8002c3c8      0x7a4 src/asf/common/services/clock/uc3c/sysclk.o
                0x8002c828                sysclk_priv_enable_module
                0x8002c8a8                sysclk_priv_disable_module
                0x8002c92c                sysclk_set_prescalers
                0x8002ca34                sysclk_set_source
                0x8002ca78                sysclk_enable_usb
                0x8002cadc                sysclk_disable_usb
                0x8002caf4                sysclk_init
 .text          0x8002cb6c      0x768 src/asf/common/services/spi/uc3_spi/spi_master.o
                0x8002d0a0                spi_master_setup_device
                0x8002d148                spi_read_packet
                0x8002d22c                spi_write_packet
 .text          0x8002d2d4      0x3ac src/boardsupport.o
                0x8002d49c                initialise_board
 .text          0x8002d680      0x2b0 src/main.o
                0x8002d76a                initialisation
                0x8002d8fc                main
 .text.cos      0x8002d930       0x8c c:/program files (x86)/atmel/atmel toolchain/avr32 gcc/native/3.4.2.1002/avr32-gnu-toolchain/bin/../lib/gcc/avr32/4.4.7/../../../../avr32/lib/ucr3fp\libm.a(lib_a-s_cos.o)
                                 0x9c (size before relaxing)
                0x8002d930                cos
 .text.sin      0x8002d9bc       0x90 c:/program files (x86)/atmel/atmel toolchain/avr32 gcc/native/3.4.2.1002/avr32-gnu-toolchain/bin/../lib/gcc/avr32/4.4.7/../../../../avr32/lib/ucr3fp\libm.a(lib_a-s_sin.o)
                                 0xa0 (size before relaxing)
                0x8002d9bc                sin
 .text.asin     0x8002da4c       0x94 c:/program files (x86)/atmel/atmel toolchain/avr32 gcc/native/3.4.2.1002/avr32-gnu-toolchain/bin/../lib/gcc/avr32/4.4.7/../../../../avr32/lib/ucr3fp\libm.a(lib_a-w_asin.o)
                                 0xb0 (size before relaxing)
                0x8002da4c                asin
 .text.atan2    0x8002dae0        0x8 c:/program files (x86)/atmel/atmel toolchain/avr32 gcc/native/3.4.2.1002/avr32-gnu-toolchain/bin/../lib/gcc/avr32/4.4.7/../../../../avr32/lib/ucr3fp\libm.a(lib_a-w_atan2.o)
                                  0xc (size before relaxing)
                0x8002dae0                atan2
 .text.pow      0x8002dae8      0x2b8 c:/program files (x86)/atmel/atmel toolchain/avr32 gcc/native/3.4.2.1002/avr32-gnu-toolchain/bin/../lib/gcc/avr32/4.4.7/../../../../avr32/lib/ucr3fp\libm.a(lib_a-w_pow.o)
                                0x300 (size before relaxing)
                0x8002dae8                pow
 .text.sqrt     0x8002dda0       0x9c c:/program files (x86)/atmel/atmel toolchain/avr32 gcc/native/3.4.2.1002/avr32-gnu-toolchain/bin/../lib/gcc/avr32/4.4.7/../../../../avr32/lib/ucr3fp\libm.a(lib_a-w_sqrt.o)
                                 0xb4 (size before relaxing)
                0x8002dda0                sqrt
 .text.__ieee754_asin
                0x8002de3c      0x4f0 c:/program files (x86)/atmel/atmel toolchain/avr32 gcc/native/3.4.2.1002/avr32-gnu-toolchain/bin/../lib/gcc/avr32/4.4.7/../../../../avr32/lib/ucr3fp\libm.a(lib_a-e_asin.o)
                                0x50c (size before relaxing)
                0x8002de3c                __ieee754_asin
 .text.__ieee754_atan2
                0x8002e32c      0x22c c:/program files (x86)/atmel/atmel toolchain/avr32 gcc/native/3.4.2.1002/avr32-gnu-toolchain/bin/../lib/gcc/avr32/4.4.7/../../../../avr32/lib/ucr3fp\libm.a(lib_a-e_atan2.o)
                                0x240 (size before relaxing)
                0x8002e32c                __ieee754_atan2
 .text.__ieee754_pow
                0x8002e558      0xaa4 c:/program files (x86)/atmel/atmel toolchain/avr32 gcc/native/3.4.2.1002/avr32-gnu-toolchain/bin/../lib/gcc/avr32/4.4.7/../../../../avr32/lib/ucr3fp\libm.a(lib_a-e_pow.o)
                                0xaf0 (size before relaxing)
                0x8002e558                __ieee754_pow
 .text.__ieee754_rem_pio2
                0x8002effc      0x470 c:/program files (x86)/atmel/atmel toolchain/avr32 gcc/native/3.4.2.1002/avr32-gnu-toolchain/bin/../lib/gcc/avr32/4.4.7/../../../../avr32/lib/ucr3fp\libm.a(lib_a-e_rem_pio2.o)
                                0x4a0 (size before relaxing)
                0x8002effc                __ieee754_rem_pio2
 .text.__ieee754_sqrt
                0x8002f46c      0x18c c:/program files (x86)/atmel/atmel toolchain/avr32 gcc/native/3.4.2.1002/avr32-gnu-toolchain/bin/../lib/gcc/avr32/4.4.7/../../../../avr32/lib/ucr3fp\libm.a(lib_a-e_sqrt.o)
                                0x19c (size before relaxing)
                0x8002f46c                __ieee754_sqrt
 .text.__kernel_cos
                0x8002f5f8      0x1e8 c:/program files (x86)/atmel/atmel toolchain/avr32 gcc/native/3.4.2.1002/avr32-gnu-toolchain/bin/../lib/gcc/avr32/4.4.7/../../../../avr32/lib/ucr3fp\libm.a(lib_a-k_cos.o)
                                0x1f8 (size before relaxing)
                0x8002f5f8                __kernel_cos
 .text.__kernel_rem_pio2
                0x8002f7e0      0x6e0 c:/program files (x86)/atmel/atmel toolchain/avr32 gcc/native/3.4.2.1002/avr32-gnu-toolchain/bin/../lib/gcc/avr32/4.4.7/../../../../avr32/lib/ucr3fp\libm.a(lib_a-k_rem_pio2.o)
                                0x718 (size before relaxing)
                0x8002f7e0                __kernel_rem_pio2
 .text.__kernel_sin
                0x8002fec0      0x194 c:/program files (x86)/atmel/atmel toolchain/avr32 gcc/native/3.4.2.1002/avr32-gnu-toolchain/bin/../lib/gcc/avr32/4.4.7/../../../../avr32/lib/ucr3fp\libm.a(lib_a-k_sin.o)
                                0x1a4 (size before relaxing)
                0x8002fec0                __kernel_sin
 .text.atan     0x80030054      0x348 c:/program files (x86)/atmel/atmel toolchain/avr32 gcc/native/3.4.2.1002/avr32-gnu-toolchain/bin/../lib/gcc/avr32/4.4.7/../../../../avr32/lib/ucr3fp\libm.a(lib_a-s_atan.o)
                                0x368 (size before relaxing)
                0x80030054                atan
 .text.fabs     0x8003039c        0x8 c:/program files (x86)/atmel/atmel toolchain/avr32 gcc/native/3.4.2.1002/avr32-gnu-toolchain/bin/../lib/gcc/avr32/4.4.7/../../../../avr32/lib/ucr3fp\libm.a(lib_a-s_fabs.o)
                0x8003039c                fabs
 .text.finite   0x800303a4       0x10 c:/program files (x86)/atmel/atmel toolchain/avr32 gcc/native/3.4.2.1002/avr32-gnu-toolchain/bin/../lib/gcc/avr32/4.4.7/../../../../avr32/lib/ucr3fp\libm.a(lib_a-s_finite.o)
                0x800303a4                finite
 .text.floor    0x800303b4      0x120 c:/program files (x86)/atmel/atmel toolchain/avr32 gcc/native/3.4.2.1002/avr32-gnu-toolchain/bin/../lib/gcc/avr32/4.4.7/../../../../avr32/lib/ucr3fp\libm.a(lib_a-s_floor.o)
                                0x128 (size before relaxing)
                0x800303b4                floor
 .text.__isnand
                0x800304d4       0x1c c:/program files (x86)/atmel/atmel toolchain/avr32 gcc/native/3.4.2.1002/avr32-gnu-toolchain/bin/../lib/gcc/avr32/4.4.7/../../../../avr32/lib/ucr3fp\libm.a(lib_a-s_isnand.o)
                0x800304d4                __isnand
 .text.matherr  0x800304f0        0x2 c:/program files (x86)/atmel/atmel toolchain/avr32 gcc/native/3.4.2.1002/avr32-gnu-toolchain/bin/../lib/gcc/avr32/4.4.7/../../../../avr32/lib/ucr3fp\libm.a(lib_a-s_matherr.o)
                0x800304f0                matherr
 .text.nan      0x800304f2        0x8 c:/program files (x86)/atmel/atmel toolchain/avr32 gcc/native/3.4.2.1002/avr32-gnu-toolchain/bin/../lib/gcc/avr32/4.4.7/../../../../avr32/lib/ucr3fp\libm.a(lib_a-s_nan.o)
                0x800304f2                nan
 *fill*         0x800304fa        0x2 d703d703
 .text.rint     0x800304fc      0x118 c:/program files (x86)/atmel/atmel toolchain/avr32 gcc/native/3.4.2.1002/avr32-gnu-toolchain/bin/../lib/gcc/avr32/4.4.7/../../../../avr32/lib/ucr3fp\libm.a(lib_a-s_rint.o)
                                0x124 (size before relaxing)
                0x800304fc                rint
 .text.scalbn   0x80030614       0xdc c:/program files (x86)/atmel/atmel toolchain/avr32 gcc/native/3.4.2.1002/avr32-gnu-toolchain/bin/../lib/gcc/avr32/4.4.7/../../../../avr32/lib/ucr3fp\libm.a(lib_a-s_scalbn.o)
                                 0xf0 (size before relaxing)
                0x80030614                scalbn
 .text.copysign
                0x800306f0       0x18 c:/program files (x86)/atmel/atmel toolchain/avr32 gcc/native/3.4.2.1002/avr32-gnu-toolchain/bin/../lib/gcc/avr32/4.4.7/../../../../avr32/lib/ucr3fp\libm.a(lib_a-s_copysign.o)
                0x800306f0                copysign
 .text          0x80030708      0x1d4 c:/program files (x86)/atmel/atmel toolchain/avr32 gcc/native/3.4.2.1002/avr32-gnu-toolchain/bin/../lib/gcc/avr32/4.4.7/ucr3fp\libgcc.a(_avr32_f64_mul.o)
                0x80030708                __avr32_f64_mul
 .text          0x800308dc      0x2b0 c:/program files (x86)/atmel/atmel toolchain/avr32 gcc/native/3.4.2.1002/avr32-gnu-toolchain/bin/../lib/gcc/avr32/4.4.7/ucr3fp\libgcc.a(_avr32_f64_addsub.o)
                0x800308e0                __avr32_f64_sub
                0x80030a7c                __avr32_f64_add
 .text          0x80030b8c       0x2a c:/program files (x86)/atmel/atmel toolchain/avr32 gcc/native/3.4.2.1002/avr32-gnu-toolchain/bin/../lib/gcc/avr32/4.4.7/ucr3fp\libgcc.a(_avr32_f64_to_s32.o)
                0x80030b8c                __avr32_f64_to_u32
                0x80030b90                __avr32_f64_to_s32
 .text          0x80030bb6       0xe8 c:/program files (x86)/atmel/atmel toolchain/avr32 gcc/native/3.4.2.1002/avr32-gnu-toolchain/bin/../lib/gcc/avr32/4.4.7/ucr3fp\libgcc.a(_avr32_s32_to_f64.o)
                0x80030bb6                __avr32_u32_to_f64
                0x80030bbe                __avr32_s32_to_f64
 .text          0x80030c9e       0x26 c:/program files (x86)/atmel/atmel toolchain/avr32 gcc/native/3.4.2.1002/avr32-gnu-toolchain/bin/../lib/gcc/avr32/4.4.7/ucr3fp\libgcc.a(_avr32_f64_cmp_eq.o)
                0x80030c9e                __avr32_f64_cmp_eq
 .text          0x80030cc4       0x68 c:/program files (x86)/atmel/atmel toolchain/avr32 gcc/native/3.4.2.1002/avr32-gnu-toolchain/bin/../lib/gcc/avr32/4.4.7/ucr3fp\libgcc.a(_avr32_f64_cmp_ge.o)
                0x80030cc4                __avr32_f64_cmp_ge
 .text          0x80030d2c       0x68 c:/program files (x86)/atmel/atmel toolchain/avr32 gcc/native/3.4.2.1002/avr32-gnu-toolchain/bin/../lib/gcc/avr32/4.4.7/ucr3fp\libgcc.a(_avr32_f64_cmp_lt.o)
                0x80030d2c                __avr32_f64_cmp_lt
 .text          0x80030d94      0x318 c:/program files (x86)/atmel/atmel toolchain/avr32 gcc/native/3.4.2.1002/avr32-gnu-toolchain/bin/../lib/gcc/avr32/4.4.7/ucr3fp\libgcc.a(_avr32_f64_div.o)
                0x80030d94                __avr32_f64_div
 .text          0x800310ac      0x160 c:/program files (x86)/atmel/atmel toolchain/avr32 gcc/native/3.4.2.1002/avr32-gnu-toolchain/bin/../lib/gcc/avr32/4.4.7/ucr3fp\libgcc.a(_avr32_f32_div.o)
                0x800310ac                __avr32_f32_div
 .text          0x8003120c       0x60 c:/program files (x86)/atmel/atmel toolchain/avr32 gcc/native/3.4.2.1002/avr32-gnu-toolchain/bin/../lib/gcc/avr32/4.4.7/ucr3fp\libgcc.a(_avr32_f32_to_f64.o)
                0x8003120c                __avr32_f32_to_f64
 .text          0x8003126c       0x8a c:/program files (x86)/atmel/atmel toolchain/avr32 gcc/native/3.4.2.1002/avr32-gnu-toolchain/bin/../lib/gcc/avr32/4.4.7/ucr3fp\libgcc.a(_avr32_f64_to_f32.o)
                0x8003126c                __avr32_f64_to_f32
 .text          0x800312f6      0x264 c:/program files (x86)/atmel/atmel toolchain/avr32 gcc/native/3.4.2.1002/avr32-gnu-toolchain/bin/../lib/gcc/avr32/4.4.7/ucr3fp\libgcc.a(_udivdi3.o)
                0x800312f6                __avr32_udiv64
                0x800312f6                __udivdi3
 *fill*         0x8003155a        0x2 d703d703
 .text.__errno  0x8003155c        0xc c:/program files (x86)/atmel/atmel toolchain/avr32 gcc/native/3.4.2.1002/avr32-gnu-toolchain/bin/../lib/gcc/avr32/4.4.7/../../../../avr32/lib/ucr3fp\libc.a(lib_a-errno.o)
                0x8003155c                __errno
 .text          0x80031568      0x148 c:/program files (x86)/atmel/atmel toolchain/avr32 gcc/native/3.4.2.1002/avr32-gnu-toolchain/bin/../lib/gcc/avr32/4.4.7/../../../../avr32/lib/ucr3fp\libc.a(lib_a-memcpy.o)
                0x80031568                memcpy
 .text.memset   0x800316b0        0xe c:/program files (x86)/atmel/atmel toolchain/avr32 gcc/native/3.4.2.1002/avr32-gnu-toolchain/bin/../lib/gcc/avr32/4.4.7/../../../../avr32/lib/ucr3fp\libc.a(lib_a-memset.o)
                0x800316b0                memset
 .text.strcpy   0x800316be       0x12 c:/program files (x86)/atmel/atmel toolchain/avr32 gcc/native/3.4.2.1002/avr32-gnu-toolchain/bin/../lib/gcc/avr32/4.4.7/../../../../avr32/lib/ucr3fp\libc.a(lib_a-strcpy.o)
                0x800316be                strcpy
 .text.strlen   0x800316d0       0x16 c:/program files (x86)/atmel/atmel toolchain/avr32 gcc/native/3.4.2.1002/avr32-gnu-toolchain/bin/../lib/gcc/avr32/4.4.7/../../../../avr32/lib/ucr3fp\libc.a(lib_a-strlen.o)
                0x800316d0                strlen
 *(.text.*personality*)
 *(.gnu.warning)

.exception      0x80031800      0x200
 .exception     0x80031800      0x200 src/asf/avr32/drivers/intc/exception.o
                0x80031800                _evba
                0x8003193c                ipr_val

.fini
 *(.fini)
                0x80031a00                PROVIDE (__etext, .)
                0x80031a00                PROVIDE (_etext, .)
                0x80031a00                PROVIDE (etext, .)

.rodata         0x80031a00      0x644
 *(.rodata .rodata.* .gnu.linkonce.r.*)
 .rodata.servo_failsafe
                0x80031a00       0x80 src/tasks.o
 .rodata.mavlink_message_crcs.14492
                0x80031a80      0x100 Library/communication/mavlink_stream.o
 .rodata.ADCIFA_GPIO_MAP
                0x80031b80       0x26 Library/hal/adc_int.o
 *fill*         0x80031ba6        0x2 
 .rodata.C.59.15212
                0x80031ba8        0x4 Library/hal/bmp085.o
 .rodata.C.60.15213
                0x80031bac        0x4 Library/hal/bmp085.o
 .rodata.C.64.15730
                0x80031bb0        0xc Library/hal/dac_dma.o
 .rodata.DACIFB_GPIO_MAP.15725
                0x80031bbc        0x8 Library/hal/dac_dma.o
 .rodata.PEVC_EVS_OPTIONS.15716
                0x80031bc4       0x10 Library/hal/dac_dma.o
 .rodata.LED_DESCRIPTOR
                0x80031bd4       0x20 Library/hal/led.o
 .rodata.PWM_GPIO_MAP.14186
                0x80031bf4        0xc Library/hal/servo_pwm.o
 .rodata.USART_GPIO_MAP.16459
                0x80031c00        0x4 Library/hal/remote_dsm2.o
 .rodata.usart_opt.16458
                0x80031c04        0xc Library/hal/remote_dsm2.o
 .rodata.alphabet
                0x80031c10       0x24 Library/util/print_util.o
 .rodata.FLASH_SIZE.14167
                0x80031c34       0x40 src/asf/avr32/drivers/flashc/flashc.o
 .rodata.servo_failsafe
                0x80031c74       0x80 src/boardsupport.o
 .rodata.servo_failsafe
                0x80031cf4       0x80 src/main.o
 .rodata.str1.4
                0x80031d74        0x5 c:/program files (x86)/atmel/atmel toolchain/avr32 gcc/native/3.4.2.1002/avr32-gnu-toolchain/bin/../lib/gcc/avr32/4.4.7/../../../../avr32/lib/ucr3fp\libm.a(lib_a-w_asin.o)
                                  0xc (size before relaxing)
 *fill*         0x80031d79        0x3 
 .rodata.str1.4
                0x80031d7c        0x4 c:/program files (x86)/atmel/atmel toolchain/avr32 gcc/native/3.4.2.1002/avr32-gnu-toolchain/bin/../lib/gcc/avr32/4.4.7/../../../../avr32/lib/ucr3fp\libm.a(lib_a-w_pow.o)
 .rodata.str1.4
                0x80031d80        0x5 c:/program files (x86)/atmel/atmel toolchain/avr32 gcc/native/3.4.2.1002/avr32-gnu-toolchain/bin/../lib/gcc/avr32/4.4.7/../../../../avr32/lib/ucr3fp\libm.a(lib_a-w_sqrt.o)
                                  0x8 (size before relaxing)
 *fill*         0x80031d85        0x3 
 .rodata.dp_h   0x80031d88       0x10 c:/program files (x86)/atmel/atmel toolchain/avr32 gcc/native/3.4.2.1002/avr32-gnu-toolchain/bin/../lib/gcc/avr32/4.4.7/../../../../avr32/lib/ucr3fp\libm.a(lib_a-e_pow.o)
 .rodata.dp_l   0x80031d98       0x10 c:/program files (x86)/atmel/atmel toolchain/avr32 gcc/native/3.4.2.1002/avr32-gnu-toolchain/bin/../lib/gcc/avr32/4.4.7/../../../../avr32/lib/ucr3fp\libm.a(lib_a-e_pow.o)
 .rodata.bp     0x80031da8       0x10 c:/program files (x86)/atmel/atmel toolchain/avr32 gcc/native/3.4.2.1002/avr32-gnu-toolchain/bin/../lib/gcc/avr32/4.4.7/../../../../avr32/lib/ucr3fp\libm.a(lib_a-e_pow.o)
 .rodata.str1.4
                0x00000000        0x4 c:/program files (x86)/atmel/atmel toolchain/avr32 gcc/native/3.4.2.1002/avr32-gnu-toolchain/bin/../lib/gcc/avr32/4.4.7/../../../../avr32/lib/ucr3fp\libm.a(lib_a-e_pow.o)
 .rodata.npio2_hw
                0x80031db8       0x80 c:/program files (x86)/atmel/atmel toolchain/avr32 gcc/native/3.4.2.1002/avr32-gnu-toolchain/bin/../lib/gcc/avr32/4.4.7/../../../../avr32/lib/ucr3fp\libm.a(lib_a-e_rem_pio2.o)
 .rodata.two_over_pi
                0x80031e38      0x108 c:/program files (x86)/atmel/atmel toolchain/avr32 gcc/native/3.4.2.1002/avr32-gnu-toolchain/bin/../lib/gcc/avr32/4.4.7/../../../../avr32/lib/ucr3fp\libm.a(lib_a-e_rem_pio2.o)
 .rodata.init_jk
                0x80031f40       0x10 c:/program files (x86)/atmel/atmel toolchain/avr32 gcc/native/3.4.2.1002/avr32-gnu-toolchain/bin/../lib/gcc/avr32/4.4.7/../../../../avr32/lib/ucr3fp\libm.a(lib_a-k_rem_pio2.o)
 .rodata.PIo2   0x80031f50       0x40 c:/program files (x86)/atmel/atmel toolchain/avr32 gcc/native/3.4.2.1002/avr32-gnu-toolchain/bin/../lib/gcc/avr32/4.4.7/../../../../avr32/lib/ucr3fp\libm.a(lib_a-k_rem_pio2.o)
 .rodata.atanlo
                0x80031f90       0x20 c:/program files (x86)/atmel/atmel toolchain/avr32 gcc/native/3.4.2.1002/avr32-gnu-toolchain/bin/../lib/gcc/avr32/4.4.7/../../../../avr32/lib/ucr3fp\libm.a(lib_a-s_atan.o)
 .rodata.atanhi
                0x80031fb0       0x20 c:/program files (x86)/atmel/atmel toolchain/avr32 gcc/native/3.4.2.1002/avr32-gnu-toolchain/bin/../lib/gcc/avr32/4.4.7/../../../../avr32/lib/ucr3fp\libm.a(lib_a-s_atan.o)
 .rodata.TWO52  0x80031fd0       0x10 c:/program files (x86)/atmel/atmel toolchain/avr32 gcc/native/3.4.2.1002/avr32-gnu-toolchain/bin/../lib/gcc/avr32/4.4.7/../../../../avr32/lib/ucr3fp\libm.a(lib_a-s_rint.o)
 .rodata.str1.4
                0x80031fe0        0x4 c:/program files (x86)/atmel/atmel toolchain/avr32 gcc/native/3.4.2.1002/avr32-gnu-toolchain/bin/../lib/gcc/avr32/4.4.7/../../../../avr32/lib/ucr3fp\libc.a(lib_a-impure.o)
 .rodata.__sf_fake_stdin
                0x80031fe4       0x20 c:/program files (x86)/atmel/atmel toolchain/avr32 gcc/native/3.4.2.1002/avr32-gnu-toolchain/bin/../lib/gcc/avr32/4.4.7/../../../../avr32/lib/ucr3fp\libc.a(lib_a-findfp.o)
                0x80031fe4                __sf_fake_stdin
 .rodata.__sf_fake_stdout
                0x80032004       0x20 c:/program files (x86)/atmel/atmel toolchain/avr32 gcc/native/3.4.2.1002/avr32-gnu-toolchain/bin/../lib/gcc/avr32/4.4.7/../../../../avr32/lib/ucr3fp\libc.a(lib_a-findfp.o)
                0x80032004                __sf_fake_stdout
 .rodata.__sf_fake_stderr
                0x80032024       0x20 c:/program files (x86)/atmel/atmel toolchain/avr32 gcc/native/3.4.2.1002/avr32-gnu-toolchain/bin/../lib/gcc/avr32/4.4.7/../../../../avr32/lib/ucr3fp\libc.a(lib_a-findfp.o)
                0x80032024                __sf_fake_stderr

.rodata1
 *(.rodata1)

.eh_frame_hdr
 *(.eh_frame_hdr)

.eh_frame
 *(.eh_frame)

.gcc_except_table
 *(.gcc_except_table)
 *(.gcc_except_table.*)

.dalign         0x80032044        0x4
                0x80032048                . = ALIGN (0x8)
 *fill*         0x80032044        0x4 
                0x80032048                PROVIDE (_data_lma, .)
                0x00000004                PROVIDE (_data, ORIGIN (CPUSRAM))
                0x00000004                . = ORIGIN (CPUSRAM)

.eh_frame
 *(.eh_frame)

.gcc_except_table
 *(.gcc_except_table)
 *(.gcc_except_table.*)

.tdata
 *(.tdata .tdata.* .gnu.linkonce.td.*)

.tbss
 *(.tbss .tbss.* .gnu.linkonce.tb.*)
 *(.tcommon)
                0x00000004                PROVIDE (__preinit_array_start, ALIGN (0x4))

.preinit_array
 *(.preinit_array)
                0x00000004                PROVIDE (__preinit_array_end, .)
                0x00000004                PROVIDE (__init_array_start, .)

.init_array
 *(.init_array)
                0x00000004                PROVIDE (__init_array_end, .)
                0x00000004                PROVIDE (__fini_array_start, .)

.fini_array
 *(.fini_array)
                0x00000004                PROVIDE (__fini_array_end, .)

.ctors
 *crtbegin*.o(.ctors)
 *(EXCLUDE_FILE(*crtend*.o) .ctors)
 *(SORT(.ctors.*))
 *(.ctors)

.dtors
 *crtbegin*.o(.dtors)
 *(EXCLUDE_FILE(*crtend*.o) .dtors)
 *(SORT(.dtors.*))
 *(.dtors)

.jcr
 *(.jcr)

.data.rel.ro    0x00000004      0x178 load address 0x80032048
 *(.data.rel.ro.local)
 *(.data.rel.ro*)
 .data.rel.ro.local._int_handler_table
                0x00000004      0x178 src/asf/avr32/drivers/intc/intc.o

.dynamic
 *(.dynamic)

.got            0x0000017c      0x8ec load address 0x800321c0
 *(.got.plt)
 *(.got)
 .got           0x0000017c      0x8ec Library/communication/mavlink_waypoint_handler.o
                0x0000017c                _GLOBAL_OFFSET_TABLE_

.data           0x00000a68     0x19d4 load address 0x80032aac
 *(.data .data.* .gnu.linkonce.d.*)
 .data.stabiliser_defaults_copter
                0x00000a68      0x3b8 Library/control/stabilisation_copter.o
 .data.main_tasks
                0x00000e20      0x1e4 src/tasks.o
                0x00000e20                main_tasks
 .data.mavlink_tasks
                0x00001004      0x5a4 Library/communication/mavlink_stream.o
                0x00001004                mavlink_tasks
 .data.adcifa   0x000015a8        0x4 Library/hal/adc_int.o
                0x000015a8                adcifa
 .data.adc_config_options
                0x000015ac       0x14 Library/hal/adc_int.o
                0x000015ac                adc_config_options
 .data.adcifa_sequence_opt
                0x000015c0        0x7 Library/hal/adc_int.o
                0x000015c0                adcifa_sequence_opt
 *fill*         0x000015c7        0x1 
 .data.default_configuration
                0x000015c8        0x4 Library/hal/adxl345_driver.o
                0x000015c8                default_configuration
 .data.data_configuration
                0x000015cc        0x4 Library/hal/adxl345_driver.o
                0x000015cc                data_configuration
 .data.twi_opt.14951
                0x000015d0       0x10 Library/hal/adxl345_driver.o
 .data.twi_opt.15162
                0x000015e0       0x10 Library/hal/bmp085.o
 .data.twi_opt.14132
                0x000015f0       0x10 Library/hal/compass_hmc5883l.o
 .data.compass_default_configuration.14133
                0x00001600        0x4 Library/hal/compass_hmc5883l.o
 .data.ppevc    0x00001604        0x4 Library/hal/dac_dma.o
                0x00001604                ppevc
 .data.dacifb   0x00001608        0x4 Library/hal/dac_dma.o
                0x00001608                dacifb
 .data.dac_channel_audio
                0x0000160c        0x1 Library/hal/dac_dma.o
                0x0000160c                dac_channel_audio
 *fill*         0x0000160d        0x3 
 .data.PDCA_OPTIONS.15751
                0x00001610       0x1c Library/hal/dac_dma.o
 .data.twi_opt.14954
                0x0000162c       0x10 Library/hal/itg3200_driver.o
 .data.LED_State
                0x0000163c        0x4 Library/hal/led.o
 .data.twi_opt.14942
                0x00001640       0x10 Library/hal/radar_module_driver.o
 .data.PDCA_TX_OPTIONS.15184
                0x00001650       0x1c Library/hal/spi_buffered.o
 .data.PDCA_RX_OPTIONS.15185
                0x0000166c       0x1c Library/hal/spi_buffered.o
 .data.usart_opt
                0x00001688      0xac8 Library/hal/uart_int.o
 .data.rel.ubx_currentPosllhMessage
                0x00002150        0x4 Library/sensing/gps_ublox.o
                0x00002150                ubx_currentPosllhMessage
 .data.rel.ubx_lastPosllhMessage
                0x00002154        0x4 Library/sensing/gps_ublox.o
                0x00002154                ubx_lastPosllhMessage
 .data.rel.ubx_currentStatusMessage
                0x00002158        0x4 Library/sensing/gps_ublox.o
                0x00002158                ubx_currentStatusMessage
 .data.rel.ubx_lastStatusMessage
                0x0000215c        0x4 Library/sensing/gps_ublox.o
                0x0000215c                ubx_lastStatusMessage
 .data.rel.ubx_currentSolutionMessage
                0x00002160        0x4 Library/sensing/gps_ublox.o
                0x00002160                ubx_currentSolutionMessage
 .data.rel.ubx_lastSolutionMessage
                0x00002164        0x4 Library/sensing/gps_ublox.o
                0x00002164                ubx_lastSolutionMessage
 .data.rel.ubx_currentVelnedMessage
                0x00002168        0x4 Library/sensing/gps_ublox.o
                0x00002168                ubx_currentVelnedMessage
 .data.rel.ubx_lastVelnedMessage
                0x0000216c        0x4 Library/sensing/gps_ublox.o
                0x0000216c                ubx_lastVelnedMessage
 .data.rel.ubx_currentSVInfoMessage
                0x00002170        0x4 Library/sensing/gps_ublox.o
                0x00002170                ubx_currentSVInfoMessage
 .data.rel.ubx_lastSVInfoMessage
                0x00002174        0x4 Library/sensing/gps_ublox.o
                0x00002174                ubx_lastSVInfoMessage
 .data.rel.ubx_currentNavSettingsMessage
                0x00002178        0x4 Library/sensing/gps_ublox.o
                0x00002178                ubx_currentNavSettingsMessage
 .data.rel.ubx_lastNavSettingsMessage
                0x0000217c        0x4 Library/sensing/gps_ublox.o
                0x0000217c                ubx_lastNavSettingsMessage
 .data.rel.ubx_currentCFGRateMessage
                0x00002180        0x4 Library/sensing/gps_ublox.o
                0x00002180                ubx_currentCFGRateMessage
 .data.rel.ubx_lastCFGRateMessage
                0x00002184        0x4 Library/sensing/gps_ublox.o
                0x00002184                ubx_lastCFGRateMessage
 .data.rel.ubx_currentCFGSetGetRateMessage
                0x00002188        0x4 Library/sensing/gps_ublox.o
                0x00002188                ubx_currentCFGSetGetRateMessage
 .data.rel.ubx_lastCFGSetGetRateMessage
                0x0000218c        0x4 Library/sensing/gps_ublox.o
                0x0000218c                ubx_lastCFGSetGetRateMessage
 .data.rel.ubx_currentMONRXRMessage
                0x00002190        0x4 Library/sensing/gps_ublox.o
                0x00002190                ubx_currentMONRXRMessage
 .data.rel.ubx_lastMONRXRMessage
                0x00002194        0x4 Library/sensing/gps_ublox.o
                0x00002194                ubx_lastMONRXRMessage
 .data.rel.ubx_currentTimTPMessage
                0x00002198        0x4 Library/sensing/gps_ublox.o
                0x00002198                ubx_currentTimTPMessage
 .data.rel.ubx_lastTimTPMessage
                0x0000219c        0x4 Library/sensing/gps_ublox.o
                0x0000219c                ubx_lastTimTPMessage
 .data.rel.ubx_currentTimVRFYMessage
                0x000021a0        0x4 Library/sensing/gps_ublox.o
                0x000021a0                ubx_currentTimVRFYMessage
 .data.rel.ubx_lastTimVRFYMessage
                0x000021a4        0x4 Library/sensing/gps_ublox.o
                0x000021a4                ubx_lastTimVRFYMessage
 .data.numSkippedMsg
                0x000021a8        0x1 Library/sensing/gps_ublox.o
                0x000021a8                numSkippedMsg
 *fill*         0x000021a9        0x3 
 .data.vehicle_model_parameters
                0x000021ac      0x194 Library/sensing/simulation.o
 .data.rel.flashc_wait_until_ready
                0x00002340        0x4 src/asf/avr32/drivers/flashc/flashc.o
                0x00002340                flashc_wait_until_ready
 .data.__fdlib_version
                0x00002344        0x4 c:/program files (x86)/atmel/atmel toolchain/avr32 gcc/native/3.4.2.1002/avr32-gnu-toolchain/bin/../lib/gcc/avr32/4.4.7/../../../../avr32/lib/ucr3fp\libm.a(lib_a-s_lib_ver.o)
                0x00002344                __fdlib_version
 .data.impure_data
                0x00002348       0xf0 c:/program files (x86)/atmel/atmel toolchain/avr32 gcc/native/3.4.2.1002/avr32-gnu-toolchain/bin/../lib/gcc/avr32/4.4.7/../../../../avr32/lib/ucr3fp\libc.a(lib_a-impure.o)
 .data._impure_ptr
                0x00002438        0x4 c:/program files (x86)/atmel/atmel toolchain/avr32 gcc/native/3.4.2.1002/avr32-gnu-toolchain/bin/../lib/gcc/avr32/4.4.7/../../../../avr32/lib/ucr3fp\libc.a(lib_a-impure.o)
                0x00002438                _impure_ptr
 *(.gnu.linkonce.d.*personality*)

.data1
 *(.data1)

.balign         0x0000243c        0x4 load address 0x80034480
                0x00002440                . = ALIGN (0x8)
 *fill*         0x0000243c        0x4 
                0x00002440                _edata = .
                0x00002440                _edata = .
                0x00002440                PROVIDE (edata, .)
                0x00002440                __bss_start = .

.bss            0x00002440     0x72a8 load address 0x80034480
 *(.dynbss)
 *(.bss .bss.* .gnu.linkonce.b.*)
 .bss.int_loop_count
                0x00002440        0x4 Library/communication/mavlink_waypoint_handler.o
                0x00002440                int_loop_count
 .bss.m_mavlink_status.14338
                0x00002444       0x40 Library/communication/mavlink_waypoint_handler.o
 .bss.loop_count_orca
                0x00002484        0x1 Library/control/orca.o
                0x00002484                loop_count_orca
 *fill*         0x00002485        0x3 
 .bss.centralData
                0x00002488     0x12e8 src/central_data.o
 .bss.m_mavlink_status.14338
                0x00003770       0x40 src/mavlink_actions.o
 .bss.mavlink_out_stream
                0x000037b0        0x4 Library/communication/mavlink_stream.o
 .bss.mavlink_in_stream
                0x000037b4        0x4 Library/communication/mavlink_stream.o
 .bss.m_mavlink_buffer.14345
                0x000037b8      0x440 Library/communication/mavlink_stream.o
 .bss.m_mavlink_status.14338
                0x00003bf8       0x40 Library/communication/mavlink_stream.o
 .bss.m_mavlink_status.14338
                0x00003c38       0x40 Library/communication/onboard_parameters.o
 .bss.sequencer_item_count
                0x00003c78        0x1 Library/hal/adc_int.o
 .bss.channel_count
                0x00003c79        0x1 Library/hal/adc_int.o
 *fill*         0x00003c7a        0x2 
 .bss.sample_counter
                0x00003c7c        0x4 Library/hal/adc_int.o
 .bss.oversampling_counter
                0x00003c80        0x4 Library/hal/adc_int.o
 .bss.channel_index
                0x00003c84        0x4 Library/hal/adc_int.o
 .bss.number_of_samples
                0x00003c88        0x4 Library/hal/adc_int.o
 .bss.oversampling
                0x00003c8c        0x4 Library/hal/adc_int.o
 .bss.oversampling_divider
                0x00003c90        0x4 Library/hal/adc_int.o
 .bss.adc_buffer
                0x00003c94     0x4000 Library/hal/ads1274.o
 .bss.sampleCounter
                0x00007c94        0x4 Library/hal/ads1274.o
 .bss.interrupt_counter
                0x00007c98        0x4 Library/hal/ads1274.o
 .bss.function_generator
                0x00007c9c        0x4 Library/hal/ads1274.o
 .bss.acc_outputs
                0x00007ca0        0xc Library/hal/adxl345_driver.o
 .bss.compass_outputs
                0x00007cac        0xc Library/hal/compass_hmc5883l.o
 .bss.buffer    0x00007cb8        0x4 Library/hal/dac_dma.o
 .bss.from      0x00007cbc        0x2 Library/hal/dac_dma.o
 .bss.to        0x00007cbe        0x2 Library/hal/dac_dma.o
 .bss.autoplay  0x00007cc0        0x4 Library/hal/dac_dma.o
 .bss.gyro_outputs
                0x00007cc4        0x8 Library/hal/itg3200_driver.o
 .bss.spi_buffers
                0x00007ccc       0xa8 Library/hal/spi_buffered.o
 .bss.ubx_currentMessage
                0x00007d74        0x4 Library/sensing/gps_ublox.o
                0x00007d74                ubx_currentMessage
 .bss.ubx_lastMessage
                0x00007d78        0x4 Library/sensing/gps_ublox.o
                0x00007d78                ubx_lastMessage
 .bss.ubx_validMessage
                0x00007d7c        0x4 Library/sensing/gps_ublox.o
                0x00007d7c                ubx_validMessage
 .bss.ubx_numberOfValidPosllhMessage
                0x00007d80        0x2 Library/sensing/gps_ublox.o
                0x00007d80                ubx_numberOfValidPosllhMessage
 .bss.ubx_numberOfValidStatusMessage
                0x00007d82        0x2 Library/sensing/gps_ublox.o
                0x00007d82                ubx_numberOfValidStatusMessage
 .bss.ubx_numberOfValidSolutionMessage
                0x00007d84        0x2 Library/sensing/gps_ublox.o
                0x00007d84                ubx_numberOfValidSolutionMessage
 .bss.ubx_numberOfValidVelnedMessage
                0x00007d86        0x2 Library/sensing/gps_ublox.o
                0x00007d86                ubx_numberOfValidVelnedMessage
 .bss.ubx_numberOfValidSVInfoMessage
                0x00007d88        0x2 Library/sensing/gps_ublox.o
                0x00007d88                ubx_numberOfValidSVInfoMessage
 .bss.ubx_numberOfValidNavSettingsMessage
                0x00007d8a        0x2 Library/sensing/gps_ublox.o
                0x00007d8a                ubx_numberOfValidNavSettingsMessage
 .bss.ubx_numberOfValidCFGRateMessage
                0x00007d8c        0x2 Library/sensing/gps_ublox.o
                0x00007d8c                ubx_numberOfValidCFGRateMessage
 .bss.ubx_numberOfValidCFGSetGetRateMessage
                0x00007d8e        0x2 Library/sensing/gps_ublox.o
                0x00007d8e                ubx_numberOfValidCFGSetGetRateMessage
 .bss.ubx_numberOfValidMONRXRMessage
                0x00007d90        0x2 Library/sensing/gps_ublox.o
                0x00007d90                ubx_numberOfValidMONRXRMessage
 .bss.ubx_numberOfValidTimTPMessage
                0x00007d92        0x2 Library/sensing/gps_ublox.o
                0x00007d92                ubx_numberOfValidTimTPMessage
 .bss.ubx_numberOfValidTimVRFYMessage
                0x00007d94        0x2 Library/sensing/gps_ublox.o
                0x00007d94                ubx_numberOfValidTimVRFYMessage
 .bss.printNavOnDebug
                0x00007d96        0x1 Library/sensing/gps_ublox.o
                0x00007d96                printNavOnDebug
 .bss.loopPosllh
                0x00007d97        0x1 Library/sensing/gps_ublox.o
                0x00007d97                loopPosllh
 .bss.loopVelned
                0x00007d98        0x1 Library/sensing/gps_ublox.o
                0x00007d98                loopVelned
 .bss.loopStatus
                0x00007d99        0x1 Library/sensing/gps_ublox.o
                0x00007d99                loopStatus
 .bss.loopSolution
                0x00007d9a        0x1 Library/sensing/gps_ublox.o
                0x00007d9a                loopSolution
 .bss.loopTimTp
                0x00007d9b        0x1 Library/sensing/gps_ublox.o
                0x00007d9b                loopTimTp
 .bss.loopTimVrfy
                0x00007d9c        0x1 Library/sensing/gps_ublox.o
                0x00007d9c                loopTimVrfy
 *fill*         0x00007d9d        0x3 
 .bss.flashc_error_status
                0x00007da0        0x4 src/asf/avr32/drivers/flashc/flashc.o
 .bss._int_line_handler_table_0
                0x00007da4        0x4 src/asf/avr32/drivers/intc/intc.o
 .bss._int_line_handler_table_1
                0x00007da8        0x8 src/asf/avr32/drivers/intc/intc.o
 .bss._int_line_handler_table_2
                0x00007db0        0x4 src/asf/avr32/drivers/intc/intc.o
 .bss._int_line_handler_table_3
                0x00007db4       0x10 src/asf/avr32/drivers/intc/intc.o
 .bss._int_line_handler_table_4
                0x00007dc4       0x10 src/asf/avr32/drivers/intc/intc.o
 .bss._int_line_handler_table_5
                0x00007dd4       0x10 src/asf/avr32/drivers/intc/intc.o
 .bss._int_line_handler_table_6
                0x00007de4       0x10 src/asf/avr32/drivers/intc/intc.o
 .bss._int_line_handler_table_7
                0x00007df4        0x4 src/asf/avr32/drivers/intc/intc.o
 .bss._int_line_handler_table_8
                0x00007df8        0x4 src/asf/avr32/drivers/intc/intc.o
 .bss._int_line_handler_table_9
                0x00007dfc       0x28 src/asf/avr32/drivers/intc/intc.o
 .bss._int_line_handler_table_10
                0x00007e24        0x4 src/asf/avr32/drivers/intc/intc.o
 .bss._int_line_handler_table_11
                0x00007e28        0x4 src/asf/avr32/drivers/intc/intc.o
 .bss._int_line_handler_table_12
                0x00007e2c        0x4 src/asf/avr32/drivers/intc/intc.o
 .bss._int_line_handler_table_13
                0x00007e30        0x4 src/asf/avr32/drivers/intc/intc.o
 .bss._int_line_handler_table_14
                0x00007e34       0x14 src/asf/avr32/drivers/intc/intc.o
 .bss._int_line_handler_table_15
                0x00007e48       0x10 src/asf/avr32/drivers/intc/intc.o
 .bss._int_line_handler_table_16
                0x00007e58       0x10 src/asf/avr32/drivers/intc/intc.o
 .bss._int_line_handler_table_17
                0x00007e68        0x4 src/asf/avr32/drivers/intc/intc.o
 .bss._int_line_handler_table_18
                0x00007e6c       0x40 src/asf/avr32/drivers/intc/intc.o
 .bss._int_line_handler_table_19
                0x00007eac        0x4 src/asf/avr32/drivers/intc/intc.o
 .bss._int_line_handler_table_20
                0x00007eb0        0x4 src/asf/avr32/drivers/intc/intc.o
 .bss._int_line_handler_table_21
                0x00007eb4        0x4 src/asf/avr32/drivers/intc/intc.o
 .bss._int_line_handler_table_22
                0x00007eb8        0x4 src/asf/avr32/drivers/intc/intc.o
 .bss._int_line_handler_table_23
                0x00007ebc        0x4 src/asf/avr32/drivers/intc/intc.o
 .bss._int_line_handler_table_24
                0x00007ec0        0x4 src/asf/avr32/drivers/intc/intc.o
 .bss._int_line_handler_table_25
                0x00007ec4        0x4 src/asf/avr32/drivers/intc/intc.o
 .bss._int_line_handler_table_26
                0x00007ec8        0x4 src/asf/avr32/drivers/intc/intc.o
 .bss._int_line_handler_table_27
                0x00007ecc        0x4 src/asf/avr32/drivers/intc/intc.o
 .bss._int_line_handler_table_28
                0x00007ed0        0x4 src/asf/avr32/drivers/intc/intc.o
 .bss._int_line_handler_table_29
                0x00007ed4        0x4 src/asf/avr32/drivers/intc/intc.o
 .bss._int_line_handler_table_30
                0x00007ed8        0x4 src/asf/avr32/drivers/intc/intc.o
 .bss._int_line_handler_table_31
                0x00007edc        0x4 src/asf/avr32/drivers/intc/intc.o
 .bss._int_line_handler_table_32
                0x00007ee0        0x4 src/asf/avr32/drivers/intc/intc.o
 .bss._int_line_handler_table_33
                0x00007ee4        0xc src/asf/avr32/drivers/intc/intc.o
 .bss._int_line_handler_table_34
                0x00007ef0        0xc src/asf/avr32/drivers/intc/intc.o
 .bss._int_line_handler_table_35
                0x00007efc        0x8 src/asf/avr32/drivers/intc/intc.o
 .bss._int_line_handler_table_36
                0x00007f04       0x18 src/asf/avr32/drivers/intc/intc.o
 .bss._int_line_handler_table_37
                0x00007f1c        0x4 src/asf/avr32/drivers/intc/intc.o
 .bss._int_line_handler_table_38
                0x00007f20        0x4 src/asf/avr32/drivers/intc/intc.o
 .bss._int_line_handler_table_39
                0x00007f24       0x18 src/asf/avr32/drivers/intc/intc.o
 .bss._int_line_handler_table_40
                0x00007f3c       0x18 src/asf/avr32/drivers/intc/intc.o
 .bss._int_line_handler_table_41
                0x00007f54        0x4 src/asf/avr32/drivers/intc/intc.o
 .bss._int_line_handler_table_42
                0x00007f58        0x4 src/asf/avr32/drivers/intc/intc.o
 .bss._int_line_handler_table_43
                0x00007f5c        0x4 src/asf/avr32/drivers/intc/intc.o
 .bss._int_line_handler_table_44
                0x00007f60        0x4 src/asf/avr32/drivers/intc/intc.o
 .bss._int_line_handler_table_45
                0x00007f64        0x4 src/asf/avr32/drivers/intc/intc.o
 .bss._int_line_handler_table_46
                0x00007f68        0x4 src/asf/avr32/drivers/intc/intc.o
 .bss.twim_inst
                0x00007f6c        0x4 src/asf/avr32/drivers/twim/twim.o
 .bss.twim_tx_data
                0x00007f70        0x4 src/asf/avr32/drivers/twim/twim.o
 .bss.twim_rx_data
                0x00007f74        0x4 src/asf/avr32/drivers/twim/twim.o
 .bss.transfer_status
                0x00007f78        0x4 src/asf/avr32/drivers/twim/twim.o
 .bss.twim_tx_nb_bytes
                0x00007f7c        0x4 src/asf/avr32/drivers/twim/twim.o
 .bss.twim_rx_nb_bytes
                0x00007f80        0x4 src/asf/avr32/drivers/twim/twim.o
 .bss.twim_it_mask
                0x00007f84        0x4 src/asf/avr32/drivers/twim/twim.o
 .bss.twim_package
                0x00007f88        0x4 src/asf/avr32/drivers/twim/twim.o
 .bss.twim_next
                0x00007f8c        0x1 src/asf/avr32/drivers/twim/twim.o
 *fill*         0x00007f8d        0x3 
 .bss.s_fcpu_hz
                0x00007f90        0x4 src/asf/avr32/services/delay/delay.o
 *(COMMON)
 COMMON         0x00007f94       0x92 Library/communication/mavlink_waypoint_handler.o
                0x00007f94                payload_length
                0x00007f96                ubxclass
                0x00007f98                waypoint_request_number
                0x00007f9c                start_timeout
                0x00007fa0                new_position
                0x00007fa4                idleTimer
                0x00007fa8                last_ground_speed_cm
                0x00007fac                msg_id
                0x00007fad                next_fix
                0x00007fae                imu_last_update_init
                0x00007fb0                engine_nav_setting
                0x00007fb4                velocity_east
                0x00007fb8                fix_count
                0x00007fb9                filter_init_delta_t
                0x00007fbc                prev_time
                0x00007fc0                cksum_a
                0x00007fc4                idleTimeout
                0x00007fc8                last_fix_time
                0x00007fcc                mavlink_system
                0x00007fd4                sending_wp_num
                0x00007fd8                timeout_max_wp
                0x00007fdc                mavlink_mission_planner
                0x00007fe4                velocity_down
                0x00007fe8                disable_counter
                0x00007fec                centralData
                0x00007ff0                fix
                0x00007ff1                cksum_b
                0x00007ff2                payload_counter
                0x00007ff4                step
                0x00007ff5                have_raw_velocity
                0x00007ff6                new_speed
                0x00007ff8                nav_settings
                0x0000801c                nvram_array
                0x00008020                velocity_north
                0x00008024                num_waypoint_onboard
 *fill*         0x00008026        0x2 
 COMMON         0x00008028        0x8 Library/control/orca.o
                0x00008028                timeHorizon
                0x0000802c                invTimeHorizon
 COMMON         0x00008030       0x50 Library/hal/analog_monitor.o
                0x00008030                monitor_buffer
 COMMON         0x00008080        0x4 Library/hal/i2c_driver_int.o
                0x00008080                current_transfer
 COMMON         0x00008084      0x278 Library/sensing/estimator.o
                0x00008084                Q2
                0x000080cc                Q
                0x00008114                P2
                0x000081ec                baro
                0x000081f0                R
                0x00008208                R2
                0x00008220                P
                0x000082f8                timeLastGpsMsgEstimator
 COMMON         0x000082fc        0x4 Library/sensing/qfilter.o
                0x000082fc                front_mag_vect_z
 COMMON         0x00008300       0x20 Library/communication/ishtar_stream.o