Archive member included because of file (symbol)

c:/program files/atmel/atmel toolchain/avr32 gcc/native/3.4.2.1002/avr32-gnu-toolchain/bin/../lib/gcc/avr32/4.4.7/../../../../avr32/lib/ucr3fp\libm.a(lib_a-s_cos.o)
                              Library/sensing/qfilter.o (cos)
c:/program files/atmel/atmel toolchain/avr32 gcc/native/3.4.2.1002/avr32-gnu-toolchain/bin/../lib/gcc/avr32/4.4.7/../../../../avr32/lib/ucr3fp\libm.a(lib_a-s_sin.o)
                              Library/sensing/qfilter.o (sin)
c:/program files/atmel/atmel toolchain/avr32 gcc/native/3.4.2.1002/avr32-gnu-toolchain/bin/../lib/gcc/avr32/4.4.7/../../../../avr32/lib/ucr3fp\libm.a(lib_a-w_asin.o)
                              Library/util/coord_conventions.o (asin)
c:/program files/atmel/atmel toolchain/avr32 gcc/native/3.4.2.1002/avr32-gnu-toolchain/bin/../lib/gcc/avr32/4.4.7/../../../../avr32/lib/ucr3fp\libm.a(lib_a-w_atan2.o)
                              Library/control/stabilisation_copter.o (atan2)
c:/program files/atmel/atmel toolchain/avr32 gcc/native/3.4.2.1002/avr32-gnu-toolchain/bin/../lib/gcc/avr32/4.4.7/../../../../avr32/lib/ucr3fp\libm.a(lib_a-w_pow.o)
                              Library/hal/bmp085.o (pow)
c:/program files/atmel/atmel toolchain/avr32 gcc/native/3.4.2.1002/avr32-gnu-toolchain/bin/../lib/gcc/avr32/4.4.7/../../../../avr32/lib/ucr3fp\libm.a(lib_a-w_sqrt.o)
                              Library/control/orca.o (sqrt)
c:/program files/atmel/atmel toolchain/avr32 gcc/native/3.4.2.1002/avr32-gnu-toolchain/bin/../lib/gcc/avr32/4.4.7/../../../../avr32/lib/ucr3fp\libm.a(lib_a-e_asin.o)
                              c:/program files/atmel/atmel toolchain/avr32 gcc/native/3.4.2.1002/avr32-gnu-toolchain/bin/../lib/gcc/avr32/4.4.7/../../../../avr32/lib/ucr3fp\libm.a(lib_a-w_asin.o) (__ieee754_asin)
c:/program files/atmel/atmel toolchain/avr32 gcc/native/3.4.2.1002/avr32-gnu-toolchain/bin/../lib/gcc/avr32/4.4.7/../../../../avr32/lib/ucr3fp\libm.a(lib_a-e_atan2.o)
                              c:/program files/atmel/atmel toolchain/avr32 gcc/native/3.4.2.1002/avr32-gnu-toolchain/bin/../lib/gcc/avr32/4.4.7/../../../../avr32/lib/ucr3fp\libm.a(lib_a-w_atan2.o) (__ieee754_atan2)
c:/program files/atmel/atmel toolchain/avr32 gcc/native/3.4.2.1002/avr32-gnu-toolchain/bin/../lib/gcc/avr32/4.4.7/../../../../avr32/lib/ucr3fp\libm.a(lib_a-e_pow.o)
                              c:/program files/atmel/atmel toolchain/avr32 gcc/native/3.4.2.1002/avr32-gnu-toolchain/bin/../lib/gcc/avr32/4.4.7/../../../../avr32/lib/ucr3fp\libm.a(lib_a-w_pow.o) (__ieee754_pow)
c:/program files/atmel/atmel toolchain/avr32 gcc/native/3.4.2.1002/avr32-gnu-toolchain/bin/../lib/gcc/avr32/4.4.7/../../../../avr32/lib/ucr3fp\libm.a(lib_a-e_rem_pio2.o)
                              c:/program files/atmel/atmel toolchain/avr32 gcc/native/3.4.2.1002/avr32-gnu-toolchain/bin/../lib/gcc/avr32/4.4.7/../../../../avr32/lib/ucr3fp\libm.a(lib_a-s_cos.o) (__ieee754_rem_pio2)
c:/program files/atmel/atmel toolchain/avr32 gcc/native/3.4.2.1002/avr32-gnu-toolchain/bin/../lib/gcc/avr32/4.4.7/../../../../avr32/lib/ucr3fp\libm.a(lib_a-e_sqrt.o)
                              c:/program files/atmel/atmel toolchain/avr32 gcc/native/3.4.2.1002/avr32-gnu-toolchain/bin/../lib/gcc/avr32/4.4.7/../../../../avr32/lib/ucr3fp\libm.a(lib_a-w_sqrt.o) (__ieee754_sqrt)
c:/program files/atmel/atmel toolchain/avr32 gcc/native/3.4.2.1002/avr32-gnu-toolchain/bin/../lib/gcc/avr32/4.4.7/../../../../avr32/lib/ucr3fp\libm.a(lib_a-k_cos.o)
                              c:/program files/atmel/atmel toolchain/avr32 gcc/native/3.4.2.1002/avr32-gnu-toolchain/bin/../lib/gcc/avr32/4.4.7/../../../../avr32/lib/ucr3fp\libm.a(lib_a-s_cos.o) (__kernel_cos)
c:/program files/atmel/atmel toolchain/avr32 gcc/native/3.4.2.1002/avr32-gnu-toolchain/bin/../lib/gcc/avr32/4.4.7/../../../../avr32/lib/ucr3fp\libm.a(lib_a-k_rem_pio2.o)
                              c:/program files/atmel/atmel toolchain/avr32 gcc/native/3.4.2.1002/avr32-gnu-toolchain/bin/../lib/gcc/avr32/4.4.7/../../../../avr32/lib/ucr3fp\libm.a(lib_a-e_rem_pio2.o) (__kernel_rem_pio2)
c:/program files/atmel/atmel toolchain/avr32 gcc/native/3.4.2.1002/avr32-gnu-toolchain/bin/../lib/gcc/avr32/4.4.7/../../../../avr32/lib/ucr3fp\libm.a(lib_a-k_sin.o)
                              c:/program files/atmel/atmel toolchain/avr32 gcc/native/3.4.2.1002/avr32-gnu-toolchain/bin/../lib/gcc/avr32/4.4.7/../../../../avr32/lib/ucr3fp\libm.a(lib_a-s_cos.o) (__kernel_sin)
c:/program files/atmel/atmel toolchain/avr32 gcc/native/3.4.2.1002/avr32-gnu-toolchain/bin/../lib/gcc/avr32/4.4.7/../../../../avr32/lib/ucr3fp\libm.a(lib_a-s_atan.o)
                              c:/program files/atmel/atmel toolchain/avr32 gcc/native/3.4.2.1002/avr32-gnu-toolchain/bin/../lib/gcc/avr32/4.4.7/../../../../avr32/lib/ucr3fp\libm.a(lib_a-e_atan2.o) (atan)
[...]
Memory Configuration

Name             Origin             Length             Attributes
FLASH            0x80000000         0x00080000         axrl !w
CPUSRAM          0x00000004         0x0000fffc         axw !rl
USERPAGE         0x80800000         0x00000200
FACTORYPAGE      0x80800200         0x00000200
FLASHVAULT_FLASH_SIZE 0x80800400         0x00000008         r
FLASHVAULT_RAM_SIZE 0x80800408         0x00000008         r
*default*        0x00000000         0xffffffff

Linker script and memory map

                0x00001000                _stack_size = 0x1000
LOAD Library/control/adaptive_parameter.o
LOAD Library/control/neighbor_selection.o
LOAD Library/control/orca.o
LOAD Library/control/pid_control.o
LOAD Library/control/stabilisation_copter.o
LOAD Library/hal/analog_monitor.o
LOAD Library/hal/lsm330dlc_driver.o
LOAD Library/hal/time_keeper.o
LOAD Library/sensing/estimator.o
LOAD Library/sensing/position_estimation.o
LOAD Library/sensing/qfilter.o
LOAD src/central_data.o
LOAD src/mavlink_actions.o
LOAD src/tasks.o
LOAD Library/communication/ishtar.o
LOAD Library/communication/ishtar_stream.o
LOAD Library/communication/mavlink_stream.o
LOAD Library/communication/onboard_parameters.o
LOAD Library/control/navigation.o
LOAD Library/control/stabilisation.o
LOAD Library/hal/adc_int.o
LOAD Library/hal/ads1274.o
LOAD Library/hal/adxl345_driver.o
LOAD Library/hal/amplifiers.o
LOAD Library/hal/bmp085.o
LOAD Library/hal/compass_hmc5883l.o
LOAD Library/hal/dac_dma.o
LOAD Library/hal/i2c_driver.o
LOAD Library/hal/itg3200_driver.o
LOAD Library/hal/led.o
LOAD Library/hal/radar_module_driver.o
LOAD Library/hal/servo_pwm.o
LOAD Library/hal/remote_dsm2.o
LOAD Library/hal/spi_buffered.o
LOAD Library/hal/uart_int.o
LOAD Library/runtime/scheduler.o
LOAD Library/sensing/gps_ublox.o
LOAD Library/sensing/imu.o
LOAD Library/sensing/simulation.o
LOAD Library/sensing/mavlink_waypoint_handler.o
LOAD Library/util/buffer.o
LOAD Library/util/coord_conventions.o
LOAD Library/util/generator.o
LOAD Library/util/print_util.o
LOAD Library/util/sinus.o
LOAD src/asf/avr32/drivers/adcifa/adcifa.o
LOAD src/asf/avr32/drivers/ast/ast.o
LOAD src/asf/avr32/drivers/dacifb/dacifb.o
LOAD src/asf/avr32/drivers/eic/eic.o
LOAD src/asf/avr32/drivers/flashc/flashc.o
LOAD src/asf/avr32/drivers/gpio/gpio.o
LOAD src/asf/avr32/drivers/intc/exception.o
LOAD src/asf/avr32/drivers/intc/intc.o
LOAD src/asf/avr32/drivers/pdca/pdca.o
LOAD src/asf/avr32/drivers/pevc/pevc.o
LOAD src/asf/avr32/drivers/pm/pm_uc3c.o
LOAD src/asf/avr32/drivers/pm/power_clocks_lib.o
LOAD src/asf/avr32/drivers/pwm/pwm4.o
LOAD src/asf/avr32/drivers/scif/scif_uc3c.o
LOAD src/asf/avr32/drivers/spi/spi.o
LOAD src/asf/avr32/drivers/tc/tc.o
LOAD src/asf/avr32/drivers/twim/twim.o
LOAD src/asf/avr32/drivers/usart/usart.o
LOAD src/asf/avr32/drivers/usbc/usbc_device.o
LOAD src/asf/avr32/services/delay/delay.o
LOAD src/asf/avr32/utils/startup/startup_uc3.o
LOAD src/asf/avr32/utils/startup/trampoline_uc3.o
LOAD src/asf/common/boards/user_board/init.o
LOAD src/asf/common/services/clock/uc3c/osc.o
LOAD src/asf/common/services/clock/uc3c/pll.o
LOAD src/asf/common/services/clock/uc3c/sysclk.o
LOAD src/asf/common/services/sleepmgr/uc3/sleepmgr.o
LOAD src/asf/common/services/spi/uc3_spi/spi_master.o
LOAD src/asf/common/services/usb/class/cdc/device/udi_cdc.o
LOAD src/asf/common/services/usb/class/cdc/device/udi_cdc_desc.o
LOAD src/asf/common/services/usb/udc/udc.o
LOAD src/asf/common/utils/stdio/read.o
LOAD src/asf/common/utils/stdio/stdio_usb/stdio_usb.o
LOAD src/asf/common/utils/stdio/write.o
LOAD src/boardsupport.o
LOAD src/main.o
START GROUP
LOAD c:/program files/atmel/atmel toolchain/avr32 gcc/native/3.4.2.1002/avr32-gnu-toolchain/bin/../lib/gcc/avr32/4.4.7/../../../../avr32/lib/ucr3fp\libm.a
END GROUP
LOAD c:/program files/atmel/atmel toolchain/avr32 gcc/native/3.4.2.1002/avr32-gnu-toolchain/bin/../lib/gcc/avr32/4.4.7/ucr3fp\libgcc.a
LOAD c:/program files/atmel/atmel toolchain/avr32 gcc/native/3.4.2.1002/avr32-gnu-toolchain/bin/../lib/gcc/avr32/4.4.7/../../../../avr32/lib/ucr3fp\libc.a
LOAD c:/program files/atmel/atmel toolchain/avr32 gcc/native/3.4.2.1002/avr32-gnu-toolchain/bin/../lib/gcc/avr32/4.4.7/ucr3fp\libgcc.a
                0x80000000                PROVIDE (__executable_start, 0x80000000)
                0x80000000                . = 0x80000000

.interp
 *(.interp)

.reset          0x80000000     0x2008
 *(.reset)
 .reset         0x80000000     0x2008 src/asf/avr32/utils/startup/trampoline_uc3.o
                0x80000000                _trampoline

.hash
 *(.hash)

.dynsym
 *(.dynsym)

.dynstr
 *(.dynstr)

.gnu.version
 *(.gnu.version)

.gnu.version_d
 *(.gnu.version_d)

.gnu.version_r
 *(.gnu.version_r)

.rel.init
 *(.rel.init)

.rela.init
 *(.rela.init)

.rel.text
 *(.rel.text .rel.text.* .rel.gnu.linkonce.t.*)

.rela.text
 *(.rela.text .rela.text.* .rela.gnu.linkonce.t.*)

.rel.fini
 *(.rel.fini)

.rela.fini
 *(.rela.fini)

.rel.rodata
 *(.rel.rodata .rel.rodata.* .rel.gnu.linkonce.r.*)

.rela.rodata
 *(.rela.rodata .rela.rodata.* .rela.gnu.linkonce.r.*)

.rel.data.rel.ro
 *(.rel.data.rel.ro*)

.rela.data.rel.ro
 *(.rel.data.rel.ro*)

.rel.data
 *(.rel.data .rel.data.* .rel.gnu.linkonce.d.*)

.rela.data
 *(.rela.data .rela.data.* .rela.gnu.linkonce.d.*)

.rel.tdata
 *(.rel.tdata .rel.tdata.* .rel.gnu.linkonce.td.*)

.rela.tdata
 *(.rela.tdata .rela.tdata.* .rela.gnu.linkonce.td.*)

.rel.tbss
 *(.rel.tbss .rel.tbss.* .rel.gnu.linkonce.tb.*)

.rela.tbss
 *(.rela.tbss .rela.tbss.* .rela.gnu.linkonce.tb.*)

.rel.ctors
 *(.rel.ctors)

.rela.ctors
 *(.rela.ctors)

.rel.dtors
 *(.rel.dtors)

.rela.dtors
 *(.rela.dtors)

.rel.got
 *(.rel.got)

.rela.got       0x80002008        0x0
 *(.rela.got)
 .rela.got      0x80002008        0x0 Library/control/adaptive_parameter.o

.rel.bss
 *(.rel.bss .rel.bss.* .rel.gnu.linkonce.b.*)

.rela.bss
 *(.rela.bss .rela.bss.* .rela.gnu.linkonce.b.*)

.rel.plt
 *(.rel.plt)

.rela.plt
 *(.rela.plt)

.init
 *(.init)

.plt
 *(.plt)

.text           0x80002008    0x2f9ae
 *(.text .stub .text.* .gnu.linkonce.t.*)
 .text          0x80002008      0x838 Library/control/neighbor_selection.o
                0x80002478                init_neighbors
                0x800024cc                read_msg_from_neighbors
 .text          0x80002840     0x288c Library/control/orca.o
                0x80002d88                init_orca
                0x80002e2c                computeNewVelocity
                0x80003828                linearProgram1
                0x80003cdc                linearProgram2
                0x80004658                linearProgram3
                0x80004944                linearProgram4
 .text          0x800050cc      0x5b4 Library/control/pid_control.o
                0x80005248                passthroughController
                0x800052cc                integrate
                0x80005334                initInt
                0x80005378                resetInt
                0x80005392                initDiff
                0x800053ce                differentiate
                0x80005470                pid_update
                0x80005588                pid_update_dt
 .text          0x80005680      0x9d8 Library/control/stabilisation_copter.o
                0x80005948                init_stabilisation_copter
                0x800059a8                cascade_stabilise_copter
                0x80005d24                mix_to_servos_diag_quad
                0x80005ed4                mix_to_servos_cross_quad
 .text          0x80006058      0x1f8 Library/hal/analog_monitor.o
                0x80006058                init_analog_monitor
                0x800060a0                trigger_analog_monitor
                0x800060c4                get_monitored_avg
                0x80006140                get_battery_rail
                0x80006184                get_internal_rail
                0x800061c8                get_6V_analog_rail
                0x8000620c                get_5V_analog_rail
 .text          0x80006250      0x100 Library/hal/time_keeper.o
                0x80006250                init_time_keeper
                0x80006278                get_time
                0x800062a8                get_millis
                0x800062d4                get_micros
                0x800062f0                get_time_ticks
                0x80006310                ticks_to_seconds
 .text          0x80006350     0x41c8 Library/sensing/estimator.o
                0x80006420                e_init
                0x8000664c                init_pos_gps_estimator
                0x800066d0                e_kalman_init
                0x80006854                e_predict
                0x80006b60                quat_rot
                0x80006d16                e_kalman_predict
                0x80007a24                e_kalman_predict_hf
                0x80007fb8                e_kalman_update_position
                0x80008bc4                e_kalman_update_speed
                0x800097ec                e_kalman_update_position_hf
                0x80009d78                e_kalman_update_speed_hf
                0x8000a30c                estimator_loop
 .text          0x8000a518     0x1364 Library/sensing/position_estimation.o
                0x8000a964                init_pos_integration
                0x8000aa24                init_pos_gps
                0x8000abca                init_barometer_offset
                0x8000aca0                position_reset_home_altitude
                0x8000ae6c                position_integration
                0x8000b1f2                position_correction
 .text          0x8000b87c     0x1428 Library/sensing/qfilter.o
                0x8000be3a                qfInit
                0x8000c18c                qfilter
 .text          0x8000cca4      0x2d8 src/central_data.o
                0x8000cd74                initialise_central_data
                0x8000cedc                get_central_data
                0x8000cef4                get_telemetry_upstream
                0x8000cf10                get_telemetry_downstream
                0x8000cf2c                get_debug_stream
                0x8000cf48                get_imu_data
                0x8000cf60                get_control_inputs_data
 .text          0x8000cf7c     0x4224 src/mavlink_actions.o
                0x8000e754                mavlink_send_heartbeat
                0x8000e798                mavlink_send_raw_imu
                0x8000e89c                mavlink_send_scaled_imu
                0x8000e9cc                mavlink_send_rpy_rates_error
                0x8000ea1c                mavlink_send_rpy_speed_thrust_setpoint
                0x8000ea6c                mavlink_send_rpy_thrust_setpoint
                0x8000eabc                mavlink_send_servo_output
                0x8000ebf4                mavlink_send_attitude_quaternion
                0x8000ec70                mavlink_send_attitude
                0x8000ecf8                mavlink_send_global_position
                0x8000ee9c                mavlink_send_hud
                0x8000eff8                mavlink_send_gps_raw
                0x8000f214                mavlink_send_pressure
                0x8000f310                mavlink_send_radar
                0x8000f378                mavlink_send_estimator
                0x8000f440                mavlink_send_kalman_estimator
                0x8000f5bc                mavlink_send_raw_rc_channels
                0x8000f6b8                mavlink_send_scaled_rc_channels
                0x8000f9a2                mavlink_send_simulation
                0x8000fd80                send_rt_stats
                0x80010298                add_PID_parameters
                0x80010770                control_waypoint_timeout
                0x800107a8                handle_specific_messages
                0x80010af0                receive_message_long
                0x80010fc8                init_mavlink_actions
 .text          0x800111a0     0x115c src/tasks.o
                0x80011524                get_main_taskset
                0x8001153c                run_imu_update
                0x80011588                rc_user_channels
                0x80011730                set_mav_mode_n_state
                0x80011ad8                run_stabilisation
                0x80011efc                gps_task
                0x80011f4c                run_estimator
                0x80011f64                run_navigation_task
                0x80012190                run_barometer
                0x80012250                create_tasks
 .text          0x800122fc      0xf00 Library/communication/mavlink_stream.o
                0x80012c5c                comm_send_ch
                0x80012cde                mavlink_receive_handler
                0x80012d5c                init_mavlink
                0x80012df4                flush_mavlink
                0x80012e28                mavlink_protocol_update
                0x80012e80                get_mavlink_taskset
                0x80012e98                suspend_downstream
                0x80012ef8                mavlink_receive
                0x80012fbc                handle_mavlink_message
 .text          0x800131fc     0x12a4 Library/communication/onboard_parameters.o
                0x800138d4                init_onboard_parameters
                0x80013904                add_parameter_uint8
                0x800139e8                add_parameter_uint32
                0x80013acc                add_parameter_int32
                0x80013bb0                add_parameter_float
                0x80013c94                send_all_parameters
                0x80013ce8                send_all_parameters_now
                0x80013da8                send_scheduled_parameters
                0x80013e88                send_parameter
                0x80013fdc                receive_parameter
                0x800141ea                read_parameters_from_flashc
                0x80014370                write_parameters_to_flashc
 .text          0x800144a0      0xb80 Library/control/navigation.o
                0x80014978                init_nav
                0x800149d4                run_navigation
                0x80014a28                set_rel_pos_n_dist2wp
                0x80014ab0                set_speed_command
                0x80014dac                low_speed_nav
                0x80014f78                high_speed_nav
 .text          0x80015020      0x128 Library/control/stabilisation.o
                0x800150a4                stabilise
 .text          0x80015148      0x56c Library/hal/adc_int.o
                0x80015338                Init_ADCI
                0x80015428                clear_adc_sequencer
                0x80015454                adc_sequencer_add
                0x8001552c                ADCI_Start_Sampling
                0x800155ec                ADCI_Stop_Sampling
                0x8001560c                ADCI_Sampling_Complete
                0x80015634                ADCI_get_sample
                0x8001567c                ADCI_get_buffer
                0x80015698                ADCI_get_sampling_status
 .text          0x800156b4      0x464 Library/hal/ads1274.o
                0x800157b0                get_interrupt_counter
                0x800157cc                processData
                0x800158d0                set_DAC_generator_function
                0x800158f4                get_sample
                0x80015930                get_sampling_status
                0x8001594c                Init_ADC
                0x80015a38                ADC_Switch_Clock
                0x80015a98                ADC_Switch_Channel
                0x80015ab0                ADC_Set_Mode
                0x80015ac2                ADC_Start_Oneshot
                0x80015adc                ADC_Stop_Sampling
                0x80015ae6                Sampling_Complete
                0x80015af0                eic_nmi_handler
 .text          0x80015b18      0x268 Library/hal/adxl345_driver.o
                0x80015b9c                init_adxl345
                0x80015c64                init_adxl345_slow
                0x80015ca8                get_acc_data
                0x80015cd0                get_acc_data_slow
 .text          0x80015d80      0xa98 Library/hal/bmp085.o
                0x80015f50                bmp085_read_int
                0x80015f98                init_bmp085
                0x8001604a                init_bmp085_slow
                0x800161a0                get_pressure_data_slow
                0x800167d8                newValidBarometer
 .text          0x80016818       0xd8 Library/hal/compass_hmc5883l.o
                0x80016818                init_hmc5883_slow
                0x80016848                get_compass_data_slow
 .text          0x800168f0      0x3b4 Library/hal/dac_dma.o
                0x800169e4                init_pevc
                0x80016a1c                init_gclk
                0x80016a76                Init_DAC
                0x80016b4c                DAC_load_buffer
                0x80016c00                DAC_play
                0x80016c5c                DAC_pause
                0x80016c66                DAC_resume
                0x80016c70                DAC_is_finished
                0x80016c7e                DAC_set_value
 .text          0x80016ca4      0x7f4 Library/hal/i2c_driver.o
                0x80016e74                init_i2c
                0x80016fac                i2c_reset
                0x80017040                i2c_add_request
                0x80017148                i2c_change_request
                0x80017202                i2c_trigger_request
                0x80017440                i2c_pause_request
                0x8001745a                i2c_enable_request
                0x80017478                i2c_remove_request
 .text          0x80017498      0x244 Library/hal/itg3200_driver.o
                0x8001751c                init_itg3200
                0x80017614                reconfigure_gyro
                0x80017638                init_itg3200_slow
                0x80017668                get_gyro_data
                0x80017690                get_gyro_data_slow
 .text          0x800176dc      0x500 Library/hal/led.o
                0x800176dc                LED_Read_Display
                0x800176f8                LED_Display
                0x800177a8                LED_Read_Display_Mask
                0x800177d4                LED_Display_Mask
                0x800178dc                LED_Test
                0x8001790c                LED_Off
                0x800179c4                LED_On
                0x80017a80                LED_Toggle
                0x80017b38                LED_Read_Display_Field
                0x80017b70                LED_Display_Field
                0x80017bac                LED_Get_Intensity
                0x80017bc2                LED_Set_Intensity
 .text          0x80017bdc      0x144 Library/hal/radar_module_driver.o
                0x80017c60                init_radar_modules
                0x80017c82                read_radar
                0x80017d08                get_radar_main_target
 .text          0x80017d20      0x258 Library/hal/servo_pwm.o
                0x80017d20                init_Servos
                0x80017e58                set_servo
                0x80017f12                set_servos
 .text          0x80017f78      0x598 Library/hal/remote_dsm2.o
                0x800181ac                rc_init
                0x8001825c                rc_get_channel
                0x80018294                rc_get_channel_neutral
                0x8001832c                rc_center_channel
                0x80018360                checkReceiver1
                0x80018440                checkReceiver2
                0x800184f0                rc_check_receivers
 .text          0x80018510      0xda8 Library/hal/spi_buffered.o
                0x80018714                get_spi_in_buffer
                0x80018744                spi0_int_handler
                0x80018760                spi1_int_handler
                0x800187f0                initSPI
                0x80018980                enableSPI
                0x800189b4                disableSPI
                0x800189e8                spiInitDMA
                0x80018a64                spiTriggerDMA
                0x80018b10                setSPIcallBack
                0x80018b48                pauseSPI
                0x80018b7c                resumeSPI
                0x80018bb8                activateReceiveSPI
                0x80018bec                deactivateReceiveSPI
                0x80018c20                getTraffic
                0x80018c54                readSPI
                0x80018d0c                clearSPIReadBuffer
                0x80018d50                writeSPI
                0x80018e08                SPItransmit
                0x80018f6c                startSPI
                0x80019034                SPITransferFinished
                0x80019084                SPIFlushBuffer
                0x800190dc                SPIBytesAvailable
                0x80019134                spi_handler
 .text          0x800192b8      0x8f0 Library/hal/uart_int.o
                0x800197b4                register_UART_handler
                0x80019854                init_UART_int
                0x800199e4                uart_int_get_byte
                0x80019a10                uart_int_bytes_available
                0x80019a3c                uart_int_send_byte
                0x80019a9c                uart_int_flush
                0x80019ad4                uart_out_buffer_empty
                0x80019b04                get_UART_handle
                0x80019b34                register_write_stream
                0x80019b84                register_read_stream
 .text          0x80019ba8      0xac0 Library/runtime/scheduler.o
                0x80019ba8                init_scheduler
                0x80019c24                register_task
                0x80019dac                add_task
                0x80019e6c                sort_taskset_by_period
                0x8001a0da                run_scheduler_update
                0x8001a4f0                get_task_by_id
                0x8001a574                get_task_by_index
                0x8001a5ba                change_run_mode
                0x8001a5da                change_task_period
                0x8001a614                suspend_task
                0x8001a644                run_task_now
 .text          0x8001a668     0x29f0 Library/sensing/gps_ublox.o
                0x8001a738                init_gps_ubx
                0x8001aa36                ubx_read
                0x8001ba0e                ubx_process_data
                0x8001c500                update_checksum
                0x8001c57a                endian_lower_bytes_uint16
                0x8001c596                endian_higher_bytes_uint16
                0x8001c5b6                ubx_send_header
                0x8001c69c                ubx_send_cksum
                0x8001c6f0                ubx_send_message
                0x8001c7d0                ubx_send_message_CFG_nav_rate
                0x8001c950                ubx_send_message_nav_settings
                0x8001ca2c                ubx_configure_message_rate
                0x8001cb5e                configure_gps
                0x8001cc00                gps_update
                0x8001ce14                newValidGpsMsg
                0x8001ce6c                ubx_GetPosllh
                0x8001ce94                ubx_GetStatus
                0x8001cebc                ubx_GetSolution
                0x8001cee4                ubx_GetVelned
                0x8001cf0c                ubx_GetSVInfo
                0x8001cf34                ubx_GetNavSettings
                0x8001cf5c                ubx_GetMsgRate
                0x8001cf84                ubx_GetMonRXR
                0x8001cfac                ubx_GetTimTP
                0x8001cfd4                ubx_GetTimVRFY
                0x8001cffc                ToRad
 .text          0x8001d058      0x548 Library/sensing/imu.o
                0x8001d0dc                init_imu
                0x8001d234                imu_get_raw_data
                0x8001d318                calibrate_Gyros
                0x8001d4c4                imu_update
 .text          0x8001d5a0     0x1a88 Library/sensing/simulation.o
                0x8001dc80                init_simulation
                0x8001df1c                forces_from_servos_diag_quad
                0x8001e37c                forces_from_servos_cross_quad
                0x8001e392                simu_update
                0x8001ef18                simulate_barometer
                0x8001ef70                simulate_gps
 .text          0x8001f028     0x3408 Library/sensing/mavlink_waypoint_handler.o
                0x8002000c                init_waypoint_handler
                0x800200a4                init_wp
                0x800203ca                init_waypoint_list
                0x80020708                send_count
                0x800207f6                send_waypoint
                0x80020a98                receive_ack_msg
                0x80020b56                receive_count
                0x80020d46                receive_waypoint
                0x80021088                set_current_wp
                0x800211a8                clear_waypoint_list
                0x80021250                set_mav_mode
                0x8002141c                control_time_out_waypoint_msg
                0x80021576                set_waypoint_from_frame
                0x80021b8c                wp_hold_init
                0x80021cf8                waypoint_hold_position_handler
                0x80021d76                waypoint_navigation_handler
                0x80022204                waypoint_critical_handler
 .text          0x80022430      0x318 Library/util/buffer.o
                0x80022430                buffer_full
                0x8002245e                buffer_put_lossy
                0x800224f8                buffer_put
                0x80022588                buffer_get
                0x800225ee                buffer_empty
                0x80022618                buffer_bytes_available
                0x80022648                buffer_init
                0x80022678                buffer_clear
                0x800226a8                make_buffered_stream
                0x800226f8                make_buffered_stream_lossy
 .text          0x80022748      0x594 Library/util/coord_conventions.o
                0x800227cc                local_to_global_position
                0x8002293c                global_to_local_position
                0x80022b0c                Quat_to_Aero
                0x80022c58                get_yaw
 .text          0x80022cdc      0x69c Library/util/print_util.o
                0x80022d60                dbg_print_init
                0x80022d84                putstring
                0x80022de4                putdigit
                0x80022e4c                putnum
                0x80022f3c                putnum_tight
                0x8002301e                putfloat
                0x80023128                print_vector
                0x800231b4                print_quaternion
                0x80023224                dbg_print
                0x80023250                dbg_print_num
                0x80023288                dbg_putfloat
                0x800232bc                dbg_print_vector
                0x800232f0                dbg_print_quaternion
                0x80023326                dbg_log_value
 .text          0x80023378      0x938 src/asf/avr32/drivers/adcifa/adcifa.o
                0x80023378                adcifa_get_calibration_data
                0x8002340c                adcifa_configure
                0x8002354c                adcifa_configure_sequencer
                0x80023944                adcifa_configure_window_monitor
                0x80023a58                adcifa_start_sequencer
                0x80023a9c                adcifa_check_eoc
                0x80023ae6                adcifa_check_eos
                0x80023b2e                adcifa_get_values_from_sequencer
                0x80023c08                adcifa_start_itimer
                0x80023c32                adcifa_stop_itimer
                0x80023c4c                adcifa_enable_interrupt
                0x80023c6e                adcifa_disable_interrupt
                0x80023c90                adcifa_clear_interrupt
 .text          0x80023cb0      0x4c0 src/asf/avr32/drivers/ast/ast.o
                0x80023cf0                ast_init_calendar
                0x80023d64                ast_init_counter
                0x80023dc0                ast_enable
                0x80023e04                ast_set_calendar_value
                0x80023e48                ast_set_counter_value
                0x80023e88                ast_get_calendar_value
                0x80023eaa                ast_get_counter_value
                0x80023ec4                ast_set_alarm0_value
                0x80023ee4                ast_set_alarm1_value
                0x80023f04                ast_enable_alarm0
                0x80023f48                ast_disable_alarm0
                0x80023f8c                ast_enable_alarm1
                0x80023fd0                ast_disable_alarm1
                0x80024014                ast_set_periodic0_value
                0x80024034                ast_set_periodic1_value
                0x80024054                ast_enable_periodic0
                0x80024098                ast_disable_periodic0
                0x800240e0                ast_enable_periodic1
                0x80024128                ast_disable_periodic1
 .text          0x80024170      0x8c0 src/asf/avr32/drivers/dacifb/dacifb.o
                0x800242cc                dacifb_get_calibration_data
                0x80024362                dacifb_configure
                0x800244b0                dacifb_configure_channel
                0x8002488a                dacifb_start_channel
                0x80024900                dacifb_check_eoc
                0x80024922                dacifb_set_value
                0x80024992                dacifb_reload_timer
 .text          0x80024a30      0x52c src/asf/avr32/drivers/eic/eic.o
                0x80024a68                eic_init
                0x80024ce6                eic_enable_lines
                0x80024d06                eic_enable_line
                0x80024d2e                eic_disable_lines
                0x80024d4e                eic_disable_line
                0x80024d76                eic_is_line_enabled
                0x80024da6                eic_enable_interrupt_lines
                0x80024dc6                eic_enable_interrupt_line
                0x80024dee                eic_disable_interrupt_lines
                0x80024e2c                eic_disable_interrupt_line
                0x80024e74                eic_is_interrupt_line_enabled
                0x80024ea4                eic_clear_interrupt_lines
                0x80024ee4                eic_clear_interrupt_line
                0x80024f2c                eic_is_interrupt_line_pending
 .text          0x80024f5c     0x1bbc src/asf/avr32/drivers/flashc/flashc.o
                0x80024f5c                flashc_get_flash_size
                0x80024f84                flashc_get_page_count
                0x80024fa0                flashc_get_page_count_per_region
                0x80024fbc                flashc_get_page_region
                0x80024ff8                flashc_get_region_first_page_number
                0x80025024                flashc_get_wait_state
                0x8002503c                flashc_set_wait_state
                0x80025082                flashc_set_bus_freq
                0x800250bc                flashc_is_ready_int_enabled
                0x800250d4                flashc_enable_ready_int
                0x80025112                flashc_is_lock_error_int_enabled
                0x8002512c                flashc_enable_lock_error_int
                0x8002516a                flashc_is_prog_error_int_enabled
                0x80025184                flashc_enable_prog_error_int
                0x800251c2                flashc_is_ready
                0x800251da                flashc_default_wait_until_ready
                0x80025212                flashc_is_lock_error
                0x80025234                flashc_is_programming_error
                0x80025258                flashc_get_command
                0x8002526e                flashc_get_page_number
                0x8002528a                flashc_issue_command
                0x80025314                flashc_no_operation
                0x80025330                flashc_erase_all
                0x8002534c                flashc_is_security_bit_active
                0x80025366                flashc_activate_security_bit
                0x80025380                flashc_get_bootloader_protected_size
                0x800253c4                flashc_set_bootloader_protected_size
                0x80025460                flashc_is_external_privileged_fetch_locked
                0x80025484                flashc_lock_external_privileged_fetch
                0x800254b4                flashc_is_page_region_locked
                0x800254e4                flashc_is_region_locked
                0x80025516                flashc_lock_page_region
                0x80025554                flashc_lock_region
                0x8002558c                flashc_lock_all_regions
                0x800255f4                flashc_read_gp_fuse_bit
                0x80025658                flashc_read_gp_fuse_bitfield
                0x80025728                flashc_read_gp_fuse_byte
                0x8002578c                flashc_read_all_gp_fuses
                0x800257c0                flashc_erase_gp_fuse_bit
                0x8002580c                flashc_erase_gp_fuse_bitfield
                0x80025924                flashc_erase_gp_fuse_byte
                0x800259f8                flashc_erase_all_gp_fuses
                0x80025a40                flashc_write_gp_fuse_bit
                0x80025a7c                flashc_write_gp_fuse_bitfield
                0x80025b4c                flashc_write_gp_fuse_byte
                0x80025b88                flashc_write_all_gp_fuses
                0x80025c0c                flashc_set_gp_fuse_bit
                0x80025c50                flashc_set_gp_fuse_bitfield
                0x80025d20                flashc_set_gp_fuse_byte
                0x80025d9c                flashc_set_all_gp_fuses
                0x80025e08                flashc_clear_page_buffer
                0x80025e24                flashc_is_page_erased
                0x80025e3e                flashc_quick_page_read
                0x80025e6c                flashc_erase_page
                0x80025ed8                flashc_erase_all_pages
                0x80025f60                flashc_write_page
                0x80025f84                flashc_quick_user_page_read
                0x80025fa8                flashc_erase_user_page
                0x80025fe4                flashc_write_user_page
                0x80026000                flashc_memset8
                0x80026054                flashc_memset16
                0x800260a4                flashc_memset32
                0x80026104                flashc_memset64
                0x80026524                flashc_memcpy
                0x80026ab0                flashc_set_flash_waitstate_and_readmode
 .text          0x80026b18     0x10d0 src/asf/avr32/drivers/gpio/gpio.o
                0x80026b18                gpio_enable_module
                0x80026b90                gpio_enable_module_pin
                0x80026e30                gpio_enable_gpio
                0x80026e84                gpio_enable_gpio_pin
                0x80026ed4                gpio_enable_pin_pull_up
                0x80026f26                gpio_disable_pin_pull_up
                0x80026f60                gpio_enable_pin_pull_down
                0x80026fb2                gpio_disable_pin_pull_down
                0x80026fec                gpio_enable_pin_buskeeper
                0x8002703e                gpio_disable_pin_buskeeper
                0x80027090                gpio_configure_pin
                0x8002736a                gpio_configure_group
                0x80027532                gpio_get_pin_value
                0x8002756c                gpio_get_gpio_pin_output_value
                0x800275a6                gpio_get_gpio_open_drain_pin_output_value
                0x800275e2                gpio_set_gpio_pin
                0x8002764a                gpio_set_pin_high
                0x80027684                gpio_set_group_high
                0x800276b4                gpio_set_pin_low
                0x800276ee                gpio_clr_gpio_pin
                0x80027756                gpio_set_group_low
                0x80027786                gpio_tgl_gpio_pin
                0x800277ee                gpio_toggle_pin
                0x80027828                gpio_toggle_group
                0x80027858                gpio_set_gpio_open_drain_pin
                0x800278a8                gpio_clr_gpio_open_drain_pin
                0x80027910                gpio_tgl_gpio_open_drain_pin
                0x80027978                gpio_enable_pin_glitch_filter
                0x800279b2                gpio_disable_pin_glitch_filter
                0x80027ac0                gpio_enable_pin_interrupt
                0x80027b38                gpio_disable_pin_interrupt
                0x80027b72                gpio_get_pin_interrupt_flag
                0x80027bae                gpio_clear_pin_interrupt_flag
 .text          0x80027be8      0x194 src/asf/avr32/drivers/intc/intc.o
                0x80027bf0                _get_interrupt_handler
                0x80027c80                INTC_init_interrupts
                0x80027d10                INTC_register_interrupt
 .text          0x80027d7c      0x5f4 src/asf/avr32/drivers/pdca/pdca.o
                0x80027d9c                pdca_get_handler
                0x80027dd0                pdca_init_channel
                0x80027ea4                pdca_get_channel_status
                0x80027ed8                pdca_disable
                0x80027f08                pdca_enable
                0x80027f38                pdca_get_load_size
                0x80027f68                pdca_load_channel
                0x80027fe8                pdca_get_reload_size
                0x80028018                pdca_reload_channel
                0x80028098                pdca_set_peripheral_select
                0x800280d0                pdca_set_transfer_size
                0x80028114                pdca_disable_event_trigger
                0x8002814c                pdca_enable_event_trigger
                0x80028184                pdca_disable_interrupt_transfer_error
                0x800281e8                pdca_enable_interrupt_transfer_error
                0x80028218                pdca_disable_interrupt_transfer_complete
                0x8002827c                pdca_enable_interrupt_transfer_complete
                0x800282ac                pdca_disable_interrupt_reload_counter_zero
                0x80028310                pdca_enable_interrupt_reload_counter_zero
                0x80028340                pdca_get_transfer_status
 .text          0x80028370      0x688 src/asf/avr32/drivers/pevc/pevc.o
                0x80028370                pevc_channel_configure
                0x8002846e                pevc_igfd_set
                0x80028494                pevc_channels_enable
                0x800284d4                pevc_channels_disable
                0x80028514                pevc_get_channel_status
                0x8002857e                pevc_get_channel_state
                0x800285e8                pevc_channel_sev_enable
                0x8002861a                pevc_channels_trigger_sev
                0x8002865e                pevc_channel_sev_disable
                0x80028690                pevc_channels_enable_trigger_interrupt
                0x800286d4                pevc_channels_disable_trigger_interrupt
                0x80028718                pevc_channel_is_trigger_interrupt_enabled
                0x80028786                pevc_channel_is_trigger_interrupt_raised
                0x800287f0                pevc_channel_clear_trigger_interrupt
                0x80028842                pevc_channels_enable_overrun_interrupt
                0x80028886                pevc_channels_disable_overrun_interrupt
                0x800288ca                pevc_channel_is_overrun_interrupt_enabled
                0x80028938                pevc_channel_is_overrun_interrupt_raised
                0x800289a6                pevc_channel_clear_overrun_interrupt
 .text          0x800289f8      0xfe0 src/asf/avr32/drivers/scif/scif_uc3c.o
                0x80028a5e                scif_read_gplp
                0x80028a80                scif_write_gplp
                0x80028aba                scif_start_osc
                0x80028bf4                scif_is_osc_ready
                0x80028c2e                scif_stop_osc
                0x80028cac                scif_configure_osc_crystalmode
                0x80028e08                scif_configure_osc_extmode
                0x80028ea8                scif_enable_osc
                0x80028f94                scif_enable_extosc
                0x80029034                scif_pll_setup
                0x80029190                scif_pll_enable
                0x80029230                scif_pll_disable
                0x800292d0                scif_wait_for_pll_locked
                0x80029308                scif_start_osc32
                0x800293d0                scif_stop_osc32
                0x80029438                scif_start_rc8M
                0x8002949c                scif_stop_rc8M
                0x80029500                scif_start_rc120M
                0x8002954c                scif_stop_rc120M
                0x800295b0                scif_start_gclk
                0x80029620                scif_stop_gclk
                0x8002968a                scif_gc_setup
                0x80029750                scif_gc_enable
                0x80029798                scif_bod18_enable_irq
                0x800297aa                scif_bod18_disable_irq
                0x800297fc                scif_bod18_clear_irq
                0x8002980e                scif_bod18_get_irq_status
                0x80029826                scif_bod18_get_irq_enable_bit
                0x8002983e                scif_bod18_get_level
                0x80029854                scif_bod33_enable_irq
                0x80029868                scif_bod33_disable_irq
                0x800298bc                scif_bod33_clear_irq
                0x800298d0                scif_bod33_get_irq_status
                0x800298e8                scif_bod33_get_irq_enable_bit
                0x80029900                scif_bod33_get_level
                0x80029916                scif_bod50_enable_irq
                0x8002992a                scif_bod50_disable_irq
                0x8002997c                scif_bod50_clear_irq
                0x80029990                scif_bod50_get_irq_status
                0x800299a8                scif_bod50_get_irq_enable_bit
                0x800299c0                scif_bod50_get_level
 .text          0x800299d8      0x730 src/asf/avr32/drivers/spi/spi.o
                0x800299d8                getBaudDiv
                0x80029a2c                spi_initSlave
                0x80029ab6                spi_initTest
                0x80029ae8                spi_initMaster
                0x80029b7c                spi_selectionMode
                0x80029c10                spi_selectChip
                0x80029ca8                spi_unselectChip
                0x80029d12                spi_setupChipReg
                0x80029e9c                spi_enable
                0x80029eb6                spi_disable
                0x80029ed0                spi_is_enabled
                0x80029ef0                spi_writeRegisterEmptyCheck
                0x80029f10                spi_write
                0x80029f68                spi_variableSlaveWrite
                0x8002a000                spi_writeEndCheck
                0x8002a020                spi_readRegisterFullCheck
                0x8002a040                spi_read
                0x8002a09e                spi_getStatus
 .text          0x8002a108      0xeb0 src/asf/avr32/drivers/twim/twim.o
                0x8002a438                twim_set_speed
                0x8002a4e0                twim_master_init
                0x8002a5ec                twim_disable_interrupt
                0x8002a634                twim_probe
                0x8002a670                twim_read_packet
                0x8002a818                twim_read
                0x8002a954                twim_write_packet
                0x8002ab24                twim_write
                0x8002ac2c                twim_chained_transfer
                0x8002af84                twim_status
 .text          0x8002afb8     0x1154 src/asf/avr32/drivers/usart/usart.o
                0x8002b24c                usart_reset
                0x8002b2c0                usart_init_rs232
                0x8002b42c                usart_init_rs232_tx_only
                0x8002b5a8                usart_init_hw_handshaking
                0x8002b5fc                usart_init_modem
                0x8002b654                usart_init_sync_master
                0x8002b7d8                usart_init_sync_slave
                0x8002b948                usart_init_rs485
                0x8002b99c                usart_init_IrDA
                0x8002ba0c                usart_init_iso7816
                0x8002bb28                usart_init_lin_master
                0x8002bb8c                usart_init_lin_slave
                0x8002bbf0                usart_init_spi_master
                0x8002bd0c                usart_init_spi_slave
                0x8002be14                usart_spi_selectChip
                0x8002be34                usart_spi_unselectChip
                0x8002be90                usart_send_address
                0x8002bf00                usart_write_char
                0x8002bf44                usart_putchar
                0x8002bf9c                usart_read_char
                0x8002bfee                usart_getchar
                0x8002c038                usart_write_line
                0x8002c088                usart_get_echo_line
 .text          0x8002c10c      0x17c src/asf/avr32/services/delay/delay.o
                0x8002c10c                delay_init
                0x8002c130                delay_ms
 .text._stext   0x8002c288       0x4c src/asf/avr32/utils/startup/startup_uc3.o
                                 0x50 (size before relaxing)
                0x8002c288                _stext
 .text          0x8002c2d4       0x24 src/asf/common/boards/user_board/init.o
                0x8002c2d4                board_init
 .text          0x8002c2f8      0x274 src/asf/common/services/clock/uc3c/osc.o
                0x8002c330                osc_priv_enable_osc0
                0x8002c36c                osc_priv_disable_osc0
                0x8002c3a4                osc_priv_enable_osc32
                0x8002c3e0                osc_priv_disable_osc32
                0x8002c41c                osc_priv_enable_rc8m
                0x8002c49c                osc_priv_disable_rc8m
                0x8002c4f4                osc_priv_enable_rc120m
                0x8002c530                osc_priv_disable_rc120m
 .text          0x8002c56c      0x12c src/asf/common/services/clock/uc3c/pll.o
                0x8002c5a4                pll_config_write
                0x8002c5f8                pll_enable
                0x8002c64c                pll_disable
 .text          0x8002c698      0x7a4 src/asf/common/services/clock/uc3c/sysclk.o
                0x8002caf8                sysclk_priv_enable_module
                0x8002cb78                sysclk_priv_disable_module
                0x8002cbfc                sysclk_set_prescalers
                0x8002cd04                sysclk_set_source
                0x8002cd48                sysclk_enable_usb
                0x8002cdac                sysclk_disable_usb
                0x8002cdc4                sysclk_init
 .text          0x8002ce3c      0x768 src/asf/common/services/spi/uc3_spi/spi_master.o
                0x8002d370                spi_master_setup_device
                0x8002d418                spi_read_packet
                0x8002d4fc                spi_write_packet
 .text          0x8002d5a4      0x3ac src/boardsupport.o
                0x8002d76c                initialise_board
 .text          0x8002d950      0x2b0 src/main.o
                0x8002da3a                initialisation
                0x8002dbcc                main
 .text.cos      0x8002dc00       0x8c c:/program files/atmel/atmel toolchain/avr32 gcc/native/3.4.2.1002/avr32-gnu-toolchain/bin/../lib/gcc/avr32/4.4.7/../../../../avr32/lib/ucr3fp\libm.a(lib_a-s_cos.o)
                                 0x9c (size before relaxing)
                0x8002dc00                cos
 .text.sin      0x8002dc8c       0x90 c:/program files/atmel/atmel toolchain/avr32 gcc/native/3.4.2.1002/avr32-gnu-toolchain/bin/../lib/gcc/avr32/4.4.7/../../../../avr32/lib/ucr3fp\libm.a(lib_a-s_sin.o)
                                 0xa0 (size before relaxing)
                0x8002dc8c                sin
 .text.asin     0x8002dd1c       0x94 c:/program files/atmel/atmel toolchain/avr32 gcc/native/3.4.2.1002/avr32-gnu-toolchain/bin/../lib/gcc/avr32/4.4.7/../../../../avr32/lib/ucr3fp\libm.a(lib_a-w_asin.o)
                                 0xb0 (size before relaxing)
                0x8002dd1c                asin
 .text.atan2    0x8002ddb0        0x8 c:/program files/atmel/atmel toolchain/avr32 gcc/native/3.4.2.1002/avr32-gnu-toolchain/bin/../lib/gcc/avr32/4.4.7/../../../../avr32/lib/ucr3fp\libm.a(lib_a-w_atan2.o)
                                  0xc (size before relaxing)
                0x8002ddb0                atan2
 .text.pow      0x8002ddb8      0x2b8 c:/program files/atmel/atmel toolchain/avr32 gcc/native/3.4.2.1002/avr32-gnu-toolchain/bin/../lib/gcc/avr32/4.4.7/../../../../avr32/lib/ucr3fp\libm.a(lib_a-w_pow.o)
                                0x300 (size before relaxing)
                0x8002ddb8                pow
 .text.sqrt     0x8002e070       0x9c c:/program files/atmel/atmel toolchain/avr32 gcc/native/3.4.2.1002/avr32-gnu-toolchain/bin/../lib/gcc/avr32/4.4.7/../../../../avr32/lib/ucr3fp\libm.a(lib_a-w_sqrt.o)
                                 0xb4 (size before relaxing)
                0x8002e070                sqrt
 .text.__ieee754_asin
                0x8002e10c      0x4f0 c:/program files/atmel/atmel toolchain/avr32 gcc/native/3.4.2.1002/avr32-gnu-toolchain/bin/../lib/gcc/avr32/4.4.7/../../../../avr32/lib/ucr3fp\libm.a(lib_a-e_asin.o)
                                0x50c (size before relaxing)
                0x8002e10c                __ieee754_asin
 .text.__ieee754_atan2
                0x8002e5fc      0x22c c:/program files/atmel/atmel toolchain/avr32 gcc/native/3.4.2.1002/avr32-gnu-toolchain/bin/../lib/gcc/avr32/4.4.7/../../../../avr32/lib/ucr3fp\libm.a(lib_a-e_atan2.o)
                                0x240 (size before relaxing)
                0x8002e5fc                __ieee754_atan2
 .text.__ieee754_pow
                0x8002e828      0xaa4 c:/program files/atmel/atmel toolchain/avr32 gcc/native/3.4.2.1002/avr32-gnu-toolchain/bin/../lib/gcc/avr32/4.4.7/../../../../avr32/lib/ucr3fp\libm.a(lib_a-e_pow.o)
                                0xaf0 (size before relaxing)
                0x8002e828                __ieee754_pow
 .text.__ieee754_rem_pio2
                0x8002f2cc      0x470 c:/program files/atmel/atmel toolchain/avr32 gcc/native/3.4.2.1002/avr32-gnu-toolchain/bin/../lib/gcc/avr32/4.4.7/../../../../avr32/lib/ucr3fp\libm.a(lib_a-e_rem_pio2.o)
                                0x4a0 (size before relaxing)
                0x8002f2cc                __ieee754_rem_pio2
 .text.__ieee754_sqrt
                0x8002f73c      0x18c c:/program files/atmel/atmel toolchain/avr32 gcc/native/3.4.2.1002/avr32-gnu-toolchain/bin/../lib/gcc/avr32/4.4.7/../../../../avr32/lib/ucr3fp\libm.a(lib_a-e_sqrt.o)
                                0x19c (size before relaxing)
                0x8002f73c                __ieee754_sqrt
 .text.__kernel_cos
                0x8002f8c8      0x1e8 c:/program files/atmel/atmel toolchain/avr32 gcc/native/3.4.2.1002/avr32-gnu-toolchain/bin/../lib/gcc/avr32/4.4.7/../../../../avr32/lib/ucr3fp\libm.a(lib_a-k_cos.o)
                                0x1f8 (size before relaxing)
                0x8002f8c8                __kernel_cos
 .text.__kernel_rem_pio2
                0x8002fab0      0x6e0 c:/program files/atmel/atmel toolchain/avr32 gcc/native/3.4.2.1002/avr32-gnu-toolchain/bin/../lib/gcc/avr32/4.4.7/../../../../avr32/lib/ucr3fp\libm.a(lib_a-k_rem_pio2.o)
                                0x718 (size before relaxing)
                0x8002fab0                __kernel_rem_pio2
 .text.__kernel_sin
                0x80030190      0x194 c:/program files/atmel/atmel toolchain/avr32 gcc/native/3.4.2.1002/avr32-gnu-toolchain/bin/../lib/gcc/avr32/4.4.7/../../../../avr32/lib/ucr3fp\libm.a(lib_a-k_sin.o)
                                0x1a4 (size before relaxing)
                0x80030190                __kernel_sin
 .text.atan     0x80030324      0x348 c:/program files/atmel/atmel toolchain/avr32 gcc/native/3.4.2.1002/avr32-gnu-toolchain/bin/../lib/gcc/avr32/4.4.7/../../../../avr32/lib/ucr3fp\libm.a(lib_a-s_atan.o)
                                0x368 (size before relaxing)
                0x80030324                atan
 .text.fabs     0x8003066c        0x8 c:/program files/atmel/atmel toolchain/avr32 gcc/native/3.4.2.1002/avr32-gnu-toolchain/bin/../lib/gcc/avr32/4.4.7/../../../../avr32/lib/ucr3fp\libm.a(lib_a-s_fabs.o)
                0x8003066c                fabs
 .text.finite   0x80030674       0x10 c:/program files/atmel/atmel toolchain/avr32 gcc/native/3.4.2.1002/avr32-gnu-toolchain/bin/../lib/gcc/avr32/4.4.7/../../../../avr32/lib/ucr3fp\libm.a(lib_a-s_finite.o)
                0x80030674                finite
 .text.floor    0x80030684      0x120 c:/program files/atmel/atmel toolchain/avr32 gcc/native/3.4.2.1002/avr32-gnu-toolchain/bin/../lib/gcc/avr32/4.4.7/../../../../avr32/lib/ucr3fp\libm.a(lib_a-s_floor.o)
                                0x128 (size before relaxing)
                0x80030684                floor
 .text.__isnand
                0x800307a4       0x1c c:/program files/atmel/atmel toolchain/avr32 gcc/native/3.4.2.1002/avr32-gnu-toolchain/bin/../lib/gcc/avr32/4.4.7/../../../../avr32/lib/ucr3fp\libm.a(lib_a-s_isnand.o)
                0x800307a4                __isnand
 .text.matherr  0x800307c0        0x2 c:/program files/atmel/atmel toolchain/avr32 gcc/native/3.4.2.1002/avr32-gnu-toolchain/bin/../lib/gcc/avr32/4.4.7/../../../../avr32/lib/ucr3fp\libm.a(lib_a-s_matherr.o)
                0x800307c0                matherr
 .text.nan      0x800307c2        0x8 c:/program files/atmel/atmel toolchain/avr32 gcc/native/3.4.2.1002/avr32-gnu-toolchain/bin/../lib/gcc/avr32/4.4.7/../../../../avr32/lib/ucr3fp\libm.a(lib_a-s_nan.o)
                0x800307c2                nan
 *fill*         0x800307ca        0x2 d703d703
 .text.rint     0x800307cc      0x118 c:/program files/atmel/atmel toolchain/avr32 gcc/native/3.4.2.1002/avr32-gnu-toolchain/bin/../lib/gcc/avr32/4.4.7/../../../../avr32/lib/ucr3fp\libm.a(lib_a-s_rint.o)
                                0x124 (size before relaxing)
                0x800307cc                rint
 .text.scalbn   0x800308e4       0xdc c:/program files/atmel/atmel toolchain/avr32 gcc/native/3.4.2.1002/avr32-gnu-toolchain/bin/../lib/gcc/avr32/4.4.7/../../../../avr32/lib/ucr3fp\libm.a(lib_a-s_scalbn.o)
                                 0xf0 (size before relaxing)
                0x800308e4                scalbn
 .text.copysign
                0x800309c0       0x18 c:/program files/atmel/atmel toolchain/avr32 gcc/native/3.4.2.1002/avr32-gnu-toolchain/bin/../lib/gcc/avr32/4.4.7/../../../../avr32/lib/ucr3fp\libm.a(lib_a-s_copysign.o)
                0x800309c0                copysign
 .text          0x800309d8      0x1d4 c:/program files/atmel/atmel toolchain/avr32 gcc/native/3.4.2.1002/avr32-gnu-toolchain/bin/../lib/gcc/avr32/4.4.7/ucr3fp\libgcc.a(_avr32_f64_mul.o)
                0x800309d8                __avr32_f64_mul
 .text          0x80030bac      0x2b0 c:/program files/atmel/atmel toolchain/avr32 gcc/native/3.4.2.1002/avr32-gnu-toolchain/bin/../lib/gcc/avr32/4.4.7/ucr3fp\libgcc.a(_avr32_f64_addsub.o)
                0x80030bb0                __avr32_f64_sub
                0x80030d4c                __avr32_f64_add
 .text          0x80030e5c       0x2a c:/program files/atmel/atmel toolchain/avr32 gcc/native/3.4.2.1002/avr32-gnu-toolchain/bin/../lib/gcc/avr32/4.4.7/ucr3fp\libgcc.a(_avr32_f64_to_s32.o)
                0x80030e5c                __avr32_f64_to_u32
                0x80030e60                __avr32_f64_to_s32
 .text          0x80030e86       0xe8 c:/program files/atmel/atmel toolchain/avr32 gcc/native/3.4.2.1002/avr32-gnu-toolchain/bin/../lib/gcc/avr32/4.4.7/ucr3fp\libgcc.a(_avr32_s32_to_f64.o)
                0x80030e86                __avr32_u32_to_f64
                0x80030e8e                __avr32_s32_to_f64
 .text          0x80030f6e       0x26 c:/program files/atmel/atmel toolchain/avr32 gcc/native/3.4.2.1002/avr32-gnu-toolchain/bin/../lib/gcc/avr32/4.4.7/ucr3fp\libgcc.a(_avr32_f64_cmp_eq.o)
                0x80030f6e                __avr32_f64_cmp_eq
 .text          0x80030f94       0x68 c:/program files/atmel/atmel toolchain/avr32 gcc/native/3.4.2.1002/avr32-gnu-toolchain/bin/../lib/gcc/avr32/4.4.7/ucr3fp\libgcc.a(_avr32_f64_cmp_ge.o)
                0x80030f94                __avr32_f64_cmp_ge
 .text          0x80030ffc       0x68 c:/program files/atmel/atmel toolchain/avr32 gcc/native/3.4.2.1002/avr32-gnu-toolchain/bin/../lib/gcc/avr32/4.4.7/ucr3fp\libgcc.a(_avr32_f64_cmp_lt.o)
                0x80030ffc                __avr32_f64_cmp_lt
 .text          0x80031064      0x318 c:/program files/atmel/atmel toolchain/avr32 gcc/native/3.4.2.1002/avr32-gnu-toolchain/bin/../lib/gcc/avr32/4.4.7/ucr3fp\libgcc.a(_avr32_f64_div.o)
                0x80031064                __avr32_f64_div
 .text          0x8003137c      0x160 c:/program files/atmel/atmel toolchain/avr32 gcc/native/3.4.2.1002/avr32-gnu-toolchain/bin/../lib/gcc/avr32/4.4.7/ucr3fp\libgcc.a(_avr32_f32_div.o)
                0x8003137c                __avr32_f32_div
 .text          0x800314dc       0x60 c:/program files/atmel/atmel toolchain/avr32 gcc/native/3.4.2.1002/avr32-gnu-toolchain/bin/../lib/gcc/avr32/4.4.7/ucr3fp\libgcc.a(_avr32_f32_to_f64.o)
                0x800314dc                __avr32_f32_to_f64
 .text          0x8003153c       0x8a c:/program files/atmel/atmel toolchain/avr32 gcc/native/3.4.2.1002/avr32-gnu-toolchain/bin/../lib/gcc/avr32/4.4.7/ucr3fp\libgcc.a(_avr32_f64_to_f32.o)
                0x8003153c                __avr32_f64_to_f32
 .text          0x800315c6      0x264 c:/program files/atmel/atmel toolchain/avr32 gcc/native/3.4.2.1002/avr32-gnu-toolchain/bin/../lib/gcc/avr32/4.4.7/ucr3fp\libgcc.a(_udivdi3.o)
                0x800315c6                __avr32_udiv64
                0x800315c6                __udivdi3
 *fill*         0x8003182a        0x2 d703d703
 .text.__errno  0x8003182c        0xc c:/program files/atmel/atmel toolchain/avr32 gcc/native/3.4.2.1002/avr32-gnu-toolchain/bin/../lib/gcc/avr32/4.4.7/../../../../avr32/lib/ucr3fp\libc.a(lib_a-errno.o)
                0x8003182c                __errno
 .text          0x80031838      0x148 c:/program files/atmel/atmel toolchain/avr32 gcc/native/3.4.2.1002/avr32-gnu-toolchain/bin/../lib/gcc/avr32/4.4.7/../../../../avr32/lib/ucr3fp\libc.a(lib_a-memcpy.o)
                0x80031838                memcpy
 .text.memset   0x80031980        0xe c:/program files/atmel/atmel toolchain/avr32 gcc/native/3.4.2.1002/avr32-gnu-toolchain/bin/../lib/gcc/avr32/4.4.7/../../../../avr32/lib/ucr3fp\libc.a(lib_a-memset.o)
                0x80031980                memset
 .text.strcpy   0x8003198e       0x12 c:/program files/atmel/atmel toolchain/avr32 gcc/native/3.4.2.1002/avr32-gnu-toolchain/bin/../lib/gcc/avr32/4.4.7/../../../../avr32/lib/ucr3fp\libc.a(lib_a-strcpy.o)
                0x8003198e                strcpy
 .text.strlen   0x800319a0       0x16 c:/program files/atmel/atmel toolchain/avr32 gcc/native/3.4.2.1002/avr32-gnu-toolchain/bin/../lib/gcc/avr32/4.4.7/../../../../avr32/lib/ucr3fp\libc.a(lib_a-strlen.o)
                0x800319a0                strlen
 *(.text.*personality*)
 *(.gnu.warning)

.exception      0x80031a00      0x200
 .exception     0x80031a00      0x200 src/asf/avr32/drivers/intc/exception.o
                0x80031a00                _evba
                0x80031b3c                ipr_val

.fini
 *(.fini)
                0x80031c00                PROVIDE (__etext, .)
                0x80031c00                PROVIDE (_etext, .)
                0x80031c00                PROVIDE (etext, .)

.rodata         0x80031c00      0x644
 *(.rodata .rodata.* .gnu.linkonce.r.*)
 .rodata.servo_failsafe
                0x80031c00       0x80 src/tasks.o
 .rodata.mavlink_message_crcs.14492
                0x80031c80      0x100 Library/communication/mavlink_stream.o
 .rodata.ADCIFA_GPIO_MAP
                0x80031d80       0x26 Library/hal/adc_int.o
 *fill*         0x80031da6        0x2 
 .rodata.C.59.15212
                0x80031da8        0x4 Library/hal/bmp085.o
 .rodata.C.60.15213
                0x80031dac        0x4 Library/hal/bmp085.o
 .rodata.C.64.15730
                0x80031db0        0xc Library/hal/dac_dma.o
 .rodata.DACIFB_GPIO_MAP.15725
                0x80031dbc        0x8 Library/hal/dac_dma.o
 .rodata.PEVC_EVS_OPTIONS.15716
                0x80031dc4       0x10 Library/hal/dac_dma.o
 .rodata.LED_DESCRIPTOR
                0x80031dd4       0x20 Library/hal/led.o
 .rodata.PWM_GPIO_MAP.14186
                0x80031df4        0xc Library/hal/servo_pwm.o
 .rodata.USART_GPIO_MAP.16459
                0x80031e00        0x4 Library/hal/remote_dsm2.o
 .rodata.usart_opt.16458
                0x80031e04        0xc Library/hal/remote_dsm2.o
 .rodata.alphabet
                0x80031e10       0x24 Library/util/print_util.o
 .rodata.FLASH_SIZE.14167
                0x80031e34       0x40 src/asf/avr32/drivers/flashc/flashc.o
 .rodata.servo_failsafe
                0x80031e74       0x80 src/boardsupport.o
 .rodata.servo_failsafe
                0x80031ef4       0x80 src/main.o
 .rodata.str1.4
                0x80031f74        0x5 c:/program files/atmel/atmel toolchain/avr32 gcc/native/3.4.2.1002/avr32-gnu-toolchain/bin/../lib/gcc/avr32/4.4.7/../../../../avr32/lib/ucr3fp\libm.a(lib_a-w_asin.o)
                                  0xc (size before relaxing)
 *fill*         0x80031f79        0x3 
 .rodata.str1.4
                0x80031f7c        0x4 c:/program files/atmel/atmel toolchain/avr32 gcc/native/3.4.2.1002/avr32-gnu-toolchain/bin/../lib/gcc/avr32/4.4.7/../../../../avr32/lib/ucr3fp\libm.a(lib_a-w_pow.o)
 .rodata.str1.4
                0x80031f80        0x5 c:/program files/atmel/atmel toolchain/avr32 gcc/native/3.4.2.1002/avr32-gnu-toolchain/bin/../lib/gcc/avr32/4.4.7/../../../../avr32/lib/ucr3fp\libm.a(lib_a-w_sqrt.o)
                                  0x8 (size before relaxing)
 *fill*         0x80031f85        0x3 
 .rodata.dp_h   0x80031f88       0x10 c:/program files/atmel/atmel toolchain/avr32 gcc/native/3.4.2.1002/avr32-gnu-toolchain/bin/../lib/gcc/avr32/4.4.7/../../../../avr32/lib/ucr3fp\libm.a(lib_a-e_pow.o)
 .rodata.dp_l   0x80031f98       0x10 c:/program files/atmel/atmel toolchain/avr32 gcc/native/3.4.2.1002/avr32-gnu-toolchain/bin/../lib/gcc/avr32/4.4.7/../../../../avr32/lib/ucr3fp\libm.a(lib_a-e_pow.o)
 .rodata.bp     0x80031fa8       0x10 c:/program files/atmel/atmel toolchain/avr32 gcc/native/3.4.2.1002/avr32-gnu-toolchain/bin/../lib/gcc/avr32/4.4.7/../../../../avr32/lib/ucr3fp\libm.a(lib_a-e_pow.o)
 .rodata.str1.4
                0x00000000        0x4 c:/program files/atmel/atmel toolchain/avr32 gcc/native/3.4.2.1002/avr32-gnu-toolchain/bin/../lib/gcc/avr32/4.4.7/../../../../avr32/lib/ucr3fp\libm.a(lib_a-e_pow.o)
 .rodata.npio2_hw
                0x80031fb8       0x80 c:/program files/atmel/atmel toolchain/avr32 gcc/native/3.4.2.1002/avr32-gnu-toolchain/bin/../lib/gcc/avr32/4.4.7/../../../../avr32/lib/ucr3fp\libm.a(lib_a-e_rem_pio2.o)
 .rodata.two_over_pi
                0x80032038      0x108 c:/program files/atmel/atmel toolchain/avr32 gcc/native/3.4.2.1002/avr32-gnu-toolchain/bin/../lib/gcc/avr32/4.4.7/../../../../avr32/lib/ucr3fp\libm.a(lib_a-e_rem_pio2.o)
 .rodata.init_jk
                0x80032140       0x10 c:/program files/atmel/atmel toolchain/avr32 gcc/native/3.4.2.1002/avr32-gnu-toolchain/bin/../lib/gcc/avr32/4.4.7/../../../../avr32/lib/ucr3fp\libm.a(lib_a-k_rem_pio2.o)
 .rodata.PIo2   0x80032150       0x40 c:/program files/atmel/atmel toolchain/avr32 gcc/native/3.4.2.1002/avr32-gnu-toolchain/bin/../lib/gcc/avr32/4.4.7/../../../../avr32/lib/ucr3fp\libm.a(lib_a-k_rem_pio2.o)
 .rodata.atanlo
                0x80032190       0x20 c:/program files/atmel/atmel toolchain/avr32 gcc/native/3.4.2.1002/avr32-gnu-toolchain/bin/../lib/gcc/avr32/4.4.7/../../../../avr32/lib/ucr3fp\libm.a(lib_a-s_atan.o)
 .rodata.atanhi
                0x800321b0       0x20 c:/program files/atmel/atmel toolchain/avr32 gcc/native/3.4.2.1002/avr32-gnu-toolchain/bin/../lib/gcc/avr32/4.4.7/../../../../avr32/lib/ucr3fp\libm.a(lib_a-s_atan.o)
 .rodata.TWO52  0x800321d0       0x10 c:/program files/atmel/atmel toolchain/avr32 gcc/native/3.4.2.1002/avr32-gnu-toolchain/bin/../lib/gcc/avr32/4.4.7/../../../../avr32/lib/ucr3fp\libm.a(lib_a-s_rint.o)
 .rodata.str1.4
                0x800321e0        0x4 c:/program files/atmel/atmel toolchain/avr32 gcc/native/3.4.2.1002/avr32-gnu-toolchain/bin/../lib/gcc/avr32/4.4.7/../../../../avr32/lib/ucr3fp\libc.a(lib_a-impure.o)
 .rodata.__sf_fake_stdin
                0x800321e4       0x20 c:/program files/atmel/atmel toolchain/avr32 gcc/native/3.4.2.1002/avr32-gnu-toolchain/bin/../lib/gcc/avr32/4.4.7/../../../../avr32/lib/ucr3fp\libc.a(lib_a-findfp.o)
                0x800321e4                __sf_fake_stdin
 .rodata.__sf_fake_stdout
                0x80032204       0x20 c:/program files/atmel/atmel toolchain/avr32 gcc/native/3.4.2.1002/avr32-gnu-toolchain/bin/../lib/gcc/avr32/4.4.7/../../../../avr32/lib/ucr3fp\libc.a(lib_a-findfp.o)
                0x80032204                __sf_fake_stdout
 .rodata.__sf_fake_stderr
                0x80032224       0x20 c:/program files/atmel/atmel toolchain/avr32 gcc/native/3.4.2.1002/avr32-gnu-toolchain/bin/../lib/gcc/avr32/4.4.7/../../../../avr32/lib/ucr3fp\libc.a(lib_a-findfp.o)
                0x80032224                __sf_fake_stderr

.rodata1
 *(.rodata1)

.eh_frame_hdr
 *(.eh_frame_hdr)

.eh_frame
 *(.eh_frame)

.gcc_except_table
 *(.gcc_except_table)
 *(.gcc_except_table.*)

.dalign         0x80032244        0x4
                0x80032248                . = ALIGN (0x8)
 *fill*         0x80032244        0x4 
                0x80032248                PROVIDE (_data_lma, .)
                0x00000004                PROVIDE (_data, ORIGIN (CPUSRAM))
                0x00000004                . = ORIGIN (CPUSRAM)

.eh_frame
 *(.eh_frame)

.gcc_except_table
 *(.gcc_except_table)
 *(.gcc_except_table.*)

.tdata
 *(.tdata .tdata.* .gnu.linkonce.td.*)

.tbss
 *(.tbss .tbss.* .gnu.linkonce.tb.*)
 *(.tcommon)
                0x00000004                PROVIDE (__preinit_array_start, ALIGN (0x4))

.preinit_array
 *(.preinit_array)
                0x00000004                PROVIDE (__preinit_array_end, .)
                0x00000004                PROVIDE (__init_array_start, .)

.init_array
 *(.init_array)
                0x00000004                PROVIDE (__init_array_end, .)
                0x00000004                PROVIDE (__fini_array_start, .)

.fini_array
 *(.fini_array)
                0x00000004                PROVIDE (__fini_array_end, .)

.ctors
 *crtbegin*.o(.ctors)
 *(EXCLUDE_FILE(*crtend*.o) .ctors)
 *(SORT(.ctors.*))
 *(.ctors)

.dtors
 *crtbegin*.o(.dtors)
 *(EXCLUDE_FILE(*crtend*.o) .dtors)
 *(SORT(.dtors.*))
 *(.dtors)

.jcr
 *(.jcr)

.data.rel.ro    0x00000004      0x178 load address 0x80032248
 *(.data.rel.ro.local)
 *(.data.rel.ro*)
 .data.rel.ro.local._int_handler_table
                0x00000004      0x178 src/asf/avr32/drivers/intc/intc.o

.dynamic
 *(.dynamic)

.got            0x0000017c      0x908 load address 0x800323c0
 *(.got.plt)
 *(.got)
 .got           0x0000017c      0x908 Library/control/adaptive_parameter.o
                0x0000017c                _GLOBAL_OFFSET_TABLE_

.data           0x00000a84     0x19f4 load address 0x80032cc8
 *(.data .data.* .gnu.linkonce.d.*)
 .data.stabiliser_defaults_copter
                0x00000a84      0x3b8 Library/control/stabilisation_copter.o
 .data.main_tasks
                0x00000e3c      0x1e4 src/tasks.o
                0x00000e3c                main_tasks
 .data.mavlink_tasks
                0x00001020      0x5a4 Library/communication/mavlink_stream.o
                0x00001020                mavlink_tasks
 .data.adcifa   0x000015c4        0x4 Library/hal/adc_int.o
                0x000015c4                adcifa
 .data.adc_config_options
                0x000015c8       0x14 Library/hal/adc_int.o
                0x000015c8                adc_config_options
 .data.adcifa_sequence_opt
                0x000015dc        0x7 Library/hal/adc_int.o
                0x000015dc                adcifa_sequence_opt
 *fill*         0x000015e3        0x1 
 .data.default_configuration
                0x000015e4        0x4 Library/hal/adxl345_driver.o
                0x000015e4                default_configuration
 .data.data_configuration
                0x000015e8        0x4 Library/hal/adxl345_driver.o
                0x000015e8                data_configuration
 .data.twi_opt.14989
                0x000015ec       0x10 Library/hal/adxl345_driver.o
 .data.twi_opt.15162
                0x000015fc       0x10 Library/hal/bmp085.o
 .data.twi_opt.14132
                0x0000160c       0x10 Library/hal/compass_hmc5883l.o
 .data.compass_default_configuration.14133
                0x0000161c        0x4 Library/hal/compass_hmc5883l.o
 .data.ppevc    0x00001620        0x4 Library/hal/dac_dma.o
                0x00001620                ppevc
 .data.dacifb   0x00001624        0x4 Library/hal/dac_dma.o
                0x00001624                dacifb
 .data.dac_channel_audio
                0x00001628        0x1 Library/hal/dac_dma.o
                0x00001628                dac_channel_audio
 *fill*         0x00001629        0x3 
 .data.PDCA_OPTIONS.15751
                0x0000162c       0x1c Library/hal/dac_dma.o
 .data.PDCA_OPTIONS.15769
                0x00001648       0x1c Library/hal/i2c_driver.o
 .data.read_preamble
                0x00001664        0x1 Library/hal/itg3200_driver.o
                0x00001664                read_preamble
 *fill*         0x00001665        0x3 
 .data.twi_opt.14998
                0x00001668       0x10 Library/hal/itg3200_driver.o
 .data.LED_State
                0x00001678        0x4 Library/hal/led.o
 .data.twi_opt.14971
                0x0000167c       0x10 Library/hal/radar_module_driver.o
 .data.PDCA_TX_OPTIONS.15184
                0x0000168c       0x1c Library/hal/spi_buffered.o
 .data.PDCA_RX_OPTIONS.15185
                0x000016a8       0x1c Library/hal/spi_buffered.o
 .data.usart_opt
                0x000016c4      0xac8 Library/hal/uart_int.o
 .data.rel.ubx_currentPosllhMessage
                0x0000218c        0x4 Library/sensing/gps_ublox.o
                0x0000218c                ubx_currentPosllhMessage
 .data.rel.ubx_lastPosllhMessage
                0x00002190        0x4 Library/sensing/gps_ublox.o
                0x00002190                ubx_lastPosllhMessage
 .data.rel.ubx_currentStatusMessage
                0x00002194        0x4 Library/sensing/gps_ublox.o
                0x00002194                ubx_currentStatusMessage
 .data.rel.ubx_lastStatusMessage
                0x00002198        0x4 Library/sensing/gps_ublox.o
                0x00002198                ubx_lastStatusMessage
 .data.rel.ubx_currentSolutionMessage
                0x0000219c        0x4 Library/sensing/gps_ublox.o
                0x0000219c                ubx_currentSolutionMessage
 .data.rel.ubx_lastSolutionMessage
                0x000021a0        0x4 Library/sensing/gps_ublox.o
                0x000021a0                ubx_lastSolutionMessage
 .data.rel.ubx_currentVelnedMessage
                0x000021a4        0x4 Library/sensing/gps_ublox.o
                0x000021a4                ubx_currentVelnedMessage
 .data.rel.ubx_lastVelnedMessage
                0x000021a8        0x4 Library/sensing/gps_ublox.o
                0x000021a8                ubx_lastVelnedMessage
 .data.rel.ubx_currentSVInfoMessage
                0x000021ac        0x4 Library/sensing/gps_ublox.o
                0x000021ac                ubx_currentSVInfoMessage
 .data.rel.ubx_lastSVInfoMessage
                0x000021b0        0x4 Library/sensing/gps_ublox.o
                0x000021b0                ubx_lastSVInfoMessage
 .data.rel.ubx_currentNavSettingsMessage
                0x000021b4        0x4 Library/sensing/gps_ublox.o
                0x000021b4                ubx_currentNavSettingsMessage
 .data.rel.ubx_lastNavSettingsMessage
                0x000021b8        0x4 Library/sensing/gps_ublox.o
                0x000021b8                ubx_lastNavSettingsMessage
 .data.rel.ubx_currentCFGRateMessage
                0x000021bc        0x4 Library/sensing/gps_ublox.o
                0x000021bc                ubx_currentCFGRateMessage
 .data.rel.ubx_lastCFGRateMessage
                0x000021c0        0x4 Library/sensing/gps_ublox.o
                0x000021c0                ubx_lastCFGRateMessage
 .data.rel.ubx_currentCFGSetGetRateMessage
                0x000021c4        0x4 Library/sensing/gps_ublox.o
                0x000021c4                ubx_currentCFGSetGetRateMessage
 .data.rel.ubx_lastCFGSetGetRateMessage
                0x000021c8        0x4 Library/sensing/gps_ublox.o
                0x000021c8                ubx_lastCFGSetGetRateMessage
 .data.rel.ubx_currentMONRXRMessage
                0x000021cc        0x4 Library/sensing/gps_ublox.o
                0x000021cc                ubx_currentMONRXRMessage
 .data.rel.ubx_lastMONRXRMessage
                0x000021d0        0x4 Library/sensing/gps_ublox.o
                0x000021d0                ubx_lastMONRXRMessage
 .data.rel.ubx_currentTimTPMessage
                0x000021d4        0x4 Library/sensing/gps_ublox.o
                0x000021d4                ubx_currentTimTPMessage
 .data.rel.ubx_lastTimTPMessage
                0x000021d8        0x4 Library/sensing/gps_ublox.o
                0x000021d8                ubx_lastTimTPMessage
 .data.rel.ubx_currentTimVRFYMessage
                0x000021dc        0x4 Library/sensing/gps_ublox.o
                0x000021dc                ubx_currentTimVRFYMessage
 .data.rel.ubx_lastTimVRFYMessage
                0x000021e0        0x4 Library/sensing/gps_ublox.o
                0x000021e0                ubx_lastTimVRFYMessage
 .data.numSkippedMsg
                0x000021e4        0x1 Library/sensing/gps_ublox.o
                0x000021e4                numSkippedMsg
 *fill*         0x000021e5        0x3 
 .data.vehicle_model_parameters
                0x000021e8      0x194 Library/sensing/simulation.o
 .data.rel.flashc_wait_until_ready
                0x0000237c        0x4 src/asf/avr32/drivers/flashc/flashc.o
                0x0000237c                flashc_wait_until_ready
 .data.__fdlib_version
                0x00002380        0x4 c:/program files/atmel/atmel toolchain/avr32 gcc/native/3.4.2.1002/avr32-gnu-toolchain/bin/../lib/gcc/avr32/4.4.7/../../../../avr32/lib/ucr3fp\libm.a(lib_a-s_lib_ver.o)
                0x00002380                __fdlib_version
 .data.impure_data
                0x00002384       0xf0 c:/program files/atmel/atmel toolchain/avr32 gcc/native/3.4.2.1002/avr32-gnu-toolchain/bin/../lib/gcc/avr32/4.4.7/../../../../avr32/lib/ucr3fp\libc.a(lib_a-impure.o)
 .data._impure_ptr
                0x00002474        0x4 c:/program files/atmel/atmel toolchain/avr32 gcc/native/3.4.2.1002/avr32-gnu-toolchain/bin/../lib/gcc/avr32/4.4.7/../../../../avr32/lib/ucr3fp\libc.a(lib_a-impure.o)
                0x00002474                _impure_ptr
 *(.gnu.linkonce.d.*personality*)

.data1
 *(.data1)

.balign         0x00002478        0x0 load address 0x800346bc
                0x00002478                . = ALIGN (0x8)
                0x00002478                _edata = .
                0x00002478                _edata = .
                0x00002478                PROVIDE (edata, .)
                0x00002478                __bss_start = .

.bss            0x00002478     0x7630 load address 0x800346bc
 *(.dynbss)
 *(.bss .bss.* .gnu.linkonce.b.*)
 .bss.loop_count_orca
                0x00002478        0x1 Library/control/orca.o
                0x00002478                loop_count_orca
 *fill*         0x00002479        0x3 
 .bss.centralData
                0x0000247c     0x12e8 src/central_data.o
 .bss.m_mavlink_status.14338
                0x00003764       0x40 src/mavlink_actions.o
 .bss.mavlink_out_stream
                0x000037a4        0x4 Library/communication/mavlink_stream.o
 .bss.mavlink_in_stream
                0x000037a8        0x4 Library/communication/mavlink_stream.o
 .bss.m_mavlink_buffer.14345
                0x000037ac      0x440 Library/communication/mavlink_stream.o
 .bss.m_mavlink_status.14338
                0x00003bec       0x40 Library/communication/mavlink_stream.o
 .bss.m_mavlink_status.14338
                0x00003c2c       0x40 Library/communication/onboard_parameters.o
 .bss.sequencer_item_count
                0x00003c6c        0x1 Library/hal/adc_int.o
 .bss.channel_count
                0x00003c6d        0x1 Library/hal/adc_int.o
 *fill*         0x00003c6e        0x2 
 .bss.sample_counter
                0x00003c70        0x4 Library/hal/adc_int.o
 .bss.oversampling_counter
                0x00003c74        0x4 Library/hal/adc_int.o
 .bss.channel_index
                0x00003c78        0x4 Library/hal/adc_int.o
 .bss.number_of_samples
                0x00003c7c        0x4 Library/hal/adc_int.o
 .bss.oversampling
                0x00003c80        0x4 Library/hal/adc_int.o
 .bss.oversampling_divider
                0x00003c84        0x4 Library/hal/adc_int.o
 .bss.adc_buffer
                0x00003c88     0x4000 Library/hal/ads1274.o
 .bss.sampleCounter
                0x00007c88        0x4 Library/hal/ads1274.o
 .bss.interrupt_counter
                0x00007c8c        0x4 Library/hal/ads1274.o
 .bss.function_generator
                0x00007c90        0x4 Library/hal/ads1274.o
 .bss.acc_outputs
                0x00007c94        0xc Library/hal/adxl345_driver.o
 .bss.gyro_event
                0x00007ca0       0x34 Library/hal/adxl345_driver.o
 .bss.compass_outputs
                0x00007cd4        0xc Library/hal/compass_hmc5883l.o
 .bss.buffer    0x00007ce0        0x4 Library/hal/dac_dma.o
 .bss.from      0x00007ce4        0x2 Library/hal/dac_dma.o
 .bss.to        0x00007ce6        0x2 Library/hal/dac_dma.o
 .bss.autoplay  0x00007ce8        0x4 Library/hal/dac_dma.o
 .bss.schedule  0x00007cec      0x320 Library/hal/i2c_driver.o
 .bss.current_schedule_slot
                0x0000800c        0x4 Library/hal/i2c_driver.o
 .bss.gyro_outputs
                0x00008010        0x8 Library/hal/itg3200_driver.o
 .bss.gyro_event
                0x00008018       0x34 Library/hal/itg3200_driver.o
 .bss.spi_buffers
                0x0000804c       0xa8 Library/hal/spi_buffered.o
 .bss.ubx_currentMessage
                0x000080f4        0x4 Library/sensing/gps_ublox.o
                0x000080f4                ubx_currentMessage
 .bss.ubx_lastMessage
                0x000080f8        0x4 Library/sensing/gps_ublox.o
                0x000080f8                ubx_lastMessage
 .bss.ubx_validMessage
                0x000080fc        0x4 Library/sensing/gps_ublox.o
                0x000080fc                ubx_validMessage
 .bss.ubx_numberOfValidPosllhMessage
                0x00008100        0x2 Library/sensing/gps_ublox.o
                0x00008100                ubx_numberOfValidPosllhMessage
 .bss.ubx_numberOfValidStatusMessage
                0x00008102        0x2 Library/sensing/gps_ublox.o
                0x00008102                ubx_numberOfValidStatusMessage
 .bss.ubx_numberOfValidSolutionMessage
                0x00008104        0x2 Library/sensing/gps_ublox.o
                0x00008104                ubx_numberOfValidSolutionMessage
 .bss.ubx_numberOfValidVelnedMessage
                0x00008106        0x2 Library/sensing/gps_ublox.o
                0x00008106                ubx_numberOfValidVelnedMessage
 .bss.ubx_numberOfValidSVInfoMessage
                0x00008108        0x2 Library/sensing/gps_ublox.o
                0x00008108                ubx_numberOfValidSVInfoMessage
 .bss.ubx_numberOfValidNavSettingsMessage
                0x0000810a        0x2 Library/sensing/gps_ublox.o
                0x0000810a                ubx_numberOfValidNavSettingsMessage
 .bss.ubx_numberOfValidCFGRateMessage
                0x0000810c        0x2 Library/sensing/gps_ublox.o
                0x0000810c                ubx_numberOfValidCFGRateMessage
 .bss.ubx_numberOfValidCFGSetGetRateMessage
                0x0000810e        0x2 Library/sensing/gps_ublox.o
                0x0000810e                ubx_numberOfValidCFGSetGetRateMessage
 .bss.ubx_numberOfValidMONRXRMessage
                0x00008110        0x2 Library/sensing/gps_ublox.o
                0x00008110                ubx_numberOfValidMONRXRMessage
 .bss.ubx_numberOfValidTimTPMessage
                0x00008112        0x2 Library/sensing/gps_ublox.o
                0x00008112                ubx_numberOfValidTimTPMessage
 .bss.ubx_numberOfValidTimVRFYMessage
                0x00008114        0x2 Library/sensing/gps_ublox.o
                0x00008114                ubx_numberOfValidTimVRFYMessage
 .bss.printNavOnDebug
                0x00008116        0x1 Library/sensing/gps_ublox.o
                0x00008116                printNavOnDebug
 .bss.loopPosllh
                0x00008117        0x1 Library/sensing/gps_ublox.o
                0x00008117                loopPosllh
 .bss.loopVelned
                0x00008118        0x1 Library/sensing/gps_ublox.o
                0x00008118                loopVelned
 .bss.loopStatus
                0x00008119        0x1 Library/sensing/gps_ublox.o
                0x00008119                loopStatus
 .bss.loopSolution
                0x0000811a        0x1 Library/sensing/gps_ublox.o
                0x0000811a                loopSolution
 .bss.loopTimTp
                0x0000811b        0x1 Library/sensing/gps_ublox.o
                0x0000811b                loopTimTp
 .bss.loopTimVrfy
                0x0000811c        0x1 Library/sensing/gps_ublox.o
                0x0000811c                loopTimVrfy
 *fill*         0x0000811d        0x3 
 .bss.int_loop_count
                0x00008120        0x4 Library/sensing/mavlink_waypoint_handler.o
                0x00008120                int_loop_count
 .bss.m_mavlink_status.14338
                0x00008124       0x40 Library/sensing/mavlink_waypoint_handler.o
 .bss.flashc_error_status
                0x00008164        0x4 src/asf/avr32/drivers/flashc/flashc.o
 .bss._int_line_handler_table_0
                0x00008168        0x4 src/asf/avr32/drivers/intc/intc.o
 .bss._int_line_handler_table_1
                0x0000816c        0x8 src/asf/avr32/drivers/intc/intc.o
 .bss._int_line_handler_table_2
                0x00008174        0x4 src/asf/avr32/drivers/intc/intc.o
 .bss._int_line_handler_table_3
                0x00008178       0x10 src/asf/avr32/drivers/intc/intc.o
 .bss._int_line_handler_table_4
                0x00008188       0x10 src/asf/avr32/drivers/intc/intc.o
 .bss._int_line_handler_table_5
                0x00008198       0x10 src/asf/avr32/drivers/intc/intc.o
 .bss._int_line_handler_table_6
                0x000081a8       0x10 src/asf/avr32/drivers/intc/intc.o
 .bss._int_line_handler_table_7
                0x000081b8        0x4 src/asf/avr32/drivers/intc/intc.o
 .bss._int_line_handler_table_8
                0x000081bc        0x4 src/asf/avr32/drivers/intc/intc.o
 .bss._int_line_handler_table_9
                0x000081c0       0x28 src/asf/avr32/drivers/intc/intc.o
 .bss._int_line_handler_table_10
                0x000081e8        0x4 src/asf/avr32/drivers/intc/intc.o
 .bss._int_line_handler_table_11
                0x000081ec        0x4 src/asf/avr32/drivers/intc/intc.o
 .bss._int_line_handler_table_12
                0x000081f0        0x4 src/asf/avr32/drivers/intc/intc.o
 .bss._int_line_handler_table_13
                0x000081f4        0x4 src/asf/avr32/drivers/intc/intc.o
 .bss._int_line_handler_table_14
                0x000081f8       0x14 src/asf/avr32/drivers/intc/intc.o
 .bss._int_line_handler_table_15
                0x0000820c       0x10 src/asf/avr32/drivers/intc/intc.o
 .bss._int_line_handler_table_16
                0x0000821c       0x10 src/asf/avr32/drivers/intc/intc.o
 .bss._int_line_handler_table_17
                0x0000822c        0x4 src/asf/avr32/drivers/intc/intc.o
 .bss._int_line_handler_table_18
                0x00008230       0x40 src/asf/avr32/drivers/intc/intc.o
 .bss._int_line_handler_table_19
                0x00008270        0x4 src/asf/avr32/drivers/intc/intc.o
 .bss._int_line_handler_table_20
                0x00008274        0x4 src/asf/avr32/drivers/intc/intc.o
 .bss._int_line_handler_table_21
                0x00008278        0x4 src/asf/avr32/drivers/intc/intc.o
 .bss._int_line_handler_table_22
                0x0000827c        0x4 src/asf/avr32/drivers/intc/intc.o
 .bss._int_line_handler_table_23
                0x00008280        0x4 src/asf/avr32/drivers/intc/intc.o
 .bss._int_line_handler_table_24
                0x00008284        0x4 src/asf/avr32/drivers/intc/intc.o
 .bss._int_line_handler_table_25
                0x00008288        0x4 src/asf/avr32/drivers/intc/intc.o
 .bss._int_line_handler_table_26
                0x0000828c        0x4 src/asf/avr32/drivers/intc/intc.o
 .bss._int_line_handler_table_27
                0x00008290        0x4 src/asf/avr32/drivers/intc/intc.o
 .bss._int_line_handler_table_28
                0x00008294        0x4 src/asf/avr32/drivers/intc/intc.o
 .bss._int_line_handler_table_29
                0x00008298        0x4 src/asf/avr32/drivers/intc/intc.o
 .bss._int_line_handler_table_30
                0x0000829c        0x4 src/asf/avr32/drivers/intc/intc.o
 .bss._int_line_handler_table_31
                0x000082a0        0x4 src/asf/avr32/drivers/intc/intc.o
 .bss._int_line_handler_table_32
                0x000082a4        0x4 src/asf/avr32/drivers/intc/intc.o
 .bss._int_line_handler_table_33
                0x000082a8        0xc src/asf/avr32/drivers/intc/intc.o
 .bss._int_line_handler_table_34
                0x000082b4        0xc src/asf/avr32/drivers/intc/intc.o
 .bss._int_line_handler_table_35
                0x000082c0        0x8 src/asf/avr32/drivers/intc/intc.o
 .bss._int_line_handler_table_36
                0x000082c8       0x18 src/asf/avr32/drivers/intc/intc.o
 .bss._int_line_handler_table_37
                0x000082e0        0x4 src/asf/avr32/drivers/intc/intc.o
 .bss._int_line_handler_table_38
                0x000082e4        0x4 src/asf/avr32/drivers/intc/intc.o
 .bss._int_line_handler_table_39
                0x000082e8       0x18 src/asf/avr32/drivers/intc/intc.o
 .bss._int_line_handler_table_40
                0x00008300       0x18 src/asf/avr32/drivers/intc/intc.o
 .bss._int_line_handler_table_41
                0x00008318        0x4 src/asf/avr32/drivers/intc/intc.o
 .bss._int_line_handler_table_42
                0x0000831c        0x4 src/asf/avr32/drivers/intc/intc.o
 .bss._int_line_handler_table_43
                0x00008320        0x4 src/asf/avr32/drivers/intc/intc.o
 .bss._int_line_handler_table_44
                0x00008324        0x4 src/asf/avr32/drivers/intc/intc.o
 .bss._int_line_handler_table_45
                0x00008328        0x4 src/asf/avr32/drivers/intc/intc.o
 .bss._int_line_handler_table_46
                0x0000832c        0x4 src/asf/avr32/drivers/intc/intc.o
 .bss.twim_inst
                0x00008330        0x4 src/asf/avr32/drivers/twim/twim.o
 .bss.twim_tx_data
                0x00008334        0x4 src/asf/avr32/drivers/twim/twim.o
 .bss.twim_rx_data
                0x00008338        0x4 src/asf/avr32/drivers/twim/twim.o
 .bss.transfer_status
                0x0000833c        0x4 src/asf/avr32/drivers/twim/twim.o
 .bss.twim_tx_nb_bytes
                0x00008340        0x4 src/asf/avr32/drivers/twim/twim.o
 .bss.twim_rx_nb_bytes
                0x00008344        0x4 src/asf/avr32/drivers/twim/twim.o
 .bss.twim_it_mask
                0x00008348        0x4 src/asf/avr32/drivers/twim/twim.o
 .bss.twim_package
                0x0000834c        0x4 src/asf/avr32/drivers/twim/twim.o
 .bss.twim_next
                0x00008350        0x1 src/asf/avr32/drivers/twim/twim.o
 *fill*         0x00008351        0x3 
 .bss.s_fcpu_hz
                0x00008354        0x4 src/asf/avr32/services/delay/delay.o
 *(COMMON)
 COMMON         0x00008358       0x92 Library/control/neighbor_selection.o
                0x00008358                payload_length
                0x0000835a                ubxclass
                0x0000835c                waypoint_request_number
                0x00008360                start_timeout
                0x00008364                new_position
                0x00008368                idleTimer
                0x0000836c                last_ground_speed_cm
                0x00008370                msg_id
                0x00008371                next_fix
                0x00008372                imu_last_update_init
                0x00008374                engine_nav_setting
                0x00008378                velocity_east
                0x0000837c                fix_count
                0x0000837d                filter_init_delta_t
                0x00008380                prev_time
                0x00008384                cksum_a
                0x00008388                idleTimeout
                0x0000838c                last_fix_time
                0x00008390                mavlink_system
                0x00008398                sending_wp_num
                0x0000839c                timeout_max_wp
                0x000083a0                mavlink_mission_planner
                0x000083a8                velocity_down
                0x000083ac                disable_counter
                0x000083b0                centralData
                0x000083b4                fix
                0x000083b5                cksum_b
                0x000083b6                payload_counter
                0x000083b8                step
                0x000083b9                have_raw_velocity
                0x000083ba                new_speed
                0x000083bc                nav_settings
                0x000083e0                nvram_array
                0x000083e4                velocity_north
                0x000083e8                num_waypoint_onboard
 *fill*         0x000083ea        0x2 
 COMMON         0x000083ec        0x8 Library/control/orca.o
                0x000083ec                timeHorizon
                0x000083f0                invTimeHorizon
 COMMON         0x000083f4       0x50 Library/hal/analog_monitor.o
                0x000083f4                monitor_buffer
 COMMON         0x00008444      0x278 Library/sensing/estimator.o
                0x00008444                Q2
                0x0000848c                Q