Archive member included because of file (symbol)

c:/program files/atmel/atmel toolchain/avr32 gcc/native/3.4.2.1002/avr32-gnu-toolchain/bin/../lib/gcc/avr32/4.4.7/../../../../avr32/lib/ucr3fp\libm.a(lib_a-s_cos.o)
                              Library/sensing/qfilter.o (cos)
c:/program files/atmel/atmel toolchain/avr32 gcc/native/3.4.2.1002/avr32-gnu-toolchain/bin/../lib/gcc/avr32/4.4.7/../../../../avr32/lib/ucr3fp\libm.a(lib_a-s_sin.o)
                              Library/sensing/qfilter.o (sin)
c:/program files/atmel/atmel toolchain/avr32 gcc/native/3.4.2.1002/avr32-gnu-toolchain/bin/../lib/gcc/avr32/4.4.7/../../../../avr32/lib/ucr3fp\libm.a(lib_a-w_asin.o)
                              Library/util/coord_conventions.o (asin)
c:/program files/atmel/atmel toolchain/avr32 gcc/native/3.4.2.1002/avr32-gnu-toolchain/bin/../lib/gcc/avr32/4.4.7/../../../../avr32/lib/ucr3fp\libm.a(lib_a-w_atan2.o)
                              Library/control/stabilisation_copter.o (atan2)
c:/program files/atmel/atmel toolchain/avr32 gcc/native/3.4.2.1002/avr32-gnu-toolchain/bin/../lib/gcc/avr32/4.4.7/../../../../avr32/lib/ucr3fp\libm.a(lib_a-w_pow.o)
                              Library/hal/bmp085.o (pow)
c:/program files/atmel/atmel toolchain/avr32 gcc/native/3.4.2.1002/avr32-gnu-toolchain/bin/../lib/gcc/avr32/4.4.7/../../../../avr32/lib/ucr3fp\libm.a(lib_a-w_sqrt.o)
                              Library/control/orca.o (sqrt)
c:/program files/atmel/atmel toolchain/avr32 gcc/native/3.4.2.1002/avr32-gnu-toolchain/bin/../lib/gcc/avr32/4.4.7/../../../../avr32/lib/ucr3fp\libm.a(lib_a-e_asin.o)
                              c:/program files/atmel/atmel toolchain/avr32 gcc/native/3.4.2.1002/avr32-gnu-toolchain/bin/../lib/gcc/avr32/4.4.7/../../../../avr32/lib/ucr3fp\libm.a(lib_a-w_asin.o) (__ieee754_asin)
c:/program files/atmel/atmel toolchain/avr32 gcc/native/3.4.2.1002/avr32-gnu-toolchain/bin/../lib/gcc/avr32/4.4.7/../../../../avr32/lib/ucr3fp\libm.a(lib_a-e_atan2.o)
                              c:/program files/atmel/atmel toolchain/avr32 gcc/native/3.4.2.1002/avr32-gnu-toolchain/bin/../lib/gcc/avr32/4.4.7/../../../../avr32/lib/ucr3fp\libm.a(lib_a-w_atan2.o) (__ieee754_atan2)
c:/program files/atmel/atmel toolchain/avr32 gcc/native/3.4.2.1002/avr32-gnu-toolchain/bin/../lib/gcc/avr32/4.4.7/../../../../avr32/lib/ucr3fp\libm.a(lib_a-e_pow.o)
                              c:/program files/atmel/atmel toolchain/avr32 gcc/native/3.4.2.1002/avr32-gnu-toolchain/bin/../lib/gcc/avr32/4.4.7/../../../../avr32/lib/ucr3fp\libm.a(lib_a-w_pow.o) (__ieee754_pow)
c:/program files/atmel/atmel toolchain/avr32 gcc/native/3.4.2.1002/avr32-gnu-toolchain/bin/../lib/gcc/avr32/4.4.7/../../../../avr32/lib/ucr3fp\libm.a(lib_a-e_rem_pio2.o)
                              c:/program files/atmel/atmel toolchain/avr32 gcc/native/3.4.2.1002/avr32-gnu-toolchain/bin/../lib/gcc/avr32/4.4.7/../../../../avr32/lib/ucr3fp\libm.a(lib_a-s_cos.o) (__ieee754_rem_pio2)
c:/program files/atmel/atmel toolchain/avr32 gcc/native/3.4.2.1002/avr32-gnu-toolchain/bin/../lib/gcc/avr32/4.4.7/../../../../avr32/lib/ucr3fp\libm.a(lib_a-e_sqrt.o)
                              c:/program files/atmel/atmel toolchain/avr32 gcc/native/3.4.2.1002/avr32-gnu-toolchain/bin/../lib/gcc/avr32/4.4.7/../../../../avr32/lib/ucr3fp\libm.a(lib_a-w_sqrt.o) (__ieee754_sqrt)
c:/program files/atmel/atmel toolchain/avr32 gcc/native/3.4.2.1002/avr32-gnu-toolchain/bin/../lib/gcc/avr32/4.4.7/../../../../avr32/lib/ucr3fp\libm.a(lib_a-k_cos.o)
                              c:/program files/atmel/atmel toolchain/avr32 gcc/native/3.4.2.1002/avr32-gnu-toolchain/bin/../lib/gcc/avr32/4.4.7/../../../../avr32/lib/ucr3fp\libm.a(lib_a-s_cos.o) (__kernel_cos)
c:/program files/atmel/atmel toolchain/avr32 gcc/native/3.4.2.1002/avr32-gnu-toolchain/bin/../lib/gcc/avr32/4.4.7/../../../../avr32/lib/ucr3fp\libm.a(lib_a-k_rem_pio2.o)
                              c:/program files/atmel/atmel toolchain/avr32 gcc/native/3.4.2.1002/avr32-gnu-toolchain/bin/../lib/gcc/avr32/4.4.7/../../../../avr32/lib/ucr3fp\libm.a(lib_a-e_rem_pio2.o) (__kernel_rem_pio2)
c:/program files/atmel/atmel toolchain/avr32 gcc/native/3.4.2.1002/avr32-gnu-toolchain/bin/../lib/gcc/avr32/4.4.7/../../../../avr32/lib/ucr3fp\libm.a(lib_a-k_sin.o)
                              c:/program files/atmel/atmel toolchain/avr32 gcc/native/3.4.2.1002/avr32-gnu-toolchain/bin/../lib/gcc/avr32/4.4.7/../../../../avr32/lib/ucr3fp\libm.a(lib_a-s_cos.o) (__kernel_sin)
c:/program files/atmel/atmel toolchain/avr32 gcc/native/3.4.2.1002/avr32-gnu-toolchain/bin/../lib/gcc/avr32/4.4.7/../../../../avr32/lib/ucr3fp\libm.a(lib_a-s_atan.o)
                              c:/program files/atmel/atmel toolchain/avr32 gcc/native/3.4.2.1002/avr32-gnu-toolchain/bin/../lib/gcc/avr32/4.4.7/../../../../avr32/lib/ucr3fp\libm.a(lib_a-e_atan2.o) (atan)
[...]
Memory Configuration

Name             Origin             Length             Attributes
FLASH            0x80000000         0x00080000         axrl !w
CPUSRAM          0x00000004         0x0000fffc         axw !rl
USERPAGE         0x80800000         0x00000200
FACTORYPAGE      0x80800200         0x00000200
FLASHVAULT_FLASH_SIZE 0x80800400         0x00000008         r
FLASHVAULT_RAM_SIZE 0x80800408         0x00000008         r
*default*        0x00000000         0xffffffff

Linker script and memory map

                0x00001000                _stack_size = 0x1000
LOAD Library/control/neighbor_selection.o
LOAD Library/control/orca.o
LOAD Library/control/pid_control.o
LOAD Library/control/stabilisation_copter.o
LOAD Library/control/stabilisation_hybrid.o
LOAD Library/hal/analog_monitor.o
LOAD Library/hal/lsm330dlc_driver.o
LOAD Library/hal/time_keeper.o
LOAD Library/sensing/estimator.o
LOAD Library/sensing/position_estimation.o
LOAD Library/sensing/qfilter.o
LOAD src/central_data.o
LOAD src/mavlink_actions.o
LOAD src/tasks.o
LOAD Library/communication/ishtar.o
LOAD Library/communication/ishtar_stream.o
LOAD Library/communication/mavlink_stream.o
LOAD Library/communication/onboard_parameters.o
LOAD Library/control/navigation.o
LOAD Library/control/stabilisation.o
LOAD Library/hal/adc_int.o
LOAD Library/hal/ads1274.o
LOAD Library/hal/adxl345_driver.o
LOAD Library/hal/amplifiers.o
LOAD Library/hal/bmp085.o
LOAD Library/hal/compass_hmc5883l.o
LOAD Library/hal/dac_dma.o
LOAD Library/hal/i2c_driver.o
LOAD Library/hal/itg3200_driver.o
LOAD Library/hal/led.o
LOAD Library/hal/radar_module_driver.o
LOAD Library/hal/servo_pwm.o
LOAD Library/hal/remote_dsm2.o
LOAD Library/hal/spi_buffered.o
LOAD Library/hal/uart_int.o
LOAD Library/runtime/scheduler.o
LOAD Library/sensing/gps_ublox.o
LOAD Library/sensing/imu.o
LOAD Library/sensing/simulation.o
LOAD Library/sensing/mavlink_waypoint_handler.o
LOAD Library/util/buffer.o
LOAD Library/util/coord_conventions.o
LOAD Library/util/generator.o
LOAD Library/util/print_util.o
LOAD Library/util/sinus.o
LOAD src/asf/avr32/drivers/adcifa/adcifa.o
LOAD src/asf/avr32/drivers/ast/ast.o
LOAD src/asf/avr32/drivers/dacifb/dacifb.o
LOAD src/asf/avr32/drivers/eic/eic.o
LOAD src/asf/avr32/drivers/flashc/flashc.o
LOAD src/asf/avr32/drivers/gpio/gpio.o
LOAD src/asf/avr32/drivers/intc/exception.o
LOAD src/asf/avr32/drivers/intc/intc.o
LOAD src/asf/avr32/drivers/pdca/pdca.o
LOAD src/asf/avr32/drivers/pevc/pevc.o
LOAD src/asf/avr32/drivers/pm/pm_uc3c.o
LOAD src/asf/avr32/drivers/pm/power_clocks_lib.o
LOAD src/asf/avr32/drivers/pwm/pwm4.o
LOAD src/asf/avr32/drivers/scif/scif_uc3c.o
LOAD src/asf/avr32/drivers/spi/spi.o
LOAD src/asf/avr32/drivers/tc/tc.o
LOAD src/asf/avr32/drivers/twim/twim.o
LOAD src/asf/avr32/drivers/usart/usart.o
LOAD src/asf/avr32/drivers/usbc/usbc_device.o
LOAD src/asf/avr32/services/delay/delay.o
LOAD src/asf/avr32/utils/startup/startup_uc3.o
LOAD src/asf/avr32/utils/startup/trampoline_uc3.o
LOAD src/asf/common/boards/user_board/init.o
LOAD src/asf/common/services/clock/uc3c/osc.o
LOAD src/asf/common/services/clock/uc3c/pll.o
LOAD src/asf/common/services/clock/uc3c/sysclk.o
LOAD src/asf/common/services/sleepmgr/uc3/sleepmgr.o
LOAD src/asf/common/services/spi/uc3_spi/spi_master.o
LOAD src/asf/common/services/usb/class/cdc/device/udi_cdc.o
LOAD src/asf/common/services/usb/class/cdc/device/udi_cdc_desc.o
LOAD src/asf/common/services/usb/udc/udc.o
LOAD src/asf/common/utils/stdio/read.o
LOAD src/asf/common/utils/stdio/stdio_usb/stdio_usb.o
LOAD src/asf/common/utils/stdio/write.o
LOAD src/boardsupport.o
LOAD src/main.o
START GROUP
LOAD c:/program files/atmel/atmel toolchain/avr32 gcc/native/3.4.2.1002/avr32-gnu-toolchain/bin/../lib/gcc/avr32/4.4.7/../../../../avr32/lib/ucr3fp\libm.a
END GROUP
LOAD c:/program files/atmel/atmel toolchain/avr32 gcc/native/3.4.2.1002/avr32-gnu-toolchain/bin/../lib/gcc/avr32/4.4.7/ucr3fp\libgcc.a
LOAD c:/program files/atmel/atmel toolchain/avr32 gcc/native/3.4.2.1002/avr32-gnu-toolchain/bin/../lib/gcc/avr32/4.4.7/../../../../avr32/lib/ucr3fp\libc.a
LOAD c:/program files/atmel/atmel toolchain/avr32 gcc/native/3.4.2.1002/avr32-gnu-toolchain/bin/../lib/gcc/avr32/4.4.7/ucr3fp\libgcc.a
                0x80000000                PROVIDE (__executable_start, 0x80000000)
                0x80000000                . = 0x80000000

.interp
 *(.interp)

.reset          0x80000000     0x2008
 *(.reset)
 .reset         0x80000000     0x2008 src/asf/avr32/utils/startup/trampoline_uc3.o
                0x80000000                _trampoline

.hash
 *(.hash)

.dynsym
 *(.dynsym)

.dynstr
 *(.dynstr)

.gnu.version
 *(.gnu.version)

.gnu.version_d
 *(.gnu.version_d)

.gnu.version_r
 *(.gnu.version_r)

.rel.init
 *(.rel.init)

.rela.init
 *(.rela.init)

.rel.text
 *(.rel.text .rel.text.* .rel.gnu.linkonce.t.*)

.rela.text
 *(.rela.text .rela.text.* .rela.gnu.linkonce.t.*)

.rel.fini
 *(.rel.fini)

.rela.fini
 *(.rela.fini)

.rel.rodata
 *(.rel.rodata .rel.rodata.* .rel.gnu.linkonce.r.*)

.rela.rodata
 *(.rela.rodata .rela.rodata.* .rela.gnu.linkonce.r.*)

.rel.data.rel.ro
 *(.rel.data.rel.ro*)

.rela.data.rel.ro
 *(.rel.data.rel.ro*)

.rel.data
 *(.rel.data .rel.data.* .rel.gnu.linkonce.d.*)

.rela.data
 *(.rela.data .rela.data.* .rela.gnu.linkonce.d.*)

.rel.tdata
 *(.rel.tdata .rel.tdata.* .rel.gnu.linkonce.td.*)

.rela.tdata
 *(.rela.tdata .rela.tdata.* .rela.gnu.linkonce.td.*)

.rel.tbss
 *(.rel.tbss .rel.tbss.* .rel.gnu.linkonce.tb.*)

.rela.tbss
 *(.rela.tbss .rela.tbss.* .rela.gnu.linkonce.tb.*)

.rel.ctors
 *(.rel.ctors)

.rela.ctors
 *(.rela.ctors)

.rel.dtors
 *(.rel.dtors)

.rela.dtors
 *(.rela.dtors)

.rel.got
 *(.rel.got)

.rela.got       0x80002008        0x0
 *(.rela.got)
 .rela.got      0x80002008        0x0 Library/control/neighbor_selection.o

.rel.bss
 *(.rel.bss .rel.bss.* .rel.gnu.linkonce.b.*)

.rela.bss
 *(.rela.bss .rela.bss.* .rela.gnu.linkonce.b.*)

.rel.plt
 *(.rel.plt)

.rela.plt
 *(.rela.plt)

.init
 *(.init)

.plt
 *(.plt)

.text           0x80002008    0x2f0ee
 *(.text .stub .text.* .gnu.linkonce.t.*)
 .text          0x80002008      0x7b4 Library/control/neighbor_selection.o
                0x800023f4                init_neighbors
                0x80002448                read_msg_from_neighbors
 .text          0x800027bc     0x2808 Library/control/orca.o
                0x80002c7e                init_orca
                0x80002d24                computeNewVelocity
                0x80003720                linearProgram1
                0x80003bd4                linearProgram2
                0x80004550                linearProgram3
                0x8000483c                linearProgram4
 .text          0x80004fc4      0x530 Library/control/pid_control.o
                0x800050bc                passthroughController
                0x80005140                integrate
                0x800051a8                initInt
                0x800051ec                resetInt
                0x80005206                initDiff
                0x80005242                differentiate
                0x800052e4                pid_update
                0x800053fc                pid_update_dt
 .text          0x800054f4     0x1054 Library/control/stabilisation_copter.o
                0x80005738                get_rate_stabiliser
                0x80005750                get_attitude_stabiliser
                0x80005768                get_velocity_stabiliser
                0x80005780                init_rate_stabilisation
                0x800059c0                init_angle_stabilisation
                0x80005bcc                init_velocity_stabilisation
                0x80005e58                init_stabilisation
                0x80005ebc                cascade_stabilise_copter
                0x80006214                mix_to_servos_diag_quad
                0x800063c4                mix_to_servos_cross_quad
 .text          0x80006548      0x1f8 Library/hal/analog_monitor.o
                0x80006548                init_analog_monitor
                0x80006590                trigger_analog_monitor
                0x800065b4                get_monitored_avg
                0x80006630                get_battery_rail
                0x80006674                get_internal_rail
                0x800066b8                get_6V_analog_rail
                0x800066fc                get_5V_analog_rail
 .text          0x80006740      0x100 Library/hal/time_keeper.o
                0x80006740                init_time_keeper
                0x80006768                get_time
                0x80006798                get_millis
                0x800067c4                get_micros
                0x800067e0                get_time_ticks
                0x80006800                ticks_to_seconds
 .text          0x80006840     0x4144 Library/sensing/estimator.o
                0x8000688c                e_init
                0x80006ab8                init_pos_gps_estimator
                0x80006b3c                e_kalman_init
                0x80006cc0                e_predict
                0x80006fcc                quat_rot
                0x80007182                e_kalman_predict
                0x80007e90                e_kalman_predict_hf
                0x80008424                e_kalman_update_position
                0x80009030                e_kalman_update_speed
                0x80009c58                e_kalman_update_position_hf
                0x8000a1e4                e_kalman_update_speed_hf
                0x8000a778                estimator_loop
 .text          0x8000a984     0x12e0 Library/sensing/position_estimation.o
                0x8000ad4c                init_pos_integration
                0x8000ae0c                init_pos_gps
                0x8000afb2                init_barometer_offset
                0x8000b088                position_reset_home_altitude
                0x8000b254                position_integration
                0x8000b5da                position_correction
 .text          0x8000bc64     0x13a4 Library/sensing/qfilter.o
                0x8000c19e                qfInit
                0x8000c4f0                qfilter
 .text          0x8000d008      0x248 src/central_data.o
                0x8000d054                initialise_central_data
                0x8000d1b0                get_central_data
                0x8000d1c8                get_telemetry_upstream
                0x8000d1e4                get_telemetry_downstream
                0x8000d200                get_debug_stream
                0x8000d21c                get_imu_data
                0x8000d234                get_control_inputs_data
 .text          0x8000d250     0x3620 src/mavlink_actions.o
                0x8000e6ac                mavlink_send_heartbeat
                0x8000e6f0                mavlink_send_raw_imu
                0x8000e7f4                mavlink_send_scaled_imu
                0x8000e924                mavlink_send_rpy_rates_error
                0x8000e970                mavlink_send_rpy_speed_thrust_setpoint
                0x8000e9bc                mavlink_send_rpy_thrust_setpoint
                0x8000ea0c                mavlink_send_servo_output
                0x8000eb40                mavlink_send_attitude_quaternion
                0x8000ebbc                mavlink_send_attitude
                0x8000ec44                mavlink_send_global_position
                0x8000ede8                mavlink_send_hud
                0x8000ef44                mavlink_send_gps_raw
                0x8000f160                mavlink_send_pressure
                0x8000f25c                mavlink_send_radar
                0x8000f2c4                mavlink_send_estimator
                0x8000f38c                mavlink_send_kalman_estimator
                0x8000f508                mavlink_send_raw_rc_channels
                0x8000f604                mavlink_send_scaled_rc_channels
                0x8000f8ee                mavlink_send_simulation
                0x8000fccc                send_rt_stats
                0x800101e4                add_PID_parameters
                0x800106b0                init_mavlink_actions
 .text          0x80010870     0x10d8 src/tasks.o
                0x80010b70                get_main_taskset
                0x80010b88                run_imu_update
                0x80010bd4                rc_user_channels
                0x80010d7c                set_mav_mode_n_state
                0x80011124                run_stabilisation
                0x80011548                gps_task
                0x80011598                run_estimator
                0x800115b0                run_navigation_task
                0x800117dc                run_barometer
                0x8001189c                create_tasks
 .text          0x80011948     0x1948 Library/communication/mavlink_stream.o
                0x8001251c                comm_send_ch
                0x8001259e                mavlink_receive_handler
                0x80012640                init_mavlink
                0x800126d8                flush_mavlink
                0x8001270c                mavlink_protocol_update
                0x80012788                get_mavlink_taskset
                0x800127a0                suspend_downstream
                0x80012800                mavlink_receive
                0x800128c4                handle_mavlink_message
                0x80012db8                receive_message_long
 .text          0x80013290     0x1220 Library/communication/onboard_parameters.o
                0x800138e4                init_onboard_parameters
                0x80013914                add_parameter_uint8
                0x800139f8                add_parameter_uint32
                0x80013adc                add_parameter_int32
                0x80013bc0                add_parameter_float
                0x80013ca4                send_all_parameters
                0x80013cf8                send_all_parameters_now
                0x80013db8                send_scheduled_parameters
                0x80013e98                send_parameter
                0x80013fec                receive_parameter
                0x800141fa                read_parameters_from_flashc
                0x80014380                write_parameters_to_flashc
 .text          0x800144b0      0xaf8 Library/control/navigation.o
                0x80014904                init_nav
                0x80014960                run_navigation
                0x800149b4                set_rel_pos_n_dist2wp
                0x80014a3c                set_speed_command
                0x80014d34                low_speed_nav
                0x80014f00                high_speed_nav
 .text          0x80014fa8       0xa4 Library/control/stabilisation.o
                0x80014fa8                stabilise
 .text          0x8001504c      0x56c Library/hal/adc_int.o
                0x8001523c                Init_ADCI
                0x8001532c                clear_adc_sequencer
                0x80015358                adc_sequencer_add
                0x80015430                ADCI_Start_Sampling
                0x800154f0                ADCI_Stop_Sampling
                0x80015510                ADCI_Sampling_Complete
                0x80015538                ADCI_get_sample
                0x80015580                ADCI_get_buffer
                0x8001559c                ADCI_get_sampling_status
 .text          0x800155b8      0x464 Library/hal/ads1274.o
                0x800156b4                get_interrupt_counter
                0x800156d0                processData
                0x800157d4                set_DAC_generator_function
                0x800157f8                get_sample
                0x80015834                get_sampling_status
                0x80015850                Init_ADC
                0x8001593c                ADC_Switch_Clock
                0x8001599c                ADC_Switch_Channel
                0x800159b4                ADC_Set_Mode
                0x800159c6                ADC_Start_Oneshot
                0x800159e0                ADC_Stop_Sampling
                0x800159ea                Sampling_Complete
                0x800159f4                eic_nmi_handler
 .text          0x80015a1c      0x1e4 Library/hal/adxl345_driver.o
                0x80015a1c                init_adxl345
                0x80015ae4                init_adxl345_slow
                0x80015b28                get_acc_data
                0x80015b50                get_acc_data_slow
 .text          0x80015c00      0xa14 Library/hal/bmp085.o
                0x80015d4c                bmp085_read_int
                0x80015d94                init_bmp085
                0x80015e46                init_bmp085_slow
                0x80015f9c                get_pressure_data_slow
                0x800165d4                newValidBarometer
 .text          0x80016614       0xd8 Library/hal/compass_hmc5883l.o
                0x80016614                init_hmc5883_slow
                0x80016644                get_compass_data_slow
 .text          0x800166ec      0x330 Library/hal/dac_dma.o
                0x8001675c                init_pevc
                0x80016794                init_gclk
                0x800167ee                Init_DAC
                0x800168c4                DAC_load_buffer
                0x80016978                DAC_play
                0x800169d4                DAC_pause
                0x800169de                DAC_resume
                0x800169e8                DAC_is_finished
                0x800169f6                DAC_set_value
 .text          0x80016a1c      0x770 Library/hal/i2c_driver.o
                0x80016b68                init_i2c
                0x80016ca0                i2c_reset
                0x80016d34                i2c_add_request
                0x80016e3c                i2c_change_request
                0x80016ef6                i2c_trigger_request
                0x80017134                i2c_pause_request
                0x8001714e                i2c_enable_request
                0x8001716c                i2c_remove_request
 .text          0x8001718c      0x1c0 Library/hal/itg3200_driver.o
                0x8001718c                init_itg3200
                0x80017284                reconfigure_gyro
                0x800172a8                init_itg3200_slow
                0x800172d8                get_gyro_data
                0x80017300                get_gyro_data_slow
 .text          0x8001734c      0x500 Library/hal/led.o
                0x8001734c                LED_Read_Display
                0x80017368                LED_Display
                0x80017418                LED_Read_Display_Mask
                0x80017444                LED_Display_Mask
                0x8001754c                LED_Test
                0x8001757c                LED_Off
                0x80017634                LED_On
                0x800176f0                LED_Toggle
                0x800177a8                LED_Read_Display_Field
                0x800177e0                LED_Display_Field
                0x8001781c                LED_Get_Intensity
                0x80017832                LED_Set_Intensity
 .text          0x8001784c       0xc0 Library/hal/radar_module_driver.o
                0x8001784c                init_radar_modules
                0x8001786e                read_radar
                0x800178f4                get_radar_main_target
 .text          0x8001790c      0x258 Library/hal/servo_pwm.o
                0x8001790c                init_Servos
                0x80017a44                set_servo
                0x80017afe                set_servos
 .text          0x80017b64      0x514 Library/hal/remote_dsm2.o
                0x80017d14                rc_init
                0x80017dc4                rc_get_channel
                0x80017dfc                rc_get_channel_neutral
                0x80017e94                rc_center_channel
                0x80017ec8                checkReceiver1
                0x80017fa8                checkReceiver2
                0x80018058                rc_check_receivers
 .text          0x80018078      0xda8 Library/hal/spi_buffered.o
                0x8001827c                get_spi_in_buffer
                0x800182ac                spi0_int_handler
                0x800182c8                spi1_int_handler
                0x80018358                initSPI
                0x800184e8                enableSPI
                0x8001851c                disableSPI
                0x80018550                spiInitDMA
                0x800185cc                spiTriggerDMA
                0x80018678                setSPIcallBack
                0x800186b0                pauseSPI
                0x800186e4                resumeSPI
                0x80018720                activateReceiveSPI
                0x80018754                deactivateReceiveSPI
                0x80018788                getTraffic
                0x800187bc                readSPI
                0x80018874                clearSPIReadBuffer
                0x800188b8                writeSPI
                0x80018970                SPItransmit
                0x80018ad4                startSPI
                0x80018b9c                SPITransferFinished
                0x80018bec                SPIFlushBuffer
                0x80018c44                SPIBytesAvailable
                0x80018c9c                spi_handler
 .text          0x80018e20      0x8f0 Library/hal/uart_int.o
                0x8001931c                register_UART_handler
                0x800193bc                init_UART_int
                0x8001954c                uart_int_get_byte
                0x80019578                uart_int_bytes_available
                0x800195a4                uart_int_send_byte
                0x80019604                uart_int_flush
                0x8001963c                uart_out_buffer_empty
                0x8001966c                get_UART_handle
                0x8001969c                register_write_stream
                0x800196ec                register_read_stream
 .text          0x80019710      0xac0 Library/runtime/scheduler.o
                0x80019710                init_scheduler
                0x8001978c                register_task
                0x80019914                add_task
                0x800199d4                sort_taskset_by_period
                0x80019c42                run_scheduler_update
                0x8001a058                get_task_by_id
                0x8001a0dc                get_task_by_index
                0x8001a122                change_run_mode
                0x8001a142                change_task_period
                0x8001a17c                suspend_task
                0x8001a1ac                run_task_now
 .text          0x8001a1d0     0x296c Library/sensing/gps_ublox.o
                0x8001a21c                init_gps_ubx
                0x8001a51a                ubx_read
                0x8001b4f2                ubx_process_data
                0x8001bfe4                update_checksum
                0x8001c05e                endian_lower_bytes_uint16
                0x8001c07a                endian_higher_bytes_uint16
                0x8001c09a                ubx_send_header
                0x8001c180                ubx_send_cksum
                0x8001c1d4                ubx_send_message
                0x8001c2b4                ubx_send_message_CFG_nav_rate
                0x8001c434                ubx_send_message_nav_settings
                0x8001c510                ubx_configure_message_rate
                0x8001c642                configure_gps
                0x8001c6e4                gps_update
                0x8001c8f8                newValidGpsMsg
                0x8001c950                ubx_GetPosllh
                0x8001c978                ubx_GetStatus
                0x8001c9a0                ubx_GetSolution
                0x8001c9c8                ubx_GetVelned
                0x8001c9f0                ubx_GetSVInfo
                0x8001ca18                ubx_GetNavSettings
                0x8001ca40                ubx_GetMsgRate
                0x8001ca68                ubx_GetMonRXR
                0x8001ca90                ubx_GetTimTP
                0x8001cab8                ubx_GetTimVRFY
                0x8001cae0                ToRad
 .text          0x8001cb3c      0x4c4 Library/sensing/imu.o
                0x8001cb3c                init_imu
                0x8001cc94                imu_get_raw_data
                0x8001cd78                calibrate_Gyros
                0x8001cf24                imu_update
 .text          0x8001d000     0x1a00 Library/sensing/simulation.o
                0x8001d658                init_simulation
                0x8001d8f4                forces_from_servos_diag_quad
                0x8001dd54                forces_from_servos_cross_quad
                0x8001dd6a                simu_update
                0x8001e8f0                simulate_barometer
                0x8001e948                simulate_gps
 .text          0x8001ea00     0x3380 Library/sensing/mavlink_waypoint_handler.o
                0x8001f960                init_waypoint_handler
                0x8001f9f8                init_wp
                0x8001fd1a                init_waypoint_list
                0x80020058                send_count
                0x80020146                send_waypoint
                0x800203e8                receive_ack_msg
                0x800204a6                receive_count
                0x80020696                receive_waypoint
                0x800209d8                set_current_wp
                0x80020af8                clear_waypoint_list
                0x80020ba0                set_mav_mode
                0x80020d6c                control_time_out_waypoint_msg
                0x80020ec6                set_waypoint_from_frame
                0x800214dc                wp_hold_init
                0x80021648                waypoint_hold_position_handler
                0x800216c6                waypoint_navigation_handler
                0x80021b54                waypoint_critical_handler
 .text          0x80021d80      0x318 Library/util/buffer.o
                0x80021d80                buffer_full
                0x80021dae                buffer_put_lossy
                0x80021e48                buffer_put
                0x80021ed8                buffer_get
                0x80021f3e                buffer_empty
                0x80021f68                buffer_bytes_available
                0x80021f98                buffer_init
                0x80021fc8                buffer_clear
                0x80021ff8                make_buffered_stream
                0x80022048                make_buffered_stream_lossy
 .text          0x80022098      0x510 Library/util/coord_conventions.o
                0x80022098                local_to_global_position
                0x80022208                global_to_local_position
                0x800223d8                Quat_to_Aero
                0x80022524                get_yaw
 .text          0x800225a8      0x618 Library/util/print_util.o
                0x800225a8                dbg_print_init
                0x800225cc                putstring
                0x8002262c                putdigit
                0x80022694                putnum
                0x80022784                putnum_tight
                0x80022866                putfloat
                0x80022970                print_vector
                0x800229fc                print_quaternion
                0x80022a6c                dbg_print
                0x80022a98                dbg_print_num
                0x80022ad0                dbg_putfloat
                0x80022b04                dbg_print_vector
                0x80022b38                dbg_print_quaternion
                0x80022b6e                dbg_log_value
 .text          0x80022bc0      0x938 src/asf/avr32/drivers/adcifa/adcifa.o
                0x80022bc0                adcifa_get_calibration_data
                0x80022c54                adcifa_configure
                0x80022d94                adcifa_configure_sequencer
                0x8002318c                adcifa_configure_window_monitor
                0x800232a0                adcifa_start_sequencer
                0x800232e4                adcifa_check_eoc
                0x8002332e                adcifa_check_eos
                0x80023376                adcifa_get_values_from_sequencer
                0x80023450                adcifa_start_itimer
                0x8002347a                adcifa_stop_itimer
                0x80023494                adcifa_enable_interrupt
                0x800234b6                adcifa_disable_interrupt
                0x800234d8                adcifa_clear_interrupt
 .text          0x800234f8      0x4c0 src/asf/avr32/drivers/ast/ast.o
                0x80023538                ast_init_calendar
                0x800235ac                ast_init_counter
                0x80023608                ast_enable
                0x8002364c                ast_set_calendar_value
                0x80023690                ast_set_counter_value
                0x800236d0                ast_get_calendar_value
                0x800236f2                ast_get_counter_value
                0x8002370c                ast_set_alarm0_value
                0x8002372c                ast_set_alarm1_value
                0x8002374c                ast_enable_alarm0
                0x80023790                ast_disable_alarm0
                0x800237d4                ast_enable_alarm1
                0x80023818                ast_disable_alarm1
                0x8002385c                ast_set_periodic0_value
                0x8002387c                ast_set_periodic1_value
                0x8002389c                ast_enable_periodic0
                0x800238e0                ast_disable_periodic0
                0x80023928                ast_enable_periodic1
                0x80023970                ast_disable_periodic1
 .text          0x800239b8      0x8c0 src/asf/avr32/drivers/dacifb/dacifb.o
                0x80023b14                dacifb_get_calibration_data
                0x80023baa                dacifb_configure
                0x80023cf8                dacifb_configure_channel
                0x800240d2                dacifb_start_channel
                0x80024148                dacifb_check_eoc
                0x8002416a                dacifb_set_value
                0x800241da                dacifb_reload_timer
 .text          0x80024278      0x52c src/asf/avr32/drivers/eic/eic.o
                0x800242b0                eic_init
                0x8002452e                eic_enable_lines
                0x8002454e                eic_enable_line
                0x80024576                eic_disable_lines
                0x80024596                eic_disable_line
                0x800245be                eic_is_line_enabled
                0x800245ee                eic_enable_interrupt_lines
                0x8002460e                eic_enable_interrupt_line
                0x80024636                eic_disable_interrupt_lines
                0x80024674                eic_disable_interrupt_line
                0x800246bc                eic_is_interrupt_line_enabled
                0x800246ec                eic_clear_interrupt_lines
                0x8002472c                eic_clear_interrupt_line
                0x80024774                eic_is_interrupt_line_pending
 .text          0x800247a4     0x1bbc src/asf/avr32/drivers/flashc/flashc.o
                0x800247a4                flashc_get_flash_size
                0x800247cc                flashc_get_page_count
                0x800247e8                flashc_get_page_count_per_region
                0x80024804                flashc_get_page_region
                0x80024840                flashc_get_region_first_page_number
                0x8002486c                flashc_get_wait_state
                0x80024884                flashc_set_wait_state
                0x800248ca                flashc_set_bus_freq
                0x80024904                flashc_is_ready_int_enabled
                0x8002491c                flashc_enable_ready_int
                0x8002495a                flashc_is_lock_error_int_enabled
                0x80024974                flashc_enable_lock_error_int
                0x800249b2                flashc_is_prog_error_int_enabled
                0x800249cc                flashc_enable_prog_error_int
                0x80024a0a                flashc_is_ready
                0x80024a22                flashc_default_wait_until_ready
                0x80024a5a                flashc_is_lock_error
                0x80024a7c                flashc_is_programming_error
                0x80024aa0                flashc_get_command
                0x80024ab6                flashc_get_page_number
                0x80024ad2                flashc_issue_command
                0x80024b5c                flashc_no_operation
                0x80024b78                flashc_erase_all
                0x80024b94                flashc_is_security_bit_active
                0x80024bae                flashc_activate_security_bit
                0x80024bc8                flashc_get_bootloader_protected_size
                0x80024c0c                flashc_set_bootloader_protected_size
                0x80024ca8                flashc_is_external_privileged_fetch_locked
                0x80024ccc                flashc_lock_external_privileged_fetch
                0x80024cfc                flashc_is_page_region_locked
                0x80024d2c                flashc_is_region_locked
                0x80024d5e                flashc_lock_page_region
                0x80024d9c                flashc_lock_region
                0x80024dd4                flashc_lock_all_regions
                0x80024e3c                flashc_read_gp_fuse_bit
                0x80024ea0                flashc_read_gp_fuse_bitfield
                0x80024f70                flashc_read_gp_fuse_byte
                0x80024fd4                flashc_read_all_gp_fuses
                0x80025008                flashc_erase_gp_fuse_bit
                0x80025054                flashc_erase_gp_fuse_bitfield
                0x8002516c                flashc_erase_gp_fuse_byte
                0x80025240                flashc_erase_all_gp_fuses
                0x80025288                flashc_write_gp_fuse_bit
                0x800252c4                flashc_write_gp_fuse_bitfield
                0x80025394                flashc_write_gp_fuse_byte
                0x800253d0                flashc_write_all_gp_fuses
                0x80025454                flashc_set_gp_fuse_bit
                0x80025498                flashc_set_gp_fuse_bitfield
                0x80025568                flashc_set_gp_fuse_byte
                0x800255e4                flashc_set_all_gp_fuses
                0x80025650                flashc_clear_page_buffer
                0x8002566c                flashc_is_page_erased
                0x80025686                flashc_quick_page_read
                0x800256b4                flashc_erase_page
                0x80025720                flashc_erase_all_pages
                0x800257a8                flashc_write_page
                0x800257cc                flashc_quick_user_page_read
                0x800257f0                flashc_erase_user_page
                0x8002582c                flashc_write_user_page
                0x80025848                flashc_memset8
                0x8002589c                flashc_memset16
                0x800258ec                flashc_memset32
                0x8002594c                flashc_memset64
                0x80025d6c                flashc_memcpy
                0x800262f8                flashc_set_flash_waitstate_and_readmode
 .text          0x80026360     0x10d0 src/asf/avr32/drivers/gpio/gpio.o
                0x80026360                gpio_enable_module
                0x800263d8                gpio_enable_module_pin
                0x80026678                gpio_enable_gpio
                0x800266cc                gpio_enable_gpio_pin
                0x8002671c                gpio_enable_pin_pull_up
                0x8002676e                gpio_disable_pin_pull_up
                0x800267a8                gpio_enable_pin_pull_down
                0x800267fa                gpio_disable_pin_pull_down
                0x80026834                gpio_enable_pin_buskeeper
                0x80026886                gpio_disable_pin_buskeeper
                0x800268d8                gpio_configure_pin
                0x80026bb2                gpio_configure_group
                0x80026d7a                gpio_get_pin_value
                0x80026db4                gpio_get_gpio_pin_output_value
                0x80026dee                gpio_get_gpio_open_drain_pin_output_value
                0x80026e2a                gpio_set_gpio_pin
                0x80026e92                gpio_set_pin_high
                0x80026ecc                gpio_set_group_high
                0x80026efc                gpio_set_pin_low
                0x80026f36                gpio_clr_gpio_pin
                0x80026f9e                gpio_set_group_low
                0x80026fce                gpio_tgl_gpio_pin
                0x80027036                gpio_toggle_pin
                0x80027070                gpio_toggle_group
                0x800270a0                gpio_set_gpio_open_drain_pin
                0x800270f0                gpio_clr_gpio_open_drain_pin
                0x80027158                gpio_tgl_gpio_open_drain_pin
                0x800271c0                gpio_enable_pin_glitch_filter
                0x800271fa                gpio_disable_pin_glitch_filter
                0x80027308                gpio_enable_pin_interrupt
                0x80027380                gpio_disable_pin_interrupt
                0x800273ba                gpio_get_pin_interrupt_flag
                0x800273f6                gpio_clear_pin_interrupt_flag
 .text          0x80027430      0x194 src/asf/avr32/drivers/intc/intc.o
                0x80027438                _get_interrupt_handler
                0x800274c8                INTC_init_interrupts
                0x80027558                INTC_register_interrupt
 .text          0x800275c4      0x5f4 src/asf/avr32/drivers/pdca/pdca.o
                0x800275e4                pdca_get_handler
                0x80027618                pdca_init_channel
                0x800276ec                pdca_get_channel_status
                0x80027720                pdca_disable
                0x80027750                pdca_enable
                0x80027780                pdca_get_load_size
                0x800277b0                pdca_load_channel
                0x80027830                pdca_get_reload_size
                0x80027860                pdca_reload_channel
                0x800278e0                pdca_set_peripheral_select
                0x80027918                pdca_set_transfer_size
                0x8002795c                pdca_disable_event_trigger
                0x80027994                pdca_enable_event_trigger
                0x800279cc                pdca_disable_interrupt_transfer_error
                0x80027a30                pdca_enable_interrupt_transfer_error
                0x80027a60                pdca_disable_interrupt_transfer_complete
                0x80027ac4                pdca_enable_interrupt_transfer_complete
                0x80027af4                pdca_disable_interrupt_reload_counter_zero
                0x80027b58                pdca_enable_interrupt_reload_counter_zero
                0x80027b88                pdca_get_transfer_status
 .text          0x80027bb8      0x688 src/asf/avr32/drivers/pevc/pevc.o
                0x80027bb8                pevc_channel_configure
                0x80027cb6                pevc_igfd_set
                0x80027cdc                pevc_channels_enable
                0x80027d1c                pevc_channels_disable
                0x80027d5c                pevc_get_channel_status
                0x80027dc6                pevc_get_channel_state
                0x80027e30                pevc_channel_sev_enable
                0x80027e62                pevc_channels_trigger_sev
                0x80027ea6                pevc_channel_sev_disable
                0x80027ed8                pevc_channels_enable_trigger_interrupt
                0x80027f1c                pevc_channels_disable_trigger_interrupt
                0x80027f60                pevc_channel_is_trigger_interrupt_enabled
                0x80027fce                pevc_channel_is_trigger_interrupt_raised
                0x80028038                pevc_channel_clear_trigger_interrupt
                0x8002808a                pevc_channels_enable_overrun_interrupt
                0x800280ce                pevc_channels_disable_overrun_interrupt
                0x80028112                pevc_channel_is_overrun_interrupt_enabled
                0x80028180                pevc_channel_is_overrun_interrupt_raised
                0x800281ee                pevc_channel_clear_overrun_interrupt
 .text          0x80028240      0xfe0 src/asf/avr32/drivers/scif/scif_uc3c.o
                0x800282a6                scif_read_gplp
                0x800282c8                scif_write_gplp
                0x80028302                scif_start_osc
                0x8002843c                scif_is_osc_ready
                0x80028476                scif_stop_osc
                0x800284f4                scif_configure_osc_crystalmode
                0x80028650                scif_configure_osc_extmode
                0x800286f0                scif_enable_osc
                0x800287dc                scif_enable_extosc
                0x8002887c                scif_pll_setup
                0x800289d8                scif_pll_enable
                0x80028a78                scif_pll_disable
                0x80028b18                scif_wait_for_pll_locked
                0x80028b50                scif_start_osc32
                0x80028c18                scif_stop_osc32
                0x80028c80                scif_start_rc8M
                0x80028ce4                scif_stop_rc8M
                0x80028d48                scif_start_rc120M
                0x80028d94                scif_stop_rc120M
                0x80028df8                scif_start_gclk
                0x80028e68                scif_stop_gclk
                0x80028ed2                scif_gc_setup
                0x80028f98                scif_gc_enable
                0x80028fe0                scif_bod18_enable_irq
                0x80028ff2                scif_bod18_disable_irq
                0x80029044                scif_bod18_clear_irq
                0x80029056                scif_bod18_get_irq_status
                0x8002906e                scif_bod18_get_irq_enable_bit
                0x80029086                scif_bod18_get_level
                0x8002909c                scif_bod33_enable_irq
                0x800290b0                scif_bod33_disable_irq
                0x80029104                scif_bod33_clear_irq
                0x80029118                scif_bod33_get_irq_status
                0x80029130                scif_bod33_get_irq_enable_bit
                0x80029148                scif_bod33_get_level
                0x8002915e                scif_bod50_enable_irq
                0x80029172                scif_bod50_disable_irq
                0x800291c4                scif_bod50_clear_irq
                0x800291d8                scif_bod50_get_irq_status
                0x800291f0                scif_bod50_get_irq_enable_bit
                0x80029208                scif_bod50_get_level
 .text          0x80029220      0x730 src/asf/avr32/drivers/spi/spi.o
                0x80029220                getBaudDiv
                0x80029274                spi_initSlave
                0x800292fe                spi_initTest
                0x80029330                spi_initMaster
                0x800293c4                spi_selectionMode
                0x80029458                spi_selectChip
                0x800294f0                spi_unselectChip
                0x8002955a                spi_setupChipReg
                0x800296e4                spi_enable
                0x800296fe                spi_disable
                0x80029718                spi_is_enabled
                0x80029738                spi_writeRegisterEmptyCheck
                0x80029758                spi_write
                0x800297b0                spi_variableSlaveWrite
                0x80029848                spi_writeEndCheck
                0x80029868                spi_readRegisterFullCheck
                0x80029888                spi_read
                0x800298e6                spi_getStatus
 .text          0x80029950      0xeb0 src/asf/avr32/drivers/twim/twim.o
                0x80029c80                twim_set_speed
                0x80029d28                twim_master_init
                0x80029e34                twim_disable_interrupt
                0x80029e7c                twim_probe
                0x80029eb8                twim_read_packet
                0x8002a060                twim_read
                0x8002a19c                twim_write_packet
                0x8002a36c                twim_write
                0x8002a474                twim_chained_transfer
                0x8002a7cc                twim_status
 .text          0x8002a800     0x1154 src/asf/avr32/drivers/usart/usart.o
                0x8002aa94                usart_reset
                0x8002ab08                usart_init_rs232
                0x8002ac74                usart_init_rs232_tx_only
                0x8002adf0                usart_init_hw_handshaking
                0x8002ae44                usart_init_modem
                0x8002ae9c                usart_init_sync_master
                0x8002b020                usart_init_sync_slave
                0x8002b190                usart_init_rs485
                0x8002b1e4                usart_init_IrDA
                0x8002b254                usart_init_iso7816
                0x8002b370                usart_init_lin_master
                0x8002b3d4                usart_init_lin_slave
                0x8002b438                usart_init_spi_master
                0x8002b554                usart_init_spi_slave
                0x8002b65c                usart_spi_selectChip
                0x8002b67c                usart_spi_unselectChip
                0x8002b6d8                usart_send_address
                0x8002b748                usart_write_char
                0x8002b78c                usart_putchar
                0x8002b7e4                usart_read_char
                0x8002b836                usart_getchar
                0x8002b880                usart_write_line
                0x8002b8d0                usart_get_echo_line
 .text          0x8002b954      0x17c src/asf/avr32/services/delay/delay.o
                0x8002b954                delay_init
                0x8002b978                delay_ms
 .text._stext   0x8002bad0       0x4c src/asf/avr32/utils/startup/startup_uc3.o
                                 0x50 (size before relaxing)
                0x8002bad0                _stext
 .text          0x8002bb1c       0x24 src/asf/common/boards/user_board/init.o
                0x8002bb1c                board_init
 .text          0x8002bb40      0x274 src/asf/common/services/clock/uc3c/osc.o
                0x8002bb78                osc_priv_enable_osc0
                0x8002bbb4                osc_priv_disable_osc0
                0x8002bbec                osc_priv_enable_osc32
                0x8002bc28                osc_priv_disable_osc32
                0x8002bc64                osc_priv_enable_rc8m
                0x8002bce4                osc_priv_disable_rc8m
                0x8002bd3c                osc_priv_enable_rc120m
                0x8002bd78                osc_priv_disable_rc120m
 .text          0x8002bdb4      0x12c src/asf/common/services/clock/uc3c/pll.o
                0x8002bdec                pll_config_write
                0x8002be40                pll_enable
                0x8002be94                pll_disable
 .text          0x8002bee0      0x7a4 src/asf/common/services/clock/uc3c/sysclk.o
                0x8002c340                sysclk_priv_enable_module
                0x8002c3c0                sysclk_priv_disable_module
                0x8002c444                sysclk_set_prescalers
                0x8002c54c                sysclk_set_source
                0x8002c590                sysclk_enable_usb
                0x8002c5f4                sysclk_disable_usb
                0x8002c60c                sysclk_init
 .text          0x8002c684      0x768 src/asf/common/services/spi/uc3_spi/spi_master.o
                0x8002cbb8                spi_master_setup_device
                0x8002cc60                spi_read_packet
                0x8002cd44                spi_write_packet
 .text          0x8002cdec      0x328 src/boardsupport.o
                0x8002cf30                initialise_board
 .text          0x8002d114      0x22c src/main.o
                0x8002d17a                initialisation
                0x8002d30c                main
 .text.cos      0x8002d340       0x8c c:/program files/atmel/atmel toolchain/avr32 gcc/native/3.4.2.1002/avr32-gnu-toolchain/bin/../lib/gcc/avr32/4.4.7/../../../../avr32/lib/ucr3fp\libm.a(lib_a-s_cos.o)
                                 0x9c (size before relaxing)
                0x8002d340                cos
 .text.sin      0x8002d3cc       0x90 c:/program files/atmel/atmel toolchain/avr32 gcc/native/3.4.2.1002/avr32-gnu-toolchain/bin/../lib/gcc/avr32/4.4.7/../../../../avr32/lib/ucr3fp\libm.a(lib_a-s_sin.o)
                                 0xa0 (size before relaxing)
                0x8002d3cc                sin
 .text.asin     0x8002d45c       0x94 c:/program files/atmel/atmel toolchain/avr32 gcc/native/3.4.2.1002/avr32-gnu-toolchain/bin/../lib/gcc/avr32/4.4.7/../../../../avr32/lib/ucr3fp\libm.a(lib_a-w_asin.o)
                                 0xb0 (size before relaxing)
                0x8002d45c                asin
 .text.atan2    0x8002d4f0        0x8 c:/program files/atmel/atmel toolchain/avr32 gcc/native/3.4.2.1002/avr32-gnu-toolchain/bin/../lib/gcc/avr32/4.4.7/../../../../avr32/lib/ucr3fp\libm.a(lib_a-w_atan2.o)
                                  0xc (size before relaxing)
                0x8002d4f0                atan2
 .text.pow      0x8002d4f8      0x2b8 c:/program files/atmel/atmel toolchain/avr32 gcc/native/3.4.2.1002/avr32-gnu-toolchain/bin/../lib/gcc/avr32/4.4.7/../../../../avr32/lib/ucr3fp\libm.a(lib_a-w_pow.o)
                                0x300 (size before relaxing)
                0x8002d4f8                pow
 .text.sqrt     0x8002d7b0       0x9c c:/program files/atmel/atmel toolchain/avr32 gcc/native/3.4.2.1002/avr32-gnu-toolchain/bin/../lib/gcc/avr32/4.4.7/../../../../avr32/lib/ucr3fp\libm.a(lib_a-w_sqrt.o)
                                 0xb4 (size before relaxing)
                0x8002d7b0                sqrt
 .text.__ieee754_asin
                0x8002d84c      0x4f0 c:/program files/atmel/atmel toolchain/avr32 gcc/native/3.4.2.1002/avr32-gnu-toolchain/bin/../lib/gcc/avr32/4.4.7/../../../../avr32/lib/ucr3fp\libm.a(lib_a-e_asin.o)
                                0x50c (size before relaxing)
                0x8002d84c                __ieee754_asin
 .text.__ieee754_atan2
                0x8002dd3c      0x22c c:/program files/atmel/atmel toolchain/avr32 gcc/native/3.4.2.1002/avr32-gnu-toolchain/bin/../lib/gcc/avr32/4.4.7/../../../../avr32/lib/ucr3fp\libm.a(lib_a-e_atan2.o)
                                0x240 (size before relaxing)
                0x8002dd3c                __ieee754_atan2
 .text.__ieee754_pow
                0x8002df68      0xaa4 c:/program files/atmel/atmel toolchain/avr32 gcc/native/3.4.2.1002/avr32-gnu-toolchain/bin/../lib/gcc/avr32/4.4.7/../../../../avr32/lib/ucr3fp\libm.a(lib_a-e_pow.o)
                                0xaf0 (size before relaxing)
                0x8002df68                __ieee754_pow
 .text.__ieee754_rem_pio2
                0x8002ea0c      0x470 c:/program files/atmel/atmel toolchain/avr32 gcc/native/3.4.2.1002/avr32-gnu-toolchain/bin/../lib/gcc/avr32/4.4.7/../../../../avr32/lib/ucr3fp\libm.a(lib_a-e_rem_pio2.o)
                                0x4a0 (size before relaxing)
                0x8002ea0c                __ieee754_rem_pio2
 .text.__ieee754_sqrt
                0x8002ee7c      0x18c c:/program files/atmel/atmel toolchain/avr32 gcc/native/3.4.2.1002/avr32-gnu-toolchain/bin/../lib/gcc/avr32/4.4.7/../../../../avr32/lib/ucr3fp\libm.a(lib_a-e_sqrt.o)
                                0x19c (size before relaxing)
                0x8002ee7c                __ieee754_sqrt
 .text.__kernel_cos
                0x8002f008      0x1e8 c:/program files/atmel/atmel toolchain/avr32 gcc/native/3.4.2.1002/avr32-gnu-toolchain/bin/../lib/gcc/avr32/4.4.7/../../../../avr32/lib/ucr3fp\libm.a(lib_a-k_cos.o)
                                0x1f8 (size before relaxing)
                0x8002f008                __kernel_cos
 .text.__kernel_rem_pio2
                0x8002f1f0      0x6e0 c:/program files/atmel/atmel toolchain/avr32 gcc/native/3.4.2.1002/avr32-gnu-toolchain/bin/../lib/gcc/avr32/4.4.7/../../../../avr32/lib/ucr3fp\libm.a(lib_a-k_rem_pio2.o)
                                0x718 (size before relaxing)
                0x8002f1f0                __kernel_rem_pio2
 .text.__kernel_sin
                0x8002f8d0      0x194 c:/program files/atmel/atmel toolchain/avr32 gcc/native/3.4.2.1002/avr32-gnu-toolchain/bin/../lib/gcc/avr32/4.4.7/../../../../avr32/lib/ucr3fp\libm.a(lib_a-k_sin.o)
                                0x1a4 (size before relaxing)
                0x8002f8d0                __kernel_sin
 .text.atan     0x8002fa64      0x348 c:/program files/atmel/atmel toolchain/avr32 gcc/native/3.4.2.1002/avr32-gnu-toolchain/bin/../lib/gcc/avr32/4.4.7/../../../../avr32/lib/ucr3fp\libm.a(lib_a-s_atan.o)
                                0x368 (size before relaxing)
                0x8002fa64                atan
 .text.fabs     0x8002fdac        0x8 c:/program files/atmel/atmel toolchain/avr32 gcc/native/3.4.2.1002/avr32-gnu-toolchain/bin/../lib/gcc/avr32/4.4.7/../../../../avr32/lib/ucr3fp\libm.a(lib_a-s_fabs.o)
                0x8002fdac                fabs
 .text.finite   0x8002fdb4       0x10 c:/program files/atmel/atmel toolchain/avr32 gcc/native/3.4.2.1002/avr32-gnu-toolchain/bin/../lib/gcc/avr32/4.4.7/../../../../avr32/lib/ucr3fp\libm.a(lib_a-s_finite.o)
                0x8002fdb4                finite
 .text.floor    0x8002fdc4      0x120 c:/program files/atmel/atmel toolchain/avr32 gcc/native/3.4.2.1002/avr32-gnu-toolchain/bin/../lib/gcc/avr32/4.4.7/../../../../avr32/lib/ucr3fp\libm.a(lib_a-s_floor.o)
                                0x128 (size before relaxing)
                0x8002fdc4                floor
 .text.__isnand
                0x8002fee4       0x1c c:/program files/atmel/atmel toolchain/avr32 gcc/native/3.4.2.1002/avr32-gnu-toolchain/bin/../lib/gcc/avr32/4.4.7/../../../../avr32/lib/ucr3fp\libm.a(lib_a-s_isnand.o)
                0x8002fee4                __isnand
 .text.matherr  0x8002ff00        0x2 c:/program files/atmel/atmel toolchain/avr32 gcc/native/3.4.2.1002/avr32-gnu-toolchain/bin/../lib/gcc/avr32/4.4.7/../../../../avr32/lib/ucr3fp\libm.a(lib_a-s_matherr.o)
                0x8002ff00                matherr
 .text.nan      0x8002ff02        0x8 c:/program files/atmel/atmel toolchain/avr32 gcc/native/3.4.2.1002/avr32-gnu-toolchain/bin/../lib/gcc/avr32/4.4.7/../../../../avr32/lib/ucr3fp\libm.a(lib_a-s_nan.o)
                0x8002ff02                nan
 *fill*         0x8002ff0a        0x2 d703d703
 .text.rint     0x8002ff0c      0x118 c:/program files/atmel/atmel toolchain/avr32 gcc/native/3.4.2.1002/avr32-gnu-toolchain/bin/../lib/gcc/avr32/4.4.7/../../../../avr32/lib/ucr3fp\libm.a(lib_a-s_rint.o)
                                0x124 (size before relaxing)
                0x8002ff0c                rint
 .text.scalbn   0x80030024       0xdc c:/program files/atmel/atmel toolchain/avr32 gcc/native/3.4.2.1002/avr32-gnu-toolchain/bin/../lib/gcc/avr32/4.4.7/../../../../avr32/lib/ucr3fp\libm.a(lib_a-s_scalbn.o)
                                 0xf0 (size before relaxing)
                0x80030024                scalbn
 .text.copysign
                0x80030100       0x18 c:/program files/atmel/atmel toolchain/avr32 gcc/native/3.4.2.1002/avr32-gnu-toolchain/bin/../lib/gcc/avr32/4.4.7/../../../../avr32/lib/ucr3fp\libm.a(lib_a-s_copysign.o)
                0x80030100                copysign
 .text          0x80030118      0x1d4 c:/program files/atmel/atmel toolchain/avr32 gcc/native/3.4.2.1002/avr32-gnu-toolchain/bin/../lib/gcc/avr32/4.4.7/ucr3fp\libgcc.a(_avr32_f64_mul.o)
                0x80030118                __avr32_f64_mul
 .text          0x800302ec      0x2b0 c:/program files/atmel/atmel toolchain/avr32 gcc/native/3.4.2.1002/avr32-gnu-toolchain/bin/../lib/gcc/avr32/4.4.7/ucr3fp\libgcc.a(_avr32_f64_addsub.o)
                0x800302f0                __avr32_f64_sub
                0x8003048c                __avr32_f64_add
 .text          0x8003059c       0x2a c:/program files/atmel/atmel toolchain/avr32 gcc/native/3.4.2.1002/avr32-gnu-toolchain/bin/../lib/gcc/avr32/4.4.7/ucr3fp\libgcc.a(_avr32_f64_to_s32.o)
                0x8003059c                __avr32_f64_to_u32
                0x800305a0                __avr32_f64_to_s32
 .text          0x800305c6       0xe8 c:/program files/atmel/atmel toolchain/avr32 gcc/native/3.4.2.1002/avr32-gnu-toolchain/bin/../lib/gcc/avr32/4.4.7/ucr3fp\libgcc.a(_avr32_s32_to_f64.o)
                0x800305c6                __avr32_u32_to_f64
                0x800305ce                __avr32_s32_to_f64
 .text          0x800306ae       0x26 c:/program files/atmel/atmel toolchain/avr32 gcc/native/3.4.2.1002/avr32-gnu-toolchain/bin/../lib/gcc/avr32/4.4.7/ucr3fp\libgcc.a(_avr32_f64_cmp_eq.o)
                0x800306ae                __avr32_f64_cmp_eq
 .text          0x800306d4       0x68 c:/program files/atmel/atmel toolchain/avr32 gcc/native/3.4.2.1002/avr32-gnu-toolchain/bin/../lib/gcc/avr32/4.4.7/ucr3fp\libgcc.a(_avr32_f64_cmp_ge.o)
                0x800306d4                __avr32_f64_cmp_ge
 .text          0x8003073c       0x68 c:/program files/atmel/atmel toolchain/avr32 gcc/native/3.4.2.1002/avr32-gnu-toolchain/bin/../lib/gcc/avr32/4.4.7/ucr3fp\libgcc.a(_avr32_f64_cmp_lt.o)
                0x8003073c                __avr32_f64_cmp_lt
 .text          0x800307a4      0x318 c:/program files/atmel/atmel toolchain/avr32 gcc/native/3.4.2.1002/avr32-gnu-toolchain/bin/../lib/gcc/avr32/4.4.7/ucr3fp\libgcc.a(_avr32_f64_div.o)
                0x800307a4                __avr32_f64_div
 .text          0x80030abc      0x160 c:/program files/atmel/atmel toolchain/avr32 gcc/native/3.4.2.1002/avr32-gnu-toolchain/bin/../lib/gcc/avr32/4.4.7/ucr3fp\libgcc.a(_avr32_f32_div.o)
                0x80030abc                __avr32_f32_div
 .text          0x80030c1c       0x60 c:/program files/atmel/atmel toolchain/avr32 gcc/native/3.4.2.1002/avr32-gnu-toolchain/bin/../lib/gcc/avr32/4.4.7/ucr3fp\libgcc.a(_avr32_f32_to_f64.o)
                0x80030c1c                __avr32_f32_to_f64
 .text          0x80030c7c       0x8a c:/program files/atmel/atmel toolchain/avr32 gcc/native/3.4.2.1002/avr32-gnu-toolchain/bin/../lib/gcc/avr32/4.4.7/ucr3fp\libgcc.a(_avr32_f64_to_f32.o)
                0x80030c7c                __avr32_f64_to_f32
 .text          0x80030d06      0x264 c:/program files/atmel/atmel toolchain/avr32 gcc/native/3.4.2.1002/avr32-gnu-toolchain/bin/../lib/gcc/avr32/4.4.7/ucr3fp\libgcc.a(_udivdi3.o)
                0x80030d06                __avr32_udiv64
                0x80030d06                __udivdi3
 *fill*         0x80030f6a        0x2 d703d703
 .text.__errno  0x80030f6c        0xc c:/program files/atmel/atmel toolchain/avr32 gcc/native/3.4.2.1002/avr32-gnu-toolchain/bin/../lib/gcc/avr32/4.4.7/../../../../avr32/lib/ucr3fp\libc.a(lib_a-errno.o)
                0x80030f6c                __errno
 .text          0x80030f78      0x148 c:/program files/atmel/atmel toolchain/avr32 gcc/native/3.4.2.1002/avr32-gnu-toolchain/bin/../lib/gcc/avr32/4.4.7/../../../../avr32/lib/ucr3fp\libc.a(lib_a-memcpy.o)
                0x80030f78                memcpy
 .text.memset   0x800310c0        0xe c:/program files/atmel/atmel toolchain/avr32 gcc/native/3.4.2.1002/avr32-gnu-toolchain/bin/../lib/gcc/avr32/4.4.7/../../../../avr32/lib/ucr3fp\libc.a(lib_a-memset.o)
                0x800310c0                memset
 .text.strcpy   0x800310ce       0x12 c:/program files/atmel/atmel toolchain/avr32 gcc/native/3.4.2.1002/avr32-gnu-toolchain/bin/../lib/gcc/avr32/4.4.7/../../../../avr32/lib/ucr3fp\libc.a(lib_a-strcpy.o)
                0x800310ce                strcpy
 .text.strlen   0x800310e0       0x16 c:/program files/atmel/atmel toolchain/avr32 gcc/native/3.4.2.1002/avr32-gnu-toolchain/bin/../lib/gcc/avr32/4.4.7/../../../../avr32/lib/ucr3fp\libc.a(lib_a-strlen.o)
                0x800310e0                strlen
 *(.text.*personality*)
 *(.gnu.warning)

.exception      0x80031200      0x200
 .exception     0x80031200      0x200 src/asf/avr32/drivers/intc/exception.o
                0x80031200                _evba
                0x8003133c                ipr_val

.fini
 *(.fini)
                0x80031400                PROVIDE (__etext, .)
                0x80031400                PROVIDE (_etext, .)
                0x80031400                PROVIDE (etext, .)

.rodata         0x80031400      0x644
 *(.rodata .rodata.* .gnu.linkonce.r.*)
 .rodata.servo_failsafe
                0x80031400       0x80 src/tasks.o
 .rodata.mavlink_message_crcs.14492
                0x80031480      0x100 Library/communication/mavlink_stream.o
 .rodata.ADCIFA_GPIO_MAP
                0x80031580       0x26 Library/hal/adc_int.o
 *fill*         0x800315a6        0x2 
 .rodata.C.56.15142
                0x800315a8        0x4 Library/hal/bmp085.o
 .rodata.C.57.15143
                0x800315ac        0x4 Library/hal/bmp085.o
 .rodata.C.61.15660
                0x800315b0        0xc Library/hal/dac_dma.o
 .rodata.DACIFB_GPIO_MAP.15655
                0x800315bc        0x8 Library/hal/dac_dma.o
 .rodata.PEVC_EVS_OPTIONS.15646
                0x800315c4       0x10 Library/hal/dac_dma.o
 .rodata.LED_DESCRIPTOR
                0x800315d4       0x20 Library/hal/led.o
 .rodata.PWM_GPIO_MAP.14186
                0x800315f4        0xc Library/hal/servo_pwm.o
 .rodata.USART_GPIO_MAP.16389
                0x80031600        0x4 Library/hal/remote_dsm2.o
 .rodata.usart_opt.16388
                0x80031604        0xc Library/hal/remote_dsm2.o
 .rodata.alphabet
                0x80031610       0x24 Library/util/print_util.o
 .rodata.FLASH_SIZE.14167
                0x80031634       0x40 src/asf/avr32/drivers/flashc/flashc.o
 .rodata.servo_failsafe
                0x80031674       0x80 src/boardsupport.o
 .rodata.servo_failsafe
                0x800316f4       0x80 src/main.o
 .rodata.str1.4
                0x80031774        0x5 c:/program files/atmel/atmel toolchain/avr32 gcc/native/3.4.2.1002/avr32-gnu-toolchain/bin/../lib/gcc/avr32/4.4.7/../../../../avr32/lib/ucr3fp\libm.a(lib_a-w_asin.o)
                                  0xc (size before relaxing)
 *fill*         0x80031779        0x3 
 .rodata.str1.4
                0x8003177c        0x4 c:/program files/atmel/atmel toolchain/avr32 gcc/native/3.4.2.1002/avr32-gnu-toolchain/bin/../lib/gcc/avr32/4.4.7/../../../../avr32/lib/ucr3fp\libm.a(lib_a-w_pow.o)
 .rodata.str1.4
                0x80031780        0x5 c:/program files/atmel/atmel toolchain/avr32 gcc/native/3.4.2.1002/avr32-gnu-toolchain/bin/../lib/gcc/avr32/4.4.7/../../../../avr32/lib/ucr3fp\libm.a(lib_a-w_sqrt.o)
                                  0x8 (size before relaxing)
 *fill*         0x80031785        0x3 
 .rodata.dp_h   0x80031788       0x10 c:/program files/atmel/atmel toolchain/avr32 gcc/native/3.4.2.1002/avr32-gnu-toolchain/bin/../lib/gcc/avr32/4.4.7/../../../../avr32/lib/ucr3fp\libm.a(lib_a-e_pow.o)
 .rodata.dp_l   0x80031798       0x10 c:/program files/atmel/atmel toolchain/avr32 gcc/native/3.4.2.1002/avr32-gnu-toolchain/bin/../lib/gcc/avr32/4.4.7/../../../../avr32/lib/ucr3fp\libm.a(lib_a-e_pow.o)
 .rodata.bp     0x800317a8       0x10 c:/program files/atmel/atmel toolchain/avr32 gcc/native/3.4.2.1002/avr32-gnu-toolchain/bin/../lib/gcc/avr32/4.4.7/../../../../avr32/lib/ucr3fp\libm.a(lib_a-e_pow.o)
 .rodata.str1.4
                0x00000000        0x4 c:/program files/atmel/atmel toolchain/avr32 gcc/native/3.4.2.1002/avr32-gnu-toolchain/bin/../lib/gcc/avr32/4.4.7/../../../../avr32/lib/ucr3fp\libm.a(lib_a-e_pow.o)
 .rodata.npio2_hw
                0x800317b8       0x80 c:/program files/atmel/atmel toolchain/avr32 gcc/native/3.4.2.1002/avr32-gnu-toolchain/bin/../lib/gcc/avr32/4.4.7/../../../../avr32/lib/ucr3fp\libm.a(lib_a-e_rem_pio2.o)
 .rodata.two_over_pi
                0x80031838      0x108 c:/program files/atmel/atmel toolchain/avr32 gcc/native/3.4.2.1002/avr32-gnu-toolchain/bin/../lib/gcc/avr32/4.4.7/../../../../avr32/lib/ucr3fp\libm.a(lib_a-e_rem_pio2.o)
 .rodata.init_jk
                0x80031940       0x10 c:/program files/atmel/atmel toolchain/avr32 gcc/native/3.4.2.1002/avr32-gnu-toolchain/bin/../lib/gcc/avr32/4.4.7/../../../../avr32/lib/ucr3fp\libm.a(lib_a-k_rem_pio2.o)
 .rodata.PIo2   0x80031950       0x40 c:/program files/atmel/atmel toolchain/avr32 gcc/native/3.4.2.1002/avr32-gnu-toolchain/bin/../lib/gcc/avr32/4.4.7/../../../../avr32/lib/ucr3fp\libm.a(lib_a-k_rem_pio2.o)
 .rodata.atanlo
                0x80031990       0x20 c:/program files/atmel/atmel toolchain/avr32 gcc/native/3.4.2.1002/avr32-gnu-toolchain/bin/../lib/gcc/avr32/4.4.7/../../../../avr32/lib/ucr3fp\libm.a(lib_a-s_atan.o)
 .rodata.atanhi
                0x800319b0       0x20 c:/program files/atmel/atmel toolchain/avr32 gcc/native/3.4.2.1002/avr32-gnu-toolchain/bin/../lib/gcc/avr32/4.4.7/../../../../avr32/lib/ucr3fp\libm.a(lib_a-s_atan.o)
 .rodata.TWO52  0x800319d0       0x10 c:/program files/atmel/atmel toolchain/avr32 gcc/native/3.4.2.1002/avr32-gnu-toolchain/bin/../lib/gcc/avr32/4.4.7/../../../../avr32/lib/ucr3fp\libm.a(lib_a-s_rint.o)
 .rodata.str1.4
                0x800319e0        0x4 c:/program files/atmel/atmel toolchain/avr32 gcc/native/3.4.2.1002/avr32-gnu-toolchain/bin/../lib/gcc/avr32/4.4.7/../../../../avr32/lib/ucr3fp\libc.a(lib_a-impure.o)
 .rodata.__sf_fake_stdin
                0x800319e4       0x20 c:/program files/atmel/atmel toolchain/avr32 gcc/native/3.4.2.1002/avr32-gnu-toolchain/bin/../lib/gcc/avr32/4.4.7/../../../../avr32/lib/ucr3fp\libc.a(lib_a-findfp.o)
                0x800319e4                __sf_fake_stdin
 .rodata.__sf_fake_stdout
                0x80031a04       0x20 c:/program files/atmel/atmel toolchain/avr32 gcc/native/3.4.2.1002/avr32-gnu-toolchain/bin/../lib/gcc/avr32/4.4.7/../../../../avr32/lib/ucr3fp\libc.a(lib_a-findfp.o)
                0x80031a04                __sf_fake_stdout
 .rodata.__sf_fake_stderr
                0x80031a24       0x20 c:/program files/atmel/atmel toolchain/avr32 gcc/native/3.4.2.1002/avr32-gnu-toolchain/bin/../lib/gcc/avr32/4.4.7/../../../../avr32/lib/ucr3fp\libc.a(lib_a-findfp.o)
                0x80031a24                __sf_fake_stderr

.rodata1
 *(.rodata1)

.eh_frame_hdr
 *(.eh_frame_hdr)

.eh_frame
 *(.eh_frame)

.gcc_except_table
 *(.gcc_except_table)
 *(.gcc_except_table.*)

.dalign         0x80031a44        0x4
                0x80031a48                . = ALIGN (0x8)
 *fill*         0x80031a44        0x4 
                0x80031a48                PROVIDE (_data_lma, .)
                0x00000004                PROVIDE (_data, ORIGIN (CPUSRAM))
                0x00000004                . = ORIGIN (CPUSRAM)

.eh_frame
 *(.eh_frame)

.gcc_except_table
 *(.gcc_except_table)
 *(.gcc_except_table.*)

.tdata
 *(.tdata .tdata.* .gnu.linkonce.td.*)

.tbss
 *(.tbss .tbss.* .gnu.linkonce.tb.*)
 *(.tcommon)
                0x00000004                PROVIDE (__preinit_array_start, ALIGN (0x4))

.preinit_array
 *(.preinit_array)
                0x00000004                PROVIDE (__preinit_array_end, .)
                0x00000004                PROVIDE (__init_array_start, .)

.init_array
 *(.init_array)
                0x00000004                PROVIDE (__init_array_end, .)
                0x00000004                PROVIDE (__fini_array_start, .)

.fini_array
 *(.fini_array)
                0x00000004                PROVIDE (__fini_array_end, .)

.ctors
 *crtbegin*.o(.ctors)
 *(EXCLUDE_FILE(*crtend*.o) .ctors)
 *(SORT(.ctors.*))
 *(.ctors)

.dtors
 *crtbegin*.o(.dtors)
 *(EXCLUDE_FILE(*crtend*.o) .dtors)
 *(SORT(.dtors.*))
 *(.dtors)

.jcr
 *(.jcr)

.data.rel.ro    0x00000004      0x178 load address 0x80031a48
 *(.data.rel.ro.local)
 *(.data.rel.ro*)
 .data.rel.ro.local._int_handler_table
                0x00000004      0x178 src/asf/avr32/drivers/intc/intc.o

.dynamic
 *(.dynamic)

.got            0x0000017c      0x928 load address 0x80031bc0
 *(.got.plt)
 *(.got)
 .got           0x0000017c      0x928 Library/control/neighbor_selection.o
                0x0000017c                _GLOBAL_OFFSET_TABLE_

.data           0x00000aa4     0x163c load address 0x800324e8
 *(.data .data.* .gnu.linkonce.d.*)
 .data.main_tasks
                0x00000aa4      0x1e4 src/tasks.o
                0x00000aa4                main_tasks
 .data.mavlink_tasks
                0x00000c88      0x5a4 Library/communication/mavlink_stream.o
                0x00000c88                mavlink_tasks
 .data.adcifa   0x0000122c        0x4 Library/hal/adc_int.o
                0x0000122c                adcifa
 .data.adc_config_options
                0x00001230       0x14 Library/hal/adc_int.o
                0x00001230                adc_config_options
 .data.adcifa_sequence_opt
                0x00001244        0x7 Library/hal/adc_int.o
                0x00001244                adcifa_sequence_opt
 *fill*         0x0000124b        0x1 
 .data.default_configuration
                0x0000124c        0x4 Library/hal/adxl345_driver.o
                0x0000124c                default_configuration
 .data.data_configuration
                0x00001250        0x4 Library/hal/adxl345_driver.o
                0x00001250                data_configuration
 .data.twi_opt.14919
                0x00001254       0x10 Library/hal/adxl345_driver.o
 .data.twi_opt.15092
                0x00001264       0x10 Library/hal/bmp085.o
 .data.twi_opt.14132
                0x00001274       0x10 Library/hal/compass_hmc5883l.o
 .data.compass_default_configuration.14133
                0x00001284        0x4 Library/hal/compass_hmc5883l.o
 .data.ppevc    0x00001288        0x4 Library/hal/dac_dma.o
                0x00001288                ppevc
 .data.dacifb   0x0000128c        0x4 Library/hal/dac_dma.o
                0x0000128c                dacifb
 .data.dac_channel_audio
                0x00001290        0x1 Library/hal/dac_dma.o
                0x00001290                dac_channel_audio
 *fill*         0x00001291        0x3 
 .data.PDCA_OPTIONS.15681
                0x00001294       0x1c Library/hal/dac_dma.o
 .data.PDCA_OPTIONS.15699
                0x000012b0       0x1c Library/hal/i2c_driver.o
 .data.read_preamble
                0x000012cc        0x1 Library/hal/itg3200_driver.o
                0x000012cc                read_preamble
 *fill*         0x000012cd        0x3 
 .data.twi_opt.14928
                0x000012d0       0x10 Library/hal/itg3200_driver.o
 .data.LED_State
                0x000012e0        0x4 Library/hal/led.o
 .data.twi_opt.14901
                0x000012e4       0x10 Library/hal/radar_module_driver.o
 .data.PDCA_TX_OPTIONS.15184
                0x000012f4       0x1c Library/hal/spi_buffered.o
 .data.PDCA_RX_OPTIONS.15185
                0x00001310       0x1c Library/hal/spi_buffered.o
 .data.usart_opt
                0x0000132c      0xac8 Library/hal/uart_int.o
 .data.rel.ubx_currentPosllhMessage
                0x00001df4        0x4 Library/sensing/gps_ublox.o
                0x00001df4                ubx_currentPosllhMessage
 .data.rel.ubx_lastPosllhMessage
                0x00001df8        0x4 Library/sensing/gps_ublox.o
                0x00001df8                ubx_lastPosllhMessage
 .data.rel.ubx_currentStatusMessage
                0x00001dfc        0x4 Library/sensing/gps_ublox.o
                0x00001dfc                ubx_currentStatusMessage
 .data.rel.ubx_lastStatusMessage
                0x00001e00        0x4 Library/sensing/gps_ublox.o
                0x00001e00                ubx_lastStatusMessage
 .data.rel.ubx_currentSolutionMessage
                0x00001e04        0x4 Library/sensing/gps_ublox.o
                0x00001e04                ubx_currentSolutionMessage
 .data.rel.ubx_lastSolutionMessage
                0x00001e08        0x4 Library/sensing/gps_ublox.o
                0x00001e08                ubx_lastSolutionMessage
 .data.rel.ubx_currentVelnedMessage
                0x00001e0c        0x4 Library/sensing/gps_ublox.o
                0x00001e0c                ubx_currentVelnedMessage
 .data.rel.ubx_lastVelnedMessage
                0x00001e10        0x4 Library/sensing/gps_ublox.o
                0x00001e10                ubx_lastVelnedMessage
 .data.rel.ubx_currentSVInfoMessage
                0x00001e14        0x4 Library/sensing/gps_ublox.o
                0x00001e14                ubx_currentSVInfoMessage
 .data.rel.ubx_lastSVInfoMessage
                0x00001e18        0x4 Library/sensing/gps_ublox.o
                0x00001e18                ubx_lastSVInfoMessage
 .data.rel.ubx_currentNavSettingsMessage
                0x00001e1c        0x4 Library/sensing/gps_ublox.o
                0x00001e1c                ubx_currentNavSettingsMessage
 .data.rel.ubx_lastNavSettingsMessage
                0x00001e20        0x4 Library/sensing/gps_ublox.o
                0x00001e20                ubx_lastNavSettingsMessage
 .data.rel.ubx_currentCFGRateMessage
                0x00001e24        0x4 Library/sensing/gps_ublox.o
                0x00001e24                ubx_currentCFGRateMessage
 .data.rel.ubx_lastCFGRateMessage
                0x00001e28        0x4 Library/sensing/gps_ublox.o
                0x00001e28                ubx_lastCFGRateMessage
 .data.rel.ubx_currentCFGSetGetRateMessage
                0x00001e2c        0x4 Library/sensing/gps_ublox.o
                0x00001e2c                ubx_currentCFGSetGetRateMessage
 .data.rel.ubx_lastCFGSetGetRateMessage
                0x00001e30        0x4 Library/sensing/gps_ublox.o
                0x00001e30                ubx_lastCFGSetGetRateMessage
 .data.rel.ubx_currentMONRXRMessage
                0x00001e34        0x4 Library/sensing/gps_ublox.o
                0x00001e34                ubx_currentMONRXRMessage
 .data.rel.ubx_lastMONRXRMessage
                0x00001e38        0x4 Library/sensing/gps_ublox.o
                0x00001e38                ubx_lastMONRXRMessage
 .data.rel.ubx_currentTimTPMessage
                0x00001e3c        0x4 Library/sensing/gps_ublox.o
                0x00001e3c                ubx_currentTimTPMessage
 .data.rel.ubx_lastTimTPMessage
                0x00001e40        0x4 Library/sensing/gps_ublox.o
                0x00001e40                ubx_lastTimTPMessage
 .data.rel.ubx_currentTimVRFYMessage
                0x00001e44        0x4 Library/sensing/gps_ublox.o
                0x00001e44                ubx_currentTimVRFYMessage
 .data.rel.ubx_lastTimVRFYMessage
                0x00001e48        0x4 Library/sensing/gps_ublox.o
                0x00001e48                ubx_lastTimVRFYMessage
 .data.numSkippedMsg
                0x00001e4c        0x1 Library/sensing/gps_ublox.o
                0x00001e4c                numSkippedMsg
 *fill*         0x00001e4d        0x3 
 .data.vehicle_model_parameters
                0x00001e50      0x194 Library/sensing/simulation.o
 .data.rel.flashc_wait_until_ready
                0x00001fe4        0x4 src/asf/avr32/drivers/flashc/flashc.o
                0x00001fe4                flashc_wait_until_ready
 .data.__fdlib_version
                0x00001fe8        0x4 c:/program files/atmel/atmel toolchain/avr32 gcc/native/3.4.2.1002/avr32-gnu-toolchain/bin/../lib/gcc/avr32/4.4.7/../../../../avr32/lib/ucr3fp\libm.a(lib_a-s_lib_ver.o)
                0x00001fe8                __fdlib_version
 .data.impure_data
                0x00001fec       0xf0 c:/program files/atmel/atmel toolchain/avr32 gcc/native/3.4.2.1002/avr32-gnu-toolchain/bin/../lib/gcc/avr32/4.4.7/../../../../avr32/lib/ucr3fp\libc.a(lib_a-impure.o)
 .data._impure_ptr
                0x000020dc        0x4 c:/program files/atmel/atmel toolchain/avr32 gcc/native/3.4.2.1002/avr32-gnu-toolchain/bin/../lib/gcc/avr32/4.4.7/../../../../avr32/lib/ucr3fp\libc.a(lib_a-impure.o)
                0x000020dc                _impure_ptr
 *(.gnu.linkonce.d.*personality*)

.data1
 *(.data1)

.balign         0x000020e0        0x0 load address 0x80033b24
                0x000020e0                . = ALIGN (0x8)
                0x000020e0                _edata = .
                0x000020e0                _edata = .
                0x000020e0                PROVIDE (edata, .)
                0x000020e0                __bss_start = .

.bss            0x000020e0     0x7630 load address 0x80033b24
 *(.dynbss)
 *(.bss .bss.* .gnu.linkonce.b.*)
 .bss.loop_count_orca
                0x000020e0        0x1 Library/control/orca.o
                0x000020e0                loop_count_orca
 *fill*         0x000020e1        0x3 
 .bss.centralData
                0x000020e4      0xf30 src/central_data.o
 .bss.m_mavlink_status.15762
                0x00003014       0x40 src/mavlink_actions.o
 .bss.mavlink_out_stream
                0x00003054        0x4 Library/communication/mavlink_stream.o
 .bss.mavlink_in_stream
                0x00003058        0x4 Library/communication/mavlink_stream.o
 .bss.m_mavlink_buffer.14345
                0x0000305c      0x440 Library/communication/mavlink_stream.o
 .bss.m_mavlink_status.14338
                0x0000349c       0x40 Library/communication/mavlink_stream.o
 .bss.m_mavlink_status.14338
                0x000034dc       0x40 Library/communication/onboard_parameters.o
 .bss.sequencer_item_count
                0x0000351c        0x1 Library/hal/adc_int.o
 .bss.channel_count
                0x0000351d        0x1 Library/hal/adc_int.o
 *fill*         0x0000351e        0x2 
 .bss.sample_counter
                0x00003520        0x4 Library/hal/adc_int.o
 .bss.oversampling_counter
                0x00003524        0x4 Library/hal/adc_int.o
 .bss.channel_index
                0x00003528        0x4 Library/hal/adc_int.o
 .bss.number_of_samples
                0x0000352c        0x4 Library/hal/adc_int.o
 .bss.oversampling
                0x00003530        0x4 Library/hal/adc_int.o
 .bss.oversampling_divider
                0x00003534        0x4 Library/hal/adc_int.o
 .bss.adc_buffer
                0x00003538     0x4000 Library/hal/ads1274.o
 .bss.sampleCounter
                0x00007538        0x4 Library/hal/ads1274.o
 .bss.interrupt_counter
                0x0000753c        0x4 Library/hal/ads1274.o
 .bss.function_generator
                0x00007540        0x4 Library/hal/ads1274.o
 .bss.acc_outputs
                0x00007544        0xc Library/hal/adxl345_driver.o
 .bss.gyro_event
                0x00007550       0x34 Library/hal/adxl345_driver.o
 .bss.compass_outputs
                0x00007584        0xc Library/hal/compass_hmc5883l.o
 .bss.buffer    0x00007590        0x4 Library/hal/dac_dma.o
 .bss.from      0x00007594        0x2 Library/hal/dac_dma.o
 .bss.to        0x00007596        0x2 Library/hal/dac_dma.o
 .bss.autoplay  0x00007598        0x4 Library/hal/dac_dma.o
 .bss.schedule  0x0000759c      0x320 Library/hal/i2c_driver.o
 .bss.current_schedule_slot
                0x000078bc        0x4 Library/hal/i2c_driver.o
 .bss.gyro_outputs
                0x000078c0        0x8 Library/hal/itg3200_driver.o
 .bss.gyro_event
                0x000078c8       0x34 Library/hal/itg3200_driver.o
 .bss.spi_buffers
                0x000078fc       0xa8 Library/hal/spi_buffered.o
 .bss.ubx_currentMessage
                0x000079a4        0x4 Library/sensing/gps_ublox.o
                0x000079a4                ubx_currentMessage
 .bss.ubx_lastMessage
                0x000079a8        0x4 Library/sensing/gps_ublox.o
                0x000079a8                ubx_lastMessage
 .bss.ubx_validMessage
                0x000079ac        0x4 Library/sensing/gps_ublox.o
                0x000079ac                ubx_validMessage
 .bss.ubx_numberOfValidPosllhMessage
                0x000079b0        0x2 Library/sensing/gps_ublox.o
                0x000079b0                ubx_numberOfValidPosllhMessage
 .bss.ubx_numberOfValidStatusMessage
                0x000079b2        0x2 Library/sensing/gps_ublox.o
                0x000079b2                ubx_numberOfValidStatusMessage
 .bss.ubx_numberOfValidSolutionMessage
                0x000079b4        0x2 Library/sensing/gps_ublox.o
                0x000079b4                ubx_numberOfValidSolutionMessage
 .bss.ubx_numberOfValidVelnedMessage
                0x000079b6        0x2 Library/sensing/gps_ublox.o
                0x000079b6                ubx_numberOfValidVelnedMessage
 .bss.ubx_numberOfValidSVInfoMessage
                0x000079b8        0x2 Library/sensing/gps_ublox.o
                0x000079b8                ubx_numberOfValidSVInfoMessage
 .bss.ubx_numberOfValidNavSettingsMessage
                0x000079ba        0x2 Library/sensing/gps_ublox.o
                0x000079ba                ubx_numberOfValidNavSettingsMessage
 .bss.ubx_numberOfValidCFGRateMessage
                0x000079bc        0x2 Library/sensing/gps_ublox.o
                0x000079bc                ubx_numberOfValidCFGRateMessage
 .bss.ubx_numberOfValidCFGSetGetRateMessage
                0x000079be        0x2 Library/sensing/gps_ublox.o
                0x000079be                ubx_numberOfValidCFGSetGetRateMessage
 .bss.ubx_numberOfValidMONRXRMessage
                0x000079c0        0x2 Library/sensing/gps_ublox.o
                0x000079c0                ubx_numberOfValidMONRXRMessage
 .bss.ubx_numberOfValidTimTPMessage
                0x000079c2        0x2 Library/sensing/gps_ublox.o
                0x000079c2                ubx_numberOfValidTimTPMessage
 .bss.ubx_numberOfValidTimVRFYMessage
                0x000079c4        0x2 Library/sensing/gps_ublox.o
                0x000079c4                ubx_numberOfValidTimVRFYMessage
 .bss.printNavOnDebug
                0x000079c6        0x1 Library/sensing/gps_ublox.o
                0x000079c6                printNavOnDebug
 .bss.loopPosllh
                0x000079c7        0x1 Library/sensing/gps_ublox.o
                0x000079c7                loopPosllh
 .bss.loopVelned
                0x000079c8        0x1 Library/sensing/gps_ublox.o
                0x000079c8                loopVelned
 .bss.loopStatus
                0x000079c9        0x1 Library/sensing/gps_ublox.o
                0x000079c9                loopStatus
 .bss.loopSolution
                0x000079ca        0x1 Library/sensing/gps_ublox.o
                0x000079ca                loopSolution
 .bss.loopTimTp
                0x000079cb        0x1 Library/sensing/gps_ublox.o
                0x000079cb                loopTimTp
 .bss.loopTimVrfy
                0x000079cc        0x1 Library/sensing/gps_ublox.o
                0x000079cc                loopTimVrfy
 *fill*         0x000079cd        0x3 
 .bss.int_loop_count
                0x000079d0        0x4 Library/sensing/mavlink_waypoint_handler.o
                0x000079d0                int_loop_count
 .bss.m_mavlink_status.14338
                0x000079d4       0x40 Library/sensing/mavlink_waypoint_handler.o
 .bss.flashc_error_status
                0x00007a14        0x4 src/asf/avr32/drivers/flashc/flashc.o
 .bss._int_line_handler_table_0
                0x00007a18        0x4 src/asf/avr32/drivers/intc/intc.o
 .bss._int_line_handler_table_1
                0x00007a1c        0x8 src/asf/avr32/drivers/intc/intc.o
 .bss._int_line_handler_table_2
                0x00007a24        0x4 src/asf/avr32/drivers/intc/intc.o
 .bss._int_line_handler_table_3
                0x00007a28       0x10 src/asf/avr32/drivers/intc/intc.o
 .bss._int_line_handler_table_4
                0x00007a38       0x10 src/asf/avr32/drivers/intc/intc.o
 .bss._int_line_handler_table_5
                0x00007a48       0x10 src/asf/avr32/drivers/intc/intc.o
 .bss._int_line_handler_table_6
                0x00007a58       0x10 src/asf/avr32/drivers/intc/intc.o
 .bss._int_line_handler_table_7
                0x00007a68        0x4 src/asf/avr32/drivers/intc/intc.o
 .bss._int_line_handler_table_8
                0x00007a6c        0x4 src/asf/avr32/drivers/intc/intc.o
 .bss._int_line_handler_table_9
                0x00007a70       0x28 src/asf/avr32/drivers/intc/intc.o
 .bss._int_line_handler_table_10
                0x00007a98        0x4 src/asf/avr32/drivers/intc/intc.o
 .bss._int_line_handler_table_11
                0x00007a9c        0x4 src/asf/avr32/drivers/intc/intc.o
 .bss._int_line_handler_table_12
                0x00007aa0        0x4 src/asf/avr32/drivers/intc/intc.o
 .bss._int_line_handler_table_13
                0x00007aa4        0x4 src/asf/avr32/drivers/intc/intc.o
 .bss._int_line_handler_table_14
                0x00007aa8       0x14 src/asf/avr32/drivers/intc/intc.o
 .bss._int_line_handler_table_15
                0x00007abc       0x10 src/asf/avr32/drivers/intc/intc.o
 .bss._int_line_handler_table_16
                0x00007acc       0x10 src/asf/avr32/drivers/intc/intc.o
 .bss._int_line_handler_table_17
                0x00007adc        0x4 src/asf/avr32/drivers/intc/intc.o
 .bss._int_line_handler_table_18
                0x00007ae0       0x40 src/asf/avr32/drivers/intc/intc.o
 .bss._int_line_handler_table_19
                0x00007b20        0x4 src/asf/avr32/drivers/intc/intc.o
 .bss._int_line_handler_table_20
                0x00007b24        0x4 src/asf/avr32/drivers/intc/intc.o
 .bss._int_line_handler_table_21
                0x00007b28        0x4 src/asf/avr32/drivers/intc/intc.o
 .bss._int_line_handler_table_22
                0x00007b2c        0x4 src/asf/avr32/drivers/intc/intc.o
 .bss._int_line_handler_table_23
                0x00007b30        0x4 src/asf/avr32/drivers/intc/intc.o
 .bss._int_line_handler_table_24
                0x00007b34        0x4 src/asf/avr32/drivers/intc/intc.o
 .bss._int_line_handler_table_25
                0x00007b38        0x4 src/asf/avr32/drivers/intc/intc.o
 .bss._int_line_handler_table_26
                0x00007b3c        0x4 src/asf/avr32/drivers/intc/intc.o
 .bss._int_line_handler_table_27
                0x00007b40        0x4 src/asf/avr32/drivers/intc/intc.o
 .bss._int_line_handler_table_28
                0x00007b44        0x4 src/asf/avr32/drivers/intc/intc.o
 .bss._int_line_handler_table_29
                0x00007b48        0x4 src/asf/avr32/drivers/intc/intc.o
 .bss._int_line_handler_table_30
                0x00007b4c        0x4 src/asf/avr32/drivers/intc/intc.o
 .bss._int_line_handler_table_31
                0x00007b50        0x4 src/asf/avr32/drivers/intc/intc.o
 .bss._int_line_handler_table_32
                0x00007b54        0x4 src/asf/avr32/drivers/intc/intc.o
 .bss._int_line_handler_table_33
                0x00007b58        0xc src/asf/avr32/drivers/intc/intc.o
 .bss._int_line_handler_table_34
                0x00007b64        0xc src/asf/avr32/drivers/intc/intc.o
 .bss._int_line_handler_table_35
                0x00007b70        0x8 src/asf/avr32/drivers/intc/intc.o
 .bss._int_line_handler_table_36
                0x00007b78       0x18 src/asf/avr32/drivers/intc/intc.o
 .bss._int_line_handler_table_37
                0x00007b90        0x4 src/asf/avr32/drivers/intc/intc.o
 .bss._int_line_handler_table_38
                0x00007b94        0x4 src/asf/avr32/drivers/intc/intc.o
 .bss._int_line_handler_table_39
                0x00007b98       0x18 src/asf/avr32/drivers/intc/intc.o
 .bss._int_line_handler_table_40
                0x00007bb0       0x18 src/asf/avr32/drivers/intc/intc.o
 .bss._int_line_handler_table_41
                0x00007bc8        0x4 src/asf/avr32/drivers/intc/intc.o
 .bss._int_line_handler_table_42
                0x00007bcc        0x4 src/asf/avr32/drivers/intc/intc.o
 .bss._int_line_handler_table_43
                0x00007bd0        0x4 src/asf/avr32/drivers/intc/intc.o
 .bss._int_line_handler_table_44
                0x00007bd4        0x4 src/asf/avr32/drivers/intc/intc.o
 .bss._int_line_handler_table_45
                0x00007bd8        0x4 src/asf/avr32/drivers/intc/intc.o
 .bss._int_line_handler_table_46
                0x00007bdc        0x4 src/asf/avr32/drivers/intc/intc.o
 .bss.twim_inst
                0x00007be0        0x4 src/asf/avr32/drivers/twim/twim.o
 .bss.twim_tx_data
                0x00007be4        0x4 src/asf/avr32/drivers/twim/twim.o
 .bss.twim_rx_data
                0x00007be8        0x4 src/asf/avr32/drivers/twim/twim.o
 .bss.transfer_status
                0x00007bec        0x4 src/asf/avr32/drivers/twim/twim.o
 .bss.twim_tx_nb_bytes
                0x00007bf0        0x4 src/asf/avr32/drivers/twim/twim.o
 .bss.twim_rx_nb_bytes
                0x00007bf4        0x4 src/asf/avr32/drivers/twim/twim.o
 .bss.twim_it_mask
                0x00007bf8        0x4 src/asf/avr32/drivers/twim/twim.o
 .bss.twim_package
                0x00007bfc        0x4 src/asf/avr32/drivers/twim/twim.o
 .bss.twim_next
                0x00007c00        0x1 src/asf/avr32/drivers/twim/twim.o
 *fill*         0x00007c01        0x3 
 .bss.s_fcpu_hz
                0x00007c04        0x4 src/asf/avr32/services/delay/delay.o
 *(COMMON)
 COMMON         0x00007c08       0x92 Library/control/neighbor_selection.o
                0x00007c08                payload_length
                0x00007c0a                ubxclass
                0x00007c0c                waypoint_request_number
                0x00007c10                start_timeout
                0x00007c14                new_position
                0x00007c18                idleTimer
                0x00007c1c                last_ground_speed_cm
                0x00007c20                msg_id
                0x00007c21                next_fix
                0x00007c22                imu_last_update_init
                0x00007c24                engine_nav_setting
                0x00007c28                velocity_east
                0x00007c2c                fix_count
                0x00007c2d                filter_init_delta_t
                0x00007c30                prev_time
                0x00007c34                cksum_a
                0x00007c38                idleTimeout
                0x00007c3c                last_fix_time
                0x00007c40                mavlink_system
                0x00007c48                sending_wp_num
                0x00007c4c                timeout_max_wp
                0x00007c50                mavlink_mission_planner
                0x00007c58                velocity_down
                0x00007c5c                disable_counter
                0x00007c60                centralData
                0x00007c64                fix
                0x00007c65                cksum_b
                0x00007c66                payload_counter
                0x00007c68                step
                0x00007c69                have_raw_velocity
                0x00007c6a                new_speed
                0x00007c6c                nav_settings
                0x00007c90                nvram_array
                0x00007c94                velocity_north
                0x00007c98                num_waypoint_onboard
 *fill*         0x00007c9a        0x2 
 COMMON         0x00007c9c        0x8 Library/control/orca.o
                0x00007c9c                timeHorizon
                0x00007ca0                invTimeHorizon
 COMMON         0x00007ca4      0x3b8 Library/control/stabilisation_copter.o
                0x00007ca4                rate_stabiliser