Archive member included because of file (symbol)

c:/program files/atmel/atmel toolchain/avr32 gcc/native/3.4.2.1002/avr32-gnu-toolchain/bin/../lib/gcc/avr32/4.4.7/../../../../avr32/lib/ucr3fp\libm.a(lib_a-s_cos.o)
                              Library/sensing/qfilter.o (cos)
c:/program files/atmel/atmel toolchain/avr32 gcc/native/3.4.2.1002/avr32-gnu-toolchain/bin/../lib/gcc/avr32/4.4.7/../../../../avr32/lib/ucr3fp\libm.a(lib_a-s_sin.o)
                              Library/sensing/qfilter.o (sin)
c:/program files/atmel/atmel toolchain/avr32 gcc/native/3.4.2.1002/avr32-gnu-toolchain/bin/../lib/gcc/avr32/4.4.7/../../../../avr32/lib/ucr3fp\libm.a(lib_a-w_asin.o)
                              Library/util/coord_conventions.o (asin)
c:/program files/atmel/atmel toolchain/avr32 gcc/native/3.4.2.1002/avr32-gnu-toolchain/bin/../lib/gcc/avr32/4.4.7/../../../../avr32/lib/ucr3fp\libm.a(lib_a-w_atan2.o)
                              Library/sensing/qfilter.o (atan2)
c:/program files/atmel/atmel toolchain/avr32 gcc/native/3.4.2.1002/avr32-gnu-toolchain/bin/../lib/gcc/avr32/4.4.7/../../../../avr32/lib/ucr3fp\libm.a(lib_a-w_fmod.o)
                              Library/util/quick_trig.o (fmod)
c:/program files/atmel/atmel toolchain/avr32 gcc/native/3.4.2.1002/avr32-gnu-toolchain/bin/../lib/gcc/avr32/4.4.7/../../../../avr32/lib/ucr3fp\libm.a(lib_a-w_pow.o)
                              Library/hal/bmp085.o (pow)
c:/program files/atmel/atmel toolchain/avr32 gcc/native/3.4.2.1002/avr32-gnu-toolchain/bin/../lib/gcc/avr32/4.4.7/../../../../avr32/lib/ucr3fp\libm.a(lib_a-w_sqrt.o)
                              Library/control/orca.o (sqrt)
c:/program files/atmel/atmel toolchain/avr32 gcc/native/3.4.2.1002/avr32-gnu-toolchain/bin/../lib/gcc/avr32/4.4.7/../../../../avr32/lib/ucr3fp\libm.a(lib_a-wf_acos.o)
                              Library/control/stabilisation.o (acosf)
c:/program files/atmel/atmel toolchain/avr32 gcc/native/3.4.2.1002/avr32-gnu-toolchain/bin/../lib/gcc/avr32/4.4.7/../../../../avr32/lib/ucr3fp\libm.a(lib_a-e_asin.o)
                              c:/program files/atmel/atmel toolchain/avr32 gcc/native/3.4.2.1002/avr32-gnu-toolchain/bin/../lib/gcc/avr32/4.4.7/../../../../avr32/lib/ucr3fp\libm.a(lib_a-w_asin.o) (__ieee754_asin)
c:/program files/atmel/atmel toolchain/avr32 gcc/native/3.4.2.1002/avr32-gnu-toolchain/bin/../lib/gcc/avr32/4.4.7/../../../../avr32/lib/ucr3fp\libm.a(lib_a-e_atan2.o)
                              c:/program files/atmel/atmel toolchain/avr32 gcc/native/3.4.2.1002/avr32-gnu-toolchain/bin/../lib/gcc/avr32/4.4.7/../../../../avr32/lib/ucr3fp\libm.a(lib_a-w_atan2.o) (__ieee754_atan2)
c:/program files/atmel/atmel toolchain/avr32 gcc/native/3.4.2.1002/avr32-gnu-toolchain/bin/../lib/gcc/avr32/4.4.7/../../../../avr32/lib/ucr3fp\libm.a(lib_a-e_fmod.o)
                              c:/program files/atmel/atmel toolchain/avr32 gcc/native/3.4.2.1002/avr32-gnu-toolchain/bin/../lib/gcc/avr32/4.4.7/../../../../avr32/lib/ucr3fp\libm.a(lib_a-w_fmod.o) (__ieee754_fmod)
c:/program files/atmel/atmel toolchain/avr32 gcc/native/3.4.2.1002/avr32-gnu-toolchain/bin/../lib/gcc/avr32/4.4.7/../../../../avr32/lib/ucr3fp\libm.a(lib_a-e_pow.o)
                              c:/program files/atmel/atmel toolchain/avr32 gcc/native/3.4.2.1002/avr32-gnu-toolchain/bin/../lib/gcc/avr32/4.4.7/../../../../avr32/lib/ucr3fp\libm.a(lib_a-w_pow.o) (__ieee754_pow)
c:/program files/atmel/atmel toolchain/avr32 gcc/native/3.4.2.1002/avr32-gnu-toolchain/bin/../lib/gcc/avr32/4.4.7/../../../../avr32/lib/ucr3fp\libm.a(lib_a-e_rem_pio2.o)
                              c:/program files/atmel/atmel toolchain/avr32 gcc/native/3.4.2.1002/avr32-gnu-toolchain/bin/../lib/gcc/avr32/4.4.7/../../../../avr32/lib/ucr3fp\libm.a(lib_a-s_cos.o) (__ieee754_rem_pio2)
c:/program files/atmel/atmel toolchain/avr32 gcc/native/3.4.2.1002/avr32-gnu-toolchain/bin/../lib/gcc/avr32/4.4.7/../../../../avr32/lib/ucr3fp\libm.a(lib_a-e_sqrt.o)
                              c:/program files/atmel/atmel toolchain/avr32 gcc/native/3.4.2.1002/avr32-gnu-toolchain/bin/../lib/gcc/avr32/4.4.7/../../../../avr32/lib/ucr3fp\libm.a(lib_a-w_sqrt.o) (__ieee754_sqrt)
c:/program files/atmel/atmel toolchain/avr32 gcc/native/3.4.2.1002/avr32-gnu-toolchain/bin/../lib/gcc/avr32/4.4.7/../../../../avr32/lib/ucr3fp\libm.a(lib_a-ef_acos.o)
                              c:/program files/atmel/atmel toolchain/avr32 gcc/native/3.4.2.1002/avr32-gnu-toolchain/bin/../lib/gcc/avr32/4.4.7/../../../../avr32/lib/ucr3fp\libm.a(lib_a-wf_acos.o) (__ieee754_acosf)
c:/program files/atmel/atmel toolchain/avr32 gcc/native/3.4.2.1002/avr32-gnu-toolchain/bin/../lib/gcc/avr32/4.4.7/../../../../avr32/lib/ucr3fp\libm.a(lib_a-ef_sqrt.o)
                              c:/program files/atmel/atmel toolchain/avr32 gcc/native/3.4.2.1002/avr32-gnu-toolchain/bin/../lib/gcc/avr32/4.4.7/../../../../avr32/lib/ucr3fp\libm.a(lib_a-ef_acos.o) (__ieee754_sqrtf)
[...]
Memory Configuration

Name             Origin             Length             Attributes
FLASH            0x80000000         0x00080000         axrl !w
CPUSRAM          0x00000004         0x0000fffc         axw !rl
USERPAGE         0x80800000         0x00000200
FACTORYPAGE      0x80800200         0x00000200
FLASHVAULT_FLASH_SIZE 0x80800400         0x00000008         r
FLASHVAULT_RAM_SIZE 0x80800408         0x00000008         r
*default*        0x00000000         0xffffffff

Linker script and memory map

                0x00001000                _stack_size = 0x1000
LOAD Library/control/adaptive_parameter.o
LOAD Library/control/neighbor_selection.o
LOAD Library/control/orca.o
LOAD Library/hal/analog_monitor.o
LOAD Library/hal/lsm330dlc_driver.o
LOAD Library/hal/time_keeper.o
LOAD Library/sensing/estimator.o
LOAD Library/sensing/position_estimation.o
LOAD Library/sensing/qfilter.o
LOAD Library/util/quick_trig.o
LOAD src/central_data.o
LOAD src/mavlink_actions.o
LOAD src/tasks.o
LOAD Library/communication/ishtar.o
LOAD Library/communication/ishtar_stream.o
LOAD Library/communication/mavlink_stream.o
LOAD Library/communication/onboard_parameters.o
LOAD Library/control/control.o
LOAD Library/control/navigation.o
LOAD Library/control/stabilisation.o
LOAD Library/hal/adc_int.o
LOAD Library/hal/ads1274.o
LOAD Library/hal/adxl345_driver.o
LOAD Library/hal/amplifiers.o
LOAD Library/hal/bmp085.o
LOAD Library/hal/compass_hmc5883l.o
LOAD Library/hal/dac_dma.o
LOAD Library/hal/i2c_driver.o
LOAD Library/hal/itg3200_driver.o
LOAD Library/hal/led.o
LOAD Library/hal/radar_module_driver.o
LOAD Library/hal/servo_pwm.o
LOAD Library/hal/remote_dsm2.o
LOAD Library/hal/spi_buffered.o
LOAD Library/hal/uart_int.o
LOAD Library/runtime/scheduler.o
LOAD Library/sensing/gps_ublox.o
LOAD Library/sensing/imu.o
LOAD Library/sensing/simulation.o
LOAD Library/sensing/mavlink_waypoint_handler.o
LOAD Library/util/buffer.o
LOAD Library/util/coord_conventions.o
LOAD Library/util/generator.o
LOAD Library/util/print_util.o
LOAD Library/util/sinus.o
LOAD src/asf/avr32/drivers/adcifa/adcifa.o
LOAD src/asf/avr32/drivers/ast/ast.o
LOAD src/asf/avr32/drivers/dacifb/dacifb.o
LOAD src/asf/avr32/drivers/eic/eic.o
LOAD src/asf/avr32/drivers/flashc/flashc.o
LOAD src/asf/avr32/drivers/gpio/gpio.o
LOAD src/asf/avr32/drivers/intc/exception.o
LOAD src/asf/avr32/drivers/intc/intc.o
LOAD src/asf/avr32/drivers/pdca/pdca.o
LOAD src/asf/avr32/drivers/pevc/pevc.o
LOAD src/asf/avr32/drivers/pm/pm_uc3c.o
LOAD src/asf/avr32/drivers/pm/power_clocks_lib.o
LOAD src/asf/avr32/drivers/pwm/pwm4.o
LOAD src/asf/avr32/drivers/scif/scif_uc3c.o
LOAD src/asf/avr32/drivers/spi/spi.o
LOAD src/asf/avr32/drivers/tc/tc.o
LOAD src/asf/avr32/drivers/twim/twim.o
LOAD src/asf/avr32/drivers/usart/usart.o
LOAD src/asf/avr32/drivers/usbc/usbc_device.o
LOAD src/asf/avr32/services/delay/delay.o
LOAD src/asf/avr32/utils/startup/startup_uc3.o
LOAD src/asf/avr32/utils/startup/trampoline_uc3.o
LOAD src/asf/common/boards/user_board/init.o
LOAD src/asf/common/services/clock/uc3c/osc.o
LOAD src/asf/common/services/clock/uc3c/pll.o
LOAD src/asf/common/services/clock/uc3c/sysclk.o
LOAD src/asf/common/services/sleepmgr/uc3/sleepmgr.o
LOAD src/asf/common/services/spi/uc3_spi/spi_master.o
LOAD src/asf/common/services/usb/class/cdc/device/udi_cdc.o
LOAD src/asf/common/services/usb/class/cdc/device/udi_cdc_desc.o
LOAD src/asf/common/services/usb/udc/udc.o
LOAD src/asf/common/utils/stdio/read.o
LOAD src/asf/common/utils/stdio/stdio_usb/stdio_usb.o
LOAD src/asf/common/utils/stdio/write.o
LOAD src/boardsupport.o
LOAD src/main.o
START GROUP
LOAD c:/program files/atmel/atmel toolchain/avr32 gcc/native/3.4.2.1002/avr32-gnu-toolchain/bin/../lib/gcc/avr32/4.4.7/../../../../avr32/lib/ucr3fp\libm.a
END GROUP
LOAD c:/program files/atmel/atmel toolchain/avr32 gcc/native/3.4.2.1002/avr32-gnu-toolchain/bin/../lib/gcc/avr32/4.4.7/ucr3fp\libgcc.a
LOAD c:/program files/atmel/atmel toolchain/avr32 gcc/native/3.4.2.1002/avr32-gnu-toolchain/bin/../lib/gcc/avr32/4.4.7/../../../../avr32/lib/ucr3fp\libc.a
LOAD c:/program files/atmel/atmel toolchain/avr32 gcc/native/3.4.2.1002/avr32-gnu-toolchain/bin/../lib/gcc/avr32/4.4.7/ucr3fp\libgcc.a
                0x80000000                PROVIDE (__executable_start, 0x80000000)
                0x80000000                . = 0x80000000

.interp
 *(.interp)

.reset          0x80000000     0x2008
 *(.reset)
 .reset         0x80000000     0x2008 src/asf/avr32/utils/startup/trampoline_uc3.o
                0x80000000                _trampoline

.hash
 *(.hash)

.dynsym
 *(.dynsym)

.dynstr
 *(.dynstr)

.gnu.version
 *(.gnu.version)

.gnu.version_d
 *(.gnu.version_d)

.gnu.version_r
 *(.gnu.version_r)

.rel.init
 *(.rel.init)

.rela.init
 *(.rela.init)

.rel.text
 *(.rel.text .rel.text.* .rel.gnu.linkonce.t.*)

.rela.text
 *(.rela.text .rela.text.* .rela.gnu.linkonce.t.*)

.rel.fini
 *(.rel.fini)

.rela.fini
 *(.rela.fini)

.rel.rodata
 *(.rel.rodata .rel.rodata.* .rel.gnu.linkonce.r.*)

.rela.rodata
 *(.rela.rodata .rela.rodata.* .rela.gnu.linkonce.r.*)

.rel.data.rel.ro
 *(.rel.data.rel.ro*)

.rela.data.rel.ro
 *(.rel.data.rel.ro*)

.rel.data
 *(.rel.data .rel.data.* .rel.gnu.linkonce.d.*)

.rela.data
 *(.rela.data .rela.data.* .rela.gnu.linkonce.d.*)

.rel.tdata
 *(.rel.tdata .rel.tdata.* .rel.gnu.linkonce.td.*)

.rela.tdata
 *(.rela.tdata .rela.tdata.* .rela.gnu.linkonce.td.*)

.rel.tbss
 *(.rel.tbss .rel.tbss.* .rel.gnu.linkonce.tb.*)

.rela.tbss
 *(.rela.tbss .rela.tbss.* .rela.gnu.linkonce.tb.*)

.rel.ctors
 *(.rel.ctors)

.rela.ctors
 *(.rela.ctors)

.rel.dtors
 *(.rel.dtors)

.rela.dtors
 *(.rela.dtors)

.rel.got
 *(.rel.got)

.rela.got       0x80002008        0x0
 *(.rela.got)
 .rela.got      0x80002008        0x0 Library/control/adaptive_parameter.o

.rel.bss
 *(.rel.bss .rel.bss.* .rel.gnu.linkonce.b.*)

.rela.bss
 *(.rela.bss .rela.bss.* .rela.gnu.linkonce.b.*)

.rel.plt
 *(.rel.plt)

.rela.plt
 *(.rela.plt)

.init
 *(.init)

.plt
 *(.plt)

.text           0x80002008    0x30fda
 *(.text .stub .text.* .gnu.linkonce.t.*)
 .text          0x80002008      0x838 Library/control/neighbor_selection.o
                0x80002478                init_neighbors
                0x800024cc                read_msg_from_neighbors
 .text          0x80002840     0x288c Library/control/orca.o
                0x80002d88                init_orca
                0x80002e2c                computeNewVelocity
                0x80003828                linearProgram1
                0x80003cdc                linearProgram2
                0x80004658                linearProgram3
                0x80004944                linearProgram4
 .text          0x800050cc      0x1f8 Library/hal/analog_monitor.o
                0x800050cc                init_analog_monitor
                0x80005114                trigger_analog_monitor
                0x80005138                get_monitored_avg
                0x800051b4                get_battery_rail
                0x800051f8                get_internal_rail
                0x8000523c                get_6V_analog_rail
                0x80005280                get_5V_analog_rail
 .text          0x800052c4      0x100 Library/hal/time_keeper.o
                0x800052c4                init_time_keeper
                0x800052ec                get_time
                0x8000531c                get_millis
                0x80005348                get_micros
                0x80005364                get_time_ticks
                0x80005384                ticks_to_seconds
 .text          0x800053c4     0x41c8 Library/sensing/estimator.o
                0x80005494                e_init
                0x800056c0                init_pos_gps_estimator
                0x80005744                e_kalman_init
                0x800058c8                e_predict
                0x80005bd4                quat_rot
                0x80005d8a                e_kalman_predict
                0x80006a98                e_kalman_predict_hf
                0x8000702c                e_kalman_update_position
                0x80007c38                e_kalman_update_speed
                0x80008860                e_kalman_update_position_hf
                0x80008dec                e_kalman_update_speed_hf
                0x80009380                estimator_loop
 .text          0x8000958c     0x1364 Library/sensing/position_estimation.o
                0x800099d8                init_pos_integration
                0x80009a98                init_pos_gps
                0x80009c3e                init_barometer_offset
                0x80009d14                position_reset_home_altitude
                0x80009ee0                position_integration
                0x8000a266                position_correction
 .text          0x8000a8f0     0x1428 Library/sensing/qfilter.o
                0x8000aeae                qfInit
                0x8000b200                qfilter
 .text          0x8000bd18      0x2d4 src/central_data.o
                0x8000bde8                initialise_central_data
                0x8000bf4c                get_central_data
                0x8000bf64                get_telemetry_upstream
                0x8000bf80                get_telemetry_downstream
                0x8000bf9c                get_debug_stream
                0x8000bfb8                get_imu_data
                0x8000bfd0                get_control_inputs_data
 .text          0x8000bfec     0x36a4 src/mavlink_actions.o
                0x8000d4cc                mavlink_send_heartbeat
                0x8000d510                mavlink_send_raw_imu
                0x8000d614                mavlink_send_scaled_imu
                0x8000d744                mavlink_send_rpy_rates_error
                0x8000d790                mavlink_send_rpy_speed_thrust_setpoint
                0x8000d7dc                mavlink_send_rpy_thrust_setpoint
                0x8000d82c                mavlink_send_servo_output
                0x8000d960                mavlink_send_attitude_quaternion
                0x8000d9dc                mavlink_send_attitude
                0x8000da64                mavlink_send_global_position
                0x8000dc08                mavlink_send_hud
                0x8000dd64                mavlink_send_gps_raw
                0x8000df80                mavlink_send_pressure
                0x8000e07c                mavlink_send_radar
                0x8000e0e4                mavlink_send_estimator
                0x8000e1ac                mavlink_send_kalman_estimator
                0x8000e328                mavlink_send_raw_rc_channels
                0x8000e424                mavlink_send_scaled_rc_channels
                0x8000e70e                mavlink_send_simulation
                0x8000eaec                send_rt_stats
                0x8000f004                add_PID_parameters
                0x8000f4d0                init_mavlink_actions
 .text          0x8000f690     0x10e4 src/tasks.o
                0x8000f934                get_main_taskset
                0x8000f94c                run_imu_update
                0x8000f998                rc_user_channels
                0x8000fb40                set_mav_mode_n_state
                0x8000fee8                run_stabilisation
                0x80010374                gps_task
                0x800103c4                run_estimator
                0x800103dc                run_navigation_task
                0x80010608                run_barometer
                0x800106c8                create_tasks
 .text          0x80010774     0x1a04 Library/communication/mavlink_stream.o
                0x800113cc                comm_send_ch
                0x8001144e                mavlink_receive_handler
                0x800114f0                init_mavlink
                0x80011588                flush_mavlink
                0x800115bc                mavlink_protocol_update
                0x80011638                get_mavlink_taskset
                0x80011650                suspend_downstream
                0x800116b2                mavlink_receive
                0x800117ac                handle_mavlink_message
                0x80011ca0                receive_message_long
 .text          0x80012178     0x12a4 Library/communication/onboard_parameters.o
                0x80012850                init_onboard_parameters
                0x80012880                add_parameter_uint8
                0x80012964                add_parameter_uint32
                0x80012a48                add_parameter_int32
                0x80012b2c                add_parameter_float
                0x80012c10                send_all_parameters
                0x80012c64                send_all_parameters_now
                0x80012d24                send_scheduled_parameters
                0x80012e04                send_parameter
                0x80012f58                receive_parameter
                0x80013166                read_parameters_from_flashc
                0x800132ec                write_parameters_to_flashc
 .text          0x8001341c      0x5b4 Library/control/control.o
                0x80013598                passthroughController
                0x8001361c                integrate
                0x80013684                initInt
                0x800136c8                resetInt
                0x800136e2                initDiff
                0x8001371e                differentiate
                0x800137c0                pid_update
                0x800138d8                pid_update_dt
 .text          0x800139d0      0xb80 Library/control/navigation.o
                0x80013ea8                init_nav
                0x80013f04                run_navigation
                0x80013f58                set_rel_pos_n_dist2wp
                0x80013fe0                set_speed_command
                0x800142dc                low_speed_nav
                0x800144a8                high_speed_nav
 .text          0x80014550     0x1a74 Library/control/stabilisation.o
                0x80014cbc                get_rate_stabiliser
                0x80014cd4                get_attitude_stabiliser
                0x80014cec                get_velocity_stabiliser
                0x80014d04                init_rate_stabilisation
                0x80014f44                init_angle_stabilisation
                0x80015150                init_velocity_stabilisation
                0x800153dc                init_stabilisation
                0x80015440                stabilise
                0x800154ec                quad_stabilise
                0x80015820                cascade_stabilise
                0x80015a9c                mix_to_servos_diag_quad
                0x80015c4c                mix_to_servos_cross_quad
                0x80015dd0                mix_to_servos_delta
 .text          0x80015fc4      0x56c Library/hal/adc_int.o
                0x800161b4                Init_ADCI
                0x800162a4                clear_adc_sequencer
                0x800162d0                adc_sequencer_add
                0x800163a8                ADCI_Start_Sampling
                0x80016468                ADCI_Stop_Sampling
                0x80016488                ADCI_Sampling_Complete
                0x800164b0                ADCI_get_sample
                0x800164f8                ADCI_get_buffer
                0x80016514                ADCI_get_sampling_status
 .text          0x80016530      0x464 Library/hal/ads1274.o
                0x8001662c                get_interrupt_counter
                0x80016648                processData
                0x8001674c                set_DAC_generator_function
                0x80016770                get_sample
                0x800167ac                get_sampling_status
                0x800167c8                Init_ADC
                0x800168b4                ADC_Switch_Clock
                0x80016914                ADC_Switch_Channel
                0x8001692c                ADC_Set_Mode
                0x8001693e                ADC_Start_Oneshot
                0x80016958                ADC_Stop_Sampling
                0x80016962                Sampling_Complete
                0x8001696c                eic_nmi_handler
 .text          0x80016994      0x268 Library/hal/adxl345_driver.o
                0x80016a18                init_adxl345
                0x80016ae0                init_adxl345_slow
                0x80016b24                get_acc_data
                0x80016b4c                get_acc_data_slow
 .text          0x80016bfc      0xa98 Library/hal/bmp085.o
                0x80016dcc                bmp085_read_int
                0x80016e14                init_bmp085
                0x80016ec6                init_bmp085_slow
                0x8001701c                get_pressure_data_slow
                0x80017654                newValidBarometer
 .text          0x80017694       0xd8 Library/hal/compass_hmc5883l.o
                0x80017694                init_hmc5883_slow
                0x800176c4                get_compass_data_slow
 .text          0x8001776c      0x3b4 Library/hal/dac_dma.o
                0x80017860                init_pevc
                0x80017898                init_gclk
                0x800178f2                Init_DAC
                0x800179c8                DAC_load_buffer
                0x80017a7c                DAC_play
                0x80017ad8                DAC_pause
                0x80017ae2                DAC_resume
                0x80017aec                DAC_is_finished
                0x80017afa                DAC_set_value
 .text          0x80017b20      0x7f4 Library/hal/i2c_driver.o
                0x80017cf0                init_i2c
                0x80017e28                i2c_reset
                0x80017ebc                i2c_add_request
                0x80017fc4                i2c_change_request
                0x8001807e                i2c_trigger_request
                0x800182bc                i2c_pause_request
                0x800182d6                i2c_enable_request
                0x800182f4                i2c_remove_request
 .text          0x80018314      0x244 Library/hal/itg3200_driver.o
                0x80018398                init_itg3200
                0x80018490                reconfigure_gyro
                0x800184b4                init_itg3200_slow
                0x800184e4                get_gyro_data
                0x8001850c                get_gyro_data_slow
 .text          0x80018558      0x500 Library/hal/led.o
                0x80018558                LED_Read_Display
                0x80018574                LED_Display
                0x80018624                LED_Read_Display_Mask
                0x80018650                LED_Display_Mask
                0x80018758                LED_Test
                0x80018788                LED_Off
                0x80018840                LED_On
                0x800188fc                LED_Toggle
                0x800189b4                LED_Read_Display_Field
                0x800189ec                LED_Display_Field
                0x80018a28                LED_Get_Intensity
                0x80018a3e                LED_Set_Intensity
 .text          0x80018a58      0x144 Library/hal/radar_module_driver.o
                0x80018adc                init_radar_modules
                0x80018afe                read_radar
                0x80018b84                get_radar_main_target
 .text          0x80018b9c      0x258 Library/hal/servo_pwm.o
                0x80018b9c                init_Servos
                0x80018cd4                set_servo
                0x80018d8e                set_servos
 .text          0x80018df4      0x598 Library/hal/remote_dsm2.o
                0x80019028                rc_init
                0x800190d8                rc_get_channel
                0x80019110                rc_get_channel_neutral
                0x800191a8                rc_center_channel
                0x800191dc                checkReceiver1
                0x800192bc                checkReceiver2
                0x8001936c                rc_check_receivers
 .text          0x8001938c      0xda8 Library/hal/spi_buffered.o
                0x80019590                get_spi_in_buffer
                0x800195c0                spi0_int_handler
                0x800195dc                spi1_int_handler
                0x8001966c                initSPI
                0x800197fc                enableSPI
                0x80019830                disableSPI
                0x80019864                spiInitDMA
                0x800198e0                spiTriggerDMA
                0x8001998c                setSPIcallBack
                0x800199c4                pauseSPI
                0x800199f8                resumeSPI
                0x80019a34                activateReceiveSPI
                0x80019a68                deactivateReceiveSPI
                0x80019a9c                getTraffic
                0x80019ad0                readSPI
                0x80019b88                clearSPIReadBuffer
                0x80019bcc                writeSPI
                0x80019c84                SPItransmit
                0x80019de8                startSPI
                0x80019eb0                SPITransferFinished
                0x80019f00                SPIFlushBuffer
                0x80019f58                SPIBytesAvailable
                0x80019fb0                spi_handler
 .text          0x8001a134      0x8f0 Library/hal/uart_int.o
                0x8001a630                register_UART_handler
                0x8001a6d0                init_UART_int
                0x8001a860                uart_int_get_byte
                0x8001a88c                uart_int_bytes_available
                0x8001a8b8                uart_int_send_byte
                0x8001a918                uart_int_flush
                0x8001a950                uart_out_buffer_empty
                0x8001a980                get_UART_handle
                0x8001a9b0                register_write_stream
                0x8001aa00                register_read_stream
 .text          0x8001aa24      0xac0 Library/runtime/scheduler.o
                0x8001aa24                init_scheduler
                0x8001aaa0                register_task
                0x8001ac28                add_task
                0x8001ace8                sort_taskset_by_period
                0x8001af56                run_scheduler_update
                0x8001b36c                get_task_by_id
                0x8001b3f0                get_task_by_index
                0x8001b436                change_run_mode
                0x8001b456                change_task_period
                0x8001b490                suspend_task
                0x8001b4c0                run_task_now
 .text          0x8001b4e4     0x29f0 Library/sensing/gps_ublox.o
                0x8001b5b4                init_gps_ubx
                0x8001b8b2                ubx_read
                0x8001c88a                ubx_process_data
                0x8001d37c                update_checksum
                0x8001d3f6                endian_lower_bytes_uint16
                0x8001d412                endian_higher_bytes_uint16
                0x8001d432                ubx_send_header
                0x8001d518                ubx_send_cksum
                0x8001d56c                ubx_send_message
                0x8001d64c                ubx_send_message_CFG_nav_rate
                0x8001d7cc                ubx_send_message_nav_settings
                0x8001d8a8                ubx_configure_message_rate
                0x8001d9da                configure_gps
                0x8001da7c                gps_update
                0x8001dc90                newValidGpsMsg
                0x8001dce8                ubx_GetPosllh
                0x8001dd10                ubx_GetStatus
                0x8001dd38                ubx_GetSolution
                0x8001dd60                ubx_GetVelned
                0x8001dd88                ubx_GetSVInfo
                0x8001ddb0                ubx_GetNavSettings
                0x8001ddd8                ubx_GetMsgRate
                0x8001de00                ubx_GetMonRXR
                0x8001de28                ubx_GetTimTP
                0x8001de50                ubx_GetTimVRFY
                0x8001de78                ToRad
 .text          0x8001ded4      0x548 Library/sensing/imu.o
                0x8001df58                init_imu
                0x8001e0b0                imu_get_raw_data
                0x8001e194                calibrate_Gyros
                0x8001e340                imu_update
 .text          0x8001e41c     0x1a88 Library/sensing/simulation.o
                0x8001eafc                init_simulation
                0x8001ed98                forces_from_servos_diag_quad
                0x8001f1f8                forces_from_servos_cross_quad
                0x8001f20e                simu_update
                0x8001fd94                simulate_barometer
                0x8001fdec                simulate_gps
 .text          0x8001fea4     0x3408 Library/sensing/mavlink_waypoint_handler.o
                0x80020e88                init_waypoint_handler
                0x80020f20                init_wp
                0x80021246                init_waypoint_list
                0x80021584                send_count
                0x80021672                send_waypoint
                0x80021914                receive_ack_msg
                0x800219d2                receive_count
                0x80021bc2                receive_waypoint
                0x80021f04                set_current_wp
                0x80022024                clear_waypoint_list
                0x800220cc                set_mav_mode
                0x80022298                control_time_out_waypoint_msg
                0x800223f2                set_waypoint_from_frame
                0x80022a08                wp_hold_init
                0x80022b74                waypoint_hold_position_handler
                0x80022bf2                waypoint_navigation_handler
                0x80023080                waypoint_critical_handler
 .text          0x800232ac      0x318 Library/util/buffer.o
                0x800232ac                buffer_full
                0x800232da                buffer_put_lossy
                0x80023374                buffer_put
                0x80023404                buffer_get
                0x8002346a                buffer_empty
                0x80023494                buffer_bytes_available
                0x800234c4                buffer_init
                0x800234f4                buffer_clear
                0x80023524                make_buffered_stream
                0x80023574                make_buffered_stream_lossy
 .text          0x800235c4      0x594 Library/util/coord_conventions.o
                0x80023648                local_to_global_position
                0x800237b8                global_to_local_position
                0x80023988                Quat_to_Aero
                0x80023ad4                get_yaw
 .text          0x80023b58      0x69c Library/util/print_util.o
                0x80023bdc                dbg_print_init
                0x80023c00                putstring
                0x80023c60                putdigit
                0x80023cc8                putnum
                0x80023db8                putnum_tight
                0x80023e9a                putfloat
                0x80023fa4                print_vector
                0x80024030                print_quaternion
                0x800240a0                dbg_print
                0x800240cc                dbg_print_num
                0x80024104                dbg_putfloat
                0x80024138                dbg_print_vector
                0x8002416c                dbg_print_quaternion
                0x800241a2                dbg_log_value
 .text          0x800241f4      0x938 src/asf/avr32/drivers/adcifa/adcifa.o
                0x800241f4                adcifa_get_calibration_data
                0x80024288                adcifa_configure
                0x800243c8                adcifa_configure_sequencer
                0x800247c0                adcifa_configure_window_monitor
                0x800248d4                adcifa_start_sequencer
                0x80024918                adcifa_check_eoc
                0x80024962                adcifa_check_eos
                0x800249aa                adcifa_get_values_from_sequencer
                0x80024a84                adcifa_start_itimer
                0x80024aae                adcifa_stop_itimer
                0x80024ac8                adcifa_enable_interrupt
                0x80024aea                adcifa_disable_interrupt
                0x80024b0c                adcifa_clear_interrupt
 .text          0x80024b2c      0x4c0 src/asf/avr32/drivers/ast/ast.o
                0x80024b6c                ast_init_calendar
                0x80024be0                ast_init_counter
                0x80024c3c                ast_enable
                0x80024c80                ast_set_calendar_value
                0x80024cc4                ast_set_counter_value
                0x80024d04                ast_get_calendar_value
                0x80024d26                ast_get_counter_value
                0x80024d40                ast_set_alarm0_value
                0x80024d60                ast_set_alarm1_value
                0x80024d80                ast_enable_alarm0
                0x80024dc4                ast_disable_alarm0
                0x80024e08                ast_enable_alarm1
                0x80024e4c                ast_disable_alarm1
                0x80024e90                ast_set_periodic0_value
                0x80024eb0                ast_set_periodic1_value
                0x80024ed0                ast_enable_periodic0
                0x80024f14                ast_disable_periodic0
                0x80024f5c                ast_enable_periodic1
                0x80024fa4                ast_disable_periodic1
 .text          0x80024fec      0x8c0 src/asf/avr32/drivers/dacifb/dacifb.o
                0x80025148                dacifb_get_calibration_data
                0x800251de                dacifb_configure
                0x8002532c                dacifb_configure_channel
                0x80025706                dacifb_start_channel
                0x8002577c                dacifb_check_eoc
                0x8002579e                dacifb_set_value
                0x8002580e                dacifb_reload_timer
 .text          0x800258ac      0x52c src/asf/avr32/drivers/eic/eic.o
                0x800258e4                eic_init
                0x80025b62                eic_enable_lines
                0x80025b82                eic_enable_line
                0x80025baa                eic_disable_lines
                0x80025bca                eic_disable_line
                0x80025bf2                eic_is_line_enabled
                0x80025c22                eic_enable_interrupt_lines
                0x80025c42                eic_enable_interrupt_line
                0x80025c6a                eic_disable_interrupt_lines
                0x80025ca8                eic_disable_interrupt_line
                0x80025cf0                eic_is_interrupt_line_enabled
                0x80025d20                eic_clear_interrupt_lines
                0x80025d60                eic_clear_interrupt_line
                0x80025da8                eic_is_interrupt_line_pending
 .text          0x80025dd8     0x1bbc src/asf/avr32/drivers/flashc/flashc.o
                0x80025dd8                flashc_get_flash_size
                0x80025e00                flashc_get_page_count
                0x80025e1c                flashc_get_page_count_per_region
                0x80025e38                flashc_get_page_region
                0x80025e74                flashc_get_region_first_page_number
                0x80025ea0                flashc_get_wait_state
                0x80025eb8                flashc_set_wait_state
                0x80025efe                flashc_set_bus_freq
                0x80025f38                flashc_is_ready_int_enabled
                0x80025f50                flashc_enable_ready_int
                0x80025f8e                flashc_is_lock_error_int_enabled
                0x80025fa8                flashc_enable_lock_error_int
                0x80025fe6                flashc_is_prog_error_int_enabled
                0x80026000                flashc_enable_prog_error_int
                0x8002603e                flashc_is_ready
                0x80026056                flashc_default_wait_until_ready
                0x8002608e                flashc_is_lock_error
                0x800260b0                flashc_is_programming_error
                0x800260d4                flashc_get_command
                0x800260ea                flashc_get_page_number
                0x80026106                flashc_issue_command
                0x80026190                flashc_no_operation
                0x800261ac                flashc_erase_all
                0x800261c8                flashc_is_security_bit_active
                0x800261e2                flashc_activate_security_bit
                0x800261fc                flashc_get_bootloader_protected_size
                0x80026240                flashc_set_bootloader_protected_size
                0x800262dc                flashc_is_external_privileged_fetch_locked
                0x80026300                flashc_lock_external_privileged_fetch
                0x80026330                flashc_is_page_region_locked
                0x80026360                flashc_is_region_locked
                0x80026392                flashc_lock_page_region
                0x800263d0                flashc_lock_region
                0x80026408                flashc_lock_all_regions
                0x80026470                flashc_read_gp_fuse_bit
                0x800264d4                flashc_read_gp_fuse_bitfield
                0x800265a4                flashc_read_gp_fuse_byte
                0x80026608                flashc_read_all_gp_fuses
                0x8002663c                flashc_erase_gp_fuse_bit
                0x80026688                flashc_erase_gp_fuse_bitfield
                0x800267a0                flashc_erase_gp_fuse_byte
                0x80026874                flashc_erase_all_gp_fuses
                0x800268bc                flashc_write_gp_fuse_bit
                0x800268f8                flashc_write_gp_fuse_bitfield
                0x800269c8                flashc_write_gp_fuse_byte
                0x80026a04                flashc_write_all_gp_fuses
                0x80026a88                flashc_set_gp_fuse_bit
                0x80026acc                flashc_set_gp_fuse_bitfield
                0x80026b9c                flashc_set_gp_fuse_byte
                0x80026c18                flashc_set_all_gp_fuses
                0x80026c84                flashc_clear_page_buffer
                0x80026ca0                flashc_is_page_erased
                0x80026cba                flashc_quick_page_read
                0x80026ce8                flashc_erase_page
                0x80026d54                flashc_erase_all_pages
                0x80026ddc                flashc_write_page
                0x80026e00                flashc_quick_user_page_read
                0x80026e24                flashc_erase_user_page
                0x80026e60                flashc_write_user_page
                0x80026e7c                flashc_memset8
                0x80026ed0                flashc_memset16
                0x80026f20                flashc_memset32
                0x80026f80                flashc_memset64
                0x800273a0                flashc_memcpy
                0x8002792c                flashc_set_flash_waitstate_and_readmode
 .text          0x80027994     0x10d0 src/asf/avr32/drivers/gpio/gpio.o
                0x80027994                gpio_enable_module
                0x80027a0c                gpio_enable_module_pin
                0x80027cac                gpio_enable_gpio
                0x80027d00                gpio_enable_gpio_pin
                0x80027d50                gpio_enable_pin_pull_up
                0x80027da2                gpio_disable_pin_pull_up
                0x80027ddc                gpio_enable_pin_pull_down
                0x80027e2e                gpio_disable_pin_pull_down
                0x80027e68                gpio_enable_pin_buskeeper
                0x80027eba                gpio_disable_pin_buskeeper
                0x80027f0c                gpio_configure_pin
                0x800281e6                gpio_configure_group
                0x800283ae                gpio_get_pin_value
                0x800283e8                gpio_get_gpio_pin_output_value
                0x80028422                gpio_get_gpio_open_drain_pin_output_value
                0x8002845e                gpio_set_gpio_pin
                0x800284c6                gpio_set_pin_high
                0x80028500                gpio_set_group_high
                0x80028530                gpio_set_pin_low
                0x8002856a                gpio_clr_gpio_pin
                0x800285d2                gpio_set_group_low
                0x80028602                gpio_tgl_gpio_pin
                0x8002866a                gpio_toggle_pin
                0x800286a4                gpio_toggle_group
                0x800286d4                gpio_set_gpio_open_drain_pin
                0x80028724                gpio_clr_gpio_open_drain_pin
                0x8002878c                gpio_tgl_gpio_open_drain_pin
                0x800287f4                gpio_enable_pin_glitch_filter
                0x8002882e                gpio_disable_pin_glitch_filter
                0x8002893c                gpio_enable_pin_interrupt
                0x800289b4                gpio_disable_pin_interrupt
                0x800289ee                gpio_get_pin_interrupt_flag
                0x80028a2a                gpio_clear_pin_interrupt_flag
 .text          0x80028a64      0x194 src/asf/avr32/drivers/intc/intc.o
                0x80028a6c                _get_interrupt_handler
                0x80028afc                INTC_init_interrupts
                0x80028b8c                INTC_register_interrupt
 .text          0x80028bf8      0x5f4 src/asf/avr32/drivers/pdca/pdca.o
                0x80028c18                pdca_get_handler
                0x80028c4c                pdca_init_channel
                0x80028d20                pdca_get_channel_status
                0x80028d54                pdca_disable
                0x80028d84                pdca_enable
                0x80028db4                pdca_get_load_size
                0x80028de4                pdca_load_channel
                0x80028e64                pdca_get_reload_size
                0x80028e94                pdca_reload_channel
                0x80028f14                pdca_set_peripheral_select
                0x80028f4c                pdca_set_transfer_size
                0x80028f90                pdca_disable_event_trigger
                0x80028fc8                pdca_enable_event_trigger
                0x80029000                pdca_disable_interrupt_transfer_error
                0x80029064                pdca_enable_interrupt_transfer_error
                0x80029094                pdca_disable_interrupt_transfer_complete
                0x800290f8                pdca_enable_interrupt_transfer_complete
                0x80029128                pdca_disable_interrupt_reload_counter_zero
                0x8002918c                pdca_enable_interrupt_reload_counter_zero
                0x800291bc                pdca_get_transfer_status
 .text          0x800291ec      0x688 src/asf/avr32/drivers/pevc/pevc.o
                0x800291ec                pevc_channel_configure
                0x800292ea                pevc_igfd_set
                0x80029310                pevc_channels_enable
                0x80029350                pevc_channels_disable
                0x80029390                pevc_get_channel_status
                0x800293fa                pevc_get_channel_state
                0x80029464                pevc_channel_sev_enable
                0x80029496                pevc_channels_trigger_sev
                0x800294da                pevc_channel_sev_disable
                0x8002950c                pevc_channels_enable_trigger_interrupt
                0x80029550                pevc_channels_disable_trigger_interrupt
                0x80029594                pevc_channel_is_trigger_interrupt_enabled
                0x80029602                pevc_channel_is_trigger_interrupt_raised
                0x8002966c                pevc_channel_clear_trigger_interrupt
                0x800296be                pevc_channels_enable_overrun_interrupt
                0x80029702                pevc_channels_disable_overrun_interrupt
                0x80029746                pevc_channel_is_overrun_interrupt_enabled
                0x800297b4                pevc_channel_is_overrun_interrupt_raised
                0x80029822                pevc_channel_clear_overrun_interrupt
 .text          0x80029874      0xfe0 src/asf/avr32/drivers/scif/scif_uc3c.o
                0x800298da                scif_read_gplp
                0x800298fc                scif_write_gplp
                0x80029936                scif_start_osc
                0x80029a70                scif_is_osc_ready
                0x80029aaa                scif_stop_osc
                0x80029b28                scif_configure_osc_crystalmode
                0x80029c84                scif_configure_osc_extmode
                0x80029d24                scif_enable_osc
                0x80029e10                scif_enable_extosc
                0x80029eb0                scif_pll_setup
                0x8002a00c                scif_pll_enable
                0x8002a0ac                scif_pll_disable
                0x8002a14c                scif_wait_for_pll_locked
                0x8002a184                scif_start_osc32
                0x8002a24c                scif_stop_osc32
                0x8002a2b4                scif_start_rc8M
                0x8002a318                scif_stop_rc8M
                0x8002a37c                scif_start_rc120M
                0x8002a3c8                scif_stop_rc120M
                0x8002a42c                scif_start_gclk
                0x8002a49c                scif_stop_gclk
                0x8002a506                scif_gc_setup
                0x8002a5cc                scif_gc_enable
                0x8002a614                scif_bod18_enable_irq
                0x8002a626                scif_bod18_disable_irq
                0x8002a678                scif_bod18_clear_irq
                0x8002a68a                scif_bod18_get_irq_status
                0x8002a6a2                scif_bod18_get_irq_enable_bit
                0x8002a6ba                scif_bod18_get_level
                0x8002a6d0                scif_bod33_enable_irq
                0x8002a6e4                scif_bod33_disable_irq
                0x8002a738                scif_bod33_clear_irq
                0x8002a74c                scif_bod33_get_irq_status
                0x8002a764                scif_bod33_get_irq_enable_bit
                0x8002a77c                scif_bod33_get_level
                0x8002a792                scif_bod50_enable_irq
                0x8002a7a6                scif_bod50_disable_irq
                0x8002a7f8                scif_bod50_clear_irq
                0x8002a80c                scif_bod50_get_irq_status
                0x8002a824                scif_bod50_get_irq_enable_bit
                0x8002a83c                scif_bod50_get_level
 .text          0x8002a854      0x730 src/asf/avr32/drivers/spi/spi.o
                0x8002a854                getBaudDiv
                0x8002a8a8                spi_initSlave
                0x8002a932                spi_initTest
                0x8002a964                spi_initMaster
                0x8002a9f8                spi_selectionMode
                0x8002aa8c                spi_selectChip
                0x8002ab24                spi_unselectChip
                0x8002ab8e                spi_setupChipReg
                0x8002ad18                spi_enable
                0x8002ad32                spi_disable
                0x8002ad4c                spi_is_enabled
                0x8002ad6c                spi_writeRegisterEmptyCheck
                0x8002ad8c                spi_write
                0x8002ade4                spi_variableSlaveWrite
                0x8002ae7c                spi_writeEndCheck
                0x8002ae9c                spi_readRegisterFullCheck
                0x8002aebc                spi_read
                0x8002af1a                spi_getStatus
 .text          0x8002af84      0xeb0 src/asf/avr32/drivers/twim/twim.o
                0x8002b2b4                twim_set_speed
                0x8002b35c                twim_master_init
                0x8002b468                twim_disable_interrupt
                0x8002b4b0                twim_probe
                0x8002b4ec                twim_read_packet
                0x8002b694                twim_read
                0x8002b7d0                twim_write_packet
                0x8002b9a0                twim_write
                0x8002baa8                twim_chained_transfer
                0x8002be00                twim_status
 .text          0x8002be34     0x1154 src/asf/avr32/drivers/usart/usart.o
                0x8002c0c8                usart_reset
                0x8002c13c                usart_init_rs232
                0x8002c2a8                usart_init_rs232_tx_only
                0x8002c424                usart_init_hw_handshaking
                0x8002c478                usart_init_modem
                0x8002c4d0                usart_init_sync_master
                0x8002c654                usart_init_sync_slave
                0x8002c7c4                usart_init_rs485
                0x8002c818                usart_init_IrDA
                0x8002c888                usart_init_iso7816
                0x8002c9a4                usart_init_lin_master
                0x8002ca08                usart_init_lin_slave
                0x8002ca6c                usart_init_spi_master
                0x8002cb88                usart_init_spi_slave
                0x8002cc90                usart_spi_selectChip
                0x8002ccb0                usart_spi_unselectChip
                0x8002cd0c                usart_send_address
                0x8002cd7c                usart_write_char
                0x8002cdc0                usart_putchar
                0x8002ce18                usart_read_char
                0x8002ce6a                usart_getchar
                0x8002ceb4                usart_write_line
                0x8002cf04                usart_get_echo_line
 .text          0x8002cf88      0x17c src/asf/avr32/services/delay/delay.o
                0x8002cf88                delay_init
                0x8002cfac                delay_ms
 .text._stext   0x8002d104       0x4c src/asf/avr32/utils/startup/startup_uc3.o
                                 0x50 (size before relaxing)
                0x8002d104                _stext
 .text          0x8002d150       0x24 src/asf/common/boards/user_board/init.o
                0x8002d150                board_init
 .text          0x8002d174      0x274 src/asf/common/services/clock/uc3c/osc.o
                0x8002d1ac                osc_priv_enable_osc0
                0x8002d1e8                osc_priv_disable_osc0
                0x8002d220                osc_priv_enable_osc32
                0x8002d25c                osc_priv_disable_osc32
                0x8002d298                osc_priv_enable_rc8m
                0x8002d318                osc_priv_disable_rc8m
                0x8002d370                osc_priv_enable_rc120m
                0x8002d3ac                osc_priv_disable_rc120m
 .text          0x8002d3e8      0x12c src/asf/common/services/clock/uc3c/pll.o
                0x8002d420                pll_config_write
                0x8002d474                pll_enable
                0x8002d4c8                pll_disable
 .text          0x8002d514      0x7a4 src/asf/common/services/clock/uc3c/sysclk.o
                0x8002d974                sysclk_priv_enable_module
                0x8002d9f4                sysclk_priv_disable_module
                0x8002da78                sysclk_set_prescalers
                0x8002db80                sysclk_set_source
                0x8002dbc4                sysclk_enable_usb
                0x8002dc28                sysclk_disable_usb
                0x8002dc40                sysclk_init
 .text          0x8002dcb8      0x768 src/asf/common/services/spi/uc3_spi/spi_master.o
                0x8002e1ec                spi_master_setup_device
                0x8002e294                spi_read_packet
                0x8002e378                spi_write_packet
 .text          0x8002e420      0x3ac src/boardsupport.o
                0x8002e5e8                initialise_board
 .text          0x8002e7cc      0x2b4 src/main.o
                0x8002e8b6                initialisation
                0x8002ea4c                main
 .text.cos      0x8002ea80       0x8c c:/program files/atmel/atmel toolchain/avr32 gcc/native/3.4.2.1002/avr32-gnu-toolchain/bin/../lib/gcc/avr32/4.4.7/../../../../avr32/lib/ucr3fp\libm.a(lib_a-s_cos.o)
                                 0x9c (size before relaxing)
                0x8002ea80                cos
 .text.sin      0x8002eb0c       0x90 c:/program files/atmel/atmel toolchain/avr32 gcc/native/3.4.2.1002/avr32-gnu-toolchain/bin/../lib/gcc/avr32/4.4.7/../../../../avr32/lib/ucr3fp\libm.a(lib_a-s_sin.o)
                                 0xa0 (size before relaxing)
                0x8002eb0c                sin
 .text.asin     0x8002eb9c       0x94 c:/program files/atmel/atmel toolchain/avr32 gcc/native/3.4.2.1002/avr32-gnu-toolchain/bin/../lib/gcc/avr32/4.4.7/../../../../avr32/lib/ucr3fp\libm.a(lib_a-w_asin.o)
                                 0xb0 (size before relaxing)
                0x8002eb9c                asin
 .text.atan2    0x8002ec30        0x8 c:/program files/atmel/atmel toolchain/avr32 gcc/native/3.4.2.1002/avr32-gnu-toolchain/bin/../lib/gcc/avr32/4.4.7/../../../../avr32/lib/ucr3fp\libm.a(lib_a-w_atan2.o)
                                  0xc (size before relaxing)
                0x8002ec30                atan2
 .text.pow      0x8002ec38      0x2b8 c:/program files/atmel/atmel toolchain/avr32 gcc/native/3.4.2.1002/avr32-gnu-toolchain/bin/../lib/gcc/avr32/4.4.7/../../../../avr32/lib/ucr3fp\libm.a(lib_a-w_pow.o)
                                0x300 (size before relaxing)
                0x8002ec38                pow
 .text.sqrt     0x8002eef0       0x9c c:/program files/atmel/atmel toolchain/avr32 gcc/native/3.4.2.1002/avr32-gnu-toolchain/bin/../lib/gcc/avr32/4.4.7/../../../../avr32/lib/ucr3fp\libm.a(lib_a-w_sqrt.o)
                                 0xb4 (size before relaxing)
                0x8002eef0                sqrt
 .text.acosf    0x8002ef8c       0x94 c:/program files/atmel/atmel toolchain/avr32 gcc/native/3.4.2.1002/avr32-gnu-toolchain/bin/../lib/gcc/avr32/4.4.7/../../../../avr32/lib/ucr3fp\libm.a(lib_a-wf_acos.o)
                                 0xb8 (size before relaxing)
                0x8002ef8c                acosf
 .text.__ieee754_asin
                0x8002f020      0x4f0 c:/program files/atmel/atmel toolchain/avr32 gcc/native/3.4.2.1002/avr32-gnu-toolchain/bin/../lib/gcc/avr32/4.4.7/../../../../avr32/lib/ucr3fp\libm.a(lib_a-e_asin.o)
                                0x50c (size before relaxing)
                0x8002f020                __ieee754_asin
 .text.__ieee754_atan2
                0x8002f510      0x22c c:/program files/atmel/atmel toolchain/avr32 gcc/native/3.4.2.1002/avr32-gnu-toolchain/bin/../lib/gcc/avr32/4.4.7/../../../../avr32/lib/ucr3fp\libm.a(lib_a-e_atan2.o)
                                0x240 (size before relaxing)
                0x8002f510                __ieee754_atan2
 .text.__ieee754_pow
                0x8002f73c      0xaa4 c:/program files/atmel/atmel toolchain/avr32 gcc/native/3.4.2.1002/avr32-gnu-toolchain/bin/../lib/gcc/avr32/4.4.7/../../../../avr32/lib/ucr3fp\libm.a(lib_a-e_pow.o)
                                0xaf0 (size before relaxing)
                0x8002f73c                __ieee754_pow
 .text.__ieee754_rem_pio2
                0x800301e0      0x470 c:/program files/atmel/atmel toolchain/avr32 gcc/native/3.4.2.1002/avr32-gnu-toolchain/bin/../lib/gcc/avr32/4.4.7/../../../../avr32/lib/ucr3fp\libm.a(lib_a-e_rem_pio2.o)
                                0x4a0 (size before relaxing)
                0x800301e0                __ieee754_rem_pio2
 .text.__ieee754_sqrt
                0x80030650      0x18c c:/program files/atmel/atmel toolchain/avr32 gcc/native/3.4.2.1002/avr32-gnu-toolchain/bin/../lib/gcc/avr32/4.4.7/../../../../avr32/lib/ucr3fp\libm.a(lib_a-e_sqrt.o)
                                0x19c (size before relaxing)
                0x80030650                __ieee754_sqrt
 .text.__ieee754_acosf
                0x800307dc      0x3a8 c:/program files/atmel/atmel toolchain/avr32 gcc/native/3.4.2.1002/avr32-gnu-toolchain/bin/../lib/gcc/avr32/4.4.7/../../../../avr32/lib/ucr3fp\libm.a(lib_a-ef_acos.o)
                                0x3c0 (size before relaxing)
                0x800307dc                __ieee754_acosf
 .text.__ieee754_sqrtf
                0x80030b84       0xc4 c:/program files/atmel/atmel toolchain/avr32 gcc/native/3.4.2.1002/avr32-gnu-toolchain/bin/../lib/gcc/avr32/4.4.7/../../../../avr32/lib/ucr3fp\libm.a(lib_a-ef_sqrt.o)
                                 0xd4 (size before relaxing)
                0x80030b84                __ieee754_sqrtf
 .text.__kernel_cos
                0x80030c48      0x1e8 c:/program files/atmel/atmel toolchain/avr32 gcc/native/3.4.2.1002/avr32-gnu-toolchain/bin/../lib/gcc/avr32/4.4.7/../../../../avr32/lib/ucr3fp\libm.a(lib_a-k_cos.o)
                                0x1f8 (size before relaxing)
                0x80030c48                __kernel_cos
 .text.__kernel_rem_pio2
                0x80030e30      0x6e0 c:/program files/atmel/atmel toolchain/avr32 gcc/native/3.4.2.1002/avr32-gnu-toolchain/bin/../lib/gcc/avr32/4.4.7/../../../../avr32/lib/ucr3fp\libm.a(lib_a-k_rem_pio2.o)
                                0x718 (size before relaxing)
                0x80030e30                __kernel_rem_pio2
 .text.__kernel_sin
                0x80031510      0x194 c:/program files/atmel/atmel toolchain/avr32 gcc/native/3.4.2.1002/avr32-gnu-toolchain/bin/../lib/gcc/avr32/4.4.7/../../../../avr32/lib/ucr3fp\libm.a(lib_a-k_sin.o)
                                0x1a4 (size before relaxing)
                0x80031510                __kernel_sin
 .text.atan     0x800316a4      0x34c c:/program files/atmel/atmel toolchain/avr32 gcc/native/3.4.2.1002/avr32-gnu-toolchain/bin/../lib/gcc/avr32/4.4.7/../../../../avr32/lib/ucr3fp\libm.a(lib_a-s_atan.o)
                                0x368 (size before relaxing)
                0x800316a4                atan
 .text.fabs     0x800319f0        0x8 c:/program files/atmel/atmel toolchain/avr32 gcc/native/3.4.2.1002/avr32-gnu-toolchain/bin/../lib/gcc/avr32/4.4.7/../../../../avr32/lib/ucr3fp\libm.a(lib_a-s_fabs.o)
                0x800319f0                fabs
 .text.finite   0x800319f8       0x10 c:/program files/atmel/atmel toolchain/avr32 gcc/native/3.4.2.1002/avr32-gnu-toolchain/bin/../lib/gcc/avr32/4.4.7/../../../../avr32/lib/ucr3fp\libm.a(lib_a-s_finite.o)
                0x800319f8                finite
 .text.floor    0x80031a08      0x120 c:/program files/atmel/atmel toolchain/avr32 gcc/native/3.4.2.1002/avr32-gnu-toolchain/bin/../lib/gcc/avr32/4.4.7/../../../../avr32/lib/ucr3fp\libm.a(lib_a-s_floor.o)
                                0x128 (size before relaxing)
                0x80031a08                floor
 .text.__isnand
                0x80031b28       0x1c c:/program files/atmel/atmel toolchain/avr32 gcc/native/3.4.2.1002/avr32-gnu-toolchain/bin/../lib/gcc/avr32/4.4.7/../../../../avr32/lib/ucr3fp\libm.a(lib_a-s_isnand.o)
                0x80031b28                __isnand
 .text.matherr  0x80031b44        0x2 c:/program files/atmel/atmel toolchain/avr32 gcc/native/3.4.2.1002/avr32-gnu-toolchain/bin/../lib/gcc/avr32/4.4.7/../../../../avr32/lib/ucr3fp\libm.a(lib_a-s_matherr.o)
                0x80031b44                matherr
 .text.nan      0x80031b46        0x8 c:/program files/atmel/atmel toolchain/avr32 gcc/native/3.4.2.1002/avr32-gnu-toolchain/bin/../lib/gcc/avr32/4.4.7/../../../../avr32/lib/ucr3fp\libm.a(lib_a-s_nan.o)
                0x80031b46                nan
 *fill*         0x80031b4e        0x2 d703d703
 .text.rint     0x80031b50      0x118 c:/program files/atmel/atmel toolchain/avr32 gcc/native/3.4.2.1002/avr32-gnu-toolchain/bin/../lib/gcc/avr32/4.4.7/../../../../avr32/lib/ucr3fp\libm.a(lib_a-s_rint.o)
                                0x124 (size before relaxing)
                0x80031b50                rint
 .text.scalbn   0x80031c68       0xdc c:/program files/atmel/atmel toolchain/avr32 gcc/native/3.4.2.1002/avr32-gnu-toolchain/bin/../lib/gcc/avr32/4.4.7/../../../../avr32/lib/ucr3fp\libm.a(lib_a-s_scalbn.o)
                                 0xf0 (size before relaxing)
                0x80031c68                scalbn
 .text.fabsf    0x80031d44        0x6 c:/program files/atmel/atmel toolchain/avr32 gcc/native/3.4.2.1002/avr32-gnu-toolchain/bin/../lib/gcc/avr32/4.4.7/../../../../avr32/lib/ucr3fp\libm.a(lib_a-sf_fabs.o)
                0x80031d44                fabsf
 .text.isnanf   0x80031d4a        0xe c:/program files/atmel/atmel toolchain/avr32 gcc/native/3.4.2.1002/avr32-gnu-toolchain/bin/../lib/gcc/avr32/4.4.7/../../../../avr32/lib/ucr3fp\libm.a(lib_a-sf_isnan.o)
                0x80031d4a                isnanf
 .text.copysign
                0x80031d58       0x18 c:/program files/atmel/atmel toolchain/avr32 gcc/native/3.4.2.1002/avr32-gnu-toolchain/bin/../lib/gcc/avr32/4.4.7/../../../../avr32/lib/ucr3fp\libm.a(lib_a-s_copysign.o)
                0x80031d58                copysign
 .text          0x80031d70      0x1d4 c:/program files/atmel/atmel toolchain/avr32 gcc/native/3.4.2.1002/avr32-gnu-toolchain/bin/../lib/gcc/avr32/4.4.7/ucr3fp\libgcc.a(_avr32_f64_mul.o)
                0x80031d70                __avr32_f64_mul
 .text          0x80031f44      0x2b0 c:/program files/atmel/atmel toolchain/avr32 gcc/native/3.4.2.1002/avr32-gnu-toolchain/bin/../lib/gcc/avr32/4.4.7/ucr3fp\libgcc.a(_avr32_f64_addsub.o)
                0x80031f48                __avr32_f64_sub
                0x800320e4                __avr32_f64_add
 .text          0x800321f4       0x2a c:/program files/atmel/atmel toolchain/avr32 gcc/native/3.4.2.1002/avr32-gnu-toolchain/bin/../lib/gcc/avr32/4.4.7/ucr3fp\libgcc.a(_avr32_f64_to_s32.o)
                0x800321f4                __avr32_f64_to_u32
                0x800321f8                __avr32_f64_to_s32
 .text          0x8003221e       0xe8 c:/program files/atmel/atmel toolchain/avr32 gcc/native/3.4.2.1002/avr32-gnu-toolchain/bin/../lib/gcc/avr32/4.4.7/ucr3fp\libgcc.a(_avr32_s32_to_f64.o)
                0x8003221e                __avr32_u32_to_f64
                0x80032226                __avr32_s32_to_f64
 .text          0x80032306       0x26 c:/program files/atmel/atmel toolchain/avr32 gcc/native/3.4.2.1002/avr32-gnu-toolchain/bin/../lib/gcc/avr32/4.4.7/ucr3fp\libgcc.a(_avr32_f64_cmp_eq.o)
                0x80032306                __avr32_f64_cmp_eq
 .text          0x8003232c       0x68 c:/program files/atmel/atmel toolchain/avr32 gcc/native/3.4.2.1002/avr32-gnu-toolchain/bin/../lib/gcc/avr32/4.4.7/ucr3fp\libgcc.a(_avr32_f64_cmp_ge.o)
                0x8003232c                __avr32_f64_cmp_ge
 .text          0x80032394       0x68 c:/program files/atmel/atmel toolchain/avr32 gcc/native/3.4.2.1002/avr32-gnu-toolchain/bin/../lib/gcc/avr32/4.4.7/ucr3fp\libgcc.a(_avr32_f64_cmp_lt.o)
                0x80032394                __avr32_f64_cmp_lt
 .text          0x800323fc       0x34 c:/program files/atmel/atmel toolchain/avr32 gcc/native/3.4.2.1002/avr32-gnu-toolchain/bin/../lib/gcc/avr32/4.4.7/ucr3fp\libgcc.a(_avr32_f32_cmp_lt.o)
                0x800323fc                __avr32_f32_cmp_lt
 .text          0x80032430      0x318 c:/program files/atmel/atmel toolchain/avr32 gcc/native/3.4.2.1002/avr32-gnu-toolchain/bin/../lib/gcc/avr32/4.4.7/ucr3fp\libgcc.a(_avr32_f64_div.o)
                0x80032430                __avr32_f64_div
 .text          0x80032748      0x160 c:/program files/atmel/atmel toolchain/avr32 gcc/native/3.4.2.1002/avr32-gnu-toolchain/bin/../lib/gcc/avr32/4.4.7/ucr3fp\libgcc.a(_avr32_f32_div.o)
                0x80032748                __avr32_f32_div
 .text          0x800328a8      0x180 c:/program files/atmel/atmel toolchain/avr32 gcc/native/3.4.2.1002/avr32-gnu-toolchain/bin/../lib/gcc/avr32/4.4.7/ucr3fp\libgcc.a(_avr32_f32_addsub.o)
                0x800328ac                __avr32_f32_sub
                0x8003297c                __avr32_f32_add
 .text          0x80032a28       0xe2 c:/program files/atmel/atmel toolchain/avr32 gcc/native/3.4.2.1002/avr32-gnu-toolchain/bin/../lib/gcc/avr32/4.4.7/ucr3fp\libgcc.a(_avr32_f32_mul.o)
                0x80032a28                __avr32_f32_mul
 .text          0x80032b0a       0x60 c:/program files/atmel/atmel toolchain/avr32 gcc/native/3.4.2.1002/avr32-gnu-toolchain/bin/../lib/gcc/avr32/4.4.7/ucr3fp\libgcc.a(_avr32_f32_to_f64.o)
                0x80032b0a                __avr32_f32_to_f64
 .text          0x80032b6a       0x8a c:/program files/atmel/atmel toolchain/avr32 gcc/native/3.4.2.1002/avr32-gnu-toolchain/bin/../lib/gcc/avr32/4.4.7/ucr3fp\libgcc.a(_avr32_f64_to_f32.o)
                0x80032b6a                __avr32_f64_to_f32
 .text          0x80032bf4      0x264 c:/program files/atmel/atmel toolchain/avr32 gcc/native/3.4.2.1002/avr32-gnu-toolchain/bin/../lib/gcc/avr32/4.4.7/ucr3fp\libgcc.a(_udivdi3.o)
                0x80032bf4                __avr32_udiv64
                0x80032bf4                __udivdi3
 .text.__errno  0x80032e58        0xc c:/program files/atmel/atmel toolchain/avr32 gcc/native/3.4.2.1002/avr32-gnu-toolchain/bin/../lib/gcc/avr32/4.4.7/../../../../avr32/lib/ucr3fp\libc.a(lib_a-errno.o)
                0x80032e58                __errno
 .text          0x80032e64      0x148 c:/program files/atmel/atmel toolchain/avr32 gcc/native/3.4.2.1002/avr32-gnu-toolchain/bin/../lib/gcc/avr32/4.4.7/../../../../avr32/lib/ucr3fp\libc.a(lib_a-memcpy.o)
                0x80032e64                memcpy
 .text.memset   0x80032fac        0xe c:/program files/atmel/atmel toolchain/avr32 gcc/native/3.4.2.1002/avr32-gnu-toolchain/bin/../lib/gcc/avr32/4.4.7/../../../../avr32/lib/ucr3fp\libc.a(lib_a-memset.o)
                0x80032fac                memset
 .text.strcpy   0x80032fba       0x12 c:/program files/atmel/atmel toolchain/avr32 gcc/native/3.4.2.1002/avr32-gnu-toolchain/bin/../lib/gcc/avr32/4.4.7/../../../../avr32/lib/ucr3fp\libc.a(lib_a-strcpy.o)
                0x80032fba                strcpy
 .text.strlen   0x80032fcc       0x16 c:/program files/atmel/atmel toolchain/avr32 gcc/native/3.4.2.1002/avr32-gnu-toolchain/bin/../lib/gcc/avr32/4.4.7/../../../../avr32/lib/ucr3fp\libc.a(lib_a-strlen.o)
                0x80032fcc                strlen
 *(.text.*personality*)
 *(.gnu.warning)

.exception      0x80033000      0x200
 .exception     0x80033000      0x200 src/asf/avr32/drivers/intc/exception.o
                0x80033000                _evba
                0x8003313c                ipr_val

.fini
 *(.fini)
                0x80033200                PROVIDE (__etext, .)
                0x80033200                PROVIDE (_etext, .)
                0x80033200                PROVIDE (etext, .)

.rodata         0x80033200      0x64c
 *(.rodata .rodata.* .gnu.linkonce.r.*)
 .rodata.servo_failsafe
                0x80033200       0x80 src/tasks.o
 .rodata.mavlink_message_crcs.14492
                0x80033280      0x100 Library/communication/mavlink_stream.o
 .rodata.ADCIFA_GPIO_MAP
                0x80033380       0x26 Library/hal/adc_int.o
 *fill*         0x800333a6        0x2 
 .rodata.C.59.15212
                0x800333a8        0x4 Library/hal/bmp085.o
 .rodata.C.60.15213
                0x800333ac        0x4 Library/hal/bmp085.o
 .rodata.C.64.15730
                0x800333b0        0xc Library/hal/dac_dma.o
 .rodata.DACIFB_GPIO_MAP.15725
                0x800333bc        0x8 Library/hal/dac_dma.o
 .rodata.PEVC_EVS_OPTIONS.15716
                0x800333c4       0x10 Library/hal/dac_dma.o
 .rodata.LED_DESCRIPTOR
                0x800333d4       0x20 Library/hal/led.o
 .rodata.PWM_GPIO_MAP.14186
                0x800333f4        0xc Library/hal/servo_pwm.o
 .rodata.USART_GPIO_MAP.16456
                0x80033400        0x4 Library/hal/remote_dsm2.o
 .rodata.usart_opt.16455
                0x80033404        0xc Library/hal/remote_dsm2.o
 .rodata.alphabet
                0x80033410       0x24 Library/util/print_util.o
 .rodata.FLASH_SIZE.14167
                0x80033434       0x40 src/asf/avr32/drivers/flashc/flashc.o
 .rodata.servo_failsafe
                0x80033474       0x80 src/boardsupport.o
 .rodata.servo_failsafe
                0x800334f4       0x80 src/main.o
 .rodata.str1.4
                0x80033574        0x5 c:/program files/atmel/atmel toolchain/avr32 gcc/native/3.4.2.1002/avr32-gnu-toolchain/bin/../lib/gcc/avr32/4.4.7/../../../../avr32/lib/ucr3fp\libm.a(lib_a-w_asin.o)
                                  0xc (size before relaxing)
 *fill*         0x80033579        0x3 
 .rodata.str1.4
                0x8003357c        0x4 c:/program files/atmel/atmel toolchain/avr32 gcc/native/3.4.2.1002/avr32-gnu-toolchain/bin/../lib/gcc/avr32/4.4.7/../../../../avr32/lib/ucr3fp\libm.a(lib_a-w_pow.o)
 .rodata.str1.4
                0x80033580        0x5 c:/program files/atmel/atmel toolchain/avr32 gcc/native/3.4.2.1002/avr32-gnu-toolchain/bin/../lib/gcc/avr32/4.4.7/../../../../avr32/lib/ucr3fp\libm.a(lib_a-w_sqrt.o)
                                  0x8 (size before relaxing)
 *fill*         0x80033585        0x3 
 .rodata.str1.4
                0x80033588        0x6 c:/program files/atmel/atmel toolchain/avr32 gcc/native/3.4.2.1002/avr32-gnu-toolchain/bin/../lib/gcc/avr32/4.4.7/../../../../avr32/lib/ucr3fp\libm.a(lib_a-wf_acos.o)
                                  0xc (size before relaxing)
 *fill*         0x8003358e        0x2 
 .rodata.dp_h   0x80033590       0x10 c:/program files/atmel/atmel toolchain/avr32 gcc/native/3.4.2.1002/avr32-gnu-toolchain/bin/../lib/gcc/avr32/4.4.7/../../../../avr32/lib/ucr3fp\libm.a(lib_a-e_pow.o)
 .rodata.dp_l   0x800335a0       0x10 c:/program files/atmel/atmel toolchain/avr32 gcc/native/3.4.2.1002/avr32-gnu-toolchain/bin/../lib/gcc/avr32/4.4.7/../../../../avr32/lib/ucr3fp\libm.a(lib_a-e_pow.o)
 .rodata.bp     0x800335b0       0x10 c:/program files/atmel/atmel toolchain/avr32 gcc/native/3.4.2.1002/avr32-gnu-toolchain/bin/../lib/gcc/avr32/4.4.7/../../../../avr32/lib/ucr3fp\libm.a(lib_a-e_pow.o)
 .rodata.str1.4
                0x00000000        0x4 c:/program files/atmel/atmel toolchain/avr32 gcc/native/3.4.2.1002/avr32-gnu-toolchain/bin/../lib/gcc/avr32/4.4.7/../../../../avr32/lib/ucr3fp\libm.a(lib_a-e_pow.o)
 .rodata.npio2_hw
                0x800335c0       0x80 c:/program files/atmel/atmel toolchain/avr32 gcc/native/3.4.2.1002/avr32-gnu-toolchain/bin/../lib/gcc/avr32/4.4.7/../../../../avr32/lib/ucr3fp\libm.a(lib_a-e_rem_pio2.o)
 .rodata.two_over_pi
                0x80033640      0x108 c:/program files/atmel/atmel toolchain/avr32 gcc/native/3.4.2.1002/avr32-gnu-toolchain/bin/../lib/gcc/avr32/4.4.7/../../../../avr32/lib/ucr3fp\libm.a(lib_a-e_rem_pio2.o)
 .rodata.init_jk
                0x80033748       0x10 c:/program files/atmel/atmel toolchain/avr32 gcc/native/3.4.2.1002/avr32-gnu-toolchain/bin/../lib/gcc/avr32/4.4.7/../../../../avr32/lib/ucr3fp\libm.a(lib_a-k_rem_pio2.o)
 .rodata.PIo2   0x80033758       0x40 c:/program files/atmel/atmel toolchain/avr32 gcc/native/3.4.2.1002/avr32-gnu-toolchain/bin/../lib/gcc/avr32/4.4.7/../../../../avr32/lib/ucr3fp\libm.a(lib_a-k_rem_pio2.o)
 .rodata.atanlo
                0x80033798       0x20 c:/program files/atmel/atmel toolchain/avr32 gcc/native/3.4.2.1002/avr32-gnu-toolchain/bin/../lib/gcc/avr32/4.4.7/../../../../avr32/lib/ucr3fp\libm.a(lib_a-s_atan.o)
 .rodata.atanhi
                0x800337b8       0x20 c:/program files/atmel/atmel toolchain/avr32 gcc/native/3.4.2.1002/avr32-gnu-toolchain/bin/../lib/gcc/avr32/4.4.7/../../../../avr32/lib/ucr3fp\libm.a(lib_a-s_atan.o)
 .rodata.TWO52  0x800337d8       0x10 c:/program files/atmel/atmel toolchain/avr32 gcc/native/3.4.2.1002/avr32-gnu-toolchain/bin/../lib/gcc/avr32/4.4.7/../../../../avr32/lib/ucr3fp\libm.a(lib_a-s_rint.o)
 .rodata.str1.4
                0x800337e8        0x4 c:/program files/atmel/atmel toolchain/avr32 gcc/native/3.4.2.1002/avr32-gnu-toolchain/bin/../lib/gcc/avr32/4.4.7/../../../../avr32/lib/ucr3fp\libc.a(lib_a-impure.o)
 .rodata.__sf_fake_stdin
                0x800337ec       0x20 c:/program files/atmel/atmel toolchain/avr32 gcc/native/3.4.2.1002/avr32-gnu-toolchain/bin/../lib/gcc/avr32/4.4.7/../../../../avr32/lib/ucr3fp\libc.a(lib_a-findfp.o)
                0x800337ec                __sf_fake_stdin
 .rodata.__sf_fake_stdout
                0x8003380c       0x20 c:/program files/atmel/atmel toolchain/avr32 gcc/native/3.4.2.1002/avr32-gnu-toolchain/bin/../lib/gcc/avr32/4.4.7/../../../../avr32/lib/ucr3fp\libc.a(lib_a-findfp.o)
                0x8003380c                __sf_fake_stdout
 .rodata.__sf_fake_stderr
                0x8003382c       0x20 c:/program files/atmel/atmel toolchain/avr32 gcc/native/3.4.2.1002/avr32-gnu-toolchain/bin/../lib/gcc/avr32/4.4.7/../../../../avr32/lib/ucr3fp\libc.a(lib_a-findfp.o)
                0x8003382c                __sf_fake_stderr

.rodata1
 *(.rodata1)

.eh_frame_hdr
 *(.eh_frame_hdr)

.eh_frame
 *(.eh_frame)

.gcc_except_table
 *(.gcc_except_table)
 *(.gcc_except_table.*)

.dalign         0x8003384c        0x4
                0x80033850                . = ALIGN (0x8)
 *fill*         0x8003384c        0x4 
                0x80033850                PROVIDE (_data_lma, .)
                0x00000004                PROVIDE (_data, ORIGIN (CPUSRAM))
                0x00000004                . = ORIGIN (CPUSRAM)

.eh_frame
 *(.eh_frame)

.gcc_except_table
 *(.gcc_except_table)
 *(.gcc_except_table.*)

.tdata
 *(.tdata .tdata.* .gnu.linkonce.td.*)

.tbss
 *(.tbss .tbss.* .gnu.linkonce.tb.*)
 *(.tcommon)
                0x00000004                PROVIDE (__preinit_array_start, ALIGN (0x4))

.preinit_array
 *(.preinit_array)
                0x00000004                PROVIDE (__preinit_array_end, .)
                0x00000004                PROVIDE (__init_array_start, .)

.init_array
 *(.init_array)
                0x00000004                PROVIDE (__init_array_end, .)
                0x00000004                PROVIDE (__fini_array_start, .)

.fini_array
 *(.fini_array)
                0x00000004                PROVIDE (__fini_array_end, .)

.ctors
 *crtbegin*.o(.ctors)
 *(EXCLUDE_FILE(*crtend*.o) .ctors)
 *(SORT(.ctors.*))
 *(.ctors)

.dtors
 *crtbegin*.o(.dtors)
 *(EXCLUDE_FILE(*crtend*.o) .dtors)
 *(SORT(.dtors.*))
 *(.dtors)

.jcr
 *(.jcr)

.data.rel.ro    0x00000004      0x178 load address 0x80033850
 *(.data.rel.ro.local)
 *(.data.rel.ro*)
 .data.rel.ro.local._int_handler_table
                0x00000004      0x178 src/asf/avr32/drivers/intc/intc.o

.dynamic
 *(.dynamic)

.got            0x0000017c      0x930 load address 0x800339c8
 *(.got.plt)
 *(.got)
 .got           0x0000017c      0x930 Library/control/adaptive_parameter.o
                0x0000017c                _GLOBAL_OFFSET_TABLE_

.data           0x00000aac     0x163c load address 0x800342f8
 *(.data .data.* .gnu.linkonce.d.*)
 .data.main_tasks
                0x00000aac      0x1e4 src/tasks.o
                0x00000aac                main_tasks
 .data.mavlink_tasks
                0x00000c90      0x5a4 Library/communication/mavlink_stream.o
                0x00000c90                mavlink_tasks
 .data.adcifa   0x00001234        0x4 Library/hal/adc_int.o
                0x00001234                adcifa
 .data.adc_config_options
                0x00001238       0x14 Library/hal/adc_int.o
                0x00001238                adc_config_options
 .data.adcifa_sequence_opt
                0x0000124c        0x7 Library/hal/adc_int.o
                0x0000124c                adcifa_sequence_opt
 *fill*         0x00001253        0x1 
 .data.default_configuration
                0x00001254        0x4 Library/hal/adxl345_driver.o
                0x00001254                default_configuration
 .data.data_configuration
                0x00001258        0x4 Library/hal/adxl345_driver.o
                0x00001258                data_configuration
 .data.twi_opt.14989
                0x0000125c       0x10 Library/hal/adxl345_driver.o
 .data.twi_opt.15162
                0x0000126c       0x10 Library/hal/bmp085.o
 .data.twi_opt.14132
                0x0000127c       0x10 Library/hal/compass_hmc5883l.o
 .data.compass_default_configuration.14133
                0x0000128c        0x4 Library/hal/compass_hmc5883l.o
 .data.ppevc    0x00001290        0x4 Library/hal/dac_dma.o
                0x00001290                ppevc
 .data.dacifb   0x00001294        0x4 Library/hal/dac_dma.o
                0x00001294                dacifb
 .data.dac_channel_audio
                0x00001298        0x1 Library/hal/dac_dma.o
                0x00001298                dac_channel_audio
 *fill*         0x00001299        0x3 
 .data.PDCA_OPTIONS.15751
                0x0000129c       0x1c Library/hal/dac_dma.o
 .data.PDCA_OPTIONS.15769
                0x000012b8       0x1c Library/hal/i2c_driver.o
 .data.read_preamble
                0x000012d4        0x1 Library/hal/itg3200_driver.o
                0x000012d4                read_preamble
 *fill*         0x000012d5        0x3 
 .data.twi_opt.14998
                0x000012d8       0x10 Library/hal/itg3200_driver.o
 .data.LED_State
                0x000012e8        0x4 Library/hal/led.o
 .data.twi_opt.14971
                0x000012ec       0x10 Library/hal/radar_module_driver.o
 .data.PDCA_TX_OPTIONS.15184
                0x000012fc       0x1c Library/hal/spi_buffered.o
 .data.PDCA_RX_OPTIONS.15185
                0x00001318       0x1c Library/hal/spi_buffered.o
 .data.usart_opt
                0x00001334      0xac8 Library/hal/uart_int.o
 .data.rel.ubx_currentPosllhMessage
                0x00001dfc        0x4 Library/sensing/gps_ublox.o
                0x00001dfc                ubx_currentPosllhMessage
 .data.rel.ubx_lastPosllhMessage
                0x00001e00        0x4 Library/sensing/gps_ublox.o
                0x00001e00                ubx_lastPosllhMessage
 .data.rel.ubx_currentStatusMessage
                0x00001e04        0x4 Library/sensing/gps_ublox.o
                0x00001e04                ubx_currentStatusMessage
 .data.rel.ubx_lastStatusMessage
                0x00001e08        0x4 Library/sensing/gps_ublox.o
                0x00001e08                ubx_lastStatusMessage
 .data.rel.ubx_currentSolutionMessage
                0x00001e0c        0x4 Library/sensing/gps_ublox.o
                0x00001e0c                ubx_currentSolutionMessage
 .data.rel.ubx_lastSolutionMessage
                0x00001e10        0x4 Library/sensing/gps_ublox.o
                0x00001e10                ubx_lastSolutionMessage
 .data.rel.ubx_currentVelnedMessage
                0x00001e14        0x4 Library/sensing/gps_ublox.o
                0x00001e14                ubx_currentVelnedMessage
 .data.rel.ubx_lastVelnedMessage
                0x00001e18        0x4 Library/sensing/gps_ublox.o
                0x00001e18                ubx_lastVelnedMessage
 .data.rel.ubx_currentSVInfoMessage
                0x00001e1c        0x4 Library/sensing/gps_ublox.o
                0x00001e1c                ubx_currentSVInfoMessage
 .data.rel.ubx_lastSVInfoMessage
                0x00001e20        0x4 Library/sensing/gps_ublox.o
                0x00001e20                ubx_lastSVInfoMessage
 .data.rel.ubx_currentNavSettingsMessage
                0x00001e24        0x4 Library/sensing/gps_ublox.o
                0x00001e24                ubx_currentNavSettingsMessage
 .data.rel.ubx_lastNavSettingsMessage
                0x00001e28        0x4 Library/sensing/gps_ublox.o
                0x00001e28                ubx_lastNavSettingsMessage
 .data.rel.ubx_currentCFGRateMessage
                0x00001e2c        0x4 Library/sensing/gps_ublox.o
                0x00001e2c                ubx_currentCFGRateMessage
 .data.rel.ubx_lastCFGRateMessage
                0x00001e30        0x4 Library/sensing/gps_ublox.o
                0x00001e30                ubx_lastCFGRateMessage
 .data.rel.ubx_currentCFGSetGetRateMessage
                0x00001e34        0x4 Library/sensing/gps_ublox.o
                0x00001e34                ubx_currentCFGSetGetRateMessage
 .data.rel.ubx_lastCFGSetGetRateMessage
                0x00001e38        0x4 Library/sensing/gps_ublox.o
                0x00001e38                ubx_lastCFGSetGetRateMessage
 .data.rel.ubx_currentMONRXRMessage
                0x00001e3c        0x4 Library/sensing/gps_ublox.o
                0x00001e3c                ubx_currentMONRXRMessage
 .data.rel.ubx_lastMONRXRMessage
                0x00001e40        0x4 Library/sensing/gps_ublox.o
                0x00001e40                ubx_lastMONRXRMessage
 .data.rel.ubx_currentTimTPMessage
                0x00001e44        0x4 Library/sensing/gps_ublox.o
                0x00001e44                ubx_currentTimTPMessage
 .data.rel.ubx_lastTimTPMessage
                0x00001e48        0x4 Library/sensing/gps_ublox.o
                0x00001e48                ubx_lastTimTPMessage
 .data.rel.ubx_currentTimVRFYMessage
                0x00001e4c        0x4 Library/sensing/gps_ublox.o
                0x00001e4c                ubx_currentTimVRFYMessage
 .data.rel.ubx_lastTimVRFYMessage
                0x00001e50        0x4 Library/sensing/gps_ublox.o
                0x00001e50                ubx_lastTimVRFYMessage
 .data.numSkippedMsg
                0x00001e54        0x1 Library/sensing/gps_ublox.o
                0x00001e54                numSkippedMsg
 *fill*         0x00001e55        0x3 
 .data.vehicle_model_parameters
                0x00001e58      0x194 Library/sensing/simulation.o
 .data.rel.flashc_wait_until_ready
                0x00001fec        0x4 src/asf/avr32/drivers/flashc/flashc.o
                0x00001fec                flashc_wait_until_ready
 .data.__fdlib_version
                0x00001ff0        0x4 c:/program files/atmel/atmel toolchain/avr32 gcc/native/3.4.2.1002/avr32-gnu-toolchain/bin/../lib/gcc/avr32/4.4.7/../../../../avr32/lib/ucr3fp\libm.a(lib_a-s_lib_ver.o)
                0x00001ff0                __fdlib_version
 .data.impure_data
                0x00001ff4       0xf0 c:/program files/atmel/atmel toolchain/avr32 gcc/native/3.4.2.1002/avr32-gnu-toolchain/bin/../lib/gcc/avr32/4.4.7/../../../../avr32/lib/ucr3fp\libc.a(lib_a-impure.o)
 .data._impure_ptr
                0x000020e4        0x4 c:/program files/atmel/atmel toolchain/avr32 gcc/native/3.4.2.1002/avr32-gnu-toolchain/bin/../lib/gcc/avr32/4.4.7/../../../../avr32/lib/ucr3fp\libc.a(lib_a-impure.o)
                0x000020e4                _impure_ptr
 *(.gnu.linkonce.d.*personality*)

.data1
 *(.data1)

.balign         0x000020e8        0x0 load address 0x80035934
                0x000020e8                . = ALIGN (0x8)
                0x000020e8                _edata = .
                0x000020e8                _edata = .
                0x000020e8                PROVIDE (edata, .)
                0x000020e8                __bss_start = .

.bss            0x000020e8     0x7630 load address 0x80035934
 *(.dynbss)
 *(.bss .bss.* .gnu.linkonce.b.*)
 .bss.loop_count_orca
                0x000020e8        0x1 Library/control/orca.o
                0x000020e8                loop_count_orca
 *fill*         0x000020e9        0x3 
 .bss.centralData
                0x000020ec      0xf30 src/central_data.o
 .bss.m_mavlink_status.15813
                0x0000301c       0x40 src/mavlink_actions.o
 .bss.mavlink_out_stream
                0x0000305c        0x4 Library/communication/mavlink_stream.o
 .bss.mavlink_in_stream
                0x00003060        0x4 Library/communication/mavlink_stream.o
 .bss.m_mavlink_buffer.14345
                0x00003064      0x440 Library/communication/mavlink_stream.o
 .bss.m_mavlink_status.14338
                0x000034a4       0x40 Library/communication/mavlink_stream.o
 .bss.m_mavlink_status.14338
                0x000034e4       0x40 Library/communication/onboard_parameters.o
 .bss.sequencer_item_count
                0x00003524        0x1 Library/hal/adc_int.o
 .bss.channel_count
                0x00003525        0x1 Library/hal/adc_int.o
 *fill*         0x00003526        0x2 
 .bss.sample_counter
                0x00003528        0x4 Library/hal/adc_int.o
 .bss.oversampling_counter
                0x0000352c        0x4 Library/hal/adc_int.o
 .bss.channel_index
                0x00003530        0x4 Library/hal/adc_int.o
 .bss.number_of_samples
                0x00003534        0x4 Library/hal/adc_int.o
 .bss.oversampling
                0x00003538        0x4 Library/hal/adc_int.o
 .bss.oversampling_divider
                0x0000353c        0x4 Library/hal/adc_int.o
 .bss.adc_buffer
                0x00003540     0x4000 Library/hal/ads1274.o
 .bss.sampleCounter
                0x00007540        0x4 Library/hal/ads1274.o
 .bss.interrupt_counter
                0x00007544        0x4 Library/hal/ads1274.o
 .bss.function_generator
                0x00007548        0x4 Library/hal/ads1274.o
 .bss.acc_outputs
                0x0000754c        0xc Library/hal/adxl345_driver.o
 .bss.gyro_event
                0x00007558       0x34 Library/hal/adxl345_driver.o
 .bss.compass_outputs
                0x0000758c        0xc Library/hal/compass_hmc5883l.o
 .bss.buffer    0x00007598        0x4 Library/hal/dac_dma.o
 .bss.from      0x0000759c        0x2 Library/hal/dac_dma.o
 .bss.to        0x0000759e        0x2 Library/hal/dac_dma.o
 .bss.autoplay  0x000075a0        0x4 Library/hal/dac_dma.o
 .bss.schedule  0x000075a4      0x320 Library/hal/i2c_driver.o
 .bss.current_schedule_slot
                0x000078c4        0x4 Library/hal/i2c_driver.o
 .bss.gyro_outputs
                0x000078c8        0x8 Library/hal/itg3200_driver.o
 .bss.gyro_event
                0x000078d0       0x34 Library/hal/itg3200_driver.o
 .bss.spi_buffers
                0x00007904       0xa8 Library/hal/spi_buffered.o
 .bss.ubx_currentMessage
                0x000079ac        0x4 Library/sensing/gps_ublox.o
                0x000079ac                ubx_currentMessage
 .bss.ubx_lastMessage
                0x000079b0        0x4 Library/sensing/gps_ublox.o
                0x000079b0                ubx_lastMessage
 .bss.ubx_validMessage
                0x000079b4        0x4 Library/sensing/gps_ublox.o
                0x000079b4                ubx_validMessage
 .bss.ubx_numberOfValidPosllhMessage
                0x000079b8        0x2 Library/sensing/gps_ublox.o
                0x000079b8                ubx_numberOfValidPosllhMessage
 .bss.ubx_numberOfValidStatusMessage
                0x000079ba        0x2 Library/sensing/gps_ublox.o
                0x000079ba                ubx_numberOfValidStatusMessage
 .bss.ubx_numberOfValidSolutionMessage
                0x000079bc        0x2 Library/sensing/gps_ublox.o
                0x000079bc                ubx_numberOfValidSolutionMessage
 .bss.ubx_numberOfValidVelnedMessage
                0x000079be        0x2 Library/sensing/gps_ublox.o
                0x000079be                ubx_numberOfValidVelnedMessage
 .bss.ubx_numberOfValidSVInfoMessage
                0x000079c0        0x2 Library/sensing/gps_ublox.o
                0x000079c0                ubx_numberOfValidSVInfoMessage
 .bss.ubx_numberOfValidNavSettingsMessage
                0x000079c2        0x2 Library/sensing/gps_ublox.o
                0x000079c2                ubx_numberOfValidNavSettingsMessage
 .bss.ubx_numberOfValidCFGRateMessage
                0x000079c4        0x2 Library/sensing/gps_ublox.o
                0x000079c4                ubx_numberOfValidCFGRateMessage
 .bss.ubx_numberOfValidCFGSetGetRateMessage
                0x000079c6        0x2 Library/sensing/gps_ublox.o
                0x000079c6                ubx_numberOfValidCFGSetGetRateMessage
 .bss.ubx_numberOfValidMONRXRMessage
                0x000079c8        0x2 Library/sensing/gps_ublox.o
                0x000079c8                ubx_numberOfValidMONRXRMessage
 .bss.ubx_numberOfValidTimTPMessage
                0x000079ca        0x2 Library/sensing/gps_ublox.o
                0x000079ca                ubx_numberOfValidTimTPMessage
 .bss.ubx_numberOfValidTimVRFYMessage
                0x000079cc        0x2 Library/sensing/gps_ublox.o
                0x000079cc                ubx_numberOfValidTimVRFYMessage
 .bss.printNavOnDebug
                0x000079ce        0x1 Library/sensing/gps_ublox.o
                0x000079ce                printNavOnDebug
 .bss.loopPosllh
                0x000079cf        0x1 Library/sensing/gps_ublox.o
                0x000079cf                loopPosllh
 .bss.loopVelned
                0x000079d0        0x1 Library/sensing/gps_ublox.o
                0x000079d0                loopVelned
 .bss.loopStatus
                0x000079d1        0x1 Library/sensing/gps_ublox.o
                0x000079d1                loopStatus
 .bss.loopSolution
                0x000079d2        0x1 Library/sensing/gps_ublox.o
                0x000079d2                loopSolution
 .bss.loopTimTp
                0x000079d3        0x1 Library/sensing/gps_ublox.o
                0x000079d3                loopTimTp
 .bss.loopTimVrfy
                0x000079d4        0x1 Library/sensing/gps_ublox.o
                0x000079d4                loopTimVrfy
 *fill*         0x000079d5        0x3 
 .bss.int_loop_count
                0x000079d8        0x4 Library/sensing/mavlink_waypoint_handler.o
                0x000079d8                int_loop_count
 .bss.m_mavlink_status.14338
                0x000079dc       0x40 Library/sensing/mavlink_waypoint_handler.o
 .bss.flashc_error_status
                0x00007a1c        0x4 src/asf/avr32/drivers/flashc/flashc.o
 .bss._int_line_handler_table_0
                0x00007a20        0x4 src/asf/avr32/drivers/intc/intc.o
 .bss._int_line_handler_table_1
                0x00007a24        0x8 src/asf/avr32/drivers/intc/intc.o
 .bss._int_line_handler_table_2
                0x00007a2c        0x4 src/asf/avr32/drivers/intc/intc.o
 .bss._int_line_handler_table_3
                0x00007a30       0x10 src/asf/avr32/drivers/intc/intc.o
 .bss._int_line_handler_table_4
                0x00007a40       0x10 src/asf/avr32/drivers/intc/intc.o
 .bss._int_line_handler_table_5
                0x00007a50       0x10 src/asf/avr32/drivers/intc/intc.o
 .bss._int_line_handler_table_6
                0x00007a60       0x10 src/asf/avr32/drivers/intc/intc.o
 .bss._int_line_handler_table_7
                0x00007a70        0x4 src/asf/avr32/drivers/intc/intc.o
 .bss._int_line_handler_table_8
                0x00007a74        0x4 src/asf/avr32/drivers/intc/intc.o
 .bss._int_line_handler_table_9
                0x00007a78       0x28 src/asf/avr32/drivers/intc/intc.o
 .bss._int_line_handler_table_10
                0x00007aa0        0x4 src/asf/avr32/drivers/intc/intc.o
 .bss._int_line_handler_table_11
                0x00007aa4        0x4 src/asf/avr32/drivers/intc/intc.o
 .bss._int_line_handler_table_12
                0x00007aa8        0x4 src/asf/avr32/drivers/intc/intc.o
 .bss._int_line_handler_table_13
                0x00007aac        0x4 src/asf/avr32/drivers/intc/intc.o
 .bss._int_line_handler_table_14
                0x00007ab0       0x14 src/asf/avr32/drivers/intc/intc.o
 .bss._int_line_handler_table_15
                0x00007ac4       0x10 src/asf/avr32/drivers/intc/intc.o
 .bss._int_line_handler_table_16
                0x00007ad4       0x10 src/asf/avr32/drivers/intc/intc.o
 .bss._int_line_handler_table_17
                0x00007ae4        0x4 src/asf/avr32/drivers/intc/intc.o
 .bss._int_line_handler_table_18
                0x00007ae8       0x40 src/asf/avr32/drivers/intc/intc.o
 .bss._int_line_handler_table_19
                0x00007b28        0x4 src/asf/avr32/drivers/intc/intc.o
 .bss._int_line_handler_table_20
                0x00007b2c        0x4 src/asf/avr32/drivers/intc/intc.o
 .bss._int_line_handler_table_21
                0x00007b30        0x4 src/asf/avr32/drivers/intc/intc.o
 .bss._int_line_handler_table_22
                0x00007b34        0x4 src/asf/avr32/drivers/intc/intc.o
 .bss._int_line_handler_table_23
                0x00007b38        0x4 src/asf/avr32/drivers/intc/intc.o
 .bss._int_line_handler_table_24
                0x00007b3c        0x4 src/asf/avr32/drivers/intc/intc.o
 .bss._int_line_handler_table_25
                0x00007b40        0x4 src/asf/avr32/drivers/intc/intc.o
 .bss._int_line_handler_table_26
                0x00007b44        0x4 src/asf/avr32/drivers/intc/intc.o
 .bss._int_line_handler_table_27
                0x00007b48        0x4 src/asf/avr32/drivers/intc/intc.o
 .bss._int_line_handler_table_28
                0x00007b4c        0x4 src/asf/avr32/drivers/intc/intc.o
 .bss._int_line_handler_table_29
                0x00007b50        0x4 src/asf/avr32/drivers/intc/intc.o
 .bss._int_line_handler_table_30
                0x00007b54        0x4 src/asf/avr32/drivers/intc/intc.o
 .bss._int_line_handler_table_31
                0x00007b58        0x4 src/asf/avr32/drivers/intc/intc.o
 .bss._int_line_handler_table_32
                0x00007b5c        0x4 src/asf/avr32/drivers/intc/intc.o
 .bss._int_line_handler_table_33
                0x00007b60        0xc src/asf/avr32/drivers/intc/intc.o
 .bss._int_line_handler_table_34
                0x00007b6c        0xc src/asf/avr32/drivers/intc/intc.o
 .bss._int_line_handler_table_35
                0x00007b78        0x8 src/asf/avr32/drivers/intc/intc.o
 .bss._int_line_handler_table_36
                0x00007b80       0x18 src/asf/avr32/drivers/intc/intc.o
 .bss._int_line_handler_table_37
                0x00007b98        0x4 src/asf/avr32/drivers/intc/intc.o
 .bss._int_line_handler_table_38
                0x00007b9c        0x4 src/asf/avr32/drivers/intc/intc.o
 .bss._int_line_handler_table_39
                0x00007ba0       0x18 src/asf/avr32/drivers/intc/intc.o
 .bss._int_line_handler_table_40
                0x00007bb8       0x18 src/asf/avr32/drivers/intc/intc.o
 .bss._int_line_handler_table_41
                0x00007bd0        0x4 src/asf/avr32/drivers/intc/intc.o
 .bss._int_line_handler_table_42
                0x00007bd4        0x4 src/asf/avr32/drivers/intc/intc.o
 .bss._int_line_handler_table_43
                0x00007bd8        0x4 src/asf/avr32/drivers/intc/intc.o
 .bss._int_line_handler_table_44
                0x00007bdc        0x4 src/asf/avr32/drivers/intc/intc.o
 .bss._int_line_handler_table_45
                0x00007be0        0x4 src/asf/avr32/drivers/intc/intc.o
 .bss._int_line_handler_table_46
                0x00007be4        0x4 src/asf/avr32/drivers/intc/intc.o
 .bss.twim_inst
                0x00007be8        0x4 src/asf/avr32/drivers/twim/twim.o
 .bss.twim_tx_data
                0x00007bec        0x4 src/asf/avr32/drivers/twim/twim.o
 .bss.twim_rx_data
                0x00007bf0        0x4 src/asf/avr32/drivers/twim/twim.o
 .bss.transfer_status
                0x00007bf4        0x4 src/asf/avr32/drivers/twim/twim.o
 .bss.twim_tx_nb_bytes
                0x00007bf8        0x4 src/asf/avr32/drivers/twim/twim.o
 .bss.twim_rx_nb_bytes
                0x00007bfc        0x4 src/asf/avr32/drivers/twim/twim.o
 .bss.twim_it_mask
                0x00007c00        0x4 src/asf/avr32/drivers/twim/twim.o
 .bss.twim_package
                0x00007c04        0x4 src/asf/avr32/drivers/twim/twim.o
 .bss.twim_next