Archive member included because of file (symbol)

c:/program files/atmel/atmel toolchain/avr32 gcc/native/3.4.2.1002/avr32-gnu-toolchain/bin/../lib/gcc/avr32/4.4.7/../../../../avr32/lib/ucr3fp\libm.a(lib_a-s_cos.o)
                              Library/sensing/qfilter.o (cos)
c:/program files/atmel/atmel toolchain/avr32 gcc/native/3.4.2.1002/avr32-gnu-toolchain/bin/../lib/gcc/avr32/4.4.7/../../../../avr32/lib/ucr3fp\libm.a(lib_a-s_sin.o)
                              Library/sensing/qfilter.o (sin)
c:/program files/atmel/atmel toolchain/avr32 gcc/native/3.4.2.1002/avr32-gnu-toolchain/bin/../lib/gcc/avr32/4.4.7/../../../../avr32/lib/ucr3fp\libm.a(lib_a-w_asin.o)
                              Library/util/coord_conventions.o (asin)
c:/program files/atmel/atmel toolchain/avr32 gcc/native/3.4.2.1002/avr32-gnu-toolchain/bin/../lib/gcc/avr32/4.4.7/../../../../avr32/lib/ucr3fp\libm.a(lib_a-w_atan2.o)
                              Library/sensing/qfilter.o (atan2)
c:/program files/atmel/atmel toolchain/avr32 gcc/native/3.4.2.1002/avr32-gnu-toolchain/bin/../lib/gcc/avr32/4.4.7/../../../../avr32/lib/ucr3fp\libm.a(lib_a-w_fmod.o)
                              Library/util/quick_trig.o (fmod)
c:/program files/atmel/atmel toolchain/avr32 gcc/native/3.4.2.1002/avr32-gnu-toolchain/bin/../lib/gcc/avr32/4.4.7/../../../../avr32/lib/ucr3fp\libm.a(lib_a-w_pow.o)
                              Library/hal/bmp085.o (pow)
c:/program files/atmel/atmel toolchain/avr32 gcc/native/3.4.2.1002/avr32-gnu-toolchain/bin/../lib/gcc/avr32/4.4.7/../../../../avr32/lib/ucr3fp\libm.a(lib_a-w_sqrt.o)
                              Library/control/orca.o (sqrt)
c:/program files/atmel/atmel toolchain/avr32 gcc/native/3.4.2.1002/avr32-gnu-toolchain/bin/../lib/gcc/avr32/4.4.7/../../../../avr32/lib/ucr3fp\libm.a(lib_a-wf_acos.o)
                              Library/control/stabilisation_hybrid.o (acosf)
c:/program files/atmel/atmel toolchain/avr32 gcc/native/3.4.2.1002/avr32-gnu-toolchain/bin/../lib/gcc/avr32/4.4.7/../../../../avr32/lib/ucr3fp\libm.a(lib_a-e_asin.o)
                              c:/program files/atmel/atmel toolchain/avr32 gcc/native/3.4.2.1002/avr32-gnu-toolchain/bin/../lib/gcc/avr32/4.4.7/../../../../avr32/lib/ucr3fp\libm.a(lib_a-w_asin.o) (__ieee754_asin)
c:/program files/atmel/atmel toolchain/avr32 gcc/native/3.4.2.1002/avr32-gnu-toolchain/bin/../lib/gcc/avr32/4.4.7/../../../../avr32/lib/ucr3fp\libm.a(lib_a-e_atan2.o)
                              c:/program files/atmel/atmel toolchain/avr32 gcc/native/3.4.2.1002/avr32-gnu-toolchain/bin/../lib/gcc/avr32/4.4.7/../../../../avr32/lib/ucr3fp\libm.a(lib_a-w_atan2.o) (__ieee754_atan2)
c:/program files/atmel/atmel toolchain/avr32 gcc/native/3.4.2.1002/avr32-gnu-toolchain/bin/../lib/gcc/avr32/4.4.7/../../../../avr32/lib/ucr3fp\libm.a(lib_a-e_fmod.o)
                              c:/program files/atmel/atmel toolchain/avr32 gcc/native/3.4.2.1002/avr32-gnu-toolchain/bin/../lib/gcc/avr32/4.4.7/../../../../avr32/lib/ucr3fp\libm.a(lib_a-w_fmod.o) (__ieee754_fmod)
c:/program files/atmel/atmel toolchain/avr32 gcc/native/3.4.2.1002/avr32-gnu-toolchain/bin/../lib/gcc/avr32/4.4.7/../../../../avr32/lib/ucr3fp\libm.a(lib_a-e_pow.o)
                              c:/program files/atmel/atmel toolchain/avr32 gcc/native/3.4.2.1002/avr32-gnu-toolchain/bin/../lib/gcc/avr32/4.4.7/../../../../avr32/lib/ucr3fp\libm.a(lib_a-w_pow.o) (__ieee754_pow)
c:/program files/atmel/atmel toolchain/avr32 gcc/native/3.4.2.1002/avr32-gnu-toolchain/bin/../lib/gcc/avr32/4.4.7/../../../../avr32/lib/ucr3fp\libm.a(lib_a-e_rem_pio2.o)
                              c:/program files/atmel/atmel toolchain/avr32 gcc/native/3.4.2.1002/avr32-gnu-toolchain/bin/../lib/gcc/avr32/4.4.7/../../../../avr32/lib/ucr3fp\libm.a(lib_a-s_cos.o) (__ieee754_rem_pio2)
c:/program files/atmel/atmel toolchain/avr32 gcc/native/3.4.2.1002/avr32-gnu-toolchain/bin/../lib/gcc/avr32/4.4.7/../../../../avr32/lib/ucr3fp\libm.a(lib_a-e_sqrt.o)
                              c:/program files/atmel/atmel toolchain/avr32 gcc/native/3.4.2.1002/avr32-gnu-toolchain/bin/../lib/gcc/avr32/4.4.7/../../../../avr32/lib/ucr3fp\libm.a(lib_a-w_sqrt.o) (__ieee754_sqrt)
c:/program files/atmel/atmel toolchain/avr32 gcc/native/3.4.2.1002/avr32-gnu-toolchain/bin/../lib/gcc/avr32/4.4.7/../../../../avr32/lib/ucr3fp\libm.a(lib_a-ef_acos.o)
                              c:/program files/atmel/atmel toolchain/avr32 gcc/native/3.4.2.1002/avr32-gnu-toolchain/bin/../lib/gcc/avr32/4.4.7/../../../../avr32/lib/ucr3fp\libm.a(lib_a-wf_acos.o) (__ieee754_acosf)
c:/program files/atmel/atmel toolchain/avr32 gcc/native/3.4.2.1002/avr32-gnu-toolchain/bin/../lib/gcc/avr32/4.4.7/../../../../avr32/lib/ucr3fp\libm.a(lib_a-ef_sqrt.o)
                              c:/program files/atmel/atmel toolchain/avr32 gcc/native/3.4.2.1002/avr32-gnu-toolchain/bin/../lib/gcc/avr32/4.4.7/../../../../avr32/lib/ucr3fp\libm.a(lib_a-ef_acos.o) (__ieee754_sqrtf)
[...]
Memory Configuration

Name             Origin             Length             Attributes
FLASH            0x80000000         0x00080000         axrl !w
CPUSRAM          0x00000004         0x0000fffc         axw !rl
USERPAGE         0x80800000         0x00000200
FACTORYPAGE      0x80800200         0x00000200
FLASHVAULT_FLASH_SIZE 0x80800400         0x00000008         r
FLASHVAULT_RAM_SIZE 0x80800408         0x00000008         r
*default*        0x00000000         0xffffffff

Linker script and memory map

                0x00001000                _stack_size = 0x1000
LOAD Library/control/adaptive_parameter.o
LOAD Library/control/neighbor_selection.o
LOAD Library/control/orca.o
LOAD Library/control/pid_control.o
LOAD Library/control/stabilisation_hybrid.o
LOAD Library/hal/analog_monitor.o
LOAD Library/hal/lsm330dlc_driver.o
LOAD Library/hal/time_keeper.o
LOAD Library/sensing/estimator.o
LOAD Library/sensing/position_estimation.o
LOAD Library/sensing/qfilter.o
LOAD Library/util/quick_trig.o
LOAD src/central_data.o
LOAD src/mavlink_actions.o
LOAD src/tasks.o
LOAD Library/communication/ishtar.o
LOAD Library/communication/ishtar_stream.o
LOAD Library/communication/mavlink_stream.o
LOAD Library/communication/onboard_parameters.o
LOAD Library/control/navigation.o
LOAD Library/control/stabilisation.o
LOAD Library/hal/adc_int.o
LOAD Library/hal/ads1274.o
LOAD Library/hal/adxl345_driver.o
LOAD Library/hal/amplifiers.o
LOAD Library/hal/bmp085.o
LOAD Library/hal/compass_hmc5883l.o
LOAD Library/hal/dac_dma.o
LOAD Library/hal/i2c_driver.o
LOAD Library/hal/itg3200_driver.o
LOAD Library/hal/led.o
LOAD Library/hal/radar_module_driver.o
LOAD Library/hal/servo_pwm.o
LOAD Library/hal/remote_dsm2.o
LOAD Library/hal/spi_buffered.o
LOAD Library/hal/uart_int.o
LOAD Library/runtime/scheduler.o
LOAD Library/sensing/gps_ublox.o
LOAD Library/sensing/imu.o
LOAD Library/sensing/simulation.o
LOAD Library/sensing/mavlink_waypoint_handler.o
LOAD Library/util/buffer.o
LOAD Library/util/coord_conventions.o
LOAD Library/util/generator.o
LOAD Library/util/print_util.o
LOAD Library/util/sinus.o
LOAD src/asf/avr32/drivers/adcifa/adcifa.o
LOAD src/asf/avr32/drivers/ast/ast.o
LOAD src/asf/avr32/drivers/dacifb/dacifb.o
LOAD src/asf/avr32/drivers/eic/eic.o
LOAD src/asf/avr32/drivers/flashc/flashc.o
LOAD src/asf/avr32/drivers/gpio/gpio.o
LOAD src/asf/avr32/drivers/intc/exception.o
LOAD src/asf/avr32/drivers/intc/intc.o
LOAD src/asf/avr32/drivers/pdca/pdca.o
LOAD src/asf/avr32/drivers/pevc/pevc.o
LOAD src/asf/avr32/drivers/pm/pm_uc3c.o
LOAD src/asf/avr32/drivers/pm/power_clocks_lib.o
LOAD src/asf/avr32/drivers/pwm/pwm4.o
LOAD src/asf/avr32/drivers/scif/scif_uc3c.o
LOAD src/asf/avr32/drivers/spi/spi.o
LOAD src/asf/avr32/drivers/tc/tc.o
LOAD src/asf/avr32/drivers/twim/twim.o
LOAD src/asf/avr32/drivers/usart/usart.o
LOAD src/asf/avr32/drivers/usbc/usbc_device.o
LOAD src/asf/avr32/services/delay/delay.o
LOAD src/asf/avr32/utils/startup/startup_uc3.o
LOAD src/asf/avr32/utils/startup/trampoline_uc3.o
LOAD src/asf/common/boards/user_board/init.o
LOAD src/asf/common/services/clock/uc3c/osc.o
LOAD src/asf/common/services/clock/uc3c/pll.o
LOAD src/asf/common/services/clock/uc3c/sysclk.o
LOAD src/asf/common/services/sleepmgr/uc3/sleepmgr.o
LOAD src/asf/common/services/spi/uc3_spi/spi_master.o
LOAD src/asf/common/services/usb/class/cdc/device/udi_cdc.o
LOAD src/asf/common/services/usb/class/cdc/device/udi_cdc_desc.o
LOAD src/asf/common/services/usb/udc/udc.o
LOAD src/asf/common/utils/stdio/read.o
LOAD src/asf/common/utils/stdio/stdio_usb/stdio_usb.o
LOAD src/asf/common/utils/stdio/write.o
LOAD src/boardsupport.o
LOAD src/main.o
START GROUP
LOAD c:/program files/atmel/atmel toolchain/avr32 gcc/native/3.4.2.1002/avr32-gnu-toolchain/bin/../lib/gcc/avr32/4.4.7/../../../../avr32/lib/ucr3fp\libm.a
END GROUP
LOAD c:/program files/atmel/atmel toolchain/avr32 gcc/native/3.4.2.1002/avr32-gnu-toolchain/bin/../lib/gcc/avr32/4.4.7/ucr3fp\libgcc.a
LOAD c:/program files/atmel/atmel toolchain/avr32 gcc/native/3.4.2.1002/avr32-gnu-toolchain/bin/../lib/gcc/avr32/4.4.7/../../../../avr32/lib/ucr3fp\libc.a
LOAD c:/program files/atmel/atmel toolchain/avr32 gcc/native/3.4.2.1002/avr32-gnu-toolchain/bin/../lib/gcc/avr32/4.4.7/ucr3fp\libgcc.a
                0x80000000                PROVIDE (__executable_start, 0x80000000)
                0x80000000                . = 0x80000000

.interp
 *(.interp)

.reset          0x80000000     0x2008
 *(.reset)
 .reset         0x80000000     0x2008 src/asf/avr32/utils/startup/trampoline_uc3.o
                0x80000000                _trampoline

.hash
 *(.hash)

.dynsym
 *(.dynsym)

.dynstr
 *(.dynstr)

.gnu.version
 *(.gnu.version)

.gnu.version_d
 *(.gnu.version_d)

.gnu.version_r
 *(.gnu.version_r)

.rel.init
 *(.rel.init)

.rela.init
 *(.rela.init)

.rel.text
 *(.rel.text .rel.text.* .rel.gnu.linkonce.t.*)

.rela.text
 *(.rela.text .rela.text.* .rela.gnu.linkonce.t.*)

.rel.fini
 *(.rel.fini)

.rela.fini
 *(.rela.fini)

.rel.rodata
 *(.rel.rodata .rel.rodata.* .rel.gnu.linkonce.r.*)

.rela.rodata
 *(.rela.rodata .rela.rodata.* .rela.gnu.linkonce.r.*)

.rel.data.rel.ro
 *(.rel.data.rel.ro*)

.rela.data.rel.ro
 *(.rel.data.rel.ro*)

.rel.data
 *(.rel.data .rel.data.* .rel.gnu.linkonce.d.*)

.rela.data
 *(.rela.data .rela.data.* .rela.gnu.linkonce.d.*)

.rel.tdata
 *(.rel.tdata .rel.tdata.* .rel.gnu.linkonce.td.*)

.rela.tdata
 *(.rela.tdata .rela.tdata.* .rela.gnu.linkonce.td.*)

.rel.tbss
 *(.rel.tbss .rel.tbss.* .rel.gnu.linkonce.tb.*)

.rela.tbss
 *(.rela.tbss .rela.tbss.* .rela.gnu.linkonce.tb.*)

.rel.ctors
 *(.rel.ctors)

.rela.ctors
 *(.rela.ctors)

.rel.dtors
 *(.rel.dtors)

.rela.dtors
 *(.rela.dtors)

.rel.got
 *(.rel.got)

.rela.got       0x80002008        0x0
 *(.rela.got)
 .rela.got      0x80002008        0x0 Library/control/adaptive_parameter.o

.rel.bss
 *(.rel.bss .rel.bss.* .rel.gnu.linkonce.b.*)

.rela.bss
 *(.rela.bss .rela.bss.* .rela.gnu.linkonce.b.*)

.rel.plt
 *(.rel.plt)

.rela.plt
 *(.rela.plt)

.init
 *(.init)

.plt
 *(.plt)

.text           0x80002008    0x2fd6a
 *(.text .stub .text.* .gnu.linkonce.t.*)
 .text          0x80002008      0x838 Library/control/neighbor_selection.o
                0x80002478                init_neighbors
                0x800024cc                read_msg_from_neighbors
 .text          0x80002840     0x2888 Library/control/orca.o
                0x80002d88                init_orca
                0x80002e2c                computeNewVelocity
                0x80003824                linearProgram1
                0x80003cd8                linearProgram2
                0x80004654                linearProgram3
                0x80004940                linearProgram4
 .text          0x800050c8      0x5b4 Library/control/pid_control.o
                0x80005244                passthroughController
                0x800052c8                integrate
                0x80005330                initInt
                0x80005374                resetInt
                0x8000538e                initDiff
                0x800053ca                differentiate
                0x8000546c                pid_update
                0x80005584                pid_update_dt
 .text          0x8000567c      0xb30 Library/control/stabilisation_hybrid.o
                0x80005cc4                init_stabilisation_hybrid
                0x80005d18                cascade_stabilise_hybrid
                0x80005fb8                mix_to_servos_xwing
 .text          0x800061ac      0x1f8 Library/hal/analog_monitor.o
                0x800061ac                init_analog_monitor
                0x800061f4                trigger_analog_monitor
                0x80006218                get_monitored_avg
                0x80006294                get_battery_rail
                0x800062d8                get_internal_rail
                0x8000631c                get_6V_analog_rail
                0x80006360                get_5V_analog_rail
 .text          0x800063a4      0x100 Library/hal/time_keeper.o
                0x800063a4                init_time_keeper
                0x800063cc                get_time
                0x800063fc                get_millis
                0x80006428                get_micros
                0x80006444                get_time_ticks
                0x80006464                ticks_to_seconds
 .text          0x800064a4     0x41c8 Library/sensing/estimator.o
                0x80006574                e_init
                0x800067a0                init_pos_gps_estimator
                0x80006824                e_kalman_init
                0x800069a8                e_predict
                0x80006cb4                quat_rot
                0x80006e6a                e_kalman_predict
                0x80007b78                e_kalman_predict_hf
                0x8000810c                e_kalman_update_position
                0x80008d18                e_kalman_update_speed
                0x80009940                e_kalman_update_position_hf
                0x80009ecc                e_kalman_update_speed_hf
                0x8000a460                estimator_loop
 .text          0x8000a66c     0x1364 Library/sensing/position_estimation.o
                0x8000aab8                init_pos_integration
                0x8000ab78                init_pos_gps
                0x8000ad1e                init_barometer_offset
                0x8000adf4                position_reset_home_altitude
                0x8000afc0                position_integration
                0x8000b346                position_correction
 .text          0x8000b9d0     0x1428 Library/sensing/qfilter.o
                0x8000bf8e                qfInit
                0x8000c2e0                qfilter
 .text          0x8000cdf8      0x2d8 src/central_data.o
                0x8000cec8                initialise_central_data
                0x8000d030                get_central_data
                0x8000d048                get_telemetry_upstream
                0x8000d064                get_telemetry_downstream
                0x8000d080                get_debug_stream
                0x8000d09c                get_imu_data
                0x8000d0b4                get_control_inputs_data
 .text          0x8000d0d0     0x4044 src/mavlink_actions.o
                0x8000e8a8                mavlink_send_heartbeat
                0x8000e8ec                mavlink_send_raw_imu
                0x8000e9f0                mavlink_send_scaled_imu
                0x8000eb20                mavlink_send_rpy_rates_error
                0x8000eb70                mavlink_send_rpy_speed_thrust_setpoint
                0x8000ebc0                mavlink_send_rpy_thrust_setpoint
                0x8000ec10                mavlink_send_servo_output
                0x8000ed48                mavlink_send_attitude_quaternion
                0x8000edc4                mavlink_send_attitude
                0x8000ee4c                mavlink_send_global_position
                0x8000eff0                mavlink_send_hud
                0x8000f14c                mavlink_send_gps_raw
                0x8000f368                mavlink_send_pressure
                0x8000f464                mavlink_send_radar
                0x8000f4cc                mavlink_send_estimator
                0x8000f594                mavlink_send_kalman_estimator
                0x8000f710                mavlink_send_raw_rc_channels
                0x8000f80c                mavlink_send_scaled_rc_channels
                0x8000faf6                mavlink_send_simulation
                0x8000fed4                send_rt_stats
                0x80010304                add_PID_parameters
                0x800106e4                control_waypoint_timeout
                0x8001071c                handle_specific_messages
                0x80010a64                receive_message_long
                0x80010f3c                init_mavlink_actions
 .text          0x80011114     0x105c src/tasks.o
                0x800113f6                get_main_taskset
                0x80011410                run_imu_update
                0x8001145c                rc_user_channels
                0x80011604                set_mav_mode_n_state
                0x800119ac                run_stabilisation
                0x80011d70                gps_task
                0x80011dc0                run_estimator
                0x80011dd8                run_navigation_task
                0x80012004                run_barometer
                0x800120c4                create_tasks
 .text          0x80012170      0xf00 Library/communication/mavlink_stream.o
                0x80012ad0                comm_send_ch
                0x80012b52                mavlink_receive_handler
                0x80012bd0                init_mavlink
                0x80012c68                flush_mavlink
                0x80012c9c                mavlink_protocol_update
                0x80012cf4                get_mavlink_taskset
                0x80012d0c                suspend_downstream
                0x80012d6c                mavlink_receive
                0x80012e30                handle_mavlink_message
 .text          0x80013070     0x12a4 Library/communication/onboard_parameters.o
                0x80013748                init_onboard_parameters
                0x80013778                add_parameter_uint8
                0x8001385c                add_parameter_uint32
                0x80013940                add_parameter_int32
                0x80013a24                add_parameter_float
                0x80013b08                send_all_parameters
                0x80013b5c                send_all_parameters_now
                0x80013c1c                send_scheduled_parameters
                0x80013cfc                send_parameter
                0x80013e50                receive_parameter
                0x8001405e                read_parameters_from_flashc
                0x800141e4                write_parameters_to_flashc
 .text          0x80014314      0xb80 Library/control/navigation.o
                0x800147ec                init_nav
                0x80014848                run_navigation
                0x8001489c                set_rel_pos_n_dist2wp
                0x80014924                set_speed_command
                0x80014c20                low_speed_nav
                0x80014dec                high_speed_nav
 .text          0x80014e94      0x128 Library/control/stabilisation.o
                0x80014f18                stabilise
 .text          0x80014fbc      0x56c Library/hal/adc_int.o
                0x800151ac                Init_ADCI
                0x8001529c                clear_adc_sequencer
                0x800152c8                adc_sequencer_add
                0x800153a0                ADCI_Start_Sampling
                0x80015460                ADCI_Stop_Sampling
                0x80015480                ADCI_Sampling_Complete
                0x800154a8                ADCI_get_sample
                0x800154f0                ADCI_get_buffer
                0x8001550c                ADCI_get_sampling_status
 .text          0x80015528      0x464 Library/hal/ads1274.o
                0x80015624                get_interrupt_counter
                0x80015640                processData
                0x80015744                set_DAC_generator_function
                0x80015768                get_sample
                0x800157a4                get_sampling_status
                0x800157c0                Init_ADC
                0x800158ac                ADC_Switch_Clock
                0x8001590c                ADC_Switch_Channel
                0x80015924                ADC_Set_Mode
                0x80015936                ADC_Start_Oneshot
                0x80015950                ADC_Stop_Sampling
                0x8001595a                Sampling_Complete
                0x80015964                eic_nmi_handler
 .text          0x8001598c      0x170 Library/hal/adxl345_driver.o
                0x80015a10                init_adxl345_slow
                0x80015a54                get_acc_data_slow
 .text          0x80015afc      0xa98 Library/hal/bmp085.o
                0x80015ccc                bmp085_read_int
                0x80015d14                init_bmp085
                0x80015dc6                init_bmp085_slow
                0x80015f1c                get_pressure_data_slow
                0x80016554                newValidBarometer
 .text          0x80016594       0xb4 Library/hal/compass_hmc5883l.o
                0x80016594                init_hmc5883_slow
                0x800165c4                get_compass_data_slow
 .text          0x80016648      0x3b4 Library/hal/dac_dma.o
                0x8001673c                init_pevc
                0x80016774                init_gclk
                0x800167ce                Init_DAC
                0x800168a4                DAC_load_buffer
                0x80016958                DAC_play
                0x800169b4                DAC_pause
                0x800169be                DAC_resume
                0x800169c8                DAC_is_finished
                0x800169d6                DAC_set_value
 .text          0x800169fc      0x7f4 Library/hal/i2c_driver.o
                0x80016bcc                init_i2c
                0x80016d04                i2c_reset
                0x80016d98                i2c_add_request
                0x80016ea0                i2c_change_request
                0x80016f5a                i2c_trigger_request
                0x80017198                i2c_pause_request
                0x800171b2                i2c_enable_request
                0x800171d0                i2c_remove_request
 .text          0x800171f0       0xfc Library/hal/itg3200_driver.o
                0x80017274                init_itg3200_slow
                0x800172a4                get_gyro_data_slow
 .text          0x800172ec      0x500 Library/hal/led.o
                0x800172ec                LED_Read_Display
                0x80017308                LED_Display
                0x800173b8                LED_Read_Display_Mask
                0x800173e4                LED_Display_Mask
                0x800174ec                LED_Test
                0x8001751c                LED_Off
                0x800175d4                LED_On
                0x80017690                LED_Toggle
                0x80017748                LED_Read_Display_Field
                0x80017780                LED_Display_Field
                0x800177bc                LED_Get_Intensity
                0x800177d2                LED_Set_Intensity
 .text          0x800177ec      0x144 Library/hal/radar_module_driver.o
                0x80017870                init_radar_modules
                0x80017892                read_radar
                0x80017918                get_radar_main_target
 .text          0x80017930      0x258 Library/hal/servo_pwm.o
                0x80017930                init_Servos
                0x80017a68                set_servo
                0x80017b22                set_servos
 .text          0x80017b88      0x598 Library/hal/remote_dsm2.o
                0x80017dbc                rc_init
                0x80017e6c                rc_get_channel
                0x80017ea4                rc_get_channel_neutral
                0x80017f3c                rc_center_channel
                0x80017f70                checkReceiver1
                0x80018050                checkReceiver2
                0x80018100                rc_check_receivers
 .text          0x80018120      0xda8 Library/hal/spi_buffered.o
                0x80018324                get_spi_in_buffer
                0x80018354                spi0_int_handler
                0x80018370                spi1_int_handler
                0x80018400                initSPI
                0x80018590                enableSPI
                0x800185c4                disableSPI
                0x800185f8                spiInitDMA
                0x80018674                spiTriggerDMA
                0x80018720                setSPIcallBack
                0x80018758                pauseSPI
                0x8001878c                resumeSPI
                0x800187c8                activateReceiveSPI
                0x800187fc                deactivateReceiveSPI
                0x80018830                getTraffic
                0x80018864                readSPI
                0x8001891c                clearSPIReadBuffer
                0x80018960                writeSPI
                0x80018a18                SPItransmit
                0x80018b7c                startSPI
                0x80018c44                SPITransferFinished
                0x80018c94                SPIFlushBuffer
                0x80018cec                SPIBytesAvailable
                0x80018d44                spi_handler
 .text          0x80018ec8      0x8f0 Library/hal/uart_int.o
                0x800193c4                register_UART_handler
                0x80019464                init_UART_int
                0x800195f4                uart_int_get_byte
                0x80019620                uart_int_bytes_available
                0x8001964c                uart_int_send_byte
                0x800196ac                uart_int_flush
                0x800196e4                uart_out_buffer_empty
                0x80019714                get_UART_handle
                0x80019744                register_write_stream
                0x80019794                register_read_stream
 .text          0x800197b8      0xac0 Library/runtime/scheduler.o
                0x800197b8                init_scheduler
                0x80019834                register_task
                0x800199bc                add_task
                0x80019a7c                sort_taskset_by_period
                0x80019cea                run_scheduler_update
                0x8001a100                get_task_by_id
                0x8001a184                get_task_by_index
                0x8001a1ca                change_run_mode
                0x8001a1ea                change_task_period
                0x8001a224                suspend_task
                0x8001a254                run_task_now
 .text          0x8001a278     0x29f0 Library/sensing/gps_ublox.o
                0x8001a348                init_gps_ubx
                0x8001a646                ubx_read
                0x8001b61e                ubx_process_data
                0x8001c110                update_checksum
                0x8001c18a                endian_lower_bytes_uint16
                0x8001c1a6                endian_higher_bytes_uint16
                0x8001c1c6                ubx_send_header
                0x8001c2ac                ubx_send_cksum
                0x8001c300                ubx_send_message
                0x8001c3e0                ubx_send_message_CFG_nav_rate
                0x8001c560                ubx_send_message_nav_settings
                0x8001c63c                ubx_configure_message_rate
                0x8001c76e                configure_gps
                0x8001c810                gps_update
                0x8001ca24                newValidGpsMsg
                0x8001ca7c                ubx_GetPosllh
                0x8001caa4                ubx_GetStatus
                0x8001cacc                ubx_GetSolution
                0x8001caf4                ubx_GetVelned
                0x8001cb1c                ubx_GetSVInfo
                0x8001cb44                ubx_GetNavSettings
                0x8001cb6c                ubx_GetMsgRate
                0x8001cb94                ubx_GetMonRXR
                0x8001cbbc                ubx_GetTimTP
                0x8001cbe4                ubx_GetTimVRFY
                0x8001cc0c                ToRad
 .text          0x8001cc68      0x548 Library/sensing/imu.o
                0x8001ccec                init_imu
                0x8001ce44                imu_get_raw_data
                0x8001cf28                calibrate_Gyros
                0x8001d0d4                imu_update
 .text          0x8001d1b0     0x1a88 Library/sensing/simulation.o
                0x8001d890                init_simulation
                0x8001db2c                forces_from_servos_diag_quad
                0x8001df8c                forces_from_servos_cross_quad
                0x8001dfa2                simu_update
                0x8001eb28                simulate_barometer
                0x8001eb80                simulate_gps
 .text          0x8001ec38     0x3408 Library/sensing/mavlink_waypoint_handler.o
                0x8001fc1c                init_waypoint_handler
                0x8001fcb4                init_wp
                0x8001ffda                init_waypoint_list
                0x80020318                send_count
                0x80020406                send_waypoint
                0x800206a8                receive_ack_msg
                0x80020766                receive_count
                0x80020956                receive_waypoint
                0x80020c98                set_current_wp
                0x80020db8                clear_waypoint_list
                0x80020e60                set_mav_mode
                0x8002102c                control_time_out_waypoint_msg
                0x80021186                set_waypoint_from_frame
                0x8002179c                wp_hold_init
                0x80021908                waypoint_hold_position_handler
                0x80021986                waypoint_navigation_handler
                0x80021e14                waypoint_critical_handler
 .text          0x80022040      0x318 Library/util/buffer.o
                0x80022040                buffer_full
                0x8002206e                buffer_put_lossy
                0x80022108                buffer_put
                0x80022198                buffer_get
                0x800221fe                buffer_empty
                0x80022228                buffer_bytes_available
                0x80022258                buffer_init
                0x80022288                buffer_clear
                0x800222b8                make_buffered_stream
                0x80022308                make_buffered_stream_lossy
 .text          0x80022358      0x594 Library/util/coord_conventions.o
                0x800223dc                local_to_global_position
                0x8002254c                global_to_local_position
                0x8002271c                Quat_to_Aero
                0x80022868                get_yaw
 .text          0x800228ec      0x69c Library/util/print_util.o
                0x80022970                dbg_print_init
                0x80022994                putstring
                0x800229f4                putdigit
                0x80022a5c                putnum
                0x80022b4c                putnum_tight
                0x80022c2e                putfloat
                0x80022d38                print_vector
                0x80022dc4                print_quaternion
                0x80022e34                dbg_print
                0x80022e60                dbg_print_num
                0x80022e98                dbg_putfloat
                0x80022ecc                dbg_print_vector
                0x80022f00                dbg_print_quaternion
                0x80022f36                dbg_log_value
 .text          0x80022f88      0x938 src/asf/avr32/drivers/adcifa/adcifa.o
                0x80022f88                adcifa_get_calibration_data
                0x8002301c                adcifa_configure
                0x8002315c                adcifa_configure_sequencer
                0x80023554                adcifa_configure_window_monitor
                0x80023668                adcifa_start_sequencer
                0x800236ac                adcifa_check_eoc
                0x800236f6                adcifa_check_eos
                0x8002373e                adcifa_get_values_from_sequencer
                0x80023818                adcifa_start_itimer
                0x80023842                adcifa_stop_itimer
                0x8002385c                adcifa_enable_interrupt
                0x8002387e                adcifa_disable_interrupt
                0x800238a0                adcifa_clear_interrupt
 .text          0x800238c0      0x4c0 src/asf/avr32/drivers/ast/ast.o
                0x80023900                ast_init_calendar
                0x80023974                ast_init_counter
                0x800239d0                ast_enable
                0x80023a14                ast_set_calendar_value
                0x80023a58                ast_set_counter_value
                0x80023a98                ast_get_calendar_value
                0x80023aba                ast_get_counter_value
                0x80023ad4                ast_set_alarm0_value
                0x80023af4                ast_set_alarm1_value
                0x80023b14                ast_enable_alarm0
                0x80023b58                ast_disable_alarm0
                0x80023b9c                ast_enable_alarm1
                0x80023be0                ast_disable_alarm1
                0x80023c24                ast_set_periodic0_value
                0x80023c44                ast_set_periodic1_value
                0x80023c64                ast_enable_periodic0
                0x80023ca8                ast_disable_periodic0
                0x80023cf0                ast_enable_periodic1
                0x80023d38                ast_disable_periodic1
 .text          0x80023d80      0x8c0 src/asf/avr32/drivers/dacifb/dacifb.o
                0x80023edc                dacifb_get_calibration_data
                0x80023f72                dacifb_configure
                0x800240c0                dacifb_configure_channel
                0x8002449a                dacifb_start_channel
                0x80024510                dacifb_check_eoc
                0x80024532                dacifb_set_value
                0x800245a2                dacifb_reload_timer
 .text          0x80024640      0x52c src/asf/avr32/drivers/eic/eic.o
                0x80024678                eic_init
                0x800248f6                eic_enable_lines
                0x80024916                eic_enable_line
                0x8002493e                eic_disable_lines
                0x8002495e                eic_disable_line
                0x80024986                eic_is_line_enabled
                0x800249b6                eic_enable_interrupt_lines
                0x800249d6                eic_enable_interrupt_line
                0x800249fe                eic_disable_interrupt_lines
                0x80024a3c                eic_disable_interrupt_line
                0x80024a84                eic_is_interrupt_line_enabled
                0x80024ab4                eic_clear_interrupt_lines
                0x80024af4                eic_clear_interrupt_line
                0x80024b3c                eic_is_interrupt_line_pending
 .text          0x80024b6c     0x1bbc src/asf/avr32/drivers/flashc/flashc.o
                0x80024b6c                flashc_get_flash_size
                0x80024b94                flashc_get_page_count
                0x80024bb0                flashc_get_page_count_per_region
                0x80024bcc                flashc_get_page_region
                0x80024c08                flashc_get_region_first_page_number
                0x80024c34                flashc_get_wait_state
                0x80024c4c                flashc_set_wait_state
                0x80024c92                flashc_set_bus_freq
                0x80024ccc                flashc_is_ready_int_enabled
                0x80024ce4                flashc_enable_ready_int
                0x80024d22                flashc_is_lock_error_int_enabled
                0x80024d3c                flashc_enable_lock_error_int
                0x80024d7a                flashc_is_prog_error_int_enabled
                0x80024d94                flashc_enable_prog_error_int
                0x80024dd2                flashc_is_ready
                0x80024dea                flashc_default_wait_until_ready
                0x80024e22                flashc_is_lock_error
                0x80024e44                flashc_is_programming_error
                0x80024e68                flashc_get_command
                0x80024e7e                flashc_get_page_number
                0x80024e9a                flashc_issue_command
                0x80024f24                flashc_no_operation
                0x80024f40                flashc_erase_all
                0x80024f5c                flashc_is_security_bit_active
                0x80024f76                flashc_activate_security_bit
                0x80024f90                flashc_get_bootloader_protected_size
                0x80024fd4                flashc_set_bootloader_protected_size
                0x80025070                flashc_is_external_privileged_fetch_locked
                0x80025094                flashc_lock_external_privileged_fetch
                0x800250c4                flashc_is_page_region_locked
                0x800250f4                flashc_is_region_locked
                0x80025126                flashc_lock_page_region
                0x80025164                flashc_lock_region
                0x8002519c                flashc_lock_all_regions
                0x80025204                flashc_read_gp_fuse_bit
                0x80025268                flashc_read_gp_fuse_bitfield
                0x80025338                flashc_read_gp_fuse_byte
                0x8002539c                flashc_read_all_gp_fuses
                0x800253d0                flashc_erase_gp_fuse_bit
                0x8002541c                flashc_erase_gp_fuse_bitfield
                0x80025534                flashc_erase_gp_fuse_byte
                0x80025608                flashc_erase_all_gp_fuses
                0x80025650                flashc_write_gp_fuse_bit
                0x8002568c                flashc_write_gp_fuse_bitfield
                0x8002575c                flashc_write_gp_fuse_byte
                0x80025798                flashc_write_all_gp_fuses
                0x8002581c                flashc_set_gp_fuse_bit
                0x80025860                flashc_set_gp_fuse_bitfield
                0x80025930                flashc_set_gp_fuse_byte
                0x800259ac                flashc_set_all_gp_fuses
                0x80025a18                flashc_clear_page_buffer
                0x80025a34                flashc_is_page_erased
                0x80025a4e                flashc_quick_page_read
                0x80025a7c                flashc_erase_page
                0x80025ae8                flashc_erase_all_pages
                0x80025b70                flashc_write_page
                0x80025b94                flashc_quick_user_page_read
                0x80025bb8                flashc_erase_user_page
                0x80025bf4                flashc_write_user_page
                0x80025c10                flashc_memset8
                0x80025c64                flashc_memset16
                0x80025cb4                flashc_memset32
                0x80025d14                flashc_memset64
                0x80026134                flashc_memcpy
                0x800266c0                flashc_set_flash_waitstate_and_readmode
 .text          0x80026728     0x10d0 src/asf/avr32/drivers/gpio/gpio.o
                0x80026728                gpio_enable_module
                0x800267a0                gpio_enable_module_pin
                0x80026a40                gpio_enable_gpio
                0x80026a94                gpio_enable_gpio_pin
                0x80026ae4                gpio_enable_pin_pull_up
                0x80026b36                gpio_disable_pin_pull_up
                0x80026b70                gpio_enable_pin_pull_down
                0x80026bc2                gpio_disable_pin_pull_down
                0x80026bfc                gpio_enable_pin_buskeeper
                0x80026c4e                gpio_disable_pin_buskeeper
                0x80026ca0                gpio_configure_pin
                0x80026f7a                gpio_configure_group
                0x80027142                gpio_get_pin_value
                0x8002717c                gpio_get_gpio_pin_output_value
                0x800271b6                gpio_get_gpio_open_drain_pin_output_value
                0x800271f2                gpio_set_gpio_pin
                0x8002725a                gpio_set_pin_high
                0x80027294                gpio_set_group_high
                0x800272c4                gpio_set_pin_low
                0x800272fe                gpio_clr_gpio_pin
                0x80027366                gpio_set_group_low
                0x80027396                gpio_tgl_gpio_pin
                0x800273fe                gpio_toggle_pin
                0x80027438                gpio_toggle_group
                0x80027468                gpio_set_gpio_open_drain_pin
                0x800274b8                gpio_clr_gpio_open_drain_pin
                0x80027520                gpio_tgl_gpio_open_drain_pin
                0x80027588                gpio_enable_pin_glitch_filter
                0x800275c2                gpio_disable_pin_glitch_filter
                0x800276d0                gpio_enable_pin_interrupt
                0x80027748                gpio_disable_pin_interrupt
                0x80027782                gpio_get_pin_interrupt_flag
                0x800277be                gpio_clear_pin_interrupt_flag
 .text          0x800277f8      0x194 src/asf/avr32/drivers/intc/intc.o
                0x80027800                _get_interrupt_handler
                0x80027890                INTC_init_interrupts
                0x80027920                INTC_register_interrupt
 .text          0x8002798c      0x5f4 src/asf/avr32/drivers/pdca/pdca.o
                0x800279ac                pdca_get_handler
                0x800279e0                pdca_init_channel
                0x80027ab4                pdca_get_channel_status
                0x80027ae8                pdca_disable
                0x80027b18                pdca_enable
                0x80027b48                pdca_get_load_size
                0x80027b78                pdca_load_channel
                0x80027bf8                pdca_get_reload_size
                0x80027c28                pdca_reload_channel
                0x80027ca8                pdca_set_peripheral_select
                0x80027ce0                pdca_set_transfer_size
                0x80027d24                pdca_disable_event_trigger
                0x80027d5c                pdca_enable_event_trigger
                0x80027d94                pdca_disable_interrupt_transfer_error
                0x80027df8                pdca_enable_interrupt_transfer_error
                0x80027e28                pdca_disable_interrupt_transfer_complete
                0x80027e8c                pdca_enable_interrupt_transfer_complete
                0x80027ebc                pdca_disable_interrupt_reload_counter_zero
                0x80027f20                pdca_enable_interrupt_reload_counter_zero
                0x80027f50                pdca_get_transfer_status
 .text          0x80027f80      0x688 src/asf/avr32/drivers/pevc/pevc.o
                0x80027f80                pevc_channel_configure
                0x8002807e                pevc_igfd_set
                0x800280a4                pevc_channels_enable
                0x800280e4                pevc_channels_disable
                0x80028124                pevc_get_channel_status
                0x8002818e                pevc_get_channel_state
                0x800281f8                pevc_channel_sev_enable
                0x8002822a                pevc_channels_trigger_sev
                0x8002826e                pevc_channel_sev_disable
                0x800282a0                pevc_channels_enable_trigger_interrupt
                0x800282e4                pevc_channels_disable_trigger_interrupt
                0x80028328                pevc_channel_is_trigger_interrupt_enabled
                0x80028396                pevc_channel_is_trigger_interrupt_raised
                0x80028400                pevc_channel_clear_trigger_interrupt
                0x80028452                pevc_channels_enable_overrun_interrupt
                0x80028496                pevc_channels_disable_overrun_interrupt
                0x800284da                pevc_channel_is_overrun_interrupt_enabled
                0x80028548                pevc_channel_is_overrun_interrupt_raised
                0x800285b6                pevc_channel_clear_overrun_interrupt
 .text          0x80028608      0xfe0 src/asf/avr32/drivers/scif/scif_uc3c.o
                0x8002866e                scif_read_gplp
                0x80028690                scif_write_gplp
                0x800286ca                scif_start_osc
                0x80028804                scif_is_osc_ready
                0x8002883e                scif_stop_osc
                0x800288bc                scif_configure_osc_crystalmode
                0x80028a18                scif_configure_osc_extmode
                0x80028ab8                scif_enable_osc
                0x80028ba4                scif_enable_extosc
                0x80028c44                scif_pll_setup
                0x80028da0                scif_pll_enable
                0x80028e40                scif_pll_disable
                0x80028ee0                scif_wait_for_pll_locked
                0x80028f18                scif_start_osc32
                0x80028fe0                scif_stop_osc32
                0x80029048                scif_start_rc8M
                0x800290ac                scif_stop_rc8M
                0x80029110                scif_start_rc120M
                0x8002915c                scif_stop_rc120M
                0x800291c0                scif_start_gclk
                0x80029230                scif_stop_gclk
                0x8002929a                scif_gc_setup
                0x80029360                scif_gc_enable
                0x800293a8                scif_bod18_enable_irq
                0x800293ba                scif_bod18_disable_irq
                0x8002940c                scif_bod18_clear_irq
                0x8002941e                scif_bod18_get_irq_status
                0x80029436                scif_bod18_get_irq_enable_bit
                0x8002944e                scif_bod18_get_level
                0x80029464                scif_bod33_enable_irq
                0x80029478                scif_bod33_disable_irq
                0x800294cc                scif_bod33_clear_irq
                0x800294e0                scif_bod33_get_irq_status
                0x800294f8                scif_bod33_get_irq_enable_bit
                0x80029510                scif_bod33_get_level
                0x80029526                scif_bod50_enable_irq
                0x8002953a                scif_bod50_disable_irq
                0x8002958c                scif_bod50_clear_irq
                0x800295a0                scif_bod50_get_irq_status
                0x800295b8                scif_bod50_get_irq_enable_bit
                0x800295d0                scif_bod50_get_level
 .text          0x800295e8      0x730 src/asf/avr32/drivers/spi/spi.o
                0x800295e8                getBaudDiv
                0x8002963c                spi_initSlave
                0x800296c6                spi_initTest
                0x800296f8                spi_initMaster
                0x8002978c                spi_selectionMode
                0x80029820                spi_selectChip
                0x800298b8                spi_unselectChip
                0x80029922                spi_setupChipReg
                0x80029aac                spi_enable
                0x80029ac6                spi_disable
                0x80029ae0                spi_is_enabled
                0x80029b00                spi_writeRegisterEmptyCheck
                0x80029b20                spi_write
                0x80029b78                spi_variableSlaveWrite
                0x80029c10                spi_writeEndCheck
                0x80029c30                spi_readRegisterFullCheck
                0x80029c50                spi_read
                0x80029cae                spi_getStatus
 .text          0x80029d18      0xeb0 src/asf/avr32/drivers/twim/twim.o
                0x8002a048                twim_set_speed
                0x8002a0f0                twim_master_init
                0x8002a1fc                twim_disable_interrupt
                0x8002a244                twim_probe
                0x8002a280                twim_read_packet
                0x8002a428                twim_read
                0x8002a564                twim_write_packet
                0x8002a734                twim_write
                0x8002a83c                twim_chained_transfer
                0x8002ab94                twim_status
 .text          0x8002abc8     0x1154 src/asf/avr32/drivers/usart/usart.o
                0x8002ae5c                usart_reset
                0x8002aed0                usart_init_rs232
                0x8002b03c                usart_init_rs232_tx_only
                0x8002b1b8                usart_init_hw_handshaking
                0x8002b20c                usart_init_modem
                0x8002b264                usart_init_sync_master
                0x8002b3e8                usart_init_sync_slave
                0x8002b558                usart_init_rs485
                0x8002b5ac                usart_init_IrDA
                0x8002b61c                usart_init_iso7816
                0x8002b738                usart_init_lin_master
                0x8002b79c                usart_init_lin_slave
                0x8002b800                usart_init_spi_master
                0x8002b91c                usart_init_spi_slave
                0x8002ba24                usart_spi_selectChip
                0x8002ba44                usart_spi_unselectChip
                0x8002baa0                usart_send_address
                0x8002bb10                usart_write_char
                0x8002bb54                usart_putchar
                0x8002bbac                usart_read_char
                0x8002bbfe                usart_getchar
                0x8002bc48                usart_write_line
                0x8002bc98                usart_get_echo_line
 .text          0x8002bd1c      0x17c src/asf/avr32/services/delay/delay.o
                0x8002bd1c                delay_init
                0x8002bd40                delay_ms
 .text._stext   0x8002be98       0x4c src/asf/avr32/utils/startup/startup_uc3.o
                                 0x50 (size before relaxing)
                0x8002be98                _stext
 .text          0x8002bee4       0x24 src/asf/common/boards/user_board/init.o
                0x8002bee4                board_init
 .text          0x8002bf08      0x274 src/asf/common/services/clock/uc3c/osc.o
                0x8002bf40                osc_priv_enable_osc0
                0x8002bf7c                osc_priv_disable_osc0
                0x8002bfb4                osc_priv_enable_osc32
                0x8002bff0                osc_priv_disable_osc32
                0x8002c02c                osc_priv_enable_rc8m
                0x8002c0ac                osc_priv_disable_rc8m
                0x8002c104                osc_priv_enable_rc120m
                0x8002c140                osc_priv_disable_rc120m
 .text          0x8002c17c      0x12c src/asf/common/services/clock/uc3c/pll.o
                0x8002c1b4                pll_config_write
                0x8002c208                pll_enable
                0x8002c25c                pll_disable
 .text          0x8002c2a8      0x7a4 src/asf/common/services/clock/uc3c/sysclk.o
                0x8002c708                sysclk_priv_enable_module
                0x8002c788                sysclk_priv_disable_module
                0x8002c80c                sysclk_set_prescalers
                0x8002c914                sysclk_set_source
                0x8002c958                sysclk_enable_usb
                0x8002c9bc                sysclk_disable_usb
                0x8002c9d4                sysclk_init
 .text          0x8002ca4c      0x768 src/asf/common/services/spi/uc3_spi/spi_master.o
                0x8002cf80                spi_master_setup_device
                0x8002d028                spi_read_packet
                0x8002d10c                spi_write_packet
 .text          0x8002d1b4      0x3ac src/boardsupport.o
                0x8002d37c                initialise_board
 .text          0x8002d560      0x2b0 src/main.o
                0x8002d64a                initialisation
                0x8002d7dc                main
 .text.cos      0x8002d810       0x8c c:/program files/atmel/atmel toolchain/avr32 gcc/native/3.4.2.1002/avr32-gnu-toolchain/bin/../lib/gcc/avr32/4.4.7/../../../../avr32/lib/ucr3fp\libm.a(lib_a-s_cos.o)
                                 0x9c (size before relaxing)
                0x8002d810                cos
 .text.sin      0x8002d89c       0x90 c:/program files/atmel/atmel toolchain/avr32 gcc/native/3.4.2.1002/avr32-gnu-toolchain/bin/../lib/gcc/avr32/4.4.7/../../../../avr32/lib/ucr3fp\libm.a(lib_a-s_sin.o)
                                 0xa0 (size before relaxing)
                0x8002d89c                sin
 .text.asin     0x8002d92c       0x94 c:/program files/atmel/atmel toolchain/avr32 gcc/native/3.4.2.1002/avr32-gnu-toolchain/bin/../lib/gcc/avr32/4.4.7/../../../../avr32/lib/ucr3fp\libm.a(lib_a-w_asin.o)
                                 0xb0 (size before relaxing)
                0x8002d92c                asin
 .text.atan2    0x8002d9c0        0x8 c:/program files/atmel/atmel toolchain/avr32 gcc/native/3.4.2.1002/avr32-gnu-toolchain/bin/../lib/gcc/avr32/4.4.7/../../../../avr32/lib/ucr3fp\libm.a(lib_a-w_atan2.o)
                                  0xc (size before relaxing)
                0x8002d9c0                atan2
 .text.pow      0x8002d9c8      0x2b8 c:/program files/atmel/atmel toolchain/avr32 gcc/native/3.4.2.1002/avr32-gnu-toolchain/bin/../lib/gcc/avr32/4.4.7/../../../../avr32/lib/ucr3fp\libm.a(lib_a-w_pow.o)
                                0x300 (size before relaxing)
                0x8002d9c8                pow
 .text.sqrt     0x8002dc80       0x9c c:/program files/atmel/atmel toolchain/avr32 gcc/native/3.4.2.1002/avr32-gnu-toolchain/bin/../lib/gcc/avr32/4.4.7/../../../../avr32/lib/ucr3fp\libm.a(lib_a-w_sqrt.o)
                                 0xb4 (size before relaxing)
                0x8002dc80                sqrt
 .text.acosf    0x8002dd1c       0x94 c:/program files/atmel/atmel toolchain/avr32 gcc/native/3.4.2.1002/avr32-gnu-toolchain/bin/../lib/gcc/avr32/4.4.7/../../../../avr32/lib/ucr3fp\libm.a(lib_a-wf_acos.o)
                                 0xb8 (size before relaxing)
                0x8002dd1c                acosf
 .text.__ieee754_asin
                0x8002ddb0      0x4f0 c:/program files/atmel/atmel toolchain/avr32 gcc/native/3.4.2.1002/avr32-gnu-toolchain/bin/../lib/gcc/avr32/4.4.7/../../../../avr32/lib/ucr3fp\libm.a(lib_a-e_asin.o)
                                0x50c (size before relaxing)
                0x8002ddb0                __ieee754_asin
 .text.__ieee754_atan2
                0x8002e2a0      0x22c c:/program files/atmel/atmel toolchain/avr32 gcc/native/3.4.2.1002/avr32-gnu-toolchain/bin/../lib/gcc/avr32/4.4.7/../../../../avr32/lib/ucr3fp\libm.a(lib_a-e_atan2.o)
                                0x240 (size before relaxing)
                0x8002e2a0                __ieee754_atan2
 .text.__ieee754_pow
                0x8002e4cc      0xaa4 c:/program files/atmel/atmel toolchain/avr32 gcc/native/3.4.2.1002/avr32-gnu-toolchain/bin/../lib/gcc/avr32/4.4.7/../../../../avr32/lib/ucr3fp\libm.a(lib_a-e_pow.o)
                                0xaf0 (size before relaxing)
                0x8002e4cc                __ieee754_pow
 .text.__ieee754_rem_pio2
                0x8002ef70      0x470 c:/program files/atmel/atmel toolchain/avr32 gcc/native/3.4.2.1002/avr32-gnu-toolchain/bin/../lib/gcc/avr32/4.4.7/../../../../avr32/lib/ucr3fp\libm.a(lib_a-e_rem_pio2.o)
                                0x4a0 (size before relaxing)
                0x8002ef70                __ieee754_rem_pio2
 .text.__ieee754_sqrt
                0x8002f3e0      0x18c c:/program files/atmel/atmel toolchain/avr32 gcc/native/3.4.2.1002/avr32-gnu-toolchain/bin/../lib/gcc/avr32/4.4.7/../../../../avr32/lib/ucr3fp\libm.a(lib_a-e_sqrt.o)
                                0x19c (size before relaxing)
                0x8002f3e0                __ieee754_sqrt
 .text.__ieee754_acosf
                0x8002f56c      0x3a8 c:/program files/atmel/atmel toolchain/avr32 gcc/native/3.4.2.1002/avr32-gnu-toolchain/bin/../lib/gcc/avr32/4.4.7/../../../../avr32/lib/ucr3fp\libm.a(lib_a-ef_acos.o)
                                0x3c0 (size before relaxing)
                0x8002f56c                __ieee754_acosf
 .text.__ieee754_sqrtf
                0x8002f914       0xc4 c:/program files/atmel/atmel toolchain/avr32 gcc/native/3.4.2.1002/avr32-gnu-toolchain/bin/../lib/gcc/avr32/4.4.7/../../../../avr32/lib/ucr3fp\libm.a(lib_a-ef_sqrt.o)
                                 0xd4 (size before relaxing)
                0x8002f914                __ieee754_sqrtf
 .text.__kernel_cos
                0x8002f9d8      0x1e8 c:/program files/atmel/atmel toolchain/avr32 gcc/native/3.4.2.1002/avr32-gnu-toolchain/bin/../lib/gcc/avr32/4.4.7/../../../../avr32/lib/ucr3fp\libm.a(lib_a-k_cos.o)
                                0x1f8 (size before relaxing)
                0x8002f9d8                __kernel_cos
 .text.__kernel_rem_pio2
                0x8002fbc0      0x6e0 c:/program files/atmel/atmel toolchain/avr32 gcc/native/3.4.2.1002/avr32-gnu-toolchain/bin/../lib/gcc/avr32/4.4.7/../../../../avr32/lib/ucr3fp\libm.a(lib_a-k_rem_pio2.o)
                                0x718 (size before relaxing)
                0x8002fbc0                __kernel_rem_pio2
 .text.__kernel_sin
                0x800302a0      0x194 c:/program files/atmel/atmel toolchain/avr32 gcc/native/3.4.2.1002/avr32-gnu-toolchain/bin/../lib/gcc/avr32/4.4.7/../../../../avr32/lib/ucr3fp\libm.a(lib_a-k_sin.o)
                                0x1a4 (size before relaxing)
                0x800302a0                __kernel_sin
 .text.atan     0x80030434      0x34c c:/program files/atmel/atmel toolchain/avr32 gcc/native/3.4.2.1002/avr32-gnu-toolchain/bin/../lib/gcc/avr32/4.4.7/../../../../avr32/lib/ucr3fp\libm.a(lib_a-s_atan.o)
                                0x368 (size before relaxing)
                0x80030434                atan
 .text.fabs     0x80030780        0x8 c:/program files/atmel/atmel toolchain/avr32 gcc/native/3.4.2.1002/avr32-gnu-toolchain/bin/../lib/gcc/avr32/4.4.7/../../../../avr32/lib/ucr3fp\libm.a(lib_a-s_fabs.o)
                0x80030780                fabs
 .text.finite   0x80030788       0x10 c:/program files/atmel/atmel toolchain/avr32 gcc/native/3.4.2.1002/avr32-gnu-toolchain/bin/../lib/gcc/avr32/4.4.7/../../../../avr32/lib/ucr3fp\libm.a(lib_a-s_finite.o)
                0x80030788                finite
 .text.floor    0x80030798      0x120 c:/program files/atmel/atmel toolchain/avr32 gcc/native/3.4.2.1002/avr32-gnu-toolchain/bin/../lib/gcc/avr32/4.4.7/../../../../avr32/lib/ucr3fp\libm.a(lib_a-s_floor.o)
                                0x128 (size before relaxing)
                0x80030798                floor
 .text.__isnand
                0x800308b8       0x1c c:/program files/atmel/atmel toolchain/avr32 gcc/native/3.4.2.1002/avr32-gnu-toolchain/bin/../lib/gcc/avr32/4.4.7/../../../../avr32/lib/ucr3fp\libm.a(lib_a-s_isnand.o)
                0x800308b8                __isnand
 .text.matherr  0x800308d4        0x2 c:/program files/atmel/atmel toolchain/avr32 gcc/native/3.4.2.1002/avr32-gnu-toolchain/bin/../lib/gcc/avr32/4.4.7/../../../../avr32/lib/ucr3fp\libm.a(lib_a-s_matherr.o)
                0x800308d4                matherr
 .text.nan      0x800308d6        0x8 c:/program files/atmel/atmel toolchain/avr32 gcc/native/3.4.2.1002/avr32-gnu-toolchain/bin/../lib/gcc/avr32/4.4.7/../../../../avr32/lib/ucr3fp\libm.a(lib_a-s_nan.o)
                0x800308d6                nan
 *fill*         0x800308de        0x2 d703d703
 .text.rint     0x800308e0      0x118 c:/program files/atmel/atmel toolchain/avr32 gcc/native/3.4.2.1002/avr32-gnu-toolchain/bin/../lib/gcc/avr32/4.4.7/../../../../avr32/lib/ucr3fp\libm.a(lib_a-s_rint.o)
                                0x124 (size before relaxing)
                0x800308e0                rint
 .text.scalbn   0x800309f8       0xdc c:/program files/atmel/atmel toolchain/avr32 gcc/native/3.4.2.1002/avr32-gnu-toolchain/bin/../lib/gcc/avr32/4.4.7/../../../../avr32/lib/ucr3fp\libm.a(lib_a-s_scalbn.o)
                                 0xf0 (size before relaxing)
                0x800309f8                scalbn
 .text.fabsf    0x80030ad4        0x6 c:/program files/atmel/atmel toolchain/avr32 gcc/native/3.4.2.1002/avr32-gnu-toolchain/bin/../lib/gcc/avr32/4.4.7/../../../../avr32/lib/ucr3fp\libm.a(lib_a-sf_fabs.o)
                0x80030ad4                fabsf
 .text.isnanf   0x80030ada        0xe c:/program files/atmel/atmel toolchain/avr32 gcc/native/3.4.2.1002/avr32-gnu-toolchain/bin/../lib/gcc/avr32/4.4.7/../../../../avr32/lib/ucr3fp\libm.a(lib_a-sf_isnan.o)
                0x80030ada                isnanf
 .text.copysign
                0x80030ae8       0x18 c:/program files/atmel/atmel toolchain/avr32 gcc/native/3.4.2.1002/avr32-gnu-toolchain/bin/../lib/gcc/avr32/4.4.7/../../../../avr32/lib/ucr3fp\libm.a(lib_a-s_copysign.o)
                0x80030ae8                copysign
 .text          0x80030b00      0x1d4 c:/program files/atmel/atmel toolchain/avr32 gcc/native/3.4.2.1002/avr32-gnu-toolchain/bin/../lib/gcc/avr32/4.4.7/ucr3fp\libgcc.a(_avr32_f64_mul.o)
                0x80030b00                __avr32_f64_mul
 .text          0x80030cd4      0x2b0 c:/program files/atmel/atmel toolchain/avr32 gcc/native/3.4.2.1002/avr32-gnu-toolchain/bin/../lib/gcc/avr32/4.4.7/ucr3fp\libgcc.a(_avr32_f64_addsub.o)
                0x80030cd8                __avr32_f64_sub
                0x80030e74                __avr32_f64_add
 .text          0x80030f84       0x2a c:/program files/atmel/atmel toolchain/avr32 gcc/native/3.4.2.1002/avr32-gnu-toolchain/bin/../lib/gcc/avr32/4.4.7/ucr3fp\libgcc.a(_avr32_f64_to_s32.o)
                0x80030f84                __avr32_f64_to_u32
                0x80030f88                __avr32_f64_to_s32
 .text          0x80030fae       0xe8 c:/program files/atmel/atmel toolchain/avr32 gcc/native/3.4.2.1002/avr32-gnu-toolchain/bin/../lib/gcc/avr32/4.4.7/ucr3fp\libgcc.a(_avr32_s32_to_f64.o)
                0x80030fae                __avr32_u32_to_f64
                0x80030fb6                __avr32_s32_to_f64
 .text          0x80031096       0x26 c:/program files/atmel/atmel toolchain/avr32 gcc/native/3.4.2.1002/avr32-gnu-toolchain/bin/../lib/gcc/avr32/4.4.7/ucr3fp\libgcc.a(_avr32_f64_cmp_eq.o)
                0x80031096                __avr32_f64_cmp_eq
 .text          0x800310bc       0x68 c:/program files/atmel/atmel toolchain/avr32 gcc/native/3.4.2.1002/avr32-gnu-toolchain/bin/../lib/gcc/avr32/4.4.7/ucr3fp\libgcc.a(_avr32_f64_cmp_ge.o)
                0x800310bc                __avr32_f64_cmp_ge
 .text          0x80031124       0x68 c:/program files/atmel/atmel toolchain/avr32 gcc/native/3.4.2.1002/avr32-gnu-toolchain/bin/../lib/gcc/avr32/4.4.7/ucr3fp\libgcc.a(_avr32_f64_cmp_lt.o)
                0x80031124                __avr32_f64_cmp_lt
 .text          0x8003118c       0x34 c:/program files/atmel/atmel toolchain/avr32 gcc/native/3.4.2.1002/avr32-gnu-toolchain/bin/../lib/gcc/avr32/4.4.7/ucr3fp\libgcc.a(_avr32_f32_cmp_lt.o)
                0x8003118c                __avr32_f32_cmp_lt
 .text          0x800311c0      0x318 c:/program files/atmel/atmel toolchain/avr32 gcc/native/3.4.2.1002/avr32-gnu-toolchain/bin/../lib/gcc/avr32/4.4.7/ucr3fp\libgcc.a(_avr32_f64_div.o)
                0x800311c0                __avr32_f64_div
 .text          0x800314d8      0x160 c:/program files/atmel/atmel toolchain/avr32 gcc/native/3.4.2.1002/avr32-gnu-toolchain/bin/../lib/gcc/avr32/4.4.7/ucr3fp\libgcc.a(_avr32_f32_div.o)
                0x800314d8                __avr32_f32_div
 .text          0x80031638      0x180 c:/program files/atmel/atmel toolchain/avr32 gcc/native/3.4.2.1002/avr32-gnu-toolchain/bin/../lib/gcc/avr32/4.4.7/ucr3fp\libgcc.a(_avr32_f32_addsub.o)
                0x8003163c                __avr32_f32_sub
                0x8003170c                __avr32_f32_add
 .text          0x800317b8       0xe2 c:/program files/atmel/atmel toolchain/avr32 gcc/native/3.4.2.1002/avr32-gnu-toolchain/bin/../lib/gcc/avr32/4.4.7/ucr3fp\libgcc.a(_avr32_f32_mul.o)
                0x800317b8                __avr32_f32_mul
 .text          0x8003189a       0x60 c:/program files/atmel/atmel toolchain/avr32 gcc/native/3.4.2.1002/avr32-gnu-toolchain/bin/../lib/gcc/avr32/4.4.7/ucr3fp\libgcc.a(_avr32_f32_to_f64.o)
                0x8003189a                __avr32_f32_to_f64
 .text          0x800318fa       0x8a c:/program files/atmel/atmel toolchain/avr32 gcc/native/3.4.2.1002/avr32-gnu-toolchain/bin/../lib/gcc/avr32/4.4.7/ucr3fp\libgcc.a(_avr32_f64_to_f32.o)
                0x800318fa                __avr32_f64_to_f32
 .text          0x80031984      0x264 c:/program files/atmel/atmel toolchain/avr32 gcc/native/3.4.2.1002/avr32-gnu-toolchain/bin/../lib/gcc/avr32/4.4.7/ucr3fp\libgcc.a(_udivdi3.o)
                0x80031984                __avr32_udiv64
                0x80031984                __udivdi3
 .text.__errno  0x80031be8        0xc c:/program files/atmel/atmel toolchain/avr32 gcc/native/3.4.2.1002/avr32-gnu-toolchain/bin/../lib/gcc/avr32/4.4.7/../../../../avr32/lib/ucr3fp\libc.a(lib_a-errno.o)
                0x80031be8                __errno
 .text          0x80031bf4      0x148 c:/program files/atmel/atmel toolchain/avr32 gcc/native/3.4.2.1002/avr32-gnu-toolchain/bin/../lib/gcc/avr32/4.4.7/../../../../avr32/lib/ucr3fp\libc.a(lib_a-memcpy.o)
                0x80031bf4                memcpy
 .text.memset   0x80031d3c        0xe c:/program files/atmel/atmel toolchain/avr32 gcc/native/3.4.2.1002/avr32-gnu-toolchain/bin/../lib/gcc/avr32/4.4.7/../../../../avr32/lib/ucr3fp\libc.a(lib_a-memset.o)
                0x80031d3c                memset
 .text.strcpy   0x80031d4a       0x12 c:/program files/atmel/atmel toolchain/avr32 gcc/native/3.4.2.1002/avr32-gnu-toolchain/bin/../lib/gcc/avr32/4.4.7/../../../../avr32/lib/ucr3fp\libc.a(lib_a-strcpy.o)
                0x80031d4a                strcpy
 .text.strlen   0x80031d5c       0x16 c:/program files/atmel/atmel toolchain/avr32 gcc/native/3.4.2.1002/avr32-gnu-toolchain/bin/../lib/gcc/avr32/4.4.7/../../../../avr32/lib/ucr3fp\libc.a(lib_a-strlen.o)
                0x80031d5c                strlen
 *(.text.*personality*)
 *(.gnu.warning)

.exception      0x80031e00      0x200
 .exception     0x80031e00      0x200 src/asf/avr32/drivers/intc/exception.o
                0x80031e00                _evba
                0x80031f3c                ipr_val

.fini
 *(.fini)
                0x80032000                PROVIDE (__etext, .)
                0x80032000                PROVIDE (_etext, .)
                0x80032000                PROVIDE (etext, .)

.rodata         0x80032000      0x64c
 *(.rodata .rodata.* .gnu.linkonce.r.*)
 .rodata.servo_failsafe
                0x80032000       0x80 src/tasks.o
 .rodata.mavlink_message_crcs.14492
                0x80032080      0x100 Library/communication/mavlink_stream.o
 .rodata.ADCIFA_GPIO_MAP
                0x80032180       0x26 Library/hal/adc_int.o
 *fill*         0x800321a6        0x2 
 .rodata.C.59.15212
                0x800321a8        0x4 Library/hal/bmp085.o
 .rodata.C.60.15213
                0x800321ac        0x4 Library/hal/bmp085.o
 .rodata.C.64.15730
                0x800321b0        0xc Library/hal/dac_dma.o
 .rodata.DACIFB_GPIO_MAP.15725
                0x800321bc        0x8 Library/hal/dac_dma.o
 .rodata.PEVC_EVS_OPTIONS.15716
                0x800321c4       0x10 Library/hal/dac_dma.o
 .rodata.LED_DESCRIPTOR
                0x800321d4       0x20 Library/hal/led.o
 .rodata.PWM_GPIO_MAP.14186
                0x800321f4        0xc Library/hal/servo_pwm.o
 .rodata.USART_GPIO_MAP.16437
                0x80032200        0x4 Library/hal/remote_dsm2.o
 .rodata.usart_opt.16436
                0x80032204        0xc Library/hal/remote_dsm2.o
 .rodata.alphabet
                0x80032210       0x24 Library/util/print_util.o
 .rodata.FLASH_SIZE.14167
                0x80032234       0x40 src/asf/avr32/drivers/flashc/flashc.o
 .rodata.servo_failsafe
                0x80032274       0x80 src/boardsupport.o
 .rodata.servo_failsafe
                0x800322f4       0x80 src/main.o
 .rodata.str1.4
                0x80032374        0x5 c:/program files/atmel/atmel toolchain/avr32 gcc/native/3.4.2.1002/avr32-gnu-toolchain/bin/../lib/gcc/avr32/4.4.7/../../../../avr32/lib/ucr3fp\libm.a(lib_a-w_asin.o)
                                  0xc (size before relaxing)
 *fill*         0x80032379        0x3 
 .rodata.str1.4
                0x8003237c        0x4 c:/program files/atmel/atmel toolchain/avr32 gcc/native/3.4.2.1002/avr32-gnu-toolchain/bin/../lib/gcc/avr32/4.4.7/../../../../avr32/lib/ucr3fp\libm.a(lib_a-w_pow.o)
 .rodata.str1.4
                0x80032380        0x5 c:/program files/atmel/atmel toolchain/avr32 gcc/native/3.4.2.1002/avr32-gnu-toolchain/bin/../lib/gcc/avr32/4.4.7/../../../../avr32/lib/ucr3fp\libm.a(lib_a-w_sqrt.o)
                                  0x8 (size before relaxing)
 *fill*         0x80032385        0x3 
 .rodata.str1.4
                0x80032388        0x6 c:/program files/atmel/atmel toolchain/avr32 gcc/native/3.4.2.1002/avr32-gnu-toolchain/bin/../lib/gcc/avr32/4.4.7/../../../../avr32/lib/ucr3fp\libm.a(lib_a-wf_acos.o)
                                  0xc (size before relaxing)
 *fill*         0x8003238e        0x2 
 .rodata.dp_h   0x80032390       0x10 c:/program files/atmel/atmel toolchain/avr32 gcc/native/3.4.2.1002/avr32-gnu-toolchain/bin/../lib/gcc/avr32/4.4.7/../../../../avr32/lib/ucr3fp\libm.a(lib_a-e_pow.o)
 .rodata.dp_l   0x800323a0       0x10 c:/program files/atmel/atmel toolchain/avr32 gcc/native/3.4.2.1002/avr32-gnu-toolchain/bin/../lib/gcc/avr32/4.4.7/../../../../avr32/lib/ucr3fp\libm.a(lib_a-e_pow.o)
 .rodata.bp     0x800323b0       0x10 c:/program files/atmel/atmel toolchain/avr32 gcc/native/3.4.2.1002/avr32-gnu-toolchain/bin/../lib/gcc/avr32/4.4.7/../../../../avr32/lib/ucr3fp\libm.a(lib_a-e_pow.o)
 .rodata.str1.4
                0x00000000        0x4 c:/program files/atmel/atmel toolchain/avr32 gcc/native/3.4.2.1002/avr32-gnu-toolchain/bin/../lib/gcc/avr32/4.4.7/../../../../avr32/lib/ucr3fp\libm.a(lib_a-e_pow.o)
 .rodata.npio2_hw
                0x800323c0       0x80 c:/program files/atmel/atmel toolchain/avr32 gcc/native/3.4.2.1002/avr32-gnu-toolchain/bin/../lib/gcc/avr32/4.4.7/../../../../avr32/lib/ucr3fp\libm.a(lib_a-e_rem_pio2.o)
 .rodata.two_over_pi
                0x80032440      0x108 c:/program files/atmel/atmel toolchain/avr32 gcc/native/3.4.2.1002/avr32-gnu-toolchain/bin/../lib/gcc/avr32/4.4.7/../../../../avr32/lib/ucr3fp\libm.a(lib_a-e_rem_pio2.o)
 .rodata.init_jk
                0x80032548       0x10 c:/program files/atmel/atmel toolchain/avr32 gcc/native/3.4.2.1002/avr32-gnu-toolchain/bin/../lib/gcc/avr32/4.4.7/../../../../avr32/lib/ucr3fp\libm.a(lib_a-k_rem_pio2.o)
 .rodata.PIo2   0x80032558       0x40 c:/program files/atmel/atmel toolchain/avr32 gcc/native/3.4.2.1002/avr32-gnu-toolchain/bin/../lib/gcc/avr32/4.4.7/../../../../avr32/lib/ucr3fp\libm.a(lib_a-k_rem_pio2.o)
 .rodata.atanlo
                0x80032598       0x20 c:/program files/atmel/atmel toolchain/avr32 gcc/native/3.4.2.1002/avr32-gnu-toolchain/bin/../lib/gcc/avr32/4.4.7/../../../../avr32/lib/ucr3fp\libm.a(lib_a-s_atan.o)
 .rodata.atanhi
                0x800325b8       0x20 c:/program files/atmel/atmel toolchain/avr32 gcc/native/3.4.2.1002/avr32-gnu-toolchain/bin/../lib/gcc/avr32/4.4.7/../../../../avr32/lib/ucr3fp\libm.a(lib_a-s_atan.o)
 .rodata.TWO52  0x800325d8       0x10 c:/program files/atmel/atmel toolchain/avr32 gcc/native/3.4.2.1002/avr32-gnu-toolchain/bin/../lib/gcc/avr32/4.4.7/../../../../avr32/lib/ucr3fp\libm.a(lib_a-s_rint.o)
 .rodata.str1.4
                0x800325e8        0x4 c:/program files/atmel/atmel toolchain/avr32 gcc/native/3.4.2.1002/avr32-gnu-toolchain/bin/../lib/gcc/avr32/4.4.7/../../../../avr32/lib/ucr3fp\libc.a(lib_a-impure.o)
 .rodata.__sf_fake_stdin
                0x800325ec       0x20 c:/program files/atmel/atmel toolchain/avr32 gcc/native/3.4.2.1002/avr32-gnu-toolchain/bin/../lib/gcc/avr32/4.4.7/../../../../avr32/lib/ucr3fp\libc.a(lib_a-findfp.o)
                0x800325ec                __sf_fake_stdin
 .rodata.__sf_fake_stdout
                0x8003260c       0x20 c:/program files/atmel/atmel toolchain/avr32 gcc/native/3.4.2.1002/avr32-gnu-toolchain/bin/../lib/gcc/avr32/4.4.7/../../../../avr32/lib/ucr3fp\libc.a(lib_a-findfp.o)
                0x8003260c                __sf_fake_stdout
 .rodata.__sf_fake_stderr
                0x8003262c       0x20 c:/program files/atmel/atmel toolchain/avr32 gcc/native/3.4.2.1002/avr32-gnu-toolchain/bin/../lib/gcc/avr32/4.4.7/../../../../avr32/lib/ucr3fp\libc.a(lib_a-findfp.o)
                0x8003262c                __sf_fake_stderr

.rodata1
 *(.rodata1)

.eh_frame_hdr
 *(.eh_frame_hdr)

.eh_frame
 *(.eh_frame)

.gcc_except_table
 *(.gcc_except_table)
 *(.gcc_except_table.*)

.dalign         0x8003264c        0x4
                0x80032650                . = ALIGN (0x8)
 *fill*         0x8003264c        0x4 
                0x80032650                PROVIDE (_data_lma, .)
                0x00000004                PROVIDE (_data, ORIGIN (CPUSRAM))
                0x00000004                . = ORIGIN (CPUSRAM)

.eh_frame
 *(.eh_frame)

.gcc_except_table
 *(.gcc_except_table)
 *(.gcc_except_table.*)

.tdata
 *(.tdata .tdata.* .gnu.linkonce.td.*)

.tbss
 *(.tbss .tbss.* .gnu.linkonce.tb.*)
 *(.tcommon)
                0x00000004                PROVIDE (__preinit_array_start, ALIGN (0x4))

.preinit_array
 *(.preinit_array)
                0x00000004                PROVIDE (__preinit_array_end, .)
                0x00000004                PROVIDE (__init_array_start, .)

.init_array
 *(.init_array)
                0x00000004                PROVIDE (__init_array_end, .)
                0x00000004                PROVIDE (__fini_array_start, .)

.fini_array
 *(.fini_array)
                0x00000004                PROVIDE (__fini_array_end, .)

.ctors
 *crtbegin*.o(.ctors)
 *(EXCLUDE_FILE(*crtend*.o) .ctors)
 *(SORT(.ctors.*))
 *(.ctors)

.dtors
 *crtbegin*.o(.dtors)
 *(EXCLUDE_FILE(*crtend*.o) .dtors)
 *(SORT(.dtors.*))
 *(.dtors)

.jcr
 *(.jcr)

.data.rel.ro    0x00000004      0x178 load address 0x80032650
 *(.data.rel.ro.local)
 *(.data.rel.ro*)
 .data.rel.ro.local._int_handler_table
                0x00000004      0x178 src/asf/avr32/drivers/intc/intc.o

.dynamic
 *(.dynamic)

.got            0x0000017c      0x8f4 load address 0x800327c8
 *(.got.plt)
 *(.got)
 .got           0x0000017c      0x8f4 Library/control/adaptive_parameter.o
                0x0000017c                _GLOBAL_OFFSET_TABLE_

.data           0x00000a70     0x18b0 load address 0x800330bc
 *(.data .data.* .gnu.linkonce.d.*)
 .data.stabiliser_defaults_hybrid
                0x00000a70      0x278 Library/control/stabilisation_hybrid.o
 .data.main_tasks
                0x00000ce8      0x1e4 src/tasks.o
                0x00000ce8                main_tasks
 .data.mavlink_tasks
                0x00000ecc      0x5a4 Library/communication/mavlink_stream.o
                0x00000ecc                mavlink_tasks
 .data.adcifa   0x00001470        0x4 Library/hal/adc_int.o
                0x00001470                adcifa
 .data.adc_config_options
                0x00001474       0x14 Library/hal/adc_int.o
                0x00001474                adc_config_options
 .data.adcifa_sequence_opt
                0x00001488        0x7 Library/hal/adc_int.o
                0x00001488                adcifa_sequence_opt
 *fill*         0x0000148f        0x1 
 .data.default_configuration
                0x00001490        0x4 Library/hal/adxl345_driver.o
                0x00001490                default_configuration
 .data.data_configuration
                0x00001494        0x4 Library/hal/adxl345_driver.o
                0x00001494                data_configuration
 .data.twi_opt.14951
                0x00001498       0x10 Library/hal/adxl345_driver.o
 .data.twi_opt.15162
                0x000014a8       0x10 Library/hal/bmp085.o
 .data.twi_opt.14132
                0x000014b8       0x10 Library/hal/compass_hmc5883l.o
 .data.compass_default_configuration.14133
                0x000014c8        0x4 Library/hal/compass_hmc5883l.o
 .data.ppevc    0x000014cc        0x4 Library/hal/dac_dma.o
                0x000014cc                ppevc
 .data.dacifb   0x000014d0        0x4 Library/hal/dac_dma.o
                0x000014d0                dacifb
 .data.dac_channel_audio
                0x000014d4        0x1 Library/hal/dac_dma.o
                0x000014d4                dac_channel_audio
 *fill*         0x000014d5        0x3 
 .data.PDCA_OPTIONS.15751
                0x000014d8       0x1c Library/hal/dac_dma.o
 .data.PDCA_OPTIONS.15769
                0x000014f4       0x1c Library/hal/i2c_driver.o
 .data.twi_opt.14954
                0x00001510       0x10 Library/hal/itg3200_driver.o
 .data.LED_State
                0x00001520        0x4 Library/hal/led.o
 .data.twi_opt.14942
                0x00001524       0x10 Library/hal/radar_module_driver.o
 .data.PDCA_TX_OPTIONS.15184
                0x00001534       0x1c Library/hal/spi_buffered.o
 .data.PDCA_RX_OPTIONS.15185
                0x00001550       0x1c Library/hal/spi_buffered.o
 .data.usart_opt
                0x0000156c      0xac8 Library/hal/uart_int.o
 .data.rel.ubx_currentPosllhMessage
                0x00002034        0x4 Library/sensing/gps_ublox.o
                0x00002034                ubx_currentPosllhMessage
 .data.rel.ubx_lastPosllhMessage
                0x00002038        0x4 Library/sensing/gps_ublox.o
                0x00002038                ubx_lastPosllhMessage
 .data.rel.ubx_currentStatusMessage
                0x0000203c        0x4 Library/sensing/gps_ublox.o
                0x0000203c                ubx_currentStatusMessage
 .data.rel.ubx_lastStatusMessage
                0x00002040        0x4 Library/sensing/gps_ublox.o
                0x00002040                ubx_lastStatusMessage
 .data.rel.ubx_currentSolutionMessage
                0x00002044        0x4 Library/sensing/gps_ublox.o
                0x00002044                ubx_currentSolutionMessage
 .data.rel.ubx_lastSolutionMessage
                0x00002048        0x4 Library/sensing/gps_ublox.o
                0x00002048                ubx_lastSolutionMessage
 .data.rel.ubx_currentVelnedMessage
                0x0000204c        0x4 Library/sensing/gps_ublox.o
                0x0000204c                ubx_currentVelnedMessage
 .data.rel.ubx_lastVelnedMessage
                0x00002050        0x4 Library/sensing/gps_ublox.o
                0x00002050                ubx_lastVelnedMessage
 .data.rel.ubx_currentSVInfoMessage
                0x00002054        0x4 Library/sensing/gps_ublox.o
                0x00002054                ubx_currentSVInfoMessage
 .data.rel.ubx_lastSVInfoMessage
                0x00002058        0x4 Library/sensing/gps_ublox.o
                0x00002058                ubx_lastSVInfoMessage
 .data.rel.ubx_currentNavSettingsMessage
                0x0000205c        0x4 Library/sensing/gps_ublox.o
                0x0000205c                ubx_currentNavSettingsMessage
 .data.rel.ubx_lastNavSettingsMessage
                0x00002060        0x4 Library/sensing/gps_ublox.o
                0x00002060                ubx_lastNavSettingsMessage
 .data.rel.ubx_currentCFGRateMessage
                0x00002064        0x4 Library/sensing/gps_ublox.o
                0x00002064                ubx_currentCFGRateMessage
 .data.rel.ubx_lastCFGRateMessage
                0x00002068        0x4 Library/sensing/gps_ublox.o
                0x00002068                ubx_lastCFGRateMessage
 .data.rel.ubx_currentCFGSetGetRateMessage
                0x0000206c        0x4 Library/sensing/gps_ublox.o
                0x0000206c                ubx_currentCFGSetGetRateMessage
 .data.rel.ubx_lastCFGSetGetRateMessage
                0x00002070        0x4 Library/sensing/gps_ublox.o
                0x00002070                ubx_lastCFGSetGetRateMessage
 .data.rel.ubx_currentMONRXRMessage
                0x00002074        0x4 Library/sensing/gps_ublox.o
                0x00002074                ubx_currentMONRXRMessage
 .data.rel.ubx_lastMONRXRMessage
                0x00002078        0x4 Library/sensing/gps_ublox.o
                0x00002078                ubx_lastMONRXRMessage
 .data.rel.ubx_currentTimTPMessage
                0x0000207c        0x4 Library/sensing/gps_ublox.o
                0x0000207c                ubx_currentTimTPMessage
 .data.rel.ubx_lastTimTPMessage
                0x00002080        0x4 Library/sensing/gps_ublox.o
                0x00002080                ubx_lastTimTPMessage
 .data.rel.ubx_currentTimVRFYMessage
                0x00002084        0x4 Library/sensing/gps_ublox.o
                0x00002084                ubx_currentTimVRFYMessage
 .data.rel.ubx_lastTimVRFYMessage
                0x00002088        0x4 Library/sensing/gps_ublox.o
                0x00002088                ubx_lastTimVRFYMessage
 .data.numSkippedMsg
                0x0000208c        0x1 Library/sensing/gps_ublox.o
                0x0000208c                numSkippedMsg
 *fill*         0x0000208d        0x3 
 .data.vehicle_model_parameters
                0x00002090      0x194 Library/sensing/simulation.o
 .data.rel.flashc_wait_until_ready
                0x00002224        0x4 src/asf/avr32/drivers/flashc/flashc.o
                0x00002224                flashc_wait_until_ready
 .data.__fdlib_version
                0x00002228        0x4 c:/program files/atmel/atmel toolchain/avr32 gcc/native/3.4.2.1002/avr32-gnu-toolchain/bin/../lib/gcc/avr32/4.4.7/../../../../avr32/lib/ucr3fp\libm.a(lib_a-s_lib_ver.o)
                0x00002228                __fdlib_version
 .data.impure_data
                0x0000222c       0xf0 c:/program files/atmel/atmel toolchain/avr32 gcc/native/3.4.2.1002/avr32-gnu-toolchain/bin/../lib/gcc/avr32/4.4.7/../../../../avr32/lib/ucr3fp\libc.a(lib_a-impure.o)
 .data._impure_ptr
                0x0000231c        0x4 c:/program files/atmel/atmel toolchain/avr32 gcc/native/3.4.2.1002/avr32-gnu-toolchain/bin/../lib/gcc/avr32/4.4.7/../../../../avr32/lib/ucr3fp\libc.a(lib_a-impure.o)
                0x0000231c                _impure_ptr
 *(.gnu.linkonce.d.*personality*)

.data1
 *(.data1)

.balign         0x00002320        0x0 load address 0x8003496c
                0x00002320                . = ALIGN (0x8)
                0x00002320                _edata = .
                0x00002320                _edata = .
                0x00002320                PROVIDE (edata, .)
                0x00002320                __bss_start = .

.bss            0x00002320     0x7488 load address 0x8003496c
 *(.dynbss)
 *(.bss .bss.* .gnu.linkonce.b.*)
 .bss.loop_count_orca
                0x00002320        0x1 Library/control/orca.o
                0x00002320                loop_count_orca
 *fill*         0x00002321        0x3 
 .bss.centralData
                0x00002324     0x11a8 src/central_data.o
 .bss.m_mavlink_status.14338
                0x000034cc       0x40 src/mavlink_actions.o
 .bss.mavlink_out_stream
                0x0000350c        0x4 Library/communication/mavlink_stream.o
 .bss.mavlink_in_stream
                0x00003510        0x4 Library/communication/mavlink_stream.o
 .bss.m_mavlink_buffer.14345
                0x00003514      0x440 Library/communication/mavlink_stream.o
 .bss.m_mavlink_status.14338
                0x00003954       0x40 Library/communication/mavlink_stream.o
 .bss.m_mavlink_status.14338
                0x00003994       0x40 Library/communication/onboard_parameters.o
 .bss.sequencer_item_count
                0x000039d4        0x1 Library/hal/adc_int.o
 .bss.channel_count
                0x000039d5        0x1 Library/hal/adc_int.o
 *fill*         0x000039d6        0x2 
 .bss.sample_counter
                0x000039d8        0x4 Library/hal/adc_int.o
 .bss.oversampling_counter
                0x000039dc        0x4 Library/hal/adc_int.o
 .bss.channel_index
                0x000039e0        0x4 Library/hal/adc_int.o
 .bss.number_of_samples
                0x000039e4        0x4 Library/hal/adc_int.o
 .bss.oversampling
                0x000039e8        0x4 Library/hal/adc_int.o
 .bss.oversampling_divider
                0x000039ec        0x4 Library/hal/adc_int.o
 .bss.adc_buffer
                0x000039f0     0x4000 Library/hal/ads1274.o
 .bss.sampleCounter
                0x000079f0        0x4 Library/hal/ads1274.o
 .bss.interrupt_counter
                0x000079f4        0x4 Library/hal/ads1274.o
 .bss.function_generator
                0x000079f8        0x4 Library/hal/ads1274.o
 .bss.acc_outputs
                0x000079fc        0xc Library/hal/adxl345_driver.o
 .bss.compass_outputs
                0x00007a08        0xc Library/hal/compass_hmc5883l.o
 .bss.buffer    0x00007a14        0x4 Library/hal/dac_dma.o
 .bss.from      0x00007a18        0x2 Library/hal/dac_dma.o
 .bss.to        0x00007a1a        0x2 Library/hal/dac_dma.o
 .bss.autoplay  0x00007a1c        0x4 Library/hal/dac_dma.o
 .bss.schedule  0x00007a20      0x320 Library/hal/i2c_driver.o
 .bss.current_schedule_slot
                0x00007d40        0x4 Library/hal/i2c_driver.o
 .bss.gyro_outputs
                0x00007d44        0x8 Library/hal/itg3200_driver.o
 .bss.spi_buffers
                0x00007d4c       0xa8 Library/hal/spi_buffered.o
 .bss.ubx_currentMessage
                0x00007df4        0x4 Library/sensing/gps_ublox.o
                0x00007df4                ubx_currentMessage
 .bss.ubx_lastMessage
                0x00007df8        0x4 Library/sensing/gps_ublox.o
                0x00007df8                ubx_lastMessage
 .bss.ubx_validMessage
                0x00007dfc        0x4 Library/sensing/gps_ublox.o
                0x00007dfc                ubx_validMessage
 .bss.ubx_numberOfValidPosllhMessage
                0x00007e00        0x2 Library/sensing/gps_ublox.o
                0x00007e00                ubx_numberOfValidPosllhMessage
 .bss.ubx_numberOfValidStatusMessage
                0x00007e02        0x2 Library/sensing/gps_ublox.o
                0x00007e02                ubx_numberOfValidStatusMessage
 .bss.ubx_numberOfValidSolutionMessage
                0x00007e04        0x2 Library/sensing/gps_ublox.o
                0x00007e04                ubx_numberOfValidSolutionMessage
 .bss.ubx_numberOfValidVelnedMessage
                0x00007e06        0x2 Library/sensing/gps_ublox.o
                0x00007e06                ubx_numberOfValidVelnedMessage
 .bss.ubx_numberOfValidSVInfoMessage
                0x00007e08        0x2 Library/sensing/gps_ublox.o
                0x00007e08                ubx_numberOfValidSVInfoMessage
 .bss.ubx_numberOfValidNavSettingsMessage
                0x00007e0a        0x2 Library/sensing/gps_ublox.o
                0x00007e0a                ubx_numberOfValidNavSettingsMessage
 .bss.ubx_numberOfValidCFGRateMessage
                0x00007e0c        0x2 Library/sensing/gps_ublox.o
                0x00007e0c                ubx_numberOfValidCFGRateMessage
 .bss.ubx_numberOfValidCFGSetGetRateMessage
                0x00007e0e        0x2 Library/sensing/gps_ublox.o
                0x00007e0e                ubx_numberOfValidCFGSetGetRateMessage
 .bss.ubx_numberOfValidMONRXRMessage
                0x00007e10        0x2 Library/sensing/gps_ublox.o
                0x00007e10                ubx_numberOfValidMONRXRMessage
 .bss.ubx_numberOfValidTimTPMessage
                0x00007e12        0x2 Library/sensing/gps_ublox.o
                0x00007e12                ubx_numberOfValidTimTPMessage
 .bss.ubx_numberOfValidTimVRFYMessage
                0x00007e14        0x2 Library/sensing/gps_ublox.o
                0x00007e14                ubx_numberOfValidTimVRFYMessage
 .bss.printNavOnDebug
                0x00007e16        0x1 Library/sensing/gps_ublox.o
                0x00007e16                printNavOnDebug
 .bss.loopPosllh
                0x00007e17        0x1 Library/sensing/gps_ublox.o
                0x00007e17                loopPosllh
 .bss.loopVelned
                0x00007e18        0x1 Library/sensing/gps_ublox.o
                0x00007e18                loopVelned
 .bss.loopStatus
                0x00007e19        0x1 Library/sensing/gps_ublox.o
                0x00007e19                loopStatus
 .bss.loopSolution
                0x00007e1a        0x1 Library/sensing/gps_ublox.o
                0x00007e1a                loopSolution
 .bss.loopTimTp
                0x00007e1b        0x1 Library/sensing/gps_ublox.o
                0x00007e1b                loopTimTp
 .bss.loopTimVrfy
                0x00007e1c        0x1 Library/sensing/gps_ublox.o
                0x00007e1c                loopTimVrfy
 *fill*         0x00007e1d        0x3 
 .bss.int_loop_count
                0x00007e20        0x4 Library/sensing/mavlink_waypoint_handler.o
                0x00007e20                int_loop_count
 .bss.m_mavlink_status.14338
                0x00007e24       0x40 Library/sensing/mavlink_waypoint_handler.o
 .bss.flashc_error_status
                0x00007e64        0x4 src/asf/avr32/drivers/flashc/flashc.o
 .bss._int_line_handler_table_0
                0x00007e68        0x4 src/asf/avr32/drivers/intc/intc.o
 .bss._int_line_handler_table_1
                0x00007e6c        0x8 src/asf/avr32/drivers/intc/intc.o
 .bss._int_line_handler_table_2
                0x00007e74        0x4 src/asf/avr32/drivers/intc/intc.o
 .bss._int_line_handler_table_3
                0x00007e78       0x10 src/asf/avr32/drivers/intc/intc.o
 .bss._int_line_handler_table_4
                0x00007e88       0x10 src/asf/avr32/drivers/intc/intc.o
 .bss._int_line_handler_table_5
                0x00007e98       0x10 src/asf/avr32/drivers/intc/intc.o
 .bss._int_line_handler_table_6
                0x00007ea8       0x10 src/asf/avr32/drivers/intc/intc.o
 .bss._int_line_handler_table_7
                0x00007eb8        0x4 src/asf/avr32/drivers/intc/intc.o
 .bss._int_line_handler_table_8
                0x00007ebc        0x4 src/asf/avr32/drivers/intc/intc.o
 .bss._int_line_handler_table_9
                0x00007ec0       0x28 src/asf/avr32/drivers/intc/intc.o
 .bss._int_line_handler_table_10
                0x00007ee8        0x4 src/asf/avr32/drivers/intc/intc.o
 .bss._int_line_handler_table_11
                0x00007eec        0x4 src/asf/avr32/drivers/intc/intc.o
 .bss._int_line_handler_table_12
                0x00007ef0        0x4 src/asf/avr32/drivers/intc/intc.o
 .bss._int_line_handler_table_13
                0x00007ef4        0x4 src/asf/avr32/drivers/intc/intc.o
 .bss._int_line_handler_table_14
                0x00007ef8       0x14 src/asf/avr32/drivers/intc/intc.o
 .bss._int_line_handler_table_15
                0x00007f0c       0x10 src/asf/avr32/drivers/intc/intc.o
 .bss._int_line_handler_table_16
                0x00007f1c       0x10 src/asf/avr32/drivers/intc/intc.o
 .bss._int_line_handler_table_17
                0x00007f2c        0x4 src/asf/avr32/drivers/intc/intc.o
 .bss._int_line_handler_table_18
                0x00007f30       0x40 src/asf/avr32/drivers/intc/intc.o
 .bss._int_line_handler_table_19
                0x00007f70        0x4 src/asf/avr32/drivers/intc/intc.o
 .bss._int_line_handler_table_20
                0x00007f74        0x4 src/asf/avr32/drivers/intc/intc.o
 .bss._int_line_handler_table_21
                0x00007f78        0x4 src/asf/avr32/drivers/intc/intc.o
 .bss._int_line_handler_table_22
                0x00007f7c        0x4 src/asf/avr32/drivers/intc/intc.o
 .bss._int_line_handler_table_23
                0x00007f80        0x4 src/asf/avr32/drivers/intc/intc.o
 .bss._int_line_handler_table_24
                0x00007f84        0x4 src/asf/avr32/drivers/intc/intc.o
 .bss._int_line_handler_table_25
                0x00007f88        0x4 src/asf/avr32/drivers/intc/intc.o
 .bss._int_line_handler_table_26
                0x00007f8c        0x4 src/asf/avr32/drivers/intc/intc.o
 .bss._int_line_handler_table_27
                0x00007f90        0x4 src/asf/avr32/drivers/intc/intc.o
 .bss._int_line_handler_table_28
                0x00007f94        0x4 src/asf/avr32/drivers/intc/intc.o
 .bss._int_line_handler_table_29
                0x00007f98        0x4 src/asf/avr32/drivers/intc/intc.o
 .bss._int_line_handler_table_30
                0x00007f9c        0x4 src/asf/avr32/drivers/intc/intc.o
 .bss._int_line_handler_table_31
                0x00007fa0        0x4 src/asf/avr32/drivers/intc/intc.o
 .bss._int_line_handler_table_32
                0x00007fa4        0x4 src/asf/avr32/drivers/intc/intc.o
 .bss._int_line_handler_table_33
                0x00007fa8        0xc src/asf/avr32/drivers/intc/intc.o
 .bss._int_line_handler_table_34
                0x00007fb4        0xc src/asf/avr32/drivers/intc/intc.o
 .bss._int_line_handler_table_35
                0x00007fc0        0x8 src/asf/avr32/drivers/intc/intc.o
 .bss._int_line_handler_table_36
                0x00007fc8       0x18 src/asf/avr32/drivers/intc/intc.o
 .bss._int_line_handler_table_37
                0x00007fe0        0x4 src/asf/avr32/drivers/intc/intc.o
 .bss._int_line_handler_table_38
                0x00007fe4        0x4 src/asf/avr32/drivers/intc/intc.o
 .bss._int_line_handler_table_39
                0x00007fe8       0x18 src/asf/avr32/drivers/intc/intc.o
 .bss._int_line_handler_table_40
                0x00008000       0x18 src/asf/avr32/drivers/intc/intc.o
 .bss._int_line_handler_table_41
                0x00008018        0x4 src/asf/avr32/drivers/intc/intc.o
 .bss._int_line_handler_table_42
                0x0000801c        0x4 src/asf/avr32/drivers/intc/intc.o
 .bss._int_line_handler_table_43
                0x00008020        0x4 src/asf/avr32/drivers/intc/intc.o
 .bss._int_line_handler_table_44
                0x00008024        0x4 src/asf/avr32/drivers/intc/intc.o
 .bss._int_line_handler_table_45
                0x00008028        0x4 src/asf/avr32/drivers/intc/intc.o
 .bss._int_line_handler_table_46
                0x0000802c        0x4 src/asf/avr32/drivers/intc/intc.o
 .bss.twim_inst
                0x00008030        0x4 src/asf/avr32/drivers/twim/twim.o
 .bss.twim_tx_data
                0x00008034        0x4 src/asf/avr32/drivers/twim/twim.o
 .bss.twim_rx_data
                0x00008038        0x4 src/asf/avr32/drivers/twim/twim.o
 .bss.transfer_status
                0x0000803c        0x4 src/asf/avr32/drivers/twim/twim.o
 .bss.twim_tx_nb_bytes
                0x00008040        0x4 src/asf/avr32/drivers/twim/twim.o
 .bss.twim_rx_nb_bytes
                0x00008044        0x4 src/asf/avr32/drivers/twim/twim.o
 .bss.twim_it_mask
                0x00008048        0x4 src/asf/avr32/drivers/twim/twim.o
 .bss.twim_package
                0x0000804c        0x4 src/asf/avr32/drivers/twim/twim.o
 .bss.twim_next
                0x00008050        0x1 src/asf/avr32/drivers/twim/twim.o
 *fill*         0x00008051        0x3 
 .bss.s_fcpu_hz
                0x00008054        0x4 src/asf/avr32/services/delay/delay.o
 *(COMMON)
 COMMON         0x00008058       0x92 Library/control/neighbor_selection.o
                0x00008058                payload_length
                0x0000805a                ubxclass
                0x0000805c                waypoint_request_number
                0x00008060                start_timeout
                0x00008064                new_position
                0x00008068                idleTimer
                0x0000806c                last_ground_speed_cm
                0x00008070                msg_id
                0x00008071                next_fix
                0x00008072                imu_last_update_init