Archive member included because of file (symbol)

/usr/local/avr32-gnu-toolchain-linux_x86_64/bin/../lib/gcc/avr32/4.4.7/../../../../avr32/lib/ucr3fp/libm.a(lib_a-s_cos.o)
                              ./Debug_Linux/obj/communication_mavlink_waypoint_handler.c.o (cos)
/usr/local/avr32-gnu-toolchain-linux_x86_64/bin/../lib/gcc/avr32/4.4.7/../../../../avr32/lib/ucr3fp/libm.a(lib_a-s_floor.o)
                              ./Debug_Linux/obj/communication_data_logging.c.o (floor)
/usr/local/avr32-gnu-toolchain-linux_x86_64/bin/../lib/gcc/avr32/4.4.7/../../../../avr32/lib/ucr3fp/libm.a(lib_a-s_sin.o)
                              ./Debug_Linux/obj/communication_mavlink_waypoint_handler.c.o (sin)
/usr/local/avr32-gnu-toolchain-linux_x86_64/bin/../lib/gcc/avr32/4.4.7/../../../../avr32/lib/ucr3fp/libm.a(lib_a-w_asin.o)
                              ./Debug_Linux/obj/util_coord_conventions.c.o (asin)
/usr/local/avr32-gnu-toolchain-linux_x86_64/bin/../lib/gcc/avr32/4.4.7/../../../../avr32/lib/ucr3fp/libm.a(lib_a-w_atan2.o)
                              ./Debug_Linux/obj/control_navigation.c.o (atan2)
/usr/local/avr32-gnu-toolchain-linux_x86_64/bin/../lib/gcc/avr32/4.4.7/../../../../avr32/lib/ucr3fp/libm.a(lib_a-w_fmod.o)
                              ./Debug_Linux/obj/util_quick_trig.c.o (fmod)
/usr/local/avr32-gnu-toolchain-linux_x86_64/bin/../lib/gcc/avr32/4.4.7/../../../../avr32/lib/ucr3fp/libm.a(lib_a-w_pow.o)
                              ./Debug_Linux/obj/hal_bmp085.c.o (pow)
/usr/local/avr32-gnu-toolchain-linux_x86_64/bin/../lib/gcc/avr32/4.4.7/../../../../avr32/lib/ucr3fp/libm.a(lib_a-w_sqrt.o)
                              ./Debug_Linux/obj/communication_hud.c.o (sqrt)
/usr/local/avr32-gnu-toolchain-linux_x86_64/bin/../lib/gcc/avr32/4.4.7/../../../../avr32/lib/ucr3fp/libm.a(lib_a-wf_sqrt.o)
                              ./Debug_Linux/obj/util_matrixlib_float.c.o (sqrtf)
/usr/local/avr32-gnu-toolchain-linux_x86_64/bin/../lib/gcc/avr32/4.4.7/../../../../avr32/lib/ucr3fp/libm.a(lib_a-e_asin.o)
                              /usr/local/avr32-gnu-toolchain-linux_x86_64/bin/../lib/gcc/avr32/4.4.7/../../../../avr32/lib/ucr3fp/libm.a(lib_a-w_asin.o) (__ieee754_asin)
/usr/local/avr32-gnu-toolchain-linux_x86_64/bin/../lib/gcc/avr32/4.4.7/../../../../avr32/lib/ucr3fp/libm.a(lib_a-e_atan2.o)
                              /usr/local/avr32-gnu-toolchain-linux_x86_64/bin/../lib/gcc/avr32/4.4.7/../../../../avr32/lib/ucr3fp/libm.a(lib_a-w_atan2.o) (__ieee754_atan2)
/usr/local/avr32-gnu-toolchain-linux_x86_64/bin/../lib/gcc/avr32/4.4.7/../../../../avr32/lib/ucr3fp/libm.a(lib_a-e_fmod.o)
                              /usr/local/avr32-gnu-toolchain-linux_x86_64/bin/../lib/gcc/avr32/4.4.7/../../../../avr32/lib/ucr3fp/libm.a(lib_a-w_fmod.o) (__ieee754_fmod)
/usr/local/avr32-gnu-toolchain-linux_x86_64/bin/../lib/gcc/avr32/4.4.7/../../../../avr32/lib/ucr3fp/libm.a(lib_a-e_pow.o)
                              /usr/local/avr32-gnu-toolchain-linux_x86_64/bin/../lib/gcc/avr32/4.4.7/../../../../avr32/lib/ucr3fp/libm.a(lib_a-w_pow.o) (__ieee754_pow)
/usr/local/avr32-gnu-toolchain-linux_x86_64/bin/../lib/gcc/avr32/4.4.7/../../../../avr32/lib/ucr3fp/libm.a(lib_a-e_rem_pio2.o)
                              /usr/local/avr32-gnu-toolchain-linux_x86_64/bin/../lib/gcc/avr32/4.4.7/../../../../avr32/lib/ucr3fp/libm.a(lib_a-s_cos.o) (__ieee754_rem_pio2)
/usr/local/avr32-gnu-toolchain-linux_x86_64/bin/../lib/gcc/avr32/4.4.7/../../../../avr32/lib/ucr3fp/libm.a(lib_a-e_sqrt.o)
                              /usr/local/avr32-gnu-toolchain-linux_x86_64/bin/../lib/gcc/avr32/4.4.7/../../../../avr32/lib/ucr3fp/libm.a(lib_a-w_sqrt.o) (__ieee754_sqrt)
/usr/local/avr32-gnu-toolchain-linux_x86_64/bin/../lib/gcc/avr32/4.4.7/../../../../avr32/lib/ucr3fp/libm.a(lib_a-ef_sqrt.o)
                              /usr/local/avr32-gnu-toolchain-linux_x86_64/bin/../lib/gcc/avr32/4.4.7/../../../../avr32/lib/ucr3fp/libm.a(lib_a-wf_sqrt.o) (__ieee754_sqrtf)
/usr/local/avr32-gnu-toolchain-linux_x86_64/bin/../lib/gcc/avr32/4.4.7/../../../../avr32/lib/ucr3fp/libm.a(lib_a-k_cos.o)
                              /usr/local/avr32-gnu-toolchain-linux_x86_64/bin/../lib/gcc/avr32/4.4.7/../../../../avr32/lib/ucr3fp/libm.a(lib_a-s_cos.o) (__kernel_cos)
/usr/local/avr32-gnu-toolchain-linux_x86_64/bin/../lib/gcc/avr32/4.4.7/../../../../avr32/lib/ucr3fp/libm.a(lib_a-k_rem_pio2.o)
                              /usr/local/avr32-gnu-toolchain-linux_x86_64/bin/../lib/gcc/avr32/4.4.7/../../../../avr32/lib/ucr3fp/libm.a(lib_a-e_rem_pio2.o) (__kernel_rem_pio2)
/usr/local/avr32-gnu-toolchain-linux_x86_64/bin/../lib/gcc/avr32/4.4.7/../../../../avr32/lib/ucr3fp/libm.a(lib_a-k_sin.o)
                              /usr/local/avr32-gnu-toolchain-linux_x86_64/bin/../lib/gcc/avr32/4.4.7/../../../../avr32/lib/ucr3fp/libm.a(lib_a-s_cos.o) (__kernel_sin)
/usr/local/avr32-gnu-toolchain-linux_x86_64/bin/../lib/gcc/avr32/4.4.7/../../../../avr32/lib/ucr3fp/libm.a(lib_a-s_atan.o)
[...]
Memory Configuration

Name             Origin             Length             Attributes
FLASH            0x0000000080000000 0x0000000000080000 axrl !w
CPUSRAM          0x0000000000000004 0x000000000000fffc axw !rl
USERPAGE         0x0000000080800000 0x0000000000000200
FACTORYPAGE      0x0000000080800200 0x0000000000000200
FLASHVAULT_FLASH_SIZE 0x0000000080800400 0x0000000000000008 r
FLASHVAULT_RAM_SIZE 0x0000000080800408 0x0000000000000008 r
*default*        0x0000000000000000 0xffffffffffffffff

Linker script and memory map

                0x0000000000001000                _stack_size = 0x1000
LOAD ./Debug_Linux/obj/src_tasks.c.o
LOAD ./Debug_Linux/obj/src_main.cpp.o
LOAD ./Debug_Linux/obj/src_boardsupport.c.o
LOAD ./Debug_Linux/obj/src_mavlink_telemetry.c.o
LOAD ./Debug_Linux/obj/src_central_data.c.o
LOAD ./Debug_Linux/obj/communication_mavlink_stream.c.o
LOAD ./Debug_Linux/obj/communication_mavlink_waypoint_handler.c.o
LOAD ./Debug_Linux/obj/communication_onboard_parameters.c.o
LOAD ./Debug_Linux/obj/communication_mavlink_message_handler.c.o
LOAD ./Debug_Linux/obj/communication_mavlink_communication.c.o
LOAD ./Debug_Linux/obj/communication_console.c.o
LOAD ./Debug_Linux/obj/communication_state.c.o
LOAD ./Debug_Linux/obj/communication_hud.c.o
LOAD ./Debug_Linux/obj/communication_remote.c.o
LOAD ./Debug_Linux/obj/communication_state_machine.c.o
LOAD ./Debug_Linux/obj/communication_data_logging.c.o
LOAD ./Debug_Linux/obj/control_pid_control.c.o
LOAD ./Debug_Linux/obj/control_navigation.c.o
LOAD ./Debug_Linux/obj/control_stabilisation_copter.c.o
LOAD ./Debug_Linux/obj/control_adaptive_parameter.c.o
LOAD ./Debug_Linux/obj/control_stabilisation.c.o
LOAD ./Debug_Linux/obj/control_attitude_error_estimator.c.o
LOAD ./Debug_Linux/obj/control_attitude_controller_p2.c.o
LOAD ./Debug_Linux/obj/control_servos_mix_quadcopter_cross.c.o
LOAD ./Debug_Linux/obj/control_joystick_parsing.c.o
LOAD ./Debug_Linux/obj/control_servos_mix_quadcopter_diag.c.o
LOAD ./Debug_Linux/obj/hal_adxl345_driver.c.o
LOAD ./Debug_Linux/obj/hal_bmp085.c.o
LOAD ./Debug_Linux/obj/hal_time_keeper.c.o
LOAD ./Debug_Linux/obj/hal_uart_int.c.o
LOAD ./Debug_Linux/obj/hal_radar_driver.c.o
LOAD ./Debug_Linux/obj/hal_radar_module_driver.c.o
LOAD ./Debug_Linux/obj/hal_led.c.o
LOAD ./Debug_Linux/obj/hal_spi_buffered.c.o
LOAD ./Debug_Linux/obj/hal_adc_int.c.o
LOAD ./Debug_Linux/obj/hal_dac_dma.c.o
LOAD ./Debug_Linux/obj/hal_ads1274.c.o
LOAD ./Debug_Linux/obj/hal_analog_monitor.c.o
LOAD ./Debug_Linux/obj/hal_i2c_driver_int.c.o
LOAD ./Debug_Linux/obj/hal_piezo_speaker.c.o
LOAD ./Debug_Linux/obj/hal_i2cxl_sonar.c.o
LOAD ./Debug_Linux/obj/hal_airspeed_analog.c.o
LOAD ./Debug_Linux/obj/hal_gps_ublox.c.o
LOAD ./Debug_Linux/obj/hal_xbee.c.o
LOAD ./Debug_Linux/obj/hal_hmc5883l.c.o
LOAD ./Debug_Linux/obj/hal_itg3200.c.o
LOAD ./Debug_Linux/obj/hal_lsm330dlc.c.o
LOAD ./Debug_Linux/obj/hal_spektrum_satellite.c.o
LOAD ./Debug_Linux/obj/hal_servos.c.o
LOAD ./Debug_Linux/obj/hal_pwm_servos.c.o
LOAD ./Debug_Linux/obj/hal_sd_spi.c.o
LOAD ./Debug_Linux/obj/hal_usb_int.c.o
LOAD ./Debug_Linux/obj/runtime_scheduler.c.o
LOAD ./Debug_Linux/obj/sensing_imu.c.o
LOAD ./Debug_Linux/obj/sensing_position_estimation.c.o
LOAD ./Debug_Linux/obj/sensing_qfilter.c.o
LOAD ./Debug_Linux/obj/sensing_simulation.c.o
LOAD ./Debug_Linux/obj/sensing_ahrs.c.o
LOAD ./Debug_Linux/obj/util_linear_algebra.c.o
LOAD ./Debug_Linux/obj/util_coord_conventions.c.o
LOAD ./Debug_Linux/obj/util_sinus.c.o
LOAD ./Debug_Linux/obj/util_print_util.c.o
LOAD ./Debug_Linux/obj/util_buffer.c.o
LOAD ./Debug_Linux/obj/util_kalman.c.o
LOAD ./Debug_Linux/obj/util_quick_trig.c.o
LOAD ./Debug_Linux/obj/util_generator.c.o
LOAD ./Debug_Linux/obj/util_matrixlib_float.c.o
LOAD ./Debug_Linux/obj/fat_fs_diskio.c.o
LOAD ./Debug_Linux/obj/fat_fs_ff.c.o
LOAD ./Debug_Linux/obj/option_cc932.c.o
LOAD ./Debug_Linux/obj/option_syscall.c.o
LOAD ./Debug_Linux/obj/option_unicode.c.o
LOAD ./Debug_Linux/obj/user_board_init.c.o
LOAD ./Debug_Linux/obj/stdio_read.c.o
LOAD ./Debug_Linux/obj/stdio_write.c.o
LOAD ./Debug_Linux/obj/pm_power_clocks_lib.c.o
LOAD ./Debug_Linux/obj/pm_pm_uc3c.c.o
LOAD ./Debug_Linux/obj/adcifa_adcifa.c.o
LOAD ./Debug_Linux/obj/usart_usart.c.o
LOAD ./Debug_Linux/obj/twim_twim.c.o
LOAD ./Debug_Linux/obj/intc_intc.c.o
LOAD ./Debug_Linux/obj/intc_exception.S.o
LOAD ./Debug_Linux/obj/ast_ast.c.o
LOAD ./Debug_Linux/obj/pevc_pevc.c.o
LOAD ./Debug_Linux/obj/tc_tc.c.o
LOAD ./Debug_Linux/obj/spi_spi.c.o
LOAD ./Debug_Linux/obj/pdca_pdca.c.o
LOAD ./Debug_Linux/obj/eic_eic.c.o
LOAD ./Debug_Linux/obj/dacifb_dacifb.c.o
LOAD ./Debug_Linux/obj/pwm_pwm4.c.o
LOAD ./Debug_Linux/obj/flashc_flashc.c.o
LOAD ./Debug_Linux/obj/gpio_gpio.c.o
LOAD ./Debug_Linux/obj/scif_scif_uc3c.c.o
LOAD ./Debug_Linux/obj/usbc_usbc_device.c.o
LOAD ./Debug_Linux/obj/startup_startup_uc3.S.o
LOAD ./Debug_Linux/obj/startup_trampoline_uc3.S.o
LOAD ./Debug_Linux/obj/delay_delay.c.o
LOAD ./Debug_Linux/obj/stdio_usb_stdio_usb.c.o
LOAD ./Debug_Linux/obj/uc3_sleepmgr.c.o
LOAD ./Debug_Linux/obj/uc3_spi_spi_master.c.o
LOAD ./Debug_Linux/obj/uc3c_pll.c.o
LOAD ./Debug_Linux/obj/uc3c_osc.c.o
LOAD ./Debug_Linux/obj/uc3c_sysclk.c.o
LOAD ./Debug_Linux/obj/udc_udc.c.o
LOAD ./Debug_Linux/obj/device_udi_cdc.c.o
LOAD ./Debug_Linux/obj/device_udi_cdc_desc.c.o
START GROUP
END GROUP
LOAD /usr/local/avr32-gnu-toolchain-linux_x86_64/bin/../lib/gcc/avr32/4.4.7/ucr3fp/libstdc++.a
LOAD /usr/local/avr32-gnu-toolchain-linux_x86_64/bin/../lib/gcc/avr32/4.4.7/../../../../avr32/lib/ucr3fp/libm.a
LOAD /usr/local/avr32-gnu-toolchain-linux_x86_64/bin/../lib/gcc/avr32/4.4.7/ucr3fp/libgcc.a
LOAD /usr/local/avr32-gnu-toolchain-linux_x86_64/bin/../lib/gcc/avr32/4.4.7/../../../../avr32/lib/ucr3fp/libc.a
LOAD /usr/local/avr32-gnu-toolchain-linux_x86_64/bin/../lib/gcc/avr32/4.4.7/ucr3fp/libgcc.a
                0x0000000080000000                PROVIDE (__executable_start, 0x80000000)
                0x0000000080000000                . = 0x80000000

.interp
 *(.interp)

.reset          0x0000000080000000     0x2008
 *(.reset)
 .reset         0x0000000080000000     0x2008 ./Debug_Linux/obj/startup_trampoline_uc3.S.o
                0x0000000080000000                _trampoline

.hash
 *(.hash)

.dynsym
 *(.dynsym)

.dynstr
 *(.dynstr)

.gnu.version
 *(.gnu.version)

.gnu.version_d
 *(.gnu.version_d)

.gnu.version_r
 *(.gnu.version_r)

.rel.init
 *(.rel.init)

.rela.init
 *(.rela.init)

.rel.text
 *(.rel.text .rel.text.* .rel.gnu.linkonce.t.*)

.rela.text
 *(.rela.text .rela.text.* .rela.gnu.linkonce.t.*)

.rel.fini
 *(.rel.fini)

.rela.fini
 *(.rela.fini)

.rel.rodata
 *(.rel.rodata .rel.rodata.* .rel.gnu.linkonce.r.*)

.rela.rodata
 *(.rela.rodata .rela.rodata.* .rela.gnu.linkonce.r.*)

.rel.data.rel.ro
 *(.rel.data.rel.ro*)

.rela.data.rel.ro
 *(.rel.data.rel.ro*)

.rel.data
 *(.rel.data .rel.data.* .rel.gnu.linkonce.d.*)

.rela.data
 *(.rela.data .rela.data.* .rela.gnu.linkonce.d.*)

.rel.tdata
 *(.rel.tdata .rel.tdata.* .rel.gnu.linkonce.td.*)

.rela.tdata
 *(.rela.tdata .rela.tdata.* .rela.gnu.linkonce.td.*)

.rel.tbss
 *(.rel.tbss .rel.tbss.* .rel.gnu.linkonce.tb.*)

.rela.tbss
 *(.rela.tbss .rela.tbss.* .rela.gnu.linkonce.tb.*)

.rel.ctors
 *(.rel.ctors)

.rela.ctors
 *(.rela.ctors)

.rel.dtors
 *(.rel.dtors)

.rela.dtors
 *(.rela.dtors)

.rel.got
 *(.rel.got)

.rela.got       0x0000000080002008        0x0
 *(.rela.got)
 .rela.got      0x0000000080002008        0x0 ./Debug_Linux/obj/hal_gps_ublox.c.o

.rel.bss
 *(.rel.bss .rel.bss.* .rel.gnu.linkonce.b.*)

.rela.bss
 *(.rela.bss .rela.bss.* .rela.gnu.linkonce.b.*)

.rel.plt
 *(.rel.plt)

.rela.plt
 *(.rela.plt)

.init
 *(.init)

.plt
 *(.plt)

.text           0x0000000080002008    0x34974
 *(.text .stub .text.* .gnu.linkonce.t.*)
 .text          0x0000000080002008      0x6ec ./Debug_Linux/obj/src_tasks.c.o
                                        0x7a0 (size before relaxing)
                0x0000000080002008                tasks_get_main_taskset
                0x0000000080002024                tasks_create_tasks
                0x00000000800021a8                tasks_led_toggle
                0x00000000800021b8                tasks_run_barometer_update
                0x00000000800021e8                tasks_run_gps_update
                0x0000000080002218                tasks_run_imu_update
                0x0000000080002284                tasks_run_stabilisation
                0x00000000800025a4                tasks_run_stabilisation_quaternion
 .text          0x00000000800026f4       0x68 ./Debug_Linux/obj/src_main.cpp.o
                                         0x98 (size before relaxing)
                0x00000000800026f4                _Z14initialisationv
                0x0000000080002740                main
 .text          0x000000008000275c      0x178 ./Debug_Linux/obj/src_boardsupport.c.o
                                        0x1dc (size before relaxing)
                0x000000008000275c                boardsupport_init
 .text          0x00000000800028d4      0x970 ./Debug_Linux/obj/src_mavlink_telemetry.c.o
                                        0x9b0 (size before relaxing)
                0x00000000800028d4                mavlink_telemetry_add_data_logging_parameters
                0x0000000080002970                mavlink_telemetry_add_onboard_parameters
                0x0000000080002f2c                mavlink_telemetry_init
 .text          0x0000000080003244      0x4ec ./Debug_Linux/obj/src_central_data.c.o
                                        0x55c (size before relaxing)
                0x0000000080003244                central_data_get_pointer_to_struct
                0x0000000080003254                central_data_init
 .text          0x0000000080003730      0x2dc ./Debug_Linux/obj/communication_mavlink_stream.c.o
                                        0x2e4 (size before relaxing)
                0x0000000080003730                mavlink_stream_init
                0x0000000080003758                mavlink_stream_flush
                0x000000008000376e                mavlink_stream_receive
                0x00000000800039c4                mavlink_stream_send
 .text          0x0000000080003a0c     0x30ec ./Debug_Linux/obj/communication_mavlink_waypoint_handler.c.o
                                       0x3240 (size before relaxing)
                0x0000000080003a94                waypoint_handler_init_homing_waypoint
                0x0000000080003adc                waypoint_handler_control_time_out_waypoint_msg
                0x0000000080003b9c                waypoint_handler_init_waypoint_list
                0x0000000080003ce4                waypoint_handler_set_waypoint_from_frame
                0x0000000080004158                waypoint_handler_nav_plan_init
                0x0000000080004338                waypoint_handler_init
 .text          0x0000000080006af8      0xaf0 ./Debug_Linux/obj/communication_onboard_parameters.c.o
                                        0xb60 (size before relaxing)
                0x0000000080006b24                onboard_parameters_read_parameters_from_flashc
                0x0000000080006be0                onboard_parameters_write_parameters_to_flashc
                0x0000000080006d6c                onboard_parameters_add_parameter_float
                0x0000000080006de0                onboard_parameters_add_parameter_int32
                0x0000000080006e54                onboard_parameters_add_parameter_uint32
                0x0000000080006ec8                onboard_parameters_init
                0x00000000800072dc                onboard_parameters_preflight_storage
 .text          0x00000000800075e8      0x58c ./Debug_Linux/obj/communication_mavlink_message_handler.c.o
                                        0x5b8 (size before relaxing)
                0x00000000800075e8                mavlink_message_handler_add_cmd_callback
                0x000000008000763c                mavlink_message_handler_add_msg_callback
                0x0000000080007694                mavlink_message_handler_cmd_default_dbg
                0x000000008000775c                mavlink_message_handler_msg_default_dbg
                0x00000000800077c0                mavlink_message_handler_receive
                0x0000000080007b00                mavlink_message_handler_init
 .text          0x0000000080007b74      0x1fc ./Debug_Linux/obj/communication_mavlink_communication.c.o
                                        0x240 (size before relaxing)
                0x0000000080007b74                mavlink_communication_suspend_downstream
                0x0000000080007bb0                mavlink_communication_update
                0x0000000080007bf8                mavlink_communication_init
 .text          0x0000000080007d70      0x110 ./Debug_Linux/obj/communication_console.c.o
                                        0x140 (size before relaxing)
                0x0000000080007d70                console_get_in_stream
                0x0000000080007d80                console_get_out_stream
                0x0000000080007d90                console_init
 .text          0x0000000080007e80      0x5d4 ./Debug_Linux/obj/communication_state.c.o
                                        0x5f0 (size before relaxing)
                0x0000000080007e80                state_send_status
                0x000000008000805c                state_init
                0x00000000800081bc                state_send_heartbeat
 .text          0x0000000080008454      0x23c ./Debug_Linux/obj/communication_hud.c.o
                                        0x258 (size before relaxing)
                0x0000000080008454                hud_send_message
                0x0000000080008674                hud_init
 .text          0x0000000080008690      0xaa0 ./Debug_Linux/obj/communication_remote.c.o
                                        0xab4 (size before relaxing)
                0x0000000080008690                remote_check
                0x000000008000869c                remote_calibrate
                0x00000000800086bc                remote_get_throttle
                0x00000000800086c8                remote_get_roll
                0x00000000800086d4                remote_get_pitch
                0x00000000800086e0                remote_get_yaw
                0x00000000800086ec                remote_mode_init
                0x000000008000873a                remote_mode_update
                0x00000000800088de                remote_mode_get
                0x00000000800088ec                remote_update
                0x0000000080008b64                remote_init
                0x0000000080008c6c                remote_send_raw
                0x0000000080008ec4                remote_send_scaled
 .text          0x0000000080009130      0x13c ./Debug_Linux/obj/communication_state_machine.c.o
                                        0x158 (size before relaxing)
                0x0000000080009130                state_machine_init
                0x000000008000915c                state_machine_update
 .text          0x000000008000926c     0x1034 ./Debug_Linux/obj/communication_data_logging.c.o
                                       0x10f4 (size before relaxing)
                0x000000008000926c                data_logging_add_parameter_double
                0x00000000800092b8                data_logging_add_parameter_float
                0x0000000080009304                data_logging_add_parameter_int64
                0x0000000080009350                data_logging_add_parameter_uint64
                0x000000008000939c                data_logging_add_parameter_int32
                0x00000000800093e8                data_logging_add_parameter_uint32
                0x0000000080009434                data_logging_add_parameter_int16
                0x0000000080009480                data_logging_add_parameter_uint16
                0x00000000800094cc                data_logging_add_parameter_int8
                0x0000000080009518                data_logging_add_parameter_uint8
                0x00000000800096a4                data_logging_create_new_log_file
                0x000000008000985c                data_logging_init
                0x0000000080009968                data_logging_run
 .text          0x000000008000a2a0      0x230 ./Debug_Linux/obj/control_pid_control.c.o
                                        0x248 (size before relaxing)
                0x000000008000a2a0                pid_control_reset_integrator
                0x000000008000a2ae                pid_control_update_dt
                0x000000008000a380                pid_control_pass_through_controller
                0x000000008000a3cc                pid_control_update
 .text          0x000000008000a4d0     0x1278 ./Debug_Linux/obj/control_navigation.c.o
                                       0x1320 (size before relaxing)
                0x000000008000a4d0                navigation_critical_handler
                0x000000008000a620                navigation_waypoint_take_off_init
                0x000000008000a734                navigation_waypoint_hold_init
                0x000000008000a804                navigation_hold_position_handler
                0x000000008000a898                navigation_waypoint_take_off_handler
                0x000000008000ad44                navigation_init
                0x000000008000af7c                navigation_waypoint_navigation_handler
                0x000000008000b524                navigation_update
 .text          0x000000008000b748      0x8f8 ./Debug_Linux/obj/control_stabilisation_copter.c.o
                                        0x92c (size before relaxing)
                0x000000008000b748                stabilisation_copter_mix_to_servos_cross_quad
                0x000000008000b864                stabilisation_copter_mix_to_servos_diag_quad
                0x000000008000b994                stabilisation_copter_init
                0x000000008000ba0c                stabilisation_copter_cascade_stabilise
 .text          0x000000008000c040      0x50c ./Debug_Linux/obj/control_stabilisation.c.o
                                        0x52c (size before relaxing)
                0x000000008000c040                stabilisation_run
                0x000000008000c08c                stabilisation_init
                0x000000008000c0c0                stabilisation_send_rpy_rates_error
                0x000000008000c244                stabilisation_send_rpy_thrust_setpoint
                0x000000008000c3c4                stabilisation_send_rpy_speed_thrust_setpoint
 .text          0x000000008000c54c      0x294 ./Debug_Linux/obj/control_attitude_error_estimator.c.o
                                        0x29c (size before relaxing)
                0x000000008000c54c                attitude_error_estimator_init
                0x000000008000c56c                attitude_error_estimator_set_quat_ref
                0x000000008000c58a                attitude_error_estimator_set_quat_ref_from_rpy
                0x000000008000c5d8                attitude_error_estimator_set_quat_ref_from_aero
                0x000000008000c614                attitude_error_estimator_update
 .text          0x000000008000c7e0       0xb8 ./Debug_Linux/obj/control_attitude_controller_p2.c.o
                                         0xd4 (size before relaxing)
                0x000000008000c7e0                attitude_controller_p2_update
                0x000000008000c864                attitude_controller_p2_init
 .text          0x000000008000c898      0x7cc ./Debug_Linux/obj/control_joystick_parsing.c.o
                                        0x800 (size before relaxing)
                0x000000008000c898                joystick_parsing_button
                0x000000008000c8b4                joystick_parsing_get_velocity_vector_from_joystick
                0x000000008000c940                joystick_parsing_get_attitude_command_from_joystick
                0x000000008000c9b4                joystick_parsing_send_manual_ctrl_msg
                0x000000008000cd00                joystick_parsing_init
                0x000000008000cd6c                joystick_parsing_button_1
                0x000000008000cde0                joystick_parsing_button_mask
                0x000000008000cee4                joystick_parsing_parse_msg
 .text          0x000000008000d064      0x16c ./Debug_Linux/obj/control_servos_mix_quadcopter_diag.c.o
                                        0x170 (size before relaxing)
                0x000000008000d064                servo_mix_quadcotper_diag_init
                0x000000008000d09c                servos_mix_quadcopter_diag_update
 .text          0x000000008000d1d0      0x7dc ./Debug_Linux/obj/hal_bmp085.c.o
                                        0x834 (size before relaxing)
                0x000000008000d1d0                bmp085_reset_origin_altitude
                0x000000008000d1ec                bmp085_send_pressure
                0x000000008000d34c                bmp085_update
                0x000000008000d6c8                bmp085_init_slow
                0x000000008000d990                bmp085_init
 .text          0x000000008000d9ac       0xf8 ./Debug_Linux/obj/hal_time_keeper.c.o
                                        0x134 (size before relaxing)
                0x000000008000d9ac                time_keeper_ticks_to_seconds
                0x000000008000d9cc                time_keeper_get_time_ticks
                0x000000008000d9e0                time_keeper_init
                0x000000008000da00                time_keeper_delay_until
                0x000000008000da1c                time_keeper_get_millis
                0x000000008000da40                time_keeper_delay_micros
                0x000000008000da64                time_keeper_get_time
                0x000000008000da90                time_keeper_get_micros
 .text          0x000000008000daa4      0x54c ./Debug_Linux/obj/hal_uart_int.c.o
                                        0x5d0 (size before relaxing)
                0x000000008000daa4                uart_int_set_usart_conf
                0x000000008000db24                uart_int_get_uart_handle
                0x000000008000db40                uart_int_register_write_stream
                0x000000008000db64                uart_int_register_read_stream
                0x000000008000db72                uart_out_buffer_empty
                0x000000008000db84                uart_int_flush
                0x000000008000dba4                uart_int_send_byte
                0x000000008000dbcc                uart_int_bytes_available
                0x000000008000dbe0                uart_int_get_byte
                0x000000008000dbf4                register_UART_handler
                0x000000008000decc                uart_int_init
 .text          0x000000008000dff0      0x304 ./Debug_Linux/obj/hal_led.c.o
                0x000000008000dff0                LED_Read_Display
                0x000000008000e004                LED_Display
                0x000000008000e098                LED_Read_Display_Mask
                0x000000008000e0ac                LED_Test
                0x000000008000e0c4                LED_Get_Intensity
                0x000000008000e0ce                LED_Set_Intensity
                0x000000008000e0d8                LED_Read_Display_Field
                0x000000008000e0f8                LED_Toggle
                0x000000008000e14c                LED_Off
                0x000000008000e1a0                LED_On
                0x000000008000e1f8                LED_Display_Mask
                0x000000008000e270                LED_Display_Field
 .text          0x000000008000e2f4      0x8a4 ./Debug_Linux/obj/hal_spi_buffered.c.o
                                        0x910 (size before relaxing)
                0x000000008000e2f4                spi_buffered_get_spi_in_buffer
                0x000000008000e310                spi_buffered_set_callback
                0x000000008000e32c                spi_buffered_pause
                0x000000008000e348                spi_buffered_activate_receive
                0x000000008000e364                spi_buffered_deactivate_receive
                0x000000008000e380                spi_buffered_clear_read_buffer
                0x000000008000e39c                spi_buffered_get_traffic
                0x000000008000e3b8                spi_buffered_read
                0x000000008000e3f0                spi_buffered_is_transfered_finished
                0x000000008000e414                spi_buffered_bytes_available
                0x000000008000e438                spi_buffered_transmit
                0x000000008000e49c                spi_buffered_disable
                0x000000008000e4bc                spi_buffered_enable
                0x000000008000e4dc                spi_buffered_trigger_DMA
                0x000000008000e544                spi_buffered_init_DMA
                0x000000008000e5ec                spi_buffered_init
                0x000000008000e6cc                spi_buffered_start
                0x000000008000e748                spi_buffered_flush_buffer
                0x000000008000e7fc                spi_handler
                0x000000008000e8c8                spi1_int_handler
                0x000000008000e99c                spi_buffered_resume
                0x000000008000ea24                spi0_int_handler
                0x000000008000eaf4                spi_buffered_write
 .text          0x000000008000eb98      0x3d0 ./Debug_Linux/obj/hal_adc_int.c.o
                                        0x400 (size before relaxing)
                0x000000008000eb98                adc_int_clear_sequencer
                0x000000008000ebb8                adc_int_sequencer_add
                0x000000008000ec20                adc_int_sampling_complete
                0x000000008000ec48                adc_int_get_sample
                0x000000008000ec60                adc_int_get_buffer
                0x000000008000ec70                adc_int_get_sampling_status
                0x000000008000ec84                adc_int_get_period
                0x000000008000ec98                adc_int_stop_sampling
                0x000000008000ecb0                adc_int_start_sampling
                0x000000008000ed5c                adc_int_init
 .text          0x000000008000ef68      0x268 ./Debug_Linux/obj/hal_dac_dma.c.o
                                        0x2c0 (size before relaxing)
                0x000000008000ef68                DAC_pause
                0x000000008000ef72                DAC_resume
                0x000000008000ef7c                DAC_is_finished
                0x000000008000ef86                dac_dma_set_value
                0x000000008000ef9c                dac_dma_play
                0x000000008000f040                dac_dma_init
                0x000000008000f0ec                init_gclk
                0x000000008000f108                init_pevc
                0x000000008000f134                dac_dma_load_buffer
 .text          0x000000008000f1d0      0x2c4 ./Debug_Linux/obj/hal_ads1274.c.o
                                        0x304 (size before relaxing)
                0x000000008000f1d0                get_interrupt_counter
                0x000000008000f1e4                ads1274_set_DAC_generator_function
                0x000000008000f1f8                get_sample
                0x000000008000f218                get_sampling_status
                0x000000008000f22c                ads1274_ADC_switch_channel
                0x000000008000f236                ads1274_ADC_set_mode
                0x000000008000f240                ads1274_ADC_start_oneshot
                0x000000008000f254                eic_nmi_handler
                0x000000008000f27c                ads1274_ADC_switch_clock
                0x000000008000f2c0                process_data
                0x000000008000f3ac                ads1274_init_DAC
 .text          0x000000008000f494      0xa00 ./Debug_Linux/obj/hal_analog_monitor.c.o
                                        0xa18 (size before relaxing)
                0x000000008000f494                analog_compute_avg
                0x000000008000f52c                trigger_analog_monitor
                0x000000008000f544                analog_monitor_init
                0x000000008000f814                analog_monitor_update
 .text          0x000000008000fe94      0x284 ./Debug_Linux/obj/hal_i2c_driver_int.c.o
                                        0x29c (size before relaxing)
                0x000000008000ff5c                i2c_driver_trigger_request
                0x0000000080010010                i2c_driver_reset
                0x000000008001007a                i2c_driver_init
 .text          0x0000000080010118      0x334 ./Debug_Linux/obj/hal_piezo_speaker.c.o
                                        0x3cc (size before relaxing)
                0x0000000080010118                piezo_speaker_init_binary
                0x0000000080010140                piezo_speaker_init
                0x0000000080010178                piezo_speaker_beep
                0x0000000080010200                piezo_speaker_mario_melody
                0x0000000080010270                piezo_speaker_star_wars
                0x0000000080010398                piezo_speaker_critical_error_melody
                0x00000000800103c0                piezo_speaker_quick_startup
                0x00000000800103e0                piezo_speaker_startup_melody
 .text          0x000000008001044c     0x1e20 ./Debug_Linux/obj/hal_gps_ublox.c.o
                                       0x1e88 (size before relaxing)
                0x00000000800104a4                gps_ublox_init
                0x000000008001084c                gps_ublox_configure_gps
                0x0000000080010928                gps_ublox_update
                0x0000000080011e58                gps_ublox_send_raw
 .text          0x000000008001226c       0xb8 ./Debug_Linux/obj/hal_xbee.c.o
                                         0xd4 (size before relaxing)
                0x000000008001226c                xbee_get_in_stream
                0x000000008001227c                xbee_get_out_stream
                0x000000008001228c                xbee_init
 .text          0x0000000080012324       0x98 ./Debug_Linux/obj/hal_hmc5883l.c.o
                                         0xac (size before relaxing)
                0x0000000080012324                hmc5883l_update
                0x0000000080012378                hmc5883l_init_slow
 .text          0x00000000800123bc      0x2d8 ./Debug_Linux/obj/hal_lsm330dlc.c.o
                                        0x308 (size before relaxing)
                0x00000000800123bc                lsm330dlc_init
                0x0000000080012490                lsm330dlc_acc_update
                0x0000000080012584                lsm330dlc_gyro_update
 .text          0x0000000080012694      0x510 ./Debug_Linux/obj/hal_spektrum_satellite.c.o
                                        0x564 (size before relaxing)
                0x0000000080012694                spektrum_satellite_get_pointer
                0x00000000800126a4                spektrum_satellite_get_channel
                0x00000000800126bc                spektrum_satellite_get_neutral
                0x00000000800129bc                spektrum_satellite_switch_off
                0x00000000800129d4                spektrum_satellite_switch_on
                0x00000000800129ec                spektrum_satellite_bind
                0x0000000080012b0c                spektrum_satellite_init
 .text          0x0000000080012ba4      0x3ac ./Debug_Linux/obj/hal_servos.c.o
                                        0x3b8 (size before relaxing)
                0x0000000080012ba4                servos_set_value
                0x0000000080012bfa                servos_set_value_failsafe
                0x0000000080012c1e                servos_mavlink_send
                0x0000000080012e78                servos_init
 .text          0x0000000080012f50      0x254 ./Debug_Linux/obj/hal_pwm_servos.c.o
                                        0x258 (size before relaxing)
                0x0000000080012f50                write_channels
                0x0000000080012f9a                pwm_servos_init
                0x0000000080013074                pwm_servos_write_to_hardware
 .text          0x00000000800131a4     0x259c ./Debug_Linux/obj/hal_sd_spi.c.o
                                       0x2740 (size before relaxing)
                0x00000000800131a4                sd_spi_get_sector_count
                0x00000000800131c0                sd_spi_get_sector_size
                0x00000000800131d0                sd_spi_get_block_size
                0x000000008001321c                sd_spi_get_capacity
                0x0000000080013360                sd_spi_wait_not_busy
                0x0000000080013644                sd_spi_write_given_sector_from_ram
                0x00000000800137f8                sd_mmc_spi_read_open_PDCA
                0x00000000800138dc                sd_spi_read_sector_to_ram_pcda
                0x0000000080013a00                sd_spi_read_given_sector_to_ram
                0x0000000080013b40                sd_mmc_spi_read_sector_to_ram
                0x0000000080013db8                sd_spi_reset_card
                0x0000000080013e58                sd_spi_write_sector_from_ram
                0x0000000080013fac                sd_spi_init
                0x0000000080014a50                sd_spi_mem_check
                0x0000000080014cfc                sd_spi_test
                0x0000000080015224                sd_spi_status
                0x0000000080015498                is_sd_spi_write_pwd_locked
 .text          0x0000000080015740       0x94 ./Debug_Linux/obj/hal_usb_int.c.o
                                         0xa4 (size before relaxing)
                0x0000000080015740                usb_int_set_usb_conf
                0x000000008001575c                usb_int_get_usb_handle
                0x000000008001576c                usb_int_register_write_stream
                0x0000000080015788                usb_int_register_read_stream
                0x0000000080015794                usb_int_send_byte
                0x00000000800157c0                usb_int_init
 .text          0x00000000800157d4      0xcdc ./Debug_Linux/obj/runtime_scheduler.c.o
                                        0xd10 (size before relaxing)
                0x00000000800157d4                scheduler_sort_tasks
                0x0000000080015908                scheduler_get_task_by_id
                0x000000008001594c                scheduler_get_task_by_index
                0x000000008001596e                scheduler_change_run_mode
                0x000000008001597a                scheduler_run_task_now
                0x0000000080015998                scheduler_suspend_task
                0x00000000800159b0                scheduler_update
                0x0000000080015b14                scheduler_add_task
                0x0000000080015bb0                scheduler_init
                0x0000000080015c00                scheduler_change_task_period
                0x0000000080015c18                scheduler_send_rt_stats
 .text          0x00000000800164b0      0x880 ./Debug_Linux/obj/sensing_imu.c.o
                                        0x89c (size before relaxing)
                0x00000000800164b0                imu_send_raw
                0x0000000080016714                imu_init
                0x0000000080016814                imu_update
                0x0000000080016a2c                imu_calibrate_gyros
                0x0000000080016aa8                imu_send_scaled
 .text          0x0000000080016d30     0x1010 ./Debug_Linux/obj/sensing_position_estimation.c.o
                                       0x107c (size before relaxing)
                0x0000000080016d30                position_estimation_reset_home_altitude
                0x0000000080016f8c                position_estimation_send_global_position
                0x0000000080017244                position_estimation_init
                0x00000000800173dc                position_estimation_send_position
                0x0000000080017958                position_estimation_update
 .text          0x0000000080017d40      0xa64 ./Debug_Linux/obj/sensing_qfilter.c.o
                                        0xa74 (size before relaxing)
                0x0000000080017d40                qfilter_init
                0x0000000080017d88                qfilter_update
 .text          0x00000000800187a4     0x266c ./Debug_Linux/obj/sensing_simulation.c.o
                                       0x272c (size before relaxing)
                0x00000000800187a4                forces_from_servos_cross_quad
                0x00000000800187ae                simulation_calib_set
                0x00000000800188bc                simulation_send_state
                0x0000000080018d4c                simulation_switch_from_simulation_to_reality
                0x000000008001902c                simulation_fake_gps_fix
                0x00000000800190f0                simulation_simulate_gps
                0x000000008001917c                simulation_simulate_barometer
                0x00000000800191ac                simulation_send_quaternions
                0x0000000080019674                simulation_switch_from_reality_to_simulation
                0x000000008001979c                simulation_init
                0x00000000800199e8                forces_from_servos_diag_quad
                0x000000008001a080                simulation_update
 .text          0x000000008001ae10      0x438 ./Debug_Linux/obj/sensing_ahrs.c.o
                                        0x450 (size before relaxing)
                0x000000008001ae10                ahrs_init
                0x000000008001ae52                ahrs_send_attitude_quaternion
                0x000000008001b05c                ahrs_send_attitude
 .text          0x000000008001b248      0x41c ./Debug_Linux/obj/util_coord_conventions.c.o
                                        0x470 (size before relaxing)
                0x000000008001b248                coord_conventions_get_yaw
                0x000000008001b2a0                coord_conventions_quaternion_from_aero
                0x000000008001b34c                coord_conventions_quat_to_aero
                0x000000008001b444                coord_conventions_local_to_global_position
                0x000000008001b520                coord_conventions_global_to_local_position
 .text          0x000000008001b664      0x998 ./Debug_Linux/obj/util_print_util.c.o
                                        0x9d8 (size before relaxing)
                0x000000008001b664                print_util_get_debug_stream
                0x000000008001b678                print_util_dbg_print_init
                0x000000008001b68c                print_util_putstring
                0x000000008001b6ba                print_util_putdigit
                0x000000008001b6e8                print_util_putnum
                0x000000008001b774                print_util_putlong
                0x000000008001b840                putnum_tight
                0x000000008001b8d0                print_util_dbg_print
                0x000000008001b904                print_util_putfloat
                0x000000008001ba60                print_util_print_matrix
                0x000000008001bb5c                print_util_dbg_putfloat
                0x000000008001bb74                print_util_print_vector
                0x000000008001bc08                print_util_print_quaternion
                0x000000008001bcfc                print_util_dbg_print_quaternion
                0x000000008001bd14                print_util_dbg_print_vector
                0x000000008001bdb0                print_util_dbg_print_num
                0x000000008001be40                print_util_dbg_print_long
                0x000000008001bf18                print_util_dbg_log_value
 .text          0x000000008001bffc      0x190 ./Debug_Linux/obj/util_buffer.c.o
                                        0x198 (size before relaxing)
                0x000000008001bffc                buffer_full
                0x000000008001c018                buffer_put_lossy
                0x000000008001c064                buffer_put
                0x000000008001c0b0                buffer_get
                0x000000008001c0e0                buffer_empty
                0x000000008001c0f8                buffer_bytes_available
                0x000000008001c114                buffer_init
                0x000000008001c12c                buffer_clear
                0x000000008001c144                buffer_make_buffered_stream
                0x000000008001c168                buffer_make_buffered_stream_lossy
 .text          0x000000008001c18c      0xda4 ./Debug_Linux/obj/util_quick_trig.c.o
                                        0xe10 (size before relaxing)
                0x000000008001c220                quick_trig_tan
                0x000000008001c510                quick_trig_sin
                0x000000008001ca28                quick_trig_cos
                0x000000008001cb18                quick_trig_atan
                0x000000008001ccf0                quick_trig_acos
                0x000000008001ce54                quick_trig_asin
 .text          0x000000008001cf30      0xfdc ./Debug_Linux/obj/fat_fs_diskio.c.o
                                       0x1078 (size before relaxing)
                0x000000008001cf30                diskio_open_append
                0x000000008001cf60                get_fattime
                0x000000008001cffc                disk_ioctl
                0x000000008001d060                disk_write
                0x000000008001d0a8                disk_read
                0x000000008001d0e4                disk_status
                0x000000008001d118                disk_initialize
                0x000000008001d140                diskio_test_fatfs
                0x000000008001d2d0                diskio_test
                0x000000008001dec0                diskio_test_low_layer
 .text          0x000000008001df0c     0x5770 ./Debug_Linux/obj/fat_fs_ff.c.o
                                       0x58dc (size before relaxing)
                0x000000008001df0c                clust2sect
                0x000000008001e2e0                f_closedir
                0x000000008001ecb0                f_mount
                0x000000008001ed8c                f_sync
                0x000000008001eeec                f_close
                0x000000008001ef34                get_fat
                0x000000008001f220                f_getfree
                0x000000008001f3a8                f_read
                0x000000008001f668                f_gets
                0x000000008001f7cc                put_fat
                0x0000000080020aec                f_readdir
                0x0000000080020b90                f_lseek
                0x0000000080020d54                f_write
                0x0000000080021044                f_puts
                0x00000000800210e4                f_putc
                0x0000000080021128                f_printf
                0x0000000080021714                f_truncate
                0x0000000080021ddc                f_stat
                0x0000000080021e58                f_opendir
                0x0000000080021f2c                f_utime
                0x0000000080021fc4                f_chmod
                0x000000008002205c                f_unlink
                0x0000000080022d1c                f_rename
                0x0000000080022fe8                f_mkdir
                0x0000000080023338                f_open
 .text          0x000000008002367c      0x2e0 ./Debug_Linux/obj/option_cc932.c.o
                0x000000008002367c                ff_convert
                0x000000008002391c                ff_wtoupper
 .text          0x000000008002395c       0x20 ./Debug_Linux/obj/option_syscall.c.o
                                         0x28 (size before relaxing)
                0x000000008002395c                ff_memfree
                0x000000008002396c                ff_memalloc
 .text          0x000000008002397c       0x1c ./Debug_Linux/obj/user_board_init.c.o
                                         0x20 (size before relaxing)
                0x000000008002397c                board_init
 .text          0x0000000080023998       0x60 ./Debug_Linux/obj/stdio_read.c.o
                0x0000000080023998                _read
 .text          0x00000000800239f8       0x44 ./Debug_Linux/obj/stdio_write.c.o
                0x00000000800239f8                _write
 .text          0x0000000080023a3c      0x590 ./Debug_Linux/obj/adcifa_adcifa.c.o
                0x0000000080023a3c                adcifa_get_calibration_data
                0x0000000080023a78                adcifa_configure
                0x0000000080023b2c                adcifa_configure_sequencer
                0x0000000080023dd6                adcifa_configure_window_monitor
                0x0000000080023e54                adcifa_start_sequencer
                0x0000000080023e90                adcifa_check_eoc
                0x0000000080023ec2                adcifa_check_eos
                0x0000000080023ef4                adcifa_get_values_from_sequencer
                0x0000000080023f84                adcifa_start_itimer
                0x0000000080023f96                adcifa_stop_itimer
                0x0000000080023fa4                adcifa_enable_interrupt
                0x0000000080023fb2                adcifa_disable_interrupt
                0x0000000080023fc0                adcifa_clear_interrupt
 .text          0x0000000080023fcc      0xd88 ./Debug_Linux/obj/usart_usart.c.o
                0x0000000080024034                usart_spi_selectChip
                0x0000000080024044                usart_spi_unselectChip
                0x000000008002406c                usart_write_char
                0x000000008002408c                usart_putchar
                0x00000000800240b2                usart_read_char
                0x00000000800240e2                usart_getchar
                0x0000000080024106                usart_write_line
                0x000000008002413a                usart_get_echo_line
                0x00000000800241cc                usart_reset
                0x0000000080024200                usart_send_address
                0x0000000080024230                usart_init_spi_slave
                0x00000000800242e0                usart_init_spi_master
                0x00000000800243ae                usart_init_iso7816
                0x0000000080024470                usart_init_sync_slave
                0x000000008002454c                usart_init_sync_master
                0x000000008002464c                usart_init_rs232_tx_only
                0x0000000080024746                usart_init_rs232
                0x0000000080024830                usart_init_lin_slave
                0x00000000800248ce                usart_init_lin_master
                0x000000008002496c                usart_init_IrDA
                0x0000000080024a78                usart_init_rs485
                0x0000000080024b6c                usart_init_modem
                0x0000000080024c60                usart_init_hw_handshaking
 .text          0x0000000080024d54      0xa0c ./Debug_Linux/obj/twim_twim.c.o
                                        0xa1c (size before relaxing)
                0x0000000080024f10                twim_set_speed
                0x0000000080024f8e                twim_status
                0x0000000080024fa8                twim_disable_interrupt
                0x0000000080024fc4                twim_chained_transfer
                0x00000000800251c8                twim_write
                0x0000000080025284                twim_write_packet
                0x00000000800253b4                twim_read
                0x0000000080025480                twim_read_packet
                0x000000008002558c                twim_probe
                0x0000000080025650                twim_master_init
 .text          0x0000000080025760       0xcc ./Debug_Linux/obj/intc_intc.c.o
                                         0xd0 (size before relaxing)
                0x0000000080025768                INTC_register_interrupt
                0x00000000800257a0                INTC_init_interrupts
                0x00000000800257ec                _get_interrupt_handler
 .text          0x000000008002582c      0x216 ./Debug_Linux/obj/ast_ast.c.o
                0x000000008002582c                ast_init_calendar
                0x0000000080025868                ast_init_counter
                0x0000000080025890                ast_enable
                0x00000000800258b0                ast_set_calendar_value
                0x00000000800258ce                ast_set_counter_value
                0x00000000800258ea                ast_get_calendar_value
                0x00000000800258f6                ast_get_counter_value
                0x0000000080025902                ast_set_alarm0_value
                0x000000008002590e                ast_set_alarm1_value
                0x000000008002591a                ast_enable_alarm0
                0x000000008002593c                ast_disable_alarm0
                0x000000008002595e                ast_enable_alarm1
                0x0000000080025980                ast_disable_alarm1
                0x00000000800259a2                ast_set_periodic0_value
                0x00000000800259ae                ast_set_periodic1_value
                0x00000000800259ba                ast_enable_periodic0
                0x00000000800259dc                ast_disable_periodic0
                0x00000000800259fe                ast_enable_periodic1
                0x0000000080025a20                ast_disable_periodic1
 .text          0x0000000080025a42      0x376 ./Debug_Linux/obj/pevc_pevc.c.o
                0x0000000080025a42                pevc_channel_configure
                0x0000000080025ac6                pevc_igfd_set
                0x0000000080025ad6                pevc_channels_enable
                0x0000000080025af4                pevc_channels_disable
                0x0000000080025b12                pevc_get_channel_status
                0x0000000080025b50                pevc_get_channel_state
                0x0000000080025b8e                pevc_channel_sev_enable
                0x0000000080025baa                pevc_channels_trigger_sev
                0x0000000080025bc8                pevc_channel_sev_disable
                0x0000000080025be4                pevc_channels_enable_trigger_interrupt
                0x0000000080025c02                pevc_channels_disable_trigger_interrupt
                0x0000000080025c20                pevc_channel_is_trigger_interrupt_enabled
                0x0000000080025c62                pevc_channel_is_trigger_interrupt_raised
                0x0000000080025ca0                pevc_channel_clear_trigger_interrupt
                0x0000000080025ccc                pevc_channels_enable_overrun_interrupt
                0x0000000080025cea                pevc_channels_disable_overrun_interrupt
                0x0000000080025d08                pevc_channel_is_overrun_interrupt_enabled
                0x0000000080025d4a                pevc_channel_is_overrun_interrupt_raised
                0x0000000080025d8c                pevc_channel_clear_overrun_interrupt
 .text          0x0000000080025db8      0x3b0 ./Debug_Linux/obj/spi_spi.c.o
                                        0x3b4 (size before relaxing)
                0x0000000080025db8                getBaudDiv
                0x0000000080025ddc                spi_initSlave
                0x0000000080025e40                spi_initTest
                0x0000000080025e5c                spi_initMaster
                0x0000000080025e9e                spi_selectionMode
                0x0000000080025ede                spi_selectChip
                0x0000000080025f3a                spi_unselectChip
                0x0000000080025f6a                spi_setupChipReg
                0x0000000080026024                spi_enable
                0x0000000080026032                spi_disable
                0x0000000080026040                spi_is_enabled
                0x0000000080026050                spi_writeRegisterEmptyCheck
                0x0000000080026060                spi_write
                0x0000000080026086                spi_variableSlaveWrite
                0x00000000800260dc                spi_writeEndCheck
                0x00000000800260ec                spi_readRegisterFullCheck
                0x00000000800260fc                spi_read
                0x0000000080026128                spi_getStatus
 .text          0x0000000080026168      0x3e6 ./Debug_Linux/obj/pdca_pdca.c.o
                0x0000000080026168                pdca_get_handler
                0x0000000080026182                pdca_get_channel_status
                0x00000000800261aa                pdca_disable
                0x00000000800261ce                pdca_enable
                0x00000000800261f2                pdca_get_load_size
                0x0000000080026212                pdca_get_reload_size
                0x0000000080026232                pdca_set_peripheral_select
                0x0000000080026252                pdca_set_transfer_size
                0x0000000080026278                pdca_disable_event_trigger
                0x00000000800262a0                pdca_enable_event_trigger
                0x00000000800262c8                pdca_enable_interrupt_transfer_error
                0x00000000800262ec                pdca_enable_interrupt_transfer_complete
                0x0000000080026310                pdca_enable_interrupt_reload_counter_zero
                0x0000000080026334                pdca_get_transfer_status
                0x0000000080026354                pdca_disable_interrupt_reload_counter_zero
                0x0000000080026394                pdca_disable_interrupt_transfer_complete
                0x00000000800263d4                pdca_disable_interrupt_transfer_error
                0x0000000080026414                pdca_reload_channel
                0x0000000080026460                pdca_load_channel
                0x00000000800264ac                pdca_init_channel
 .text          0x000000008002654e      0x1c8 ./Debug_Linux/obj/eic_eic.c.o
                0x000000008002654e                eic_init
                0x0000000080026608                eic_enable_lines
                0x0000000080026614                eic_enable_line
                0x0000000080026626                eic_disable_lines
                0x0000000080026632                eic_disable_line
                0x0000000080026644                eic_is_line_enabled
                0x000000008002665c                eic_enable_interrupt_lines
                0x0000000080026668                eic_enable_interrupt_line
                0x000000008002667a                eic_is_interrupt_line_enabled
                0x0000000080026692                eic_is_interrupt_line_pending
                0x00000000800266aa                eic_clear_interrupt_line
                0x00000000800266c8                eic_clear_interrupt_lines
                0x00000000800266e0                eic_disable_interrupt_line
                0x00000000800266fe                eic_disable_interrupt_lines
 *fill*         0x0000000080026716        0x2 d703d703
 .text          0x0000000080026718      0x43c ./Debug_Linux/obj/dacifb_dacifb.c.o
                                        0x440 (size before relaxing)
                0x0000000080026718                dacifb_get_calibration_data
                0x0000000080026746                dacifb_check_eoc
                0x0000000080026752                dacifb_set_value
                0x000000008002678e                dacifb_reload_timer
                0x00000000800267e6                dacifb_start_channel
                0x0000000080026888                dacifb_configure_channel
                0x0000000080026aae                dacifb_configure
 .text          0x0000000080026b54     0x3464 ./Debug_Linux/obj/flashc_flashc.c.o
                                       0x3470 (size before relaxing)
                0x0000000080026b54                flashc_get_flash_size
                0x0000000080026b74                flashc_get_page_count
                0x0000000080026b94                flashc_get_page_count_per_region
                0x0000000080026bb4                flashc_get_wait_state
                0x0000000080026bc8                flashc_set_wait_state
                0x0000000080026bde                flashc_set_bus_freq
                0x0000000080026c16                flashc_is_ready_int_enabled
                0x0000000080026c2a                flashc_enable_ready_int
                0x0000000080026c40                flashc_is_lock_error_int_enabled
                0x0000000080026c54                flashc_enable_lock_error_int
                0x0000000080026c6a                flashc_is_prog_error_int_enabled
                0x0000000080026c7e                flashc_enable_prog_error_int
                0x0000000080026c94                flashc_is_ready
                0x0000000080026ca8                flashc_default_wait_until_ready
                0x0000000080026cc4                flashc_is_lock_error
                0x0000000080026cdc                flashc_is_programming_error
                0x0000000080026cf4                flashc_get_command
                0x0000000080026d08                flashc_get_page_number
                0x0000000080026d1c                flashc_issue_command
                0x0000000080026d64                flashc_is_security_bit_active
                0x0000000080026d78                flashc_get_bootloader_protected_size
                0x0000000080026de4                flashc_is_external_privileged_fetch_locked
                0x0000000080026e0a                flashc_is_region_locked
                0x0000000080026e2a                flashc_read_gp_fuse_bit
                0x0000000080026e78                flashc_read_gp_fuse_bitfield
                0x0000000080026f00                flashc_read_gp_fuse_byte
                0x0000000080026f4e                flashc_read_all_gp_fuses
                0x0000000080026f74                flashc_is_page_erased
                0x0000000080026f88                flashc_get_page_region
                0x0000000080026fc0                flashc_get_region_first_page_number
                0x0000000080026fe4                flashc_is_page_region_locked
                0x000000008002702c                flashc_no_operation
                0x0000000080027068                flashc_erase_all
                0x00000000800270a4                flashc_activate_security_bit
                0x00000000800270e0                flashc_lock_page_region
                0x0000000080027130                flashc_erase_gp_fuse_bit
                0x00000000800271b4                flashc_erase_all_gp_fuses
                0x0000000080027210                flashc_write_gp_fuse_byte
                0x0000000080027260                flashc_clear_page_buffer
                0x000000008002729c                flashc_quick_page_read
                0x00000000800272ec                flashc_erase_page
                0x0000000080027370                flashc_write_page
                0x00000000800273b8                flashc_quick_user_page_read
                0x00000000800273f8                flashc_write_user_page
                0x0000000080027434                flashc_erase_gp_fuse_bitfield
                0x0000000080027574                flashc_write_gp_fuse_bit
                0x00000000800275c8                flashc_set_flash_waitstate_and_readmode
                0x0000000080027648                flashc_write_gp_fuse_bitfield
                0x00000000800276e8                flashc_lock_region
                0x000000008002774c                flashc_write_all_gp_fuses
                0x0000000080027990                flashc_lock_all_regions
                0x00000000800280ec                flashc_erase_gp_fuse_byte
                0x0000000080028520                flashc_set_gp_fuse_bit
                0x000000008002857c                flashc_erase_user_page
                0x00000000800285e4                flashc_set_gp_fuse_bitfield
                0x000000008002869c                flashc_set_bootloader_protected_size
                0x00000000800287f0                flashc_erase_all_pages
                0x00000000800288f4                flashc_set_all_gp_fuses
                0x0000000080028d84                flashc_memcpy
                0x0000000080029360                flashc_set_gp_fuse_byte
                0x0000000080029b2c                flashc_memset64
                0x0000000080029efc                flashc_memset32
                0x0000000080029f18                flashc_memset16
                0x0000000080029f3c                flashc_memset8
                0x0000000080029f64                flashc_lock_external_privileged_fetch
 .text          0x0000000080029fb8      0x60c ./Debug_Linux/obj/gpio_gpio.c.o
                                        0x610 (size before relaxing)
                0x0000000080029fb8                gpio_enable_module_pin
                0x000000008002a06c                gpio_enable_module
                0x000000008002a09c                gpio_enable_gpio
                0x000000008002a0cc                gpio_enable_gpio_pin
                0x000000008002a0ea                gpio_enable_pin_pull_up
                0x000000008002a10a                gpio_disable_pin_pull_up
                0x000000008002a126                gpio_enable_pin_pull_down
                0x000000008002a146                gpio_disable_pin_pull_down
                0x000000008002a162                gpio_enable_pin_buskeeper
                0x000000008002a182                gpio_disable_pin_buskeeper
                0x000000008002a1a2                gpio_configure_pin
                0x000000008002a26c                gpio_configure_group
                0x000000008002a324                gpio_get_pin_value
                0x000000008002a342                gpio_get_gpio_pin_output_value
                0x000000008002a360                gpio_get_gpio_open_drain_pin_output_value
                0x000000008002a382                gpio_set_gpio_pin
                0x000000008002a3a4                gpio_set_pin_high
                0x000000008002a3c0                gpio_set_group_high
                0x000000008002a3d4                gpio_set_pin_low
                0x000000008002a3f0                gpio_clr_gpio_pin
                0x000000008002a412                gpio_set_group_low
                0x000000008002a426                gpio_tgl_gpio_pin
                0x000000008002a448                gpio_toggle_pin
                0x000000008002a464                gpio_toggle_group
                0x000000008002a478                gpio_set_gpio_open_drain_pin
                0x000000008002a496                gpio_clr_gpio_open_drain_pin
                0x000000008002a4b8                gpio_tgl_gpio_open_drain_pin
                0x000000008002a4da                gpio_enable_pin_glitch_filter
                0x000000008002a4f6                gpio_disable_pin_glitch_filter
                0x000000008002a512                gpio_enable_pin_interrupt
                0x000000008002a56c                gpio_disable_pin_interrupt
                0x000000008002a588                gpio_get_pin_interrupt_flag
                0x000000008002a5a8                gpio_clear_pin_interrupt_flag
 .text          0x000000008002a5c4      0x842 ./Debug_Linux/obj/scif_scif_uc3c.c.o
                0x000000008002a5c4                scif_read_gplp
                0x000000008002a5d8                scif_write_gplp
                0x000000008002a5f6                scif_is_osc_ready
                0x000000008002a61c                scif_wait_for_pll_locked
                0x000000008002a646                scif_start_gclk
                0x000000008002a68c                scif_stop_gclk
                0x000000008002a6c4                scif_gc_setup
                0x000000008002a758                scif_gc_enable
                0x000000008002a77c                scif_bod18_enable_irq
                0x000000008002a78e                scif_bod18_clear_irq
                0x000000008002a7a0                scif_bod18_get_irq_status
                0x000000008002a7b4                scif_bod18_get_irq_enable_bit
                0x000000008002a7c8                scif_bod18_get_level
                0x000000008002a7dc                scif_bod33_enable_irq
                0x000000008002a7f0                scif_bod33_clear_irq
                0x000000008002a804                scif_bod33_get_irq_status
                0x000000008002a818                scif_bod33_get_irq_enable_bit
                0x000000008002a82c                scif_bod33_get_level
                0x000000008002a840                scif_bod50_enable_irq
                0x000000008002a854                scif_bod50_clear_irq
                0x000000008002a868                scif_bod50_get_irq_status
                0x000000008002a87c                scif_bod50_get_irq_enable_bit
                0x000000008002a890                scif_bod50_get_level
                0x000000008002a8a4                scif_bod50_disable_irq
                0x000000008002a8d8                scif_bod33_disable_irq
                0x000000008002a90c                scif_bod18_disable_irq
                0x000000008002a93c                scif_stop_rc120M
                0x000000008002a968                scif_start_rc120M
                0x000000008002a992                scif_stop_rc8M
                0x000000008002a9be                scif_start_rc8M
                0x000000008002a9f2                scif_stop_osc32
                0x000000008002aa1e                scif_start_osc32
                0x000000008002aa7c                scif_pll_disable
                0x000000008002aac4                scif_pll_enable
                0x000000008002ab0c                scif_pll_setup
                0x000000008002ab7e                scif_enable_extosc
                0x000000008002abc6                scif_enable_osc
                0x000000008002ac38                scif_configure_osc_extmode
                0x000000008002ac80                scif_configure_osc_crystalmode
                0x000000008002ad44                scif_stop_osc
                0x000000008002ad76                scif_start_osc
 *fill*         0x000000008002ae06        0x2 d703d703
 .text          0x000000008002ae08     0x1048 ./Debug_Linux/obj/usbc_usbc_device.c.o
                                       0x107c (size before relaxing)
                0x000000008002ae08                udd_include_vbus_monitoring
                0x000000008002ae12                udd_is_high_speed
                0x000000008002ae1c                udd_set_address
                0x000000008002ae46                udd_getaddress
                0x000000008002ae5a                udd_get_frame_number
                0x000000008002ae6e                udd_get_micro_frame_number
                0x000000008002ae78                udd_set_setup_payload
                0x000000008002ae8c                udd_ep_is_halted
                0x000000008002aea6                udd_ep_clear_halt
                0x000000008002af08                udd_ep_wait_stall_clear
                0x000000008002af70                udd_ep_alloc
                0x000000008002b19c                udd_ep_abort
                0x000000008002b1bc                udd_ep_run
                0x000000008002b540                udd_enable
                0x000000008002b650                udd_ep_free
                0x000000008002b688                udd_ep_set_halt
                0x000000008002bc20                udd_disable
                0x000000008002bc90                udd_detach
                0x000000008002bce0                udd_attach
                0x000000008002be04                udd_send_wake_up
 .text._stext   0x000000008002be50       0x50 ./Debug_Linux/obj/startup_startup_uc3.S.o
                0x000000008002be50                _stext
 .text          0x000000008002bea0       0x74 ./Debug_Linux/obj/delay_delay.c.o
                                         0x78 (size before relaxing)
                0x000000008002bea0                delay_init
                0x000000008002beb4                delay_ms
 .text          0x000000008002bf14       0xdc ./Debug_Linux/obj/stdio_usb_stdio_usb.c.o
                                        0x100 (size before relaxing)
                0x000000008002bf14                stdio_usb_enable
                0x000000008002bf2c                stdio_usb_disable
                0x000000008002bf40                stdio_usb_vbus_event
                0x000000008002bf58                stdio_usb_getchar
                0x000000008002bf90                stdio_usb_putchar
                0x000000008002bfb8                stdio_usb_init
 .text          0x000000008002bff0      0x26c ./Debug_Linux/obj/uc3_spi_spi_master.c.o
                                        0x270 (size before relaxing)
                0x000000008002bff0                spi_read_packet
                0x000000008002c03e                spi_write_packet
                0x000000008002c06e                spi_master_setup_device
 .text          0x000000008002c25c       0x80 ./Debug_Linux/obj/uc3c_pll.c.o
                0x000000008002c25c                pll_disable
                0x000000008002c286                pll_enable
                0x000000008002c2b2                pll_config_write
 .text          0x000000008002c2dc      0x154 ./Debug_Linux/obj/uc3c_osc.c.o
                0x000000008002c2dc                osc_priv_disable_rc120m
                0x000000008002c302                osc_priv_enable_rc120m
                0x000000008002c328                osc_priv_disable_rc8m
                0x000000008002c356                osc_priv_enable_rc8m
                0x000000008002c398                osc_priv_disable_osc32
                0x000000008002c3be                osc_priv_enable_osc32
                0x000000008002c3e6                osc_priv_disable_osc0
                0x000000008002c40a                osc_priv_enable_osc0
 .text          0x000000008002c430      0x1ec ./Debug_Linux/obj/uc3c_sysclk.c.o
                                        0x20c (size before relaxing)
                0x000000008002c430                sysclk_disable_usb
                0x000000008002c444                sysclk_set_source
                0x000000008002c466                sysclk_set_prescalers
                0x000000008002c4d6                sysclk_priv_disable_module
                0x000000008002c512                sysclk_priv_enable_module
                0x000000008002c54c                sysclk_enable_usb
                0x000000008002c590                sysclk_init
 .text          0x000000008002c61c      0x7d4 ./Debug_Linux/obj/udc_udc.c.o
                                        0x7fc (size before relaxing)
                0x000000008002c61c                udc_get_interface_desc
                0x000000008002c630                udc_sof_notify
                0x000000008002c8c0                udc_reset
                0x000000008002c914                udc_process_setup
 .text          0x000000008002cdf0      0x9b0 ./Debug_Linux/obj/device_udi_cdc.c.o
                                        0xa04 (size before relaxing)
                0x000000008002cdf0                udi_cdc_data_disable
                0x000000008002cdfa                udi_cdc_comm_setup
                0x000000008002ce78                udi_cdc_data_setup
                0x000000008002ce82                udi_cdc_getsetting
                0x000000008002ce8c                udi_cdc_line_coding_received
                0x000000008002ce96                udi_cdc_is_rx_ready
                0x000000008002cec8                udi_cdc_is_tx_ready
                0x000000008002cf30                udi_cdc_data_recevied
                0x000000008002cfc0                udi_cdc_signal_parity_error
                0x000000008002d018                udi_cdc_serial_state_msg_sent
                0x000000008002d140                udi_cdc_data_sent
                0x000000008002d17c                udi_cdc_data_sof_notify
                0x000000008002d188                udi_cdc_comm_disable
                0x000000008002d1a0                udi_cdc_comm_enable
                0x000000008002d1dc                udi_cdc_putc
                0x000000008002d298                udi_cdc_write_buf
                0x000000008002d390                udi_cdc_getc
                0x000000008002d480                udi_cdc_read_buf
                0x000000008002d564                udi_cdc_data_enable
                0x000000008002d620                udi_cdc_signal_framing_error
                0x000000008002d678                udi_cdc_ctrl_signal_dsr
                0x000000008002d6e0                udi_cdc_ctrl_signal_dcd
                0x000000008002d748                udi_cdc_signal_overrun
 .text.cos      0x000000008002d7a0       0x8c /usr/local/avr32-gnu-toolchain-linux_x86_64/bin/../lib/gcc/avr32/4.4.7/../../../../avr32/lib/ucr3fp/libm.a(lib_a-s_cos.o)
                                         0x9c (size before relaxing)
                0x000000008002d7a0                cos
 .text.floor    0x000000008002d82c      0x120 /usr/local/avr32-gnu-toolchain-linux_x86_64/bin/../lib/gcc/avr32/4.4.7/../../../../avr32/lib/ucr3fp/libm.a(lib_a-s_floor.o)
                                        0x128 (size before relaxing)
                0x000000008002d82c                floor
 .text.sin      0x000000008002d94c       0x90 /usr/local/avr32-gnu-toolchain-linux_x86_64/bin/../lib/gcc/avr32/4.4.7/../../../../avr32/lib/ucr3fp/libm.a(lib_a-s_sin.o)
                                         0xa0 (size before relaxing)
                0x000000008002d94c                sin
 .text.asin     0x000000008002d9dc       0x94 /usr/local/avr32-gnu-toolchain-linux_x86_64/bin/../lib/gcc/avr32/4.4.7/../../../../avr32/lib/ucr3fp/libm.a(lib_a-w_asin.o)
                                         0xb0 (size before relaxing)
                0x000000008002d9dc                asin
 .text.atan2    0x000000008002da70        0x8 /usr/local/avr32-gnu-toolchain-linux_x86_64/bin/../lib/gcc/avr32/4.4.7/../../../../avr32/lib/ucr3fp/libm.a(lib_a-w_atan2.o)
                                          0xc (size before relaxing)
                0x000000008002da70                atan2
 .text.fmod     0x000000008002da78       0xa4 /usr/local/avr32-gnu-toolchain-linux_x86_64/bin/../lib/gcc/avr32/4.4.7/../../../../avr32/lib/ucr3fp/libm.a(lib_a-w_fmod.o)
                                         0xbc (size before relaxing)
                0x000000008002da78                fmod
 .text.pow      0x000000008002db1c      0x2b8 /usr/local/avr32-gnu-toolchain-linux_x86_64/bin/../lib/gcc/avr32/4.4.7/../../../../avr32/lib/ucr3fp/libm.a(lib_a-w_pow.o)
                                        0x300 (size before relaxing)
                0x000000008002db1c                pow
 .text.sqrt     0x000000008002ddd4       0x9c /usr/local/avr32-gnu-toolchain-linux_x86_64/bin/../lib/gcc/avr32/4.4.7/../../../../avr32/lib/ucr3fp/libm.a(lib_a-w_sqrt.o)
                                         0xb4 (size before relaxing)
                0x000000008002ddd4                sqrt
 .text.__ieee754_asin
                0x000000008002de70      0x4f0 /usr/local/avr32-gnu-toolchain-linux_x86_64/bin/../lib/gcc/avr32/4.4.7/../../../../avr32/lib/ucr3fp/libm.a(lib_a-e_asin.o)
                                        0x50c (size before relaxing)
                0x000000008002de70                __ieee754_asin
 .text.__ieee754_atan2
                0x000000008002e360      0x22c /usr/local/avr32-gnu-toolchain-linux_x86_64/bin/../lib/gcc/avr32/4.4.7/../../../../avr32/lib/ucr3fp/libm.a(lib_a-e_atan2.o)
                                        0x240 (size before relaxing)
                0x000000008002e360                __ieee754_atan2
 .text.__ieee754_fmod
                0x000000008002e58c      0x238 /usr/local/avr32-gnu-toolchain-linux_x86_64/bin/../lib/gcc/avr32/4.4.7/../../../../avr32/lib/ucr3fp/libm.a(lib_a-e_fmod.o)
                                        0x240 (size before relaxing)
                0x000000008002e58c                __ieee754_fmod
 .text.__ieee754_pow
                0x000000008002e7c4      0xaa4 /usr/local/avr32-gnu-toolchain-linux_x86_64/bin/../lib/gcc/avr32/4.4.7/../../../../avr32/lib/ucr3fp/libm.a(lib_a-e_pow.o)
                                        0xaf0 (size before relaxing)
                0x000000008002e7c4                __ieee754_pow
 .text.__ieee754_rem_pio2
                0x000000008002f268      0x470 /usr/local/avr32-gnu-toolchain-linux_x86_64/bin/../lib/gcc/avr32/4.4.7/../../../../avr32/lib/ucr3fp/libm.a(lib_a-e_rem_pio2.o)
                                        0x4a0 (size before relaxing)
                0x000000008002f268                __ieee754_rem_pio2
 .text.__ieee754_sqrt
                0x000000008002f6d8      0x18c /usr/local/avr32-gnu-toolchain-linux_x86_64/bin/../lib/gcc/avr32/4.4.7/../../../../avr32/lib/ucr3fp/libm.a(lib_a-e_sqrt.o)
                                        0x19c (size before relaxing)
                0x000000008002f6d8                __ieee754_sqrt
 .text.__kernel_cos
                0x000000008002f864      0x1e8 /usr/local/avr32-gnu-toolchain-linux_x86_64/bin/../lib/gcc/avr32/4.4.7/../../../../avr32/lib/ucr3fp/libm.a(lib_a-k_cos.o)
                                        0x1f8 (size before relaxing)
                0x000000008002f864                __kernel_cos
 .text.__kernel_rem_pio2
                0x000000008002fa4c      0x6e0 /usr/local/avr32-gnu-toolchain-linux_x86_64/bin/../lib/gcc/avr32/4.4.7/../../../../avr32/lib/ucr3fp/libm.a(lib_a-k_rem_pio2.o)
                                        0x718 (size before relaxing)
                0x000000008002fa4c                __kernel_rem_pio2
 .text.__kernel_sin
                0x000000008003012c      0x194 /usr/local/avr32-gnu-toolchain-linux_x86_64/bin/../lib/gcc/avr32/4.4.7/../../../../avr32/lib/ucr3fp/libm.a(lib_a-k_sin.o)
                                        0x1a4 (size before relaxing)
                0x000000008003012c                __kernel_sin
 .text.atan     0x00000000800302c0      0x334 /usr/local/avr32-gnu-toolchain-linux_x86_64/bin/../lib/gcc/avr32/4.4.7/../../../../avr32/lib/ucr3fp/libm.a(lib_a-s_atan.o)
                                        0x368 (size before relaxing)
                0x00000000800302c0                atan
 .text.fabs     0x00000000800305f4        0x8 /usr/local/avr32-gnu-toolchain-linux_x86_64/bin/../lib/gcc/avr32/4.4.7/../../../../avr32/lib/ucr3fp/libm.a(lib_a-s_fabs.o)
                0x00000000800305f4                fabs
 .text.finite   0x00000000800305fc       0x10 /usr/local/avr32-gnu-toolchain-linux_x86_64/bin/../lib/gcc/avr32/4.4.7/../../../../avr32/lib/ucr3fp/libm.a(lib_a-s_finite.o)
                0x00000000800305fc                finite
 .text.__isnand
                0x000000008003060c       0x1c /usr/local/avr32-gnu-toolchain-linux_x86_64/bin/../lib/gcc/avr32/4.4.7/../../../../avr32/lib/ucr3fp/libm.a(lib_a-s_isnand.o)
                0x000000008003060c                __isnand
 .text.matherr  0x0000000080030628        0x2 /usr/local/avr32-gnu-toolchain-linux_x86_64/bin/../lib/gcc/avr32/4.4.7/../../../../avr32/lib/ucr3fp/libm.a(lib_a-s_matherr.o)
                0x0000000080030628                matherr
 .text.nan      0x000000008003062a        0x8 /usr/local/avr32-gnu-toolchain-linux_x86_64/bin/../lib/gcc/avr32/4.4.7/../../../../avr32/lib/ucr3fp/libm.a(lib_a-s_nan.o)
                0x000000008003062a                nan
 *fill*         0x0000000080030632        0x2 d703d703
 .text.rint     0x0000000080030634      0x118 /usr/local/avr32-gnu-toolchain-linux_x86_64/bin/../lib/gcc/avr32/4.4.7/../../../../avr32/lib/ucr3fp/libm.a(lib_a-s_rint.o)
                                        0x124 (size before relaxing)
                0x0000000080030634                rint
 .text.scalbn   0x000000008003074c       0xdc /usr/local/avr32-gnu-toolchain-linux_x86_64/bin/../lib/gcc/avr32/4.4.7/../../../../avr32/lib/ucr3fp/libm.a(lib_a-s_scalbn.o)
                                         0xf0 (size before relaxing)
                0x000000008003074c                scalbn
 .text.copysign
                0x0000000080030828       0x18 /usr/local/avr32-gnu-toolchain-linux_x86_64/bin/../lib/gcc/avr32/4.4.7/../../../../avr32/lib/ucr3fp/libm.a(lib_a-s_copysign.o)
                0x0000000080030828                copysign
 .text          0x0000000080030840      0x1d4 /usr/local/avr32-gnu-toolchain-linux_x86_64/bin/../lib/gcc/avr32/4.4.7/ucr3fp/libgcc.a(_avr32_f64_mul.o)
                0x0000000080030840                __avr32_f64_mul
 .text          0x0000000080030a14      0x2b0 /usr/local/avr32-gnu-toolchain-linux_x86_64/bin/../lib/gcc/avr32/4.4.7/ucr3fp/libgcc.a(_avr32_f64_addsub.o)
                0x0000000080030a18                __avr32_f64_sub
                0x0000000080030bb4                __avr32_f64_add
 .text          0x0000000080030cc4       0x2a /usr/local/avr32-gnu-toolchain-linux_x86_64/bin/../lib/gcc/avr32/4.4.7/ucr3fp/libgcc.a(_avr32_f64_to_s32.o)
                0x0000000080030cc4                __avr32_f64_to_u32
                0x0000000080030cc8                __avr32_f64_to_s32
 .text          0x0000000080030cee       0x60 /usr/local/avr32-gnu-toolchain-linux_x86_64/bin/../lib/gcc/avr32/4.4.7/ucr3fp/libgcc.a(_avr32_f64_to_s64.o)
                0x0000000080030cee                __avr32_f64_to_u64
                0x0000000080030cfa                __avr32_f64_to_s64
 .text          0x0000000080030d4e       0xe8 /usr/local/avr32-gnu-toolchain-linux_x86_64/bin/../lib/gcc/avr32/4.4.7/ucr3fp/libgcc.a(_avr32_s32_to_f64.o)
                0x0000000080030d4e                __avr32_u32_to_f64
                0x0000000080030d56                __avr32_s32_to_f64
 .text          0x0000000080030e36       0x26 /usr/local/avr32-gnu-toolchain-linux_x86_64/bin/../lib/gcc/avr32/4.4.7/ucr3fp/libgcc.a(_avr32_f64_cmp_eq.o)
                0x0000000080030e36                __avr32_f64_cmp_eq
 .text          0x0000000080030e5c       0x68 /usr/local/avr32-gnu-toolchain-linux_x86_64/bin/../lib/gcc/avr32/4.4.7/ucr3fp/libgcc.a(_avr32_f64_cmp_ge.o)
                0x0000000080030e5c                __avr32_f64_cmp_ge
 .text          0x0000000080030ec4       0x68 /usr/local/avr32-gnu-toolchain-linux_x86_64/bin/../lib/gcc/avr32/4.4.7/ucr3fp/libgcc.a(_avr32_f64_cmp_lt.o)
                0x0000000080030ec4                __avr32_f64_cmp_lt
 .text          0x0000000080030f2c      0x318 /usr/local/avr32-gnu-toolchain-linux_x86_64/bin/../lib/gcc/avr32/4.4.7/ucr3fp/libgcc.a(_avr32_f64_div.o)
                0x0000000080030f2c                __avr32_f64_div
 .text          0x0000000080031244      0x160 /usr/local/avr32-gnu-toolchain-linux_x86_64/bin/../lib/gcc/avr32/4.4.7/ucr3fp/libgcc.a(_avr32_f32_div.o)
                0x0000000080031244                __avr32_f32_div
 .text          0x00000000800313a4       0x60 /usr/local/avr32-gnu-toolchain-linux_x86_64/bin/../lib/gcc/avr32/4.4.7/ucr3fp/libgcc.a(_avr32_f32_to_f64.o)
                0x00000000800313a4                __avr32_f32_to_f64
 .text          0x0000000080031404       0x8a /usr/local/avr32-gnu-toolchain-linux_x86_64/bin/../lib/gcc/avr32/4.4.7/ucr3fp/libgcc.a(_avr32_f64_to_f32.o)
                0x0000000080031404                __avr32_f64_to_f32
 *fill*         0x000000008003148e        0x2 d703d703
 .text          0x0000000080031490       0x2c /usr/local/avr32-gnu-toolchain-linux_x86_64/bin/../lib/gcc/avr32/4.4.7/ucr3fp/libgcc.a(_floatdidf.o)
                                         0x3c (size before relaxing)
                0x0000000080031490                __floatdidf
                0x0000000080031490                __avr32_s64_to_f64
 .text          0x00000000800314bc      0x2b4 /usr/local/avr32-gnu-toolchain-linux_x86_64/bin/../lib/gcc/avr32/4.4.7/ucr3fp/libgcc.a(_divdi3.o)
                0x00000000800314bc                __divdi3
                0x00000000800314bc                __avr32_sdiv64
 .text          0x0000000080031770      0x280 /usr/local/avr32-gnu-toolchain-linux_x86_64/bin/../lib/gcc/avr32/4.4.7/ucr3fp/libgcc.a(_moddi3.o)
                0x0000000080031770                __avr32_smod64
                0x0000000080031770                __moddi3
 .text          0x00000000800319f0      0x264 /usr/local/avr32-gnu-toolchain-linux_x86_64/bin/../lib/gcc/avr32/4.4.7/ucr3fp/libgcc.a(_udivdi3.o)
                0x00000000800319f0                __udivdi3
                0x00000000800319f0                __avr32_udiv64
 .text          0x0000000080031c54      0x20c /usr/local/avr32-gnu-toolchain-linux_x86_64/bin/../lib/gcc/avr32/4.4.7/ucr3fp/libgcc.a(_umoddi3.o)
                0x0000000080031c54                __umoddi3
                0x0000000080031c54                __avr32_umod64
 .text.__errno  0x0000000080031e60        0xc /usr/local/avr32-gnu-toolchain-linux_x86_64/bin/../lib/gcc/avr32/4.4.7/../../../../avr32/lib/ucr3fp/libc.a(lib_a-errno.o)
                0x0000000080031e60                __errno
 .text.free     0x0000000080031e6c       0x14 /usr/local/avr32-gnu-toolchain-linux_x86_64/bin/../lib/gcc/avr32/4.4.7/../../../../avr32/lib/ucr3fp/libc.a(lib_a-malloc.o)
                                         0x18 (size before relaxing)
                0x0000000080031e6c                free
 .text.malloc   0x0000000080031e80       0x10 /usr/local/avr32-gnu-toolchain-linux_x86_64/bin/../lib/gcc/avr32/4.4.7/../../../../avr32/lib/ucr3fp/libc.a(lib_a-malloc.o)
                                         0x18 (size before relaxing)
                0x0000000080031e80                malloc
 .text._malloc_r
                0x0000000080031e90      0x428 /usr/local/avr32-gnu-toolchain-linux_x86_64/bin/../lib/gcc/avr32/4.4.7/../../../../avr32/lib/ucr3fp/libc.a(lib_a-mallocr.o)
                                        0x450 (size before relaxing)
                0x0000000080031e90                _malloc_r
 .text          0x00000000800322b8      0x148 /usr/local/avr32-gnu-toolchain-linux_x86_64/bin/../lib/gcc/avr32/4.4.7/../../../../avr32/lib/ucr3fp/libc.a(lib_a-memcpy.o)
                0x00000000800322b8                memcpy
 .text.memset   0x0000000080032400        0xe /usr/local/avr32-gnu-toolchain-linux_x86_64/bin/../lib/gcc/avr32/4.4.7/../../../../avr32/lib/ucr3fp/libc.a(lib_a-memset.o)
                0x0000000080032400                memset
 .text.__malloc_lock
                0x000000008003240e        0x2 /usr/local/avr32-gnu-toolchain-linux_x86_64/bin/../lib/gcc/avr32/4.4.7/../../../../avr32/lib/ucr3fp/libc.a(lib_a-mlock.o)
                0x000000008003240e                __malloc_lock
 .text.__malloc_unlock
                0x0000000080032410        0x2 /usr/local/avr32-gnu-toolchain-linux_x86_64/bin/../lib/gcc/avr32/4.4.7/../../../../avr32/lib/ucr3fp/libc.a(lib_a-mlock.o)
                0x0000000080032410                __malloc_unlock
 *fill*         0x0000000080032412        0x2 d703d703
 .text._sbrk_r  0x0000000080032414       0x20 /usr/local/avr32-gnu-toolchain-linux_x86_64/bin/../lib/gcc/avr32/4.4.7/../../../../avr32/lib/ucr3fp/libc.a(lib_a-sbrkr.o)
                                         0x28 (size before relaxing)
                0x0000000080032414                _sbrk_r
 .text.snprintf
                0x0000000080032434       0x60 /usr/local/avr32-gnu-toolchain-linux_x86_64/bin/../lib/gcc/avr32/4.4.7/../../../../avr32/lib/ucr3fp/libc.a(lib_a-snprintf.o)
                                         0x64 (size before relaxing)
                0x0000000080032434                snprintf
 .text.strcpy   0x0000000080032494       0x12 /usr/local/avr32-gnu-toolchain-linux_x86_64/bin/../lib/gcc/avr32/4.4.7/../../../../avr32/lib/ucr3fp/libc.a(lib_a-strcpy.o)
                0x0000000080032494                strcpy
 .text.strlen   0x00000000800324a6       0x16 /usr/local/avr32-gnu-toolchain-linux_x86_64/bin/../lib/gcc/avr32/4.4.7/../../../../avr32/lib/ucr3fp/libc.a(lib_a-strlen.o)
                0x00000000800324a6                strlen
 .text._close   0x00000000800324bc       0x18 /usr/local/avr32-gnu-toolchain-linux_x86_64/bin/../lib/gcc/avr32/4.4.7/../../../../avr32/lib/ucr3fp/libc.a(lib_a-syscalls.o)
                0x00000000800324bc                _close
 .text._lseek   0x00000000800324d4       0x18 /usr/local/avr32-gnu-toolchain-linux_x86_64/bin/../lib/gcc/avr32/4.4.7/../../../../avr32/lib/ucr3fp/libc.a(lib_a-syscalls.o)
                0x00000000800324d4                _lseek
 .text.isatty   0x00000000800324ec       0x18 /usr/local/avr32-gnu-toolchain-linux_x86_64/bin/../lib/gcc/avr32/4.4.7/../../../../avr32/lib/ucr3fp/libc.a(lib_a-syscalls.o)
                0x00000000800324ec                isatty
 .text._fstat_host
                0x0000000080032504       0x18 /usr/local/avr32-gnu-toolchain-linux_x86_64/bin/../lib/gcc/avr32/4.4.7/../../../../avr32/lib/ucr3fp/libc.a(lib_a-syscalls.o)
                0x0000000080032504                _fstat_host
 .text._fstat   0x000000008003251c       0x4c /usr/local/avr32-gnu-toolchain-linux_x86_64/bin/../lib/gcc/avr32/4.4.7/../../../../avr32/lib/ucr3fp/libc.a(lib_a-syscalls.o)
                                         0x50 (size before relaxing)
                0x000000008003251c                _fstat
 .text._sbrk    0x0000000080032568       0x3c /usr/local/avr32-gnu-toolchain-linux_x86_64/bin/../lib/gcc/avr32/4.4.7/../../../../avr32/lib/ucr3fp/libc.a(lib_a-syscalls.o)
                                         0x40 (size before relaxing)
                0x0000000080032568                _sbrk
 .text.get_arg  0x00000000800325a4      0x31c /usr/local/avr32-gnu-toolchain-linux_x86_64/bin/../lib/gcc/avr32/4.4.7/../../../../avr32/lib/ucr3fp/libc.a(lib_a-vfprintf.o)
                                        0x324 (size before relaxing)
 .text.__sprint_r
                0x00000000800328c0       0x1c /usr/local/avr32-gnu-toolchain-linux_x86_64/bin/../lib/gcc/avr32/4.4.7/../../../../avr32/lib/ucr3fp/libc.a(lib_a-vfprintf.o)
                                         0x20 (size before relaxing)
 .text._vfprintf_r
                0x00000000800328dc     0x1f2c /usr/local/avr32-gnu-toolchain-linux_x86_64/bin/../lib/gcc/avr32/4.4.7/../../../../avr32/lib/ucr3fp/libc.a(lib_a-vfprintf.o)
                                       0x1f9c (size before relaxing)
                0x00000000800328dc                _vfprintf_r
 .text.__swsetup_r
                0x0000000080034808       0xdc /usr/local/avr32-gnu-toolchain-linux_x86_64/bin/../lib/gcc/avr32/4.4.7/../../../../avr32/lib/ucr3fp/libc.a(lib_a-wsetup.o)
                                         0xe8 (size before relaxing)
                0x0000000080034808                __swsetup_r
 .text.quorem   0x00000000800348e4      0x120 /usr/local/avr32-gnu-toolchain-linux_x86_64/bin/../lib/gcc/avr32/4.4.7/../../../../avr32/lib/ucr3fp/libc.a(lib_a-dtoa.o)
                                        0x124 (size before relaxing)
 .text._dtoa_r  0x0000000080034a04      0xbe0 /usr/local/avr32-gnu-toolchain-linux_x86_64/bin/../lib/gcc/avr32/4.4.7/../../../../avr32/lib/ucr3fp/libc.a(lib_a-dtoa.o)
                                        0xc90 (size before relaxing)
                0x0000000080034a04                _dtoa_r
 .text._fflush_r
                0x00000000800355e4      0x110 /usr/local/avr32-gnu-toolchain-linux_x86_64/bin/../lib/gcc/avr32/4.4.7/../../../../avr32/lib/ucr3fp/libc.a(lib_a-fflush.o)
                                        0x118 (size before relaxing)
                0x00000000800355e4                _fflush_r
 .text.__sfp_lock_acquire
                0x00000000800356f4        0x2 /usr/local/avr32-gnu-toolchain-linux_x86_64/bin/../lib/gcc/avr32/4.4.7/../../../../avr32/lib/ucr3fp/libc.a(lib_a-findfp.o)
                0x00000000800356f4                __sfp_lock_acquire
 .text.__sfp_lock_release
                0x00000000800356f6        0x2 /usr/local/avr32-gnu-toolchain-linux_x86_64/bin/../lib/gcc/avr32/4.4.7/../../../../avr32/lib/ucr3fp/libc.a(lib_a-findfp.o)
                0x00000000800356f6                __sfp_lock_release
 .text._cleanup_r
                0x00000000800356f8        0xc /usr/local/avr32-gnu-toolchain-linux_x86_64/bin/../lib/gcc/avr32/4.4.7/../../../../avr32/lib/ucr3fp/libc.a(lib_a-findfp.o)
                                         0x14 (size before relaxing)
                0x00000000800356f8                _cleanup_r
 .text.__sfmoreglue
                0x0000000080035704       0x28 /usr/local/avr32-gnu-toolchain-linux_x86_64/bin/../lib/gcc/avr32/4.4.7/../../../../avr32/lib/ucr3fp/libc.a(lib_a-findfp.o)
                                         0x30 (size before relaxing)
                0x0000000080035704                __sfmoreglue
 .text.__sfp    0x000000008003572c       0x70 /usr/local/avr32-gnu-toolchain-linux_x86_64/bin/../lib/gcc/avr32/4.4.7/../../../../avr32/lib/ucr3fp/libc.a(lib_a-findfp.o)
                                         0x7c (size before relaxing)
                0x000000008003572c                __sfp
 .text.__sinit  0x000000008003579c       0x9c /usr/local/avr32-gnu-toolchain-linux_x86_64/bin/../lib/gcc/avr32/4.4.7/../../../../avr32/lib/ucr3fp/libc.a(lib_a-findfp.o)
                                         0xb0 (size before relaxing)
                0x000000008003579c                __sinit
 .text._malloc_trim_r
                0x0000000080035838       0x9c /usr/local/avr32-gnu-toolchain-linux_x86_64/bin/../lib/gcc/avr32/4.4.7/../../../../avr32/lib/ucr3fp/libc.a(lib_a-freer.o)
                                         0xa8 (size before relaxing)
                0x0000000080035838                _malloc_trim_r
 .text._free_r  0x00000000800358d4      0x190 /usr/local/avr32-gnu-toolchain-linux_x86_64/bin/../lib/gcc/avr32/4.4.7/../../../../avr32/lib/ucr3fp/libc.a(lib_a-freer.o)